2025-09-05 10:45:31 | RedHeart.MainUnified | INFO | ğŸ–¥ï¸ ì‚¬ìš© ë””ë°”ì´ìŠ¤: cuda
2025-09-05 10:45:31 | RedHeart.MainUnified | INFO |    GPU: NVIDIA GeForce RTX 2070 SUPER
2025-09-05 10:45:31 | RedHeart.MainUnified | INFO |    VRAM: 8.0GB
2025-09-05 10:45:31 | RedHeart.MainUnified | INFO | âœ¨ Red Heart AI í†µí•© ì¶”ë¡  ì‹œìŠ¤í…œ ì´ˆê¸°í™”
2025-09-05 10:45:31 | RedHeart.MainUnified | INFO | ======================================================================
2025-09-05 10:45:31 | RedHeart.MainUnified | INFO | ğŸš€ ì‹œìŠ¤í…œ ì´ˆê¸°í™” ì‹œì‘...
2025-09-05 10:45:31 | RedHeart.MainUnified | INFO | ======================================================================
2025-09-05 10:45:31 | RedHeart.MainUnified | INFO | ğŸ“¦ ì§€ì •ëœ ë©”ëª¨ë¦¬ ëª¨ë“œ: medium
2025-09-05 10:45:31 | RedHeart.MainUnified | INFO | ğŸ“¦ UnifiedModel ë¡œë“œ ì¤‘...
2025-09-05 10:45:35 | sentence_transformer_singleton | INFO | SentenceTransformerManager ì´ˆê¸°í™” ì™„ë£Œ (Subprocess Server ê¸°ë°˜)
2025-09-05 10:45:35 | training.enhanced_checkpoint_manager | INFO |   - ê¸°ì¡´ ë©”íƒ€ë°ì´í„° ë¡œë“œ: 30ê°œ ì²´í¬í¬ì¸íŠ¸
2025-09-05 10:45:35 | training.enhanced_checkpoint_manager | INFO | âœ… Enhanced CheckpointManager ì´ˆê¸°í™”
2025-09-05 10:45:35 | training.enhanced_checkpoint_manager | INFO |   - ì €ì¥ ë””ë ‰í† ë¦¬: training/checkpoints_final
2025-09-05 10:45:35 | training.enhanced_checkpoint_manager | INFO |   - ìµœëŒ€ ì²´í¬í¬ì¸íŠ¸: 30ê°œ
2025-09-05 10:45:35 | training.enhanced_checkpoint_manager | INFO |   - ì €ì¥ ê°„ê²©: 1 ì—í­ë§ˆë‹¤
2025-09-05 10:45:36 | unified_backbone | INFO | ë°±ë³¸ ì´ íŒŒë¼ë¯¸í„°: 90,624,132 (90.62M)
2025-09-05 10:45:36 | unified_backbone | INFO | í•™ìŠµ ê°€ëŠ¥ íŒŒë¼ë¯¸í„°: 90,624,132 (90.62M)
2025-09-05 10:45:36 | unified_heads | INFO | ê°ì • í—¤ë“œ íŒŒë¼ë¯¸í„°: 17,254,583 (17.25M)
2025-09-05 10:45:36 | unified_heads | INFO | ë²¤ë‹´ í—¤ë“œ íŒŒë¼ë¯¸í„°: 13,871,919 (13.87M)
2025-09-05 10:45:36 | unified_heads | INFO | í›„íšŒ í—¤ë“œ íŒŒë¼ë¯¸í„°: 19,897,161 (19.90M)
2025-09-05 10:45:36 | unified_heads | INFO | SURD í—¤ë“œ íŒŒë¼ë¯¸í„°: 12,025,739 (12.03M)
2025-09-05 10:45:37 | analyzer_neural_modules | INFO | NeuralEmotionAnalyzer ì´ˆê¸°í™”: 122,595,407 íŒŒë¼ë¯¸í„°
2025-09-05 10:45:37 | analyzer_neural_modules | INFO | NeuralBenthamCalculator ì´ˆê¸°í™”: 78,281,602 íŒŒë¼ë¯¸í„°
2025-09-05 10:45:38 | analyzer_neural_modules | INFO | NeuralRegretAnalyzer ì´ˆê¸°í™”: 153,872,666 íŒŒë¼ë¯¸í„°
2025-09-05 10:45:38 | analyzer_neural_modules | INFO | NeuralSURDAnalyzer ì´ˆê¸°í™”: 13,473,032 íŒŒë¼ë¯¸í„°
2025-09-05 10:45:38 | analyzer_neural_modules | INFO | ì „ì²´ ì‹ ê²½ë§ ë¶„ì„ê¸° íŒŒë¼ë¯¸í„°: 368,222,707 (368.2M)
2025-09-05 10:45:39 | emotion_dsp_simulator | INFO | EmotionDSPSimulator ì´ˆê¸°í™” ì™„ë£Œ (~14M íŒŒë¼ë¯¸í„°)
2025-09-05 10:45:39 | RedHeart.MainUnified | INFO |    ì—í­ 50 ì²´í¬í¬ì¸íŠ¸ ìë™ ê²€ìƒ‰: checkpoint_epoch_0050_lr_0.000009_20250827_154403.pt
2025-09-05 10:45:39 | RedHeart.MainUnified | INFO |    ì²´í¬í¬ì¸íŠ¸ ë¡œë“œ: checkpoint_epoch_0050_lr_0.000009_20250827_154403.pt
2025-09-05 10:46:08 | RedHeart.MainUnified | INFO |    âœ… ëª¨ë¸ ê°€ì¤‘ì¹˜ ë¡œë“œ ì™„ë£Œ
2025-09-05 10:46:08 | RedHeart.MainUnified | INFO |    - Epoch: 50
2025-09-05 10:46:08 | RedHeart.MainUnified | INFO |    - Loss: unknown
2025-09-05 10:46:09 | RedHeart.MainUnified | INFO |    ğŸ“Œ MEDIUM ëª¨ë“œ: ë°±ë³¸/í—¤ë“œë§Œ GPU, analyzersëŠ” CPU ìœ ì§€
2025-09-05 10:46:09 | RedHeart.MainUnified | INFO |    ğŸ“Š ì´ íŒŒë¼ë¯¸í„°: 532.4M
2025-09-05 10:46:09 | RedHeart.MainUnified | INFO |    ğŸ“Š í•™ìŠµê°€ëŠ¥ íŒŒë¼ë¯¸í„°: 532.4M
2025-09-05 10:46:09 | RedHeart.MainUnified | INFO | ğŸŒ ë²ˆì—­ê¸° ë¡œë“œ ì¤‘...
2025-09-05 10:46:09 | local_translator | INFO | LocalTranslator ìƒì„± - ì „ì—­ ëª¨ë“ˆë¡œ ì´ˆê¸°í™”ë¨
2025-09-05 10:46:09 | local_translator | INFO | ğŸ”„ OPUS-MT ëª¨ë¸ ë¡œë“œ ì¤‘: Helsinki-NLP/opus-mt-ko-en
2025-09-05 10:46:58 | hf_model_wrapper | INFO | âœ… HF ëª¨ë¸ ìë™ ë“±ë¡ í™œì„±í™”ë¨ (ëª¨ë¸, í† í¬ë‚˜ì´ì €, í”„ë¡œì„¸ì„œ í¬í•¨)
2025-09-05 10:46:58 | hf_model_wrapper | INFO | ğŸ”„ HF ëª¨ë¸ ë¡œë”© ì¤‘: Helsinki-NLP/opus-mt-ko-en (ì†Œìœ ì: translator)
2025-09-05 10:46:59 | local_translator | INFO | âœ… OPUS-MT ëª¨ë¸ ë¡œë“œ ì™„ë£Œ (ì†Œìš”ì‹œê°„: 50.5ì´ˆ, ë””ë°”ì´ìŠ¤: cpu)
2025-09-05 10:46:59 | local_translator | INFO | ğŸ“Š TranslatorëŠ” CPUì—ì„œ ì´ˆê¸°í™”ë¨ (GPU ë©”ëª¨ë¦¬ ì ˆì•½)
2025-09-05 10:46:59 | workflow_aware_memory_manager | INFO | âœ… HF ëª¨ë¸ ë˜í¼ì™€ ë©”ëª¨ë¦¬ ë§¤ë‹ˆì € í†µí•© ì™„ë£Œ
2025-09-05 10:46:59 | dynamic_swap_manager | INFO | RedHeartDynamicSwapManager ì´ˆê¸°í™” ì™„ë£Œ
2025-09-05 10:46:59 | dynamic_swap_manager | INFO | [DSM] translator í¬ê¸°: 297.6MB (mgr_id=138159389467968)
2025-09-05 10:46:59 | dynamic_swap_manager | INFO |    ğŸ’¾ translatorì„ RAMì— ë“±ë¡ (location=RAM, size=297.6MB)
2025-09-05 10:46:59 | dynamic_swap_manager | INFO | [REGISTER HEAD] translator (297.6MB, ìš°ì„ ìˆœìœ„: high)
2025-09-05 10:46:59 | local_translator | INFO | âœ… Translatorë¥¼ DSMì— ë“±ë¡ (HIGH priority)
2025-09-05 10:46:59 | RedHeart.Config | INFO | ğŸ”¥ register_system_module í˜¸ì¶œ: module_id=translator, instance_type=<class 'local_translator.LocalTranslator'>, config_section=None
2025-09-05 10:46:59 | RedHeart.Config | INFO | ğŸ”¥ ëª¨ë“ˆ ì¸ìŠ¤í„´ìŠ¤ ë“±ë¡ (config_section ì—†ìŒ): translator -> <class 'local_translator.LocalTranslator'>
2025-09-05 10:46:59 | RedHeart.MainUnified | INFO |    âœ… ë²ˆì—­ê¸° ë¡œë“œ ë° ë“±ë¡ ì™„ë£Œ
2025-09-05 10:46:59 | RedHeart.MainUnified | INFO | ğŸ§  Neural Analyzers ë¶€ë¶„ ë¡œë“œ ì¤‘ (['emotion', 'bentham'])...
2025-09-05 10:47:00 | analyzer_neural_modules | INFO | NeuralEmotionAnalyzer ì´ˆê¸°í™”: 122,333,263 íŒŒë¼ë¯¸í„°
2025-09-05 10:47:01 | analyzer_neural_modules | INFO | NeuralBenthamCalculator ì´ˆê¸°í™”: 78,019,458 íŒŒë¼ë¯¸í„°
2025-09-05 10:47:02 | analyzer_neural_modules | INFO | NeuralRegretAnalyzer ì´ˆê¸°í™”: 153,610,522 íŒŒë¼ë¯¸í„°
2025-09-05 10:47:02 | analyzer_neural_modules | INFO | NeuralSURDAnalyzer ì´ˆê¸°í™”: 13,276,424 íŒŒë¼ë¯¸í„°
2025-09-05 10:47:02 | analyzer_neural_modules | INFO | ì „ì²´ ì‹ ê²½ë§ ë¶„ì„ê¸° íŒŒë¼ë¯¸í„°: 367,239,667 (367.2M)
2025-09-05 10:47:02 | RedHeart.MainUnified | INFO |    ë¶€ë¶„ ë¡œë“œ ì™„ë£Œ: ['emotion', 'bentham']
2025-09-05 10:47:02 | RedHeart.MainUnified | INFO |    ì²´í¬í¬ì¸íŠ¸ Neural Analyzers 896ì°¨ì› ê°€ì¤‘ì¹˜ ë³µì› ì¤‘...
2025-09-05 10:47:02 | RedHeart.MainUnified | INFO |    - emotion: 768â†’896 í”„ë¡œì ì…˜ ì–´ëŒ‘í„° ì¶”ê°€
2025-09-05 10:47:02 | RedHeart.MainUnified | INFO |    - bentham: 768â†’896 í”„ë¡œì ì…˜ ì–´ëŒ‘í„° ì¶”ê°€
2025-09-05 10:47:02 | RedHeart.MainUnified | INFO |    - regret: 768â†’896 í”„ë¡œì ì…˜ ì–´ëŒ‘í„° ì¶”ê°€
2025-09-05 10:47:02 | RedHeart.MainUnified | INFO |    - surd: 768â†’896 í”„ë¡œì ì…˜ ì–´ëŒ‘í„° ì¶”ê°€
2025-09-05 10:47:02 | RedHeart.MainUnified | INFO |    âœ… 896ì°¨ì› Neural Analyzers ë³µì› ì™„ë£Œ (í”„ë¡œì ì…˜ ì–´ëŒ‘í„° ì‚¬ìš©)
2025-09-05 10:47:02 | RedHeart.MainUnified | INFO |    - emotion: CPU ì´ˆê¸°í™” (ë™ì  ìŠ¤ì™‘ ëŒ€ê¸°)
2025-09-05 10:47:02 | RedHeart.MainUnified | INFO |    - emotion: 122.6M params
2025-09-05 10:47:02 | RedHeart.MainUnified | INFO |    - bentham: CPU ì´ˆê¸°í™” (ë™ì  ìŠ¤ì™‘ ëŒ€ê¸°)
2025-09-05 10:47:02 | RedHeart.MainUnified | INFO |    - bentham: 78.3M params
2025-09-05 10:47:02 | RedHeart.MainUnified | INFO |    - regret: CPU ì´ˆê¸°í™” (ë™ì  ìŠ¤ì™‘ ëŒ€ê¸°)
2025-09-05 10:47:02 | RedHeart.MainUnified | INFO |    - regret: 153.9M params
2025-09-05 10:47:02 | RedHeart.MainUnified | INFO |    - surd: CPU ì´ˆê¸°í™” (ë™ì  ìŠ¤ì™‘ ëŒ€ê¸°)
2025-09-05 10:47:02 | RedHeart.MainUnified | INFO |    - surd: 13.5M params
2025-09-05 10:47:02 | RedHeart.MainUnified | INFO |    âœ… Neural Analyzers ë¡œë“œ ì™„ë£Œ
2025-09-05 10:47:02 | RedHeart.MainUnified | INFO |    ğŸ“Œ UnifiedModelì— Neural Analyzers ì „ë‹¬ ì™„ë£Œ
2025-09-05 10:47:02 | RedHeart.MainUnified | INFO | ğŸ¯ Advanced Analyzer Wrappers ë¶€ë¶„ ë¡œë“œ ì¤‘ (['advanced_emotion', 'advanced_bentham'])...
2025-09-05 10:47:02 | RedHeart.MainUnified | INFO |    ğŸ“Œ MEDIUM ëª¨ë“œ: Advanced Wrappers CPU ì´ˆê¸°í™” ì„¤ì •
2025-09-05 10:47:04 | RedHeartLinux.AdvancedEmotion | INFO | ğŸ“Œ FORCE_CPU_INIT: AdvancedEmotionAnalyzer CPU ëª¨ë“œ ê°•ì œ
2025-09-05 10:47:04 | RedHeartLinux.AdvancedEmotion | INFO | ê°ì • ì„ë² ë”© ëª¨ë¸ ì´ˆê¸°í™” ì‹œì‘...
2025-09-05 10:47:04 | sentence_transformer_singleton | INFO | ğŸ“Œ CPU ëª¨ë“œ: sentence-transformers/paraphrase-multilingual-mpnet-base-v2 ì§ì ‘ ë¡œë“œ (subprocess ìš°íšŒ)
2025-09-05 10:47:04 | RedHeartLinux.AdvancedEmotion | ERROR | ì„ë² ë”© ëª¨ë¸ ë¡œë“œ ì‹¤íŒ¨: cannot access local variable 'os' where it is not associated with a value
2025-09-05 10:47:04 | advanced_analyzer_wrappers | ERROR | Advanced Emotion Wrapper ìƒì„± ì‹¤íŒ¨: ì„ë² ë”© ëª¨ë¸ ë¡œë“œ í•„ìˆ˜ - ì‹¤íŒ¨: cannot access local variable 'os' where it is not associated with a value
2025-09-05 10:47:04 | RedHeart.MainUnified | ERROR |    âŒ Advanced Wrappers ë¡œë“œ ì‹¤íŒ¨: í•„ìˆ˜ Wrapper ìƒì„± ì‹¤íŒ¨ - advanced_emotion: ì„ë² ë”© ëª¨ë¸ ë¡œë“œ í•„ìˆ˜ - ì‹¤íŒ¨: cannot access local variable 'os' where it is not associated with a value
2025-09-05 10:47:04 | RedHeart.MainUnified | ERROR | âŒ ì´ˆê¸°í™” ì‹¤íŒ¨: Advanced Wrappers ë¡œë“œ í•„ìˆ˜ - ì‹¤íŒ¨: í•„ìˆ˜ Wrapper ìƒì„± ì‹¤íŒ¨ - advanced_emotion: ì„ë² ë”© ëª¨ë¸ ë¡œë“œ í•„ìˆ˜ - ì‹¤íŒ¨: cannot access local variable 'os' where it is not associated with a value
Traceback (most recent call last):
  File "/mnt/c/large_project/linux_red_heart/advanced_emotion_analyzer.py", line 879, in _load_emotion_embedding_model
    self.embedders['multilingual'] = get_sentence_transformer(
                                     ^^^^^^^^^^^^^^^^^^^^^^^^^
  File "/mnt/c/large_project/linux_red_heart/sentence_transformer_singleton.py", line 445, in get_sentence_transformer
    return _manager.get_model(model_name, device, cache_folder)
           ^^^^^^^^^^^^^^^^^^^^^^^^^^^^^^^^^^^^^^^^^^^^^^^^^^^^
  File "/mnt/c/large_project/linux_red_heart/sentence_transformer_singleton.py", line 90, in get_model
    cache_folder = os.path.join(MODELS_DIR, 'sentence_transformers')
                   ^^
UnboundLocalError: cannot access local variable 'os' where it is not associated with a value

During handling of the above exception, another exception occurred:

Traceback (most recent call last):
  File "/mnt/c/large_project/linux_red_heart/advanced_analyzer_wrappers.py", line 338, in create_advanced_analyzer_wrappers
    wrappers['advanced_emotion'] = AdvancedEmotionAnalyzerWrapper()
                                   ^^^^^^^^^^^^^^^^^^^^^^^^^^^^^^^^
  File "/mnt/c/large_project/linux_red_heart/advanced_analyzer_wrappers.py", line 22, in __init__
    self.analyzer = AdvancedEmotionAnalyzer()
                    ^^^^^^^^^^^^^^^^^^^^^^^^^
  File "/mnt/c/large_project/linux_red_heart/advanced_emotion_analyzer.py", line 358, in __init__
    self._load_emotion_embedding_model()
  File "/mnt/c/large_project/linux_red_heart/advanced_emotion_analyzer.py", line 896, in _load_emotion_embedding_model
    raise RuntimeError(f"ì„ë² ë”© ëª¨ë¸ ë¡œë“œ í•„ìˆ˜ - ì‹¤íŒ¨: {e}")
RuntimeError: ì„ë² ë”© ëª¨ë¸ ë¡œë“œ í•„ìˆ˜ - ì‹¤íŒ¨: cannot access local variable 'os' where it is not associated with a value

During handling of the above exception, another exception occurred:

Traceback (most recent call last):
  File "/mnt/c/large_project/linux_red_heart/main_unified.py", line 682, in _load_advanced_wrappers
    all_wrappers = create_advanced_analyzer_wrappers()
                   ^^^^^^^^^^^^^^^^^^^^^^^^^^^^^^^^^^^
  File "/mnt/c/large_project/linux_red_heart/advanced_analyzer_wrappers.py", line 341, in create_advanced_analyzer_wrappers
    raise RuntimeError(f"í•„ìˆ˜ Wrapper ìƒì„± ì‹¤íŒ¨ - advanced_emotion: {e}")
RuntimeError: í•„ìˆ˜ Wrapper ìƒì„± ì‹¤íŒ¨ - advanced_emotion: ì„ë² ë”© ëª¨ë¸ ë¡œë“œ í•„ìˆ˜ - ì‹¤íŒ¨: cannot access local variable 'os' where it is not associated with a value

During handling of the above exception, another exception occurred:

Traceback (most recent call last):
  File "/mnt/c/large_project/linux_red_heart/main_unified.py", line 3178, in <module>
    asyncio.run(main())
  File "/usr/lib/python3.12/asyncio/runners.py", line 194, in run
    return runner.run(main)
           ^^^^^^^^^^^^^^^^
  File "/usr/lib/python3.12/asyncio/runners.py", line 118, in run
    return self._loop.run_until_complete(task)
           ^^^^^^^^^^^^^^^^^^^^^^^^^^^^^^^^^^^
  File "/usr/lib/python3.12/asyncio/base_events.py", line 687, in run_until_complete
    return future.result()
           ^^^^^^^^^^^^^^^
  File "/mnt/c/large_project/linux_red_heart/main_unified.py", line 3104, in main
    await system.initialize()
  File "/mnt/c/large_project/linux_red_heart/main_unified.py", line 392, in initialize
    await self._load_advanced_wrappers()
  File "/mnt/c/large_project/linux_red_heart/main_unified.py", line 849, in _load_advanced_wrappers
    raise RuntimeError(f"Advanced Wrappers ë¡œë“œ í•„ìˆ˜ - ì‹¤íŒ¨: {e}")
RuntimeError: Advanced Wrappers ë¡œë“œ í•„ìˆ˜ - ì‹¤íŒ¨: í•„ìˆ˜ Wrapper ìƒì„± ì‹¤íŒ¨ - advanced_emotion: ì„ë² ë”© ëª¨ë¸ ë¡œë“œ í•„ìˆ˜ - ì‹¤íŒ¨: cannot access local variable 'os' where it is not associated with a value
