2025-09-02 18:45:45 | RedHeart.MainUnified | INFO | ğŸ–¥ï¸ ì‚¬ìš© ë””ë°”ì´ìŠ¤: cuda
2025-09-02 18:45:45 | RedHeart.MainUnified | INFO |    GPU: NVIDIA GeForce RTX 2070 SUPER
2025-09-02 18:45:45 | RedHeart.MainUnified | INFO |    VRAM: 8.0GB
2025-09-02 18:45:45 | RedHeart.MainUnified | INFO | âœ¨ Red Heart AI í†µí•© ì¶”ë¡  ì‹œìŠ¤í…œ ì´ˆê¸°í™”
2025-09-02 18:45:45 | RedHeart.MainUnified | INFO | ======================================================================
2025-09-02 18:45:45 | RedHeart.MainUnified | INFO | ğŸš€ ì‹œìŠ¤í…œ ì´ˆê¸°í™” ì‹œì‘...
2025-09-02 18:45:45 | RedHeart.MainUnified | INFO | ======================================================================
2025-09-02 18:45:45 | RedHeart.MainUnified | INFO | ğŸ“¦ ì§€ì •ëœ ë©”ëª¨ë¦¬ ëª¨ë“œ: medium
2025-09-02 18:45:45 | RedHeart.MainUnified | INFO | ğŸ“¦ UnifiedModel ë¡œë“œ ì¤‘...
2025-09-02 18:45:49 | sentence_transformer_singleton | INFO | SentenceTransformerManager ì´ˆê¸°í™” ì™„ë£Œ (Subprocess Server ê¸°ë°˜)
2025-09-02 18:45:49 | training.enhanced_checkpoint_manager | INFO |   - ê¸°ì¡´ ë©”íƒ€ë°ì´í„° ë¡œë“œ: 30ê°œ ì²´í¬í¬ì¸íŠ¸
2025-09-02 18:45:49 | training.enhanced_checkpoint_manager | INFO | âœ… Enhanced CheckpointManager ì´ˆê¸°í™”
2025-09-02 18:45:49 | training.enhanced_checkpoint_manager | INFO |   - ì €ì¥ ë””ë ‰í† ë¦¬: training/checkpoints_final
2025-09-02 18:45:49 | training.enhanced_checkpoint_manager | INFO |   - ìµœëŒ€ ì²´í¬í¬ì¸íŠ¸: 30ê°œ
2025-09-02 18:45:49 | training.enhanced_checkpoint_manager | INFO |   - ì €ì¥ ê°„ê²©: 1 ì—í­ë§ˆë‹¤
2025-09-02 18:45:50 | unified_backbone | INFO | ë°±ë³¸ ì´ íŒŒë¼ë¯¸í„°: 90,624,132 (90.62M)
2025-09-02 18:45:50 | unified_backbone | INFO | í•™ìŠµ ê°€ëŠ¥ íŒŒë¼ë¯¸í„°: 90,624,132 (90.62M)
2025-09-02 18:45:50 | unified_heads | INFO | ê°ì • í—¤ë“œ íŒŒë¼ë¯¸í„°: 17,254,583 (17.25M)
2025-09-02 18:45:50 | unified_heads | INFO | ë²¤ë‹´ í—¤ë“œ íŒŒë¼ë¯¸í„°: 13,871,919 (13.87M)
2025-09-02 18:45:50 | unified_heads | INFO | í›„íšŒ í—¤ë“œ íŒŒë¼ë¯¸í„°: 19,897,161 (19.90M)
2025-09-02 18:45:50 | unified_heads | INFO | SURD í—¤ë“œ íŒŒë¼ë¯¸í„°: 12,025,739 (12.03M)
2025-09-02 18:45:51 | analyzer_neural_modules | INFO | NeuralEmotionAnalyzer ì´ˆê¸°í™”: 122,595,407 íŒŒë¼ë¯¸í„°
2025-09-02 18:45:52 | analyzer_neural_modules | INFO | NeuralBenthamCalculator ì´ˆê¸°í™”: 78,281,602 íŒŒë¼ë¯¸í„°
2025-09-02 18:45:53 | analyzer_neural_modules | INFO | NeuralRegretAnalyzer ì´ˆê¸°í™”: 153,872,666 íŒŒë¼ë¯¸í„°
2025-09-02 18:45:53 | analyzer_neural_modules | INFO | NeuralSURDAnalyzer ì´ˆê¸°í™”: 13,473,032 íŒŒë¼ë¯¸í„°
2025-09-02 18:45:53 | analyzer_neural_modules | INFO | ì „ì²´ ì‹ ê²½ë§ ë¶„ì„ê¸° íŒŒë¼ë¯¸í„°: 368,222,707 (368.2M)
2025-09-02 18:45:53 | emotion_dsp_simulator | INFO | EmotionDSPSimulator ì´ˆê¸°í™” ì™„ë£Œ (~14M íŒŒë¼ë¯¸í„°)
2025-09-02 18:45:53 | RedHeart.MainUnified | INFO |    ì—í­ 50 ì²´í¬í¬ì¸íŠ¸ ìë™ ê²€ìƒ‰: checkpoint_epoch_0050_lr_0.000009_20250827_154403.pt
2025-09-02 18:45:53 | RedHeart.MainUnified | INFO |    ì²´í¬í¬ì¸íŠ¸ ë¡œë“œ: checkpoint_epoch_0050_lr_0.000009_20250827_154403.pt
2025-09-02 18:46:21 | RedHeart.MainUnified | INFO |    âœ… ëª¨ë¸ ê°€ì¤‘ì¹˜ ë¡œë“œ ì™„ë£Œ
2025-09-02 18:46:21 | RedHeart.MainUnified | INFO |    - Epoch: 50
2025-09-02 18:46:21 | RedHeart.MainUnified | INFO |    - Loss: unknown
2025-09-02 18:46:22 | RedHeart.MainUnified | INFO |    ğŸ“Š ì´ íŒŒë¼ë¯¸í„°: 532.4M
2025-09-02 18:46:22 | RedHeart.MainUnified | INFO |    ğŸ“Š í•™ìŠµê°€ëŠ¥ íŒŒë¼ë¯¸í„°: 532.4M
2025-09-02 18:46:22 | RedHeart.MainUnified | INFO | ğŸŒ ë²ˆì—­ê¸° ë¡œë“œ ì¤‘...
2025-09-02 18:46:22 | local_translator | INFO | LocalTranslator ìƒì„± - ì „ì—­ ëª¨ë“ˆë¡œ ì´ˆê¸°í™”ë¨
2025-09-02 18:46:22 | local_translator | INFO | ğŸ”„ OPUS-MT ëª¨ë¸ ë¡œë“œ ì¤‘: Helsinki-NLP/opus-mt-ko-en
2025-09-02 18:47:10 | hf_model_wrapper | INFO | âœ… HF ëª¨ë¸ ìë™ ë“±ë¡ í™œì„±í™”ë¨ (ëª¨ë¸, í† í¬ë‚˜ì´ì €, í”„ë¡œì„¸ì„œ í¬í•¨)
2025-09-02 18:47:11 | hf_model_wrapper | INFO | ğŸ”„ HF ëª¨ë¸ ë¡œë”© ì¤‘: Helsinki-NLP/opus-mt-ko-en (ì†Œìœ ì: translator)
2025-09-02 18:47:12 | local_translator | ERROR | âŒ OPUS-MT ëª¨ë¸ ë¡œë“œ ì‹¤íŒ¨: name 'force_cpu_init' is not defined
2025-09-02 18:47:12 | RedHeart.MainUnified | ERROR |    âŒ ë²ˆì—­ê¸° ë¡œë“œ ì‹¤íŒ¨: ë¡œì»¬ ë²ˆì—­ê¸° ì´ˆê¸°í™” ì‹¤íŒ¨: name 'force_cpu_init' is not defined
2025-09-02 18:47:12 | RedHeart.MainUnified | ERROR | âŒ ì´ˆê¸°í™” ì‹¤íŒ¨: ë²ˆì—­ê¸° ë¡œë“œ í•„ìˆ˜ - ì‹¤íŒ¨: ë¡œì»¬ ë²ˆì—­ê¸° ì´ˆê¸°í™” ì‹¤íŒ¨: name 'force_cpu_init' is not defined
Traceback (most recent call last):
  File "/mnt/c/large_project/linux_red_heart/local_translator.py", line 70, in _initialize_model
    self.model = hf_wrapper.wrapped_from_pretrained(
                 ^^^^^^^^^^^^^^^^^^^^^^^^^^^^^^^^^^^
  File "/mnt/c/large_project/linux_red_heart/hf_model_wrapper.py", line 278, in wrapped_from_pretrained
    self._register_model(model_id, model, owner, device)
  File "/mnt/c/large_project/linux_red_heart/hf_model_wrapper.py", line 153, in _register_model
    'force_cpu_init': force_cpu_init  # FORCE_CPU_INIT ëª¨ë“œ ì¶”ì 
                      ^^^^^^^^^^^^^^
NameError: name 'force_cpu_init' is not defined

During handling of the above exception, another exception occurred:

Traceback (most recent call last):
  File "/mnt/c/large_project/linux_red_heart/main_unified.py", line 840, in _load_translator
    self.translator = LocalTranslator()
                      ^^^^^^^^^^^^^^^^^
  File "/mnt/c/large_project/linux_red_heart/local_translator.py", line 42, in __init__
    self._initialize_model()
  File "/mnt/c/large_project/linux_red_heart/local_translator.py", line 129, in _initialize_model
    raise RuntimeError(f"ë¡œì»¬ ë²ˆì—­ê¸° ì´ˆê¸°í™” ì‹¤íŒ¨: {e}")
RuntimeError: ë¡œì»¬ ë²ˆì—­ê¸° ì´ˆê¸°í™” ì‹¤íŒ¨: name 'force_cpu_init' is not defined

During handling of the above exception, another exception occurred:

Traceback (most recent call last):
  File "/mnt/c/large_project/linux_red_heart/main_unified.py", line 2607, in <module>
    asyncio.run(main())
  File "/usr/lib/python3.12/asyncio/runners.py", line 194, in run
    return runner.run(main)
           ^^^^^^^^^^^^^^^^
  File "/usr/lib/python3.12/asyncio/runners.py", line 118, in run
    return self._loop.run_until_complete(task)
           ^^^^^^^^^^^^^^^^^^^^^^^^^^^^^^^^^^^
  File "/usr/lib/python3.12/asyncio/base_events.py", line 687, in run_until_complete
    return future.result()
           ^^^^^^^^^^^^^^^
  File "/mnt/c/large_project/linux_red_heart/main_unified.py", line 2533, in main
    await system.initialize()
  File "/mnt/c/large_project/linux_red_heart/main_unified.py", line 383, in initialize
    await self._load_translator()
  File "/mnt/c/large_project/linux_red_heart/main_unified.py", line 853, in _load_translator
    raise RuntimeError(f"ë²ˆì—­ê¸° ë¡œë“œ í•„ìˆ˜ - ì‹¤íŒ¨: {e}")
RuntimeError: ë²ˆì—­ê¸° ë¡œë“œ í•„ìˆ˜ - ì‹¤íŒ¨: ë¡œì»¬ ë²ˆì—­ê¸° ì´ˆê¸°í™” ì‹¤íŒ¨: name 'force_cpu_init' is not defined
