2025-09-04 23:21:45 | RedHeart.MainUnified | INFO | 🖥️ 사용 디바이스: cuda
2025-09-04 23:21:45 | RedHeart.MainUnified | INFO |    GPU: NVIDIA GeForce RTX 2070 SUPER
2025-09-04 23:21:45 | RedHeart.MainUnified | INFO |    VRAM: 8.0GB
2025-09-04 23:21:45 | RedHeart.MainUnified | INFO | ✨ Red Heart AI 통합 추론 시스템 초기화
2025-09-04 23:21:45 | RedHeart.MainUnified | INFO | ======================================================================
2025-09-04 23:21:45 | RedHeart.MainUnified | INFO | 🚀 시스템 초기화 시작...
2025-09-04 23:21:45 | RedHeart.MainUnified | INFO | ======================================================================
2025-09-04 23:21:45 | RedHeart.MainUnified | INFO | 📦 지정된 메모리 모드: medium
2025-09-04 23:21:45 | RedHeart.MainUnified | INFO | 📦 UnifiedModel 로드 중...
2025-09-04 23:21:48 | sentence_transformer_singleton | INFO | SentenceTransformerManager 초기화 완료 (Subprocess Server 기반)
2025-09-04 23:21:48 | training.enhanced_checkpoint_manager | INFO |   - 기존 메타데이터 로드: 30개 체크포인트
2025-09-04 23:21:48 | training.enhanced_checkpoint_manager | INFO | ✅ Enhanced CheckpointManager 초기화
2025-09-04 23:21:48 | training.enhanced_checkpoint_manager | INFO |   - 저장 디렉토리: training/checkpoints_final
2025-09-04 23:21:48 | training.enhanced_checkpoint_manager | INFO |   - 최대 체크포인트: 30개
2025-09-04 23:21:48 | training.enhanced_checkpoint_manager | INFO |   - 저장 간격: 1 에폭마다
2025-09-04 23:21:49 | unified_backbone | INFO | 백본 총 파라미터: 90,624,132 (90.62M)
2025-09-04 23:21:49 | unified_backbone | INFO | 학습 가능 파라미터: 90,624,132 (90.62M)
2025-09-04 23:21:49 | unified_heads | INFO | 감정 헤드 파라미터: 17,254,583 (17.25M)
2025-09-04 23:21:49 | unified_heads | INFO | 벤담 헤드 파라미터: 13,871,919 (13.87M)
2025-09-04 23:21:49 | unified_heads | INFO | 후회 헤드 파라미터: 19,897,161 (19.90M)
2025-09-04 23:21:49 | unified_heads | INFO | SURD 헤드 파라미터: 12,025,739 (12.03M)
2025-09-04 23:21:50 | analyzer_neural_modules | INFO | NeuralEmotionAnalyzer 초기화: 122,595,407 파라미터
2025-09-04 23:21:51 | analyzer_neural_modules | INFO | NeuralBenthamCalculator 초기화: 78,281,602 파라미터
2025-09-04 23:21:52 | analyzer_neural_modules | INFO | NeuralRegretAnalyzer 초기화: 153,872,666 파라미터
2025-09-04 23:21:52 | analyzer_neural_modules | INFO | NeuralSURDAnalyzer 초기화: 13,473,032 파라미터
2025-09-04 23:21:52 | analyzer_neural_modules | INFO | 전체 신경망 분석기 파라미터: 368,222,707 (368.2M)
2025-09-04 23:21:52 | emotion_dsp_simulator | INFO | EmotionDSPSimulator 초기화 완료 (~14M 파라미터)
2025-09-04 23:21:52 | RedHeart.MainUnified | INFO |    에폭 50 체크포인트 자동 검색: checkpoint_epoch_0050_lr_0.000009_20250827_154403.pt
2025-09-04 23:21:52 | RedHeart.MainUnified | INFO |    체크포인트 로드: checkpoint_epoch_0050_lr_0.000009_20250827_154403.pt
2025-09-04 23:22:21 | RedHeart.MainUnified | INFO |    ✅ 모델 가중치 로드 완료
2025-09-04 23:22:21 | RedHeart.MainUnified | INFO |    - Epoch: 50
2025-09-04 23:22:21 | RedHeart.MainUnified | INFO |    - Loss: unknown
2025-09-04 23:22:21 | RedHeart.MainUnified | INFO |    📌 MEDIUM 모드: 백본/헤드만 GPU, analyzers는 CPU 유지
2025-09-04 23:22:21 | RedHeart.MainUnified | INFO |    📊 총 파라미터: 532.4M
2025-09-04 23:22:21 | RedHeart.MainUnified | INFO |    📊 학습가능 파라미터: 532.4M
2025-09-04 23:22:21 | RedHeart.MainUnified | INFO | 🧠 Neural Analyzers 부분 로드 중 (['emotion', 'bentham'])...
2025-09-04 23:22:22 | analyzer_neural_modules | INFO | NeuralEmotionAnalyzer 초기화: 122,333,263 파라미터
2025-09-04 23:22:22 | analyzer_neural_modules | INFO | NeuralBenthamCalculator 초기화: 78,019,458 파라미터
2025-09-04 23:22:23 | analyzer_neural_modules | INFO | NeuralRegretAnalyzer 초기화: 153,610,522 파라미터
2025-09-04 23:22:24 | analyzer_neural_modules | INFO | NeuralSURDAnalyzer 초기화: 13,276,424 파라미터
2025-09-04 23:22:24 | analyzer_neural_modules | INFO | 전체 신경망 분석기 파라미터: 367,239,667 (367.2M)
2025-09-04 23:22:24 | RedHeart.MainUnified | INFO |    부분 로드 완료: ['emotion', 'bentham']
2025-09-04 23:22:24 | RedHeart.MainUnified | INFO |    체크포인트 Neural Analyzers 896차원 가중치 복원 중...
2025-09-04 23:22:24 | RedHeart.MainUnified | INFO |    - emotion: 768→896 프로젝션 어댑터 추가
2025-09-04 23:22:24 | RedHeart.MainUnified | INFO |    - bentham: 768→896 프로젝션 어댑터 추가
2025-09-04 23:22:24 | RedHeart.MainUnified | INFO |    - regret: 768→896 프로젝션 어댑터 추가
2025-09-04 23:22:24 | RedHeart.MainUnified | INFO |    - surd: 768→896 프로젝션 어댑터 추가
2025-09-04 23:22:24 | RedHeart.MainUnified | INFO |    ✅ 896차원 Neural Analyzers 복원 완료 (프로젝션 어댑터 사용)
2025-09-04 23:22:24 | RedHeart.MainUnified | INFO |    - emotion: CPU 초기화 (동적 스왑 대기)
2025-09-04 23:22:24 | RedHeart.MainUnified | INFO |    - emotion: 122.6M params
2025-09-04 23:22:24 | RedHeart.MainUnified | INFO |    - bentham: CPU 초기화 (동적 스왑 대기)
2025-09-04 23:22:24 | RedHeart.MainUnified | INFO |    - bentham: 78.3M params
2025-09-04 23:22:24 | RedHeart.MainUnified | INFO |    - regret: CPU 초기화 (동적 스왑 대기)
2025-09-04 23:22:24 | RedHeart.MainUnified | INFO |    - regret: 153.9M params
2025-09-04 23:22:24 | RedHeart.MainUnified | INFO |    - surd: CPU 초기화 (동적 스왑 대기)
2025-09-04 23:22:24 | RedHeart.MainUnified | INFO |    - surd: 13.5M params
2025-09-04 23:22:24 | RedHeart.MainUnified | INFO |    ✅ Neural Analyzers 로드 완료
2025-09-04 23:22:24 | RedHeart.MainUnified | INFO |    📌 UnifiedModel에 Neural Analyzers 전달 완료
2025-09-04 23:22:24 | RedHeart.MainUnified | INFO | 🎯 Advanced Analyzer Wrappers 부분 로드 중 (['advanced_emotion', 'advanced_bentham'])...
2025-09-04 23:22:24 | RedHeart.MainUnified | INFO |    📌 MEDIUM 모드: Advanced Wrappers CPU 초기화 설정
2025-09-04 23:23:11 | RedHeart.Config | INFO | GPU 직접 사용: None (사용률: 82.3%, 필요: 500MB)
2025-09-04 23:23:11 | RedHeartLinux.AdvancedEmotion | INFO | 감정 임베딩 모델 초기화 시작...
2025-09-04 23:23:11 | sentence_transformer_singleton | INFO | 새 클라이언트 생성 시작: sentence-transformers/paraphrase-multilingual-mpnet-base-v2_cuda
2025-09-04 23:23:11 | sentence_transformer_client | INFO | 현재 Python이 venv 환경: /mnt/c/large_project/linux_red_heart/red_heart_env/bin/python3
2025-09-04 23:23:11 | sentence_transformer_client | INFO | SentenceTransformer Client 초기화: /mnt/c/large_project/linux_red_heart/sentence_transformer_server.py
2025-09-04 23:23:11 | sentence_transformer_client | INFO | Python 실행파일: /mnt/c/large_project/linux_red_heart/red_heart_env/bin/python3
2025-09-04 23:23:11 | sentence_transformer_singleton | INFO | 서버 시작 및 모델 로딩: sentence-transformers/paraphrase-multilingual-mpnet-base-v2 (device: cuda)
2025-09-04 23:23:11 | sentence_transformer_client | INFO | SentenceTransformer 서버 시작: /mnt/c/large_project/linux_red_heart/sentence_transformer_server.py
2025-09-04 23:23:11 | sentence_transformer_client | INFO | PYTHONPATH: /mnt/c/large_project/linux_red_heart/red_heart_env/lib/python3.12/site-packages:/mnt/c/large_project/linux_red_heart
2025-09-04 23:23:11 | sentence_transformer_client | INFO | VIRTUAL_ENV: /mnt/c/large_project/linux_red_heart/red_heart_env
2025-09-04 23:23:11 | sentence_transformer_client | INFO | stderr 드레인 스레드 시작
2025-09-04 23:23:11 | sentence_transformer_client | INFO | stderr 드레인 스레드 생성 완료
2025-09-04 23:23:20 | sentence_transformer_client | INFO | 서버 연결 성공
2025-09-04 23:23:20 | sentence_transformer_client | INFO | 모델 로딩 요청: sentence-transformers/paraphrase-multilingual-mpnet-base-v2 (device: cuda)
2025-09-04 23:24:38 | sentence_transformer_client | INFO | 모델 로딩 성공: sentence-transformers/paraphrase-multilingual-mpnet-base-v2
2025-09-04 23:24:38 | sentence_transformer_singleton | INFO | 클라이언트 생성 및 모델 로딩 성공: sentence-transformers/paraphrase-multilingual-mpnet-base-v2_cuda
2025-09-04 23:24:38 | sentence_transformer_singleton | INFO | 새 클라이언트 생성 시작: jhgan/ko-sroberta-multitask_cuda
2025-09-04 23:24:38 | sentence_transformer_client | INFO | 현재 Python이 venv 환경: /mnt/c/large_project/linux_red_heart/red_heart_env/bin/python3
2025-09-04 23:24:38 | sentence_transformer_client | INFO | SentenceTransformer Client 초기화: /mnt/c/large_project/linux_red_heart/sentence_transformer_server.py
2025-09-04 23:24:38 | sentence_transformer_client | INFO | Python 실행파일: /mnt/c/large_project/linux_red_heart/red_heart_env/bin/python3
2025-09-04 23:24:38 | sentence_transformer_singleton | INFO | 서버 시작 및 모델 로딩: jhgan/ko-sroberta-multitask (device: cuda)
2025-09-04 23:24:38 | sentence_transformer_client | INFO | SentenceTransformer 서버 시작: /mnt/c/large_project/linux_red_heart/sentence_transformer_server.py
2025-09-04 23:24:38 | sentence_transformer_client | INFO | PYTHONPATH: /mnt/c/large_project/linux_red_heart/red_heart_env/lib/python3.12/site-packages:/mnt/c/large_project/linux_red_heart
2025-09-04 23:24:38 | sentence_transformer_client | INFO | VIRTUAL_ENV: /mnt/c/large_project/linux_red_heart/red_heart_env
2025-09-04 23:24:38 | sentence_transformer_client | INFO | stderr 드레인 스레드 시작
2025-09-04 23:24:38 | sentence_transformer_client | INFO | stderr 드레인 스레드 생성 완료
2025-09-04 23:24:48 | sentence_transformer_client | INFO | 서버 연결 성공
2025-09-04 23:24:48 | sentence_transformer_client | INFO | 모델 로딩 요청: jhgan/ko-sroberta-multitask (device: cuda)
2025-09-04 23:26:00 | sentence_transformer_client | INFO | 모델 로딩 성공: jhgan/ko-sroberta-multitask
2025-09-04 23:26:00 | sentence_transformer_singleton | INFO | 클라이언트 생성 및 모델 로딩 성공: jhgan/ko-sroberta-multitask_cuda
2025-09-04 23:26:00 | RedHeartLinux.AdvancedEmotion | INFO | 임베딩 모델 로드 완료 (싱글톤): sentence-transformers/paraphrase-multilingual-mpnet-base-v2, jhgan/ko-sroberta-multitask
2025-09-04 23:26:00 | RedHeartLinux.AdvancedEmotion | INFO | 임베딩 모델 초기화 완료: 2 모델 로드됨
2025-09-04 23:26:00 | RedHeart.Config | INFO | 🔍 get_system_module 호출: module_id=translator
2025-09-04 23:26:00 | RedHeart.Config | INFO | 🔍 현재 등록된 모듈들: []
2025-09-04 23:26:00 | RedHeart.Config | INFO | 🔍 결과: None
2025-09-04 23:26:00 | RedHeartLinux.AdvancedEmotion | ERROR | 전역 translator 모듈을 찾을 수 없음 - 모듈 초기화 순서 확인 필요
2025-09-04 23:26:00 | advanced_analyzer_wrappers | ERROR | Advanced Emotion Wrapper 생성 실패: 전역 translator 모듈을 찾을 수 없음 - 모듈 초기화 순서 확인 필요
2025-09-04 23:26:00 | RedHeart.MainUnified | ERROR |    ❌ Advanced Wrappers 로드 실패: 필수 Wrapper 생성 실패 - advanced_emotion: 전역 translator 모듈을 찾을 수 없음 - 모듈 초기화 순서 확인 필요
2025-09-04 23:26:00 | RedHeart.MainUnified | ERROR | ❌ 초기화 실패: Advanced Wrappers 로드 필수 - 실패: 필수 Wrapper 생성 실패 - advanced_emotion: 전역 translator 모듈을 찾을 수 없음 - 모듈 초기화 순서 확인 필요
Traceback (most recent call last):
  File "/mnt/c/large_project/linux_red_heart/advanced_analyzer_wrappers.py", line 338, in create_advanced_analyzer_wrappers
    wrappers['advanced_emotion'] = AdvancedEmotionAnalyzerWrapper()
                                   ^^^^^^^^^^^^^^^^^^^^^^^^^^^^^^^^
  File "/mnt/c/large_project/linux_red_heart/advanced_analyzer_wrappers.py", line 22, in __init__
    self.analyzer = AdvancedEmotionAnalyzer()
                    ^^^^^^^^^^^^^^^^^^^^^^^^^
  File "/mnt/c/large_project/linux_red_heart/advanced_emotion_analyzer.py", line 373, in __init__
    raise RuntimeError(error_msg)
RuntimeError: 전역 translator 모듈을 찾을 수 없음 - 모듈 초기화 순서 확인 필요

During handling of the above exception, another exception occurred:

Traceback (most recent call last):
  File "/mnt/c/large_project/linux_red_heart/main_unified.py", line 682, in _load_advanced_wrappers
    all_wrappers = create_advanced_analyzer_wrappers()
                   ^^^^^^^^^^^^^^^^^^^^^^^^^^^^^^^^^^^
  File "/mnt/c/large_project/linux_red_heart/advanced_analyzer_wrappers.py", line 341, in create_advanced_analyzer_wrappers
    raise RuntimeError(f"필수 Wrapper 생성 실패 - advanced_emotion: {e}")
RuntimeError: 필수 Wrapper 생성 실패 - advanced_emotion: 전역 translator 모듈을 찾을 수 없음 - 모듈 초기화 순서 확인 필요

During handling of the above exception, another exception occurred:

Traceback (most recent call last):
  File "/mnt/c/large_project/linux_red_heart/main_unified.py", line 3168, in <module>
    asyncio.run(main())
  File "/usr/lib/python3.12/asyncio/runners.py", line 194, in run
    return runner.run(main)
           ^^^^^^^^^^^^^^^^
  File "/usr/lib/python3.12/asyncio/runners.py", line 118, in run
    return self._loop.run_until_complete(task)
           ^^^^^^^^^^^^^^^^^^^^^^^^^^^^^^^^^^^
  File "/usr/lib/python3.12/asyncio/base_events.py", line 687, in run_until_complete
    return future.result()
           ^^^^^^^^^^^^^^^
  File "/mnt/c/large_project/linux_red_heart/main_unified.py", line 3094, in main
    await system.initialize()
  File "/mnt/c/large_project/linux_red_heart/main_unified.py", line 392, in initialize
    await self._load_advanced_wrappers()
  File "/mnt/c/large_project/linux_red_heart/main_unified.py", line 849, in _load_advanced_wrappers
    raise RuntimeError(f"Advanced Wrappers 로드 필수 - 실패: {e}")
RuntimeError: Advanced Wrappers 로드 필수 - 실패: 필수 Wrapper 생성 실패 - advanced_emotion: 전역 translator 모듈을 찾을 수 없음 - 모듈 초기화 순서 확인 필요
