2025-09-02 18:21:41 | RedHeart.MainUnified | INFO | ğŸ–¥ï¸ ì‚¬ìš© ë””ë°”ì´ìŠ¤: cuda
2025-09-02 18:21:41 | RedHeart.MainUnified | INFO |    GPU: NVIDIA GeForce RTX 2070 SUPER
2025-09-02 18:21:41 | RedHeart.MainUnified | INFO |    VRAM: 8.0GB
2025-09-02 18:21:41 | RedHeart.MainUnified | INFO | âœ¨ Red Heart AI í†µí•© ì¶”ë¡  ì‹œìŠ¤í…œ ì´ˆê¸°í™”
2025-09-02 18:21:41 | RedHeart.MainUnified | INFO | ======================================================================
2025-09-02 18:21:41 | RedHeart.MainUnified | INFO | ğŸš€ ì‹œìŠ¤í…œ ì´ˆê¸°í™” ì‹œì‘...
2025-09-02 18:21:41 | RedHeart.MainUnified | INFO | ======================================================================
2025-09-02 18:21:41 | RedHeart.MainUnified | INFO | ğŸ“¦ ì§€ì •ëœ ë©”ëª¨ë¦¬ ëª¨ë“œ: medium
2025-09-02 18:21:41 | RedHeart.MainUnified | INFO | ğŸ“¦ UnifiedModel ë¡œë“œ ì¤‘...
2025-09-02 18:21:45 | sentence_transformer_singleton | INFO | SentenceTransformerManager ì´ˆê¸°í™” ì™„ë£Œ (Subprocess Server ê¸°ë°˜)
2025-09-02 18:21:45 | training.enhanced_checkpoint_manager | INFO |   - ê¸°ì¡´ ë©”íƒ€ë°ì´í„° ë¡œë“œ: 30ê°œ ì²´í¬í¬ì¸íŠ¸
2025-09-02 18:21:45 | training.enhanced_checkpoint_manager | INFO | âœ… Enhanced CheckpointManager ì´ˆê¸°í™”
2025-09-02 18:21:45 | training.enhanced_checkpoint_manager | INFO |   - ì €ì¥ ë””ë ‰í† ë¦¬: training/checkpoints_final
2025-09-02 18:21:45 | training.enhanced_checkpoint_manager | INFO |   - ìµœëŒ€ ì²´í¬í¬ì¸íŠ¸: 30ê°œ
2025-09-02 18:21:45 | training.enhanced_checkpoint_manager | INFO |   - ì €ì¥ ê°„ê²©: 1 ì—í­ë§ˆë‹¤
2025-09-02 18:21:45 | unified_backbone | INFO | ë°±ë³¸ ì´ íŒŒë¼ë¯¸í„°: 90,624,132 (90.62M)
2025-09-02 18:21:45 | unified_backbone | INFO | í•™ìŠµ ê°€ëŠ¥ íŒŒë¼ë¯¸í„°: 90,624,132 (90.62M)
2025-09-02 18:21:45 | unified_heads | INFO | ê°ì • í—¤ë“œ íŒŒë¼ë¯¸í„°: 17,254,583 (17.25M)
2025-09-02 18:21:45 | unified_heads | INFO | ë²¤ë‹´ í—¤ë“œ íŒŒë¼ë¯¸í„°: 13,871,919 (13.87M)
2025-09-02 18:21:46 | unified_heads | INFO | í›„íšŒ í—¤ë“œ íŒŒë¼ë¯¸í„°: 19,897,161 (19.90M)
2025-09-02 18:21:46 | unified_heads | INFO | SURD í—¤ë“œ íŒŒë¼ë¯¸í„°: 12,025,739 (12.03M)
2025-09-02 18:21:47 | analyzer_neural_modules | INFO | NeuralEmotionAnalyzer ì´ˆê¸°í™”: 122,595,407 íŒŒë¼ë¯¸í„°
2025-09-02 18:21:47 | analyzer_neural_modules | INFO | NeuralBenthamCalculator ì´ˆê¸°í™”: 78,281,602 íŒŒë¼ë¯¸í„°
2025-09-02 18:21:48 | analyzer_neural_modules | INFO | NeuralRegretAnalyzer ì´ˆê¸°í™”: 153,872,666 íŒŒë¼ë¯¸í„°
2025-09-02 18:21:48 | analyzer_neural_modules | INFO | NeuralSURDAnalyzer ì´ˆê¸°í™”: 13,473,032 íŒŒë¼ë¯¸í„°
2025-09-02 18:21:48 | analyzer_neural_modules | INFO | ì „ì²´ ì‹ ê²½ë§ ë¶„ì„ê¸° íŒŒë¼ë¯¸í„°: 368,222,707 (368.2M)
2025-09-02 18:21:48 | emotion_dsp_simulator | INFO | EmotionDSPSimulator ì´ˆê¸°í™” ì™„ë£Œ (~14M íŒŒë¼ë¯¸í„°)
2025-09-02 18:21:48 | RedHeart.MainUnified | INFO |    ì—í­ 50 ì²´í¬í¬ì¸íŠ¸ ìë™ ê²€ìƒ‰: checkpoint_epoch_0050_lr_0.000009_20250827_154403.pt
2025-09-02 18:21:48 | RedHeart.MainUnified | INFO |    ì²´í¬í¬ì¸íŠ¸ ë¡œë“œ: checkpoint_epoch_0050_lr_0.000009_20250827_154403.pt
2025-09-02 18:22:18 | RedHeart.MainUnified | INFO |    âœ… ëª¨ë¸ ê°€ì¤‘ì¹˜ ë¡œë“œ ì™„ë£Œ
2025-09-02 18:22:18 | RedHeart.MainUnified | INFO |    - Epoch: 50
2025-09-02 18:22:18 | RedHeart.MainUnified | INFO |    - Loss: unknown
2025-09-02 18:22:19 | RedHeart.MainUnified | INFO |    ğŸ“Š ì´ íŒŒë¼ë¯¸í„°: 532.4M
2025-09-02 18:22:19 | RedHeart.MainUnified | INFO |    ğŸ“Š í•™ìŠµê°€ëŠ¥ íŒŒë¼ë¯¸í„°: 532.4M
2025-09-02 18:22:19 | RedHeart.MainUnified | INFO | ğŸŒ ë²ˆì—­ê¸° ë¡œë“œ ì¤‘...
2025-09-02 18:22:19 | local_translator | INFO | LocalTranslator ìƒì„± - ì „ì—­ ëª¨ë“ˆë¡œ ì´ˆê¸°í™”ë¨
2025-09-02 18:22:19 | local_translator | INFO | ğŸ”„ OPUS-MT ëª¨ë¸ ë¡œë“œ ì¤‘: Helsinki-NLP/opus-mt-ko-en
2025-09-02 18:23:11 | hf_model_wrapper | INFO | âœ… HF ëª¨ë¸ ìë™ ë“±ë¡ í™œì„±í™”ë¨ (ëª¨ë¸, í† í¬ë‚˜ì´ì €, í”„ë¡œì„¸ì„œ í¬í•¨)
2025-09-02 18:23:11 | hf_model_wrapper | INFO | ğŸ”„ HF ëª¨ë¸ ë¡œë”© ì¤‘: Helsinki-NLP/opus-mt-ko-en (ì†Œìœ ì: translator)
2025-09-02 18:23:12 | local_translator | INFO | âœ… OPUS-MT ëª¨ë¸ ë¡œë“œ ì™„ë£Œ (ì†Œìš”ì‹œê°„: 52.4ì´ˆ, ë””ë°”ì´ìŠ¤: cpu)
2025-09-02 18:23:12 | local_translator | INFO | ğŸ“Š TranslatorëŠ” CPUì—ì„œ ì´ˆê¸°í™”ë¨ (GPU ë©”ëª¨ë¦¬ ì ˆì•½)
2025-09-02 18:23:12 | workflow_aware_memory_manager | INFO | âœ… HF ëª¨ë¸ ë˜í¼ì™€ ë©”ëª¨ë¦¬ ë§¤ë‹ˆì € í†µí•© ì™„ë£Œ
2025-09-02 18:23:12 | dynamic_swap_manager | INFO | RedHeartDynamicSwapManager ì´ˆê¸°í™” ì™„ë£Œ
2025-09-02 18:23:12 | dynamic_swap_manager | INFO | [DSM] translator í¬ê¸°: 297.6MB (mgr_id=132815724688496)
2025-09-02 18:23:12 | dynamic_swap_manager | INFO |    ğŸ’¾ translatorì„ RAMì— ë“±ë¡ (location=RAM, size=297.6MB)
2025-09-02 18:23:12 | dynamic_swap_manager | INFO | [REGISTER HEAD] translator (297.6MB, ìš°ì„ ìˆœìœ„: high)
2025-09-02 18:23:12 | local_translator | INFO | âœ… Translatorë¥¼ DSMì— ë“±ë¡ (HIGH priority)
2025-09-02 18:23:12 | RedHeart.Config | INFO | ğŸ”¥ register_system_module í˜¸ì¶œ: module_id=translator, instance_type=<class 'local_translator.LocalTranslator'>, config_section=None
2025-09-02 18:23:12 | RedHeart.Config | INFO | ğŸ”¥ ëª¨ë“ˆ ì¸ìŠ¤í„´ìŠ¤ ë“±ë¡ (config_section ì—†ìŒ): translator -> <class 'local_translator.LocalTranslator'>
2025-09-02 18:23:12 | RedHeart.MainUnified | INFO |    âœ… ë²ˆì—­ê¸° ë¡œë“œ ë° ë“±ë¡ ì™„ë£Œ
2025-09-02 18:23:12 | RedHeart.MainUnified | INFO | ğŸ§  Neural Analyzers ë¶€ë¶„ ë¡œë“œ ì¤‘ (['emotion', 'bentham'])...
2025-09-02 18:23:12 | analyzer_neural_modules | INFO | NeuralEmotionAnalyzer ì´ˆê¸°í™”: 122,333,263 íŒŒë¼ë¯¸í„°
2025-09-02 18:23:13 | analyzer_neural_modules | INFO | NeuralBenthamCalculator ì´ˆê¸°í™”: 78,019,458 íŒŒë¼ë¯¸í„°
2025-09-02 18:23:14 | analyzer_neural_modules | INFO | NeuralRegretAnalyzer ì´ˆê¸°í™”: 153,610,522 íŒŒë¼ë¯¸í„°
2025-09-02 18:23:14 | analyzer_neural_modules | INFO | NeuralSURDAnalyzer ì´ˆê¸°í™”: 13,276,424 íŒŒë¼ë¯¸í„°
2025-09-02 18:23:14 | analyzer_neural_modules | INFO | ì „ì²´ ì‹ ê²½ë§ ë¶„ì„ê¸° íŒŒë¼ë¯¸í„°: 367,239,667 (367.2M)
2025-09-02 18:23:14 | RedHeart.MainUnified | INFO |    ë¶€ë¶„ ë¡œë“œ ì™„ë£Œ: ['emotion', 'bentham']
2025-09-02 18:23:14 | RedHeart.MainUnified | INFO |    ì²´í¬í¬ì¸íŠ¸ Neural Analyzers 896ì°¨ì› ê°€ì¤‘ì¹˜ ë³µì› ì¤‘...
2025-09-02 18:23:14 | RedHeart.MainUnified | INFO |    - emotion: 768â†’896 í”„ë¡œì ì…˜ ì–´ëŒ‘í„° ì¶”ê°€
2025-09-02 18:23:14 | RedHeart.MainUnified | INFO |    - bentham: 768â†’896 í”„ë¡œì ì…˜ ì–´ëŒ‘í„° ì¶”ê°€
2025-09-02 18:23:14 | RedHeart.MainUnified | INFO |    - regret: 768â†’896 í”„ë¡œì ì…˜ ì–´ëŒ‘í„° ì¶”ê°€
2025-09-02 18:23:14 | RedHeart.MainUnified | INFO |    - surd: 768â†’896 í”„ë¡œì ì…˜ ì–´ëŒ‘í„° ì¶”ê°€
2025-09-02 18:23:14 | RedHeart.MainUnified | INFO |    âœ… 896ì°¨ì› Neural Analyzers ë³µì› ì™„ë£Œ (í”„ë¡œì ì…˜ ì–´ëŒ‘í„° ì‚¬ìš©)
2025-09-02 18:23:14 | RedHeart.MainUnified | INFO |    - emotion: CPU ì´ˆê¸°í™” (ë™ì  ìŠ¤ì™‘ ëŒ€ê¸°)
2025-09-02 18:23:14 | RedHeart.MainUnified | INFO |    - emotion: 122.6M params
2025-09-02 18:23:14 | RedHeart.MainUnified | INFO |    - bentham: CPU ì´ˆê¸°í™” (ë™ì  ìŠ¤ì™‘ ëŒ€ê¸°)
2025-09-02 18:23:15 | RedHeart.MainUnified | INFO |    - bentham: 78.3M params
2025-09-02 18:23:15 | RedHeart.MainUnified | INFO |    - regret: CPU ì´ˆê¸°í™” (ë™ì  ìŠ¤ì™‘ ëŒ€ê¸°)
2025-09-02 18:23:16 | RedHeart.MainUnified | INFO |    - regret: 153.9M params
2025-09-02 18:23:16 | RedHeart.MainUnified | INFO |    - surd: CPU ì´ˆê¸°í™” (ë™ì  ìŠ¤ì™‘ ëŒ€ê¸°)
2025-09-02 18:23:16 | RedHeart.MainUnified | INFO |    - surd: 13.5M params
2025-09-02 18:23:16 | RedHeart.MainUnified | INFO |    âœ… Neural Analyzers ë¡œë“œ ì™„ë£Œ
2025-09-02 18:23:16 | RedHeart.MainUnified | INFO | ğŸ¯ Advanced Analyzer Wrappers ë¶€ë¶„ ë¡œë“œ ì¤‘ (['emotion', 'bentham'])...
2025-09-02 18:23:16 | RedHeart.MainUnified | INFO |    ğŸ“Œ MEDIUM ëª¨ë“œ: Advanced Wrappers CPU ì´ˆê¸°í™” ì„¤ì •
2025-09-02 18:23:18 | RedHeart.Config | INFO | GPU ì§ì ‘ ì‚¬ìš©: None (ì‚¬ìš©ë¥ : 82.8%, í•„ìš”: 500MB)
2025-09-02 18:23:18 | RedHeartLinux.AdvancedEmotion | INFO | ê°ì • ì„ë² ë”© ëª¨ë¸ ì´ˆê¸°í™” ì‹œì‘...
2025-09-02 18:23:18 | sentence_transformer_singleton | INFO | ìƒˆ í´ë¼ì´ì–¸íŠ¸ ìƒì„± ì‹œì‘: sentence-transformers/paraphrase-multilingual-mpnet-base-v2_cuda
2025-09-02 18:23:18 | sentence_transformer_client | INFO | í˜„ì¬ Pythonì´ venv í™˜ê²½: /mnt/c/large_project/linux_red_heart/red_heart_env/bin/python3
2025-09-02 18:23:18 | sentence_transformer_client | INFO | SentenceTransformer Client ì´ˆê¸°í™”: /mnt/c/large_project/linux_red_heart/sentence_transformer_server.py
2025-09-02 18:23:18 | sentence_transformer_client | INFO | Python ì‹¤í–‰íŒŒì¼: /mnt/c/large_project/linux_red_heart/red_heart_env/bin/python3
2025-09-02 18:23:18 | sentence_transformer_singleton | INFO | ì„œë²„ ì‹œì‘ ë° ëª¨ë¸ ë¡œë”©: sentence-transformers/paraphrase-multilingual-mpnet-base-v2 (device: cuda)
2025-09-02 18:23:18 | sentence_transformer_client | INFO | SentenceTransformer ì„œë²„ ì‹œì‘: /mnt/c/large_project/linux_red_heart/sentence_transformer_server.py
2025-09-02 18:23:18 | sentence_transformer_client | INFO | PYTHONPATH: /mnt/c/large_project/linux_red_heart/red_heart_env/lib/python3.12/site-packages:/mnt/c/large_project/linux_red_heart
2025-09-02 18:23:18 | sentence_transformer_client | INFO | VIRTUAL_ENV: /mnt/c/large_project/linux_red_heart/red_heart_env
2025-09-02 18:23:18 | sentence_transformer_client | INFO | stderr ë“œë ˆì¸ ìŠ¤ë ˆë“œ ì‹œì‘
2025-09-02 18:23:18 | sentence_transformer_client | INFO | stderr ë“œë ˆì¸ ìŠ¤ë ˆë“œ ìƒì„± ì™„ë£Œ
2025-09-02 18:23:28 | sentence_transformer_client | INFO | ì„œë²„ ì—°ê²° ì„±ê³µ
2025-09-02 18:23:28 | sentence_transformer_client | INFO | ëª¨ë¸ ë¡œë”© ìš”ì²­: sentence-transformers/paraphrase-multilingual-mpnet-base-v2 (device: cuda)
2025-09-02 18:24:47 | sentence_transformer_client | INFO | ëª¨ë¸ ë¡œë”© ì„±ê³µ: sentence-transformers/paraphrase-multilingual-mpnet-base-v2
2025-09-02 18:24:47 | sentence_transformer_singleton | INFO | í´ë¼ì´ì–¸íŠ¸ ìƒì„± ë° ëª¨ë¸ ë¡œë”© ì„±ê³µ: sentence-transformers/paraphrase-multilingual-mpnet-base-v2_cuda
2025-09-02 18:24:47 | sentence_transformer_singleton | INFO | ìƒˆ í´ë¼ì´ì–¸íŠ¸ ìƒì„± ì‹œì‘: jhgan/ko-sroberta-multitask_cuda
2025-09-02 18:24:47 | sentence_transformer_client | INFO | í˜„ì¬ Pythonì´ venv í™˜ê²½: /mnt/c/large_project/linux_red_heart/red_heart_env/bin/python3
2025-09-02 18:24:47 | sentence_transformer_client | INFO | SentenceTransformer Client ì´ˆê¸°í™”: /mnt/c/large_project/linux_red_heart/sentence_transformer_server.py
2025-09-02 18:24:47 | sentence_transformer_client | INFO | Python ì‹¤í–‰íŒŒì¼: /mnt/c/large_project/linux_red_heart/red_heart_env/bin/python3
2025-09-02 18:24:47 | sentence_transformer_singleton | INFO | ì„œë²„ ì‹œì‘ ë° ëª¨ë¸ ë¡œë”©: jhgan/ko-sroberta-multitask (device: cuda)
2025-09-02 18:24:47 | sentence_transformer_client | INFO | SentenceTransformer ì„œë²„ ì‹œì‘: /mnt/c/large_project/linux_red_heart/sentence_transformer_server.py
2025-09-02 18:24:47 | sentence_transformer_client | INFO | PYTHONPATH: /mnt/c/large_project/linux_red_heart/red_heart_env/lib/python3.12/site-packages:/mnt/c/large_project/linux_red_heart
2025-09-02 18:24:47 | sentence_transformer_client | INFO | VIRTUAL_ENV: /mnt/c/large_project/linux_red_heart/red_heart_env
2025-09-02 18:24:47 | sentence_transformer_client | INFO | stderr ë“œë ˆì¸ ìŠ¤ë ˆë“œ ì‹œì‘
2025-09-02 18:24:47 | sentence_transformer_client | INFO | stderr ë“œë ˆì¸ ìŠ¤ë ˆë“œ ìƒì„± ì™„ë£Œ
2025-09-02 18:24:58 | sentence_transformer_client | INFO | ì„œë²„ ì—°ê²° ì„±ê³µ
2025-09-02 18:24:58 | sentence_transformer_client | INFO | ëª¨ë¸ ë¡œë”© ìš”ì²­: jhgan/ko-sroberta-multitask (device: cuda)
2025-09-02 18:26:13 | sentence_transformer_client | INFO | ëª¨ë¸ ë¡œë”© ì„±ê³µ: jhgan/ko-sroberta-multitask
2025-09-02 18:26:13 | sentence_transformer_singleton | INFO | í´ë¼ì´ì–¸íŠ¸ ìƒì„± ë° ëª¨ë¸ ë¡œë”© ì„±ê³µ: jhgan/ko-sroberta-multitask_cuda
2025-09-02 18:26:13 | RedHeartLinux.AdvancedEmotion | INFO | ì„ë² ë”© ëª¨ë¸ ë¡œë“œ ì™„ë£Œ (ì‹±ê¸€í†¤): sentence-transformers/paraphrase-multilingual-mpnet-base-v2, jhgan/ko-sroberta-multitask
2025-09-02 18:26:13 | RedHeartLinux.AdvancedEmotion | INFO | ì„ë² ë”© ëª¨ë¸ ì´ˆê¸°í™” ì™„ë£Œ: 2 ëª¨ë¸ ë¡œë“œë¨
2025-09-02 18:26:13 | RedHeart.Config | INFO | ğŸ” get_system_module í˜¸ì¶œ: module_id=translator
2025-09-02 18:26:13 | RedHeart.Config | INFO | ğŸ” í˜„ì¬ ë“±ë¡ëœ ëª¨ë“ˆë“¤: ['translator']
2025-09-02 18:26:13 | RedHeart.Config | INFO | ğŸ” ê²°ê³¼: <class 'local_translator.LocalTranslator'>
2025-09-02 18:26:13 | RedHeartLinux.AdvancedEmotion | INFO | âœ… ê°ì • ë¶„ì„ê¸° ê°•í™” ëª¨ë“ˆ í†µí•©: 56.4M íŒŒë¼ë¯¸í„° ì¶”ê°€
2025-09-02 18:26:13 | RedHeartLinux.AdvancedEmotion | INFO | ê°ì • ë¶„ì„ìš© MoE ì‹œìŠ¤í…œ ì´ˆê¸°í™” ì™„ë£Œ (4ê°œ ì „ë¬¸ê°€)
2025-09-02 18:26:13 | RedHeartLinux.AdvancedEmotion | INFO |   - emotion_moe íƒ€ì…: <class 'mixture_of_experts.MixtureOfExperts'>
2025-09-02 18:26:13 | RedHeartLinux.AdvancedEmotion | INFO |   - emotion_moe None ì—¬ë¶€: False
2025-09-02 18:26:13 | emotion_dsp_simulator | INFO | EmotionDSPSimulator ì´ˆê¸°í™” ì™„ë£Œ (~14M íŒŒë¼ë¯¸í„°)
2025-09-02 18:26:13 | RedHeartLinux.AdvancedEmotion | INFO |   - ì¹¼ë§Œ í•„í„° ì°¨ì›: 17ê°œ ê°ì •
2025-09-02 18:26:13 | RedHeartLinux.AdvancedEmotion | INFO | âœ… DSP ì‹œë®¬ë ˆì´í„°ì™€ ì¹¼ë§Œ í•„í„° ì´ˆê¸°í™” ì™„ë£Œ
2025-09-02 18:26:13 | RedHeartLinux.AdvancedEmotion | INFO |   - DSP ì‹œë®¬ë ˆì´í„°: 20M íŒŒë¼ë¯¸í„°
2025-09-02 18:26:13 | RedHeartLinux.AdvancedEmotion | INFO |   - ì¹¼ë§Œ í•„í„°: ìœµí•©ìš©
2025-09-02 18:26:13 | RedHeartLinux.AdvancedEmotion | INFO | ê³„ì¸µì  ê°ì • ëª¨ë¸ ì´ˆê¸°í™” ì™„ë£Œ
2025-09-02 18:26:13 | RedHeart.AdvancedLLM | INFO | ğŸ“‹ HelpingAI ì„¤ì •: RAM ì‹œì‘=ì˜ˆ
2025-09-02 18:26:13 | RedHeart.AdvancedLLM | INFO | ëª¨ë¸ ì„¤ì • ì¤€ë¹„ ì™„ë£Œ: ['helpingai']
2025-09-02 18:26:13 | RedHeart.AdvancedLLM | INFO | ë™ì  GPU-RAM ìŠ¤ì™‘ ì‹œìŠ¤í…œ ì´ˆê¸°í™” ì™„ë£Œ
2025-09-02 18:26:13 | RedHeartLinux.AdvancedEmotion | INFO | LLM ì—”ì§„ ì—°ê²° ì™„ë£Œ
2025-09-02 18:26:13 | RedHeartLinux.AdvancedEmotion | INFO | ê³ ê¸‰ ê°ì • ë¶„ì„ ì‹œìŠ¤í…œì´ ì´ˆê¸°í™”ë˜ì—ˆìŠµë‹ˆë‹¤.
2025-09-02 18:26:13 | RedHeartLinux.AdvancedEmotion | INFO | ğŸ” hierarchical_modelì´ ì´ë¯¸ ì¡´ì¬í•¨
2025-09-02 18:26:13 | advanced_analyzer_wrappers | INFO |   - biometric_processor ë“±ë¡ (10M)
2025-09-02 18:26:13 | advanced_analyzer_wrappers | INFO |   - multimodal_fusion ë“±ë¡ (10M)
2025-09-02 18:26:13 | advanced_analyzer_wrappers | INFO |   - temporal_emotion ë“±ë¡ (10M)
2025-09-02 18:26:13 | advanced_analyzer_wrappers | INFO |   - cultural_nuance ë“±ë¡ (13M)
2025-09-02 18:26:13 | advanced_analyzer_wrappers | INFO |   - advanced_moe ë“±ë¡ (5M)
2025-09-02 18:26:13 | advanced_analyzer_wrappers | INFO |   - emotion_moe ë“±ë¡
2025-09-02 18:26:13 | advanced_analyzer_wrappers | INFO | âœ… Advanced Emotion Analyzer Wrapper ì´ˆê¸°í™” (48M íŒŒë¼ë¯¸í„°)
2025-09-02 18:26:14 | dynamic_gpu_manager | INFO | Dynamic GPU Manager initialized - Total GPU Memory: 8.0GB
2025-09-02 18:26:14 | advanced_regret_analyzer | INFO | âœ… í›„íšŒ ë¶„ì„ê¸° ê°•í™” ëª¨ë“ˆ í†µí•©: 42.9M íŒŒë¼ë¯¸í„° ì¶”ê°€
2025-09-02 18:26:14 | advanced_regret_analyzer | INFO | í›„íšŒ ë¶„ì„ìš© MoE ì‹œìŠ¤í…œ ì´ˆê¸°í™” ì™„ë£Œ (3ê°œ ì „ë¬¸ê°€)
2025-09-02 18:26:14 | dynamic_gpu_manager | INFO | Dynamic GPU Manager initialized - Total GPU Memory: 8.0GB
2025-09-02 18:26:14 | RedHeart.ThreeViewScenarioSystem | INFO | 3ë·° ì‹œë‚˜ë¦¬ì˜¤ ì‹œìŠ¤í…œ GPU ë©”ëª¨ë¦¬ ê´€ë¦¬ í™œì„±í™”
2025-09-02 18:26:14 | RedHeart.ThreeViewScenarioSystem | INFO | 3ë·° ì‹œë‚˜ë¦¬ì˜¤ ì‹œìŠ¤í…œ ì´ˆê¸°í™” ì™„ë£Œ (ì˜¨ë””ë§¨ë“œ ë¡œë”© ë°©ì‹)
2025-09-02 18:26:14 | advanced_regret_analyzer | INFO | í›„íšŒ ë¶„ì„ê¸° 3ë·° ì‹œë‚˜ë¦¬ì˜¤ ì‹œìŠ¤í…œ ì´ˆê¸°í™” ì™„ë£Œ
2025-09-02 18:26:14 | dynamic_gpu_manager | INFO | Dynamic GPU Manager initialized - Total GPU Memory: 8.0GB
2025-09-02 18:26:14 | RedHeart.PhaseControllerHook | INFO | PhaseController Hook GPU ë©”ëª¨ë¦¬ ê´€ë¦¬ í™œì„±í™”
2025-09-02 18:26:14 | RedHeart.PhaseControllerHook | INFO | PhaseController Hook ì‹œìŠ¤í…œ ì´ˆê¸°í™” ì™„ë£Œ
2025-09-02 18:26:14 | RedHeart.PhaseControllerHook | INFO | ì„±ëŠ¥ ëª¨ë‹ˆí„°ë§ ì‹œì‘
2025-09-02 18:26:14 | advanced_regret_analyzer | INFO | í›„íšŒ ë¶„ì„ê¸° PhaseController Hook ì´ˆê¸°í™” ì™„ë£Œ
2025-09-02 18:26:14 | advanced_regret_analyzer | INFO | Advanced Regret Analyzer initialized on cuda
2025-09-02 18:26:14 | advanced_regret_analyzer | INFO | ë™ì  ì„ê³„ê°’ ì‹œìŠ¤í…œ í†µí•© ì™„ë£Œ
2025-09-02 18:26:14 | advanced_analyzer_wrappers | INFO |   - regret_network ë“±ë¡ (3M)
2025-09-02 18:26:14 | advanced_analyzer_wrappers | INFO |   - counterfactual_sim ë“±ë¡ (15M)
2025-09-02 18:26:14 | advanced_analyzer_wrappers | INFO |   - temporal_propagation ë“±ë¡ (12M)
2025-09-02 18:26:14 | advanced_analyzer_wrappers | INFO |   - decision_tree ë“±ë¡ (10M)
2025-09-02 18:26:14 | advanced_analyzer_wrappers | INFO |   - bayesian_inference ë“±ë¡ (10M)
2025-09-02 18:26:14 | advanced_analyzer_wrappers | INFO | âœ… Advanced Regret Analyzer Wrapper ì´ˆê¸°í™” (50M íŒŒë¼ë¯¸í„°)
2025-09-02 18:26:15 | RedHeart.Config | INFO | GPU í¬í™” ìƒíƒœ - ìŠ¤ì™‘ ì‹œë„: 88.4%
2025-09-02 18:26:15 | workflow_aware_memory_manager | INFO | âœ… HF ëª¨ë¸ ë˜í¼ì™€ ë©”ëª¨ë¦¬ ë§¤ë‹ˆì € í†µí•© ì™„ë£Œ
2025-09-02 18:26:15 | dynamic_swap_manager | INFO | RedHeartDynamicSwapManager ì´ˆê¸°í™” ì™„ë£Œ
2025-09-02 18:26:15 | RedHeart.Config | INFO | ë™ì  ìŠ¤ì™‘ ë§¤ë‹ˆì € ì—°ê²° ì„±ê³µ
2025-09-02 18:26:15 | RedHeart.Config | INFO | ì•ˆì „í•œ ìŠ¤ì™‘ ìŠ¤ì¼€ì¤„ëŸ¬ ì‹œì‘ë¨
2025-09-02 18:26:15 | RedHeart.Config | INFO | GPU ê³µê°„ ë¶€ì¡±: temp_model_1756805175 (ì‚¬ìš©ë¥ : 88.4%, ê°€ìš©: 937.5625MB, í•„ìš”: 1000MB)
2025-09-02 18:26:15 | dynamic_swap_manager | INFO | [ì§€ëŠ¥ì  GPU ê³µê°„ í™•ë³´] 1000MB í•„ìš”, ëª©í‘œ ì‚¬ìš©ë¥ : 85.0%
2025-09-02 18:26:15 | dynamic_swap_manager | INFO | [í˜„ì¬ GPU] ì—¬ìœ : 937.5625MB, ì‚¬ìš©ë¥ : 88.4%
2025-09-02 18:26:15 | dynamic_swap_manager | INFO | [í•´ì œ í•„ìš”] 318MB
2025-09-02 18:26:15 | dynamic_swap_manager | WARNING | [ì–¸ë¡œë“œ ë¶ˆê°€] ë” ì´ìƒ ì–¸ë¡œë“œí•  ìˆ˜ ìˆëŠ” ëª¨ë¸ì´ ì—†ìŠµë‹ˆë‹¤
2025-09-02 18:26:15 | dynamic_swap_manager | WARNING | [DSM] GPU ì‚¬ìš©ë¥  88.4%ë¡œ ëª©í‘œ 85.0% ë‹¬ì„± ì‹¤íŒ¨
2025-09-02 18:26:15 | RedHeart.Config | WARNING | ìŠ¤ì™‘ ê³µê°„ ë¶€ì¡±: temp_model_1756805175 (í•„ìš”: 1000MB, í™•ë³´: FalseMB)
2025-09-02 18:26:15 | RedHeart.Config | INFO | ì‘ì—… ì™„ë£Œ ê¸°ë°˜ ê³µê°„ í™•ë³´ ì‹¤íŒ¨, CPU ì‚¬ìš©: temp_model_1756805175
2025-09-02 18:26:15 | RedHeart.AdvancedSURDAnalyzer | INFO | âœ… SURD ë¶„ì„ê¸° ê°•í™” ëª¨ë“ˆ í†µí•©: 12.2M íŒŒë¼ë¯¸í„° ì¶”ê°€
2025-09-02 18:26:15 | RedHeart.AdvancedSURDAnalyzer | INFO | ìƒˆë¡œìš´ ê³ ê¸‰ SURD ëª¨ë¸ ì´ˆê¸°í™” ì™„ë£Œ
2025-09-02 18:26:15 | RedHeart.AdvancedSURDAnalyzer | INFO | LLM ì—”ì§„ ì—°ê²° ì™„ë£Œ
2025-09-02 18:26:15 | RedHeart.AdvancedSURDAnalyzer | INFO | ê³ ê¸‰ SURD ë¶„ì„ ì‹œìŠ¤í…œ ì´ˆê¸°í™” ì™„ë£Œ
2025-09-02 18:26:15 | advanced_analyzer_wrappers | INFO |   - deep_causal ë“±ë¡ (10M)
2025-09-02 18:26:15 | advanced_analyzer_wrappers | INFO |   - info_decomposition ë“±ë¡ (8M)
2025-09-02 18:26:15 | advanced_analyzer_wrappers | INFO |   - neural_causal_model ë“±ë¡ (5M)
2025-09-02 18:26:15 | advanced_analyzer_wrappers | INFO | âœ… Advanced SURD Analyzer Wrapper ì´ˆê¸°í™” (25M íŒŒë¼ë¯¸í„°)
2025-09-02 18:26:15 | RedHeart.AdvancedBenthamCalculator | INFO | âœ… ë²¤ë‹´ ê³„ì‚°ê¸° ê°•í™” ëª¨ë“ˆ í†µí•©: 72.8M íŒŒë¼ë¯¸í„° ì¶”ê°€
2025-09-02 18:26:15 | RedHeart.AdvancedBenthamCalculator | INFO | ë²¤ë‹´ ê³„ì‚°ê¸° ìœ¤ë¦¬ MoE ì‹œìŠ¤í…œ ì´ˆê¸°í™” ì™„ë£Œ (4ê°œ ì „ë¬¸ê°€, input_dim=512)
2025-09-02 18:26:15 | dynamic_gpu_manager | INFO | Dynamic GPU Manager initialized - Total GPU Memory: 8.0GB
2025-09-02 18:26:15 | RedHeart.ThreeViewScenarioSystem | INFO | 3ë·° ì‹œë‚˜ë¦¬ì˜¤ ì‹œìŠ¤í…œ GPU ë©”ëª¨ë¦¬ ê´€ë¦¬ í™œì„±í™”
2025-09-02 18:26:15 | RedHeart.ThreeViewScenarioSystem | INFO | 3ë·° ì‹œë‚˜ë¦¬ì˜¤ ì‹œìŠ¤í…œ ì´ˆê¸°í™” ì™„ë£Œ (ì˜¨ë””ë§¨ë“œ ë¡œë”© ë°©ì‹)
2025-09-02 18:26:15 | RedHeart.AdvancedBenthamCalculator | INFO | ë²¤ë‹´ ê³„ì‚°ê¸° 3ë·° ì‹œë‚˜ë¦¬ì˜¤ ì‹œìŠ¤í…œ ì´ˆê¸°í™” ì™„ë£Œ
2025-09-02 18:26:15 | RedHeart.AdvancedBenthamCalculator | CRITICAL | GPU ë©”ëª¨ë¦¬ ì‚¬ìš©ë¥  ìœ„í—˜ ìˆ˜ì¤€: 91.9%
2025-09-02 18:26:15 | RedHeart.AdvancedBenthamCalculator | CRITICAL | ê¸´ê¸‰ GPU ë©”ëª¨ë¦¬ ìµœì í™” ì‹œì‘
2025-09-02 18:26:15 | RedHeart.AdvancedBenthamCalculator | CRITICAL | ê¸´ê¸‰ GPU ë©”ëª¨ë¦¬ ìµœì í™” ì™„ë£Œ
2025-09-02 18:26:15 | RedHeart.AdvancedBenthamCalculator | INFO | ì‹ ê²½ë§ ê°€ì¤‘ì¹˜ ì˜ˆì¸¡ê¸° ë¡œë”© ì¤‘...
2025-09-02 18:26:15 | RedHeart.Config | INFO | GPU í¬í™” ìƒíƒœ - ìŠ¤ì™‘ ì‹œë„: 91.9%
2025-09-02 18:26:15 | RedHeart.Config | INFO | GPU ê³µê°„ ë¶€ì¡±: temp_model_1756805175 (ì‚¬ìš©ë¥ : 91.9%, ê°€ìš©: 649.5625MB, í•„ìš”: 600MB)
2025-09-02 18:26:15 | dynamic_swap_manager | INFO | [ì§€ëŠ¥ì  GPU ê³µê°„ í™•ë³´] 600MB í•„ìš”, ëª©í‘œ ì‚¬ìš©ë¥ : 85.0%
2025-09-02 18:26:15 | dynamic_swap_manager | INFO | [í˜„ì¬ GPU] ì—¬ìœ : 649.5625MB, ì‚¬ìš©ë¥ : 91.9%
2025-09-02 18:26:15 | dynamic_swap_manager | INFO | [í•´ì œ í•„ìš”] 564MB
2025-09-02 18:26:15 | dynamic_swap_manager | WARNING | [ì–¸ë¡œë“œ ë¶ˆê°€] ë” ì´ìƒ ì–¸ë¡œë“œí•  ìˆ˜ ìˆëŠ” ëª¨ë¸ì´ ì—†ìŠµë‹ˆë‹¤
2025-09-02 18:26:15 | dynamic_swap_manager | WARNING | [DSM] GPU ì‚¬ìš©ë¥  91.9%ë¡œ ëª©í‘œ 85.0% ë‹¬ì„± ì‹¤íŒ¨
2025-09-02 18:26:15 | RedHeart.Config | WARNING | ìŠ¤ì™‘ ê³µê°„ ë¶€ì¡±: temp_model_1756805175 (í•„ìš”: 600MB, í™•ë³´: FalseMB)
2025-09-02 18:26:15 | RedHeart.Config | INFO | ì‘ì—… ì™„ë£Œ ê¸°ë°˜ ê³µê°„ í™•ë³´ ì‹¤íŒ¨, CPU ì‚¬ìš©: temp_model_1756805175
2025-09-02 18:26:15 | RedHeart.AdvancedBenthamCalculator | INFO | ì‹ ê²½ë§ ê°€ì¤‘ì¹˜ ì˜ˆì¸¡ê¸° ë¡œë“œ: cpu (100MB)
2025-09-02 18:26:15 | RedHeart.AdvancedBenthamCalculator | INFO | ë©”ëª¨ë¦¬ ì‚¬ìš©ëŸ‰: RAM 3775MB, GPU 7528MB
2025-09-02 18:26:15 | dynamic_gpu_manager | INFO | Dynamic GPU Manager initialized - Total GPU Memory: 8.0GB
2025-09-02 18:26:15 | RedHeart.PhaseControllerHook | INFO | PhaseController Hook GPU ë©”ëª¨ë¦¬ ê´€ë¦¬ í™œì„±í™”
2025-09-02 18:26:15 | RedHeart.PhaseControllerHook | INFO | PhaseController Hook ì‹œìŠ¤í…œ ì´ˆê¸°í™” ì™„ë£Œ
2025-09-02 18:26:15 | RedHeart.PhaseControllerHook | INFO | ì„±ëŠ¥ ëª¨ë‹ˆí„°ë§ ì‹œì‘
2025-09-02 18:26:15 | RedHeart.AdvancedBenthamCalculator | INFO | ë²¤ë‹´ ê³„ì‚°ê¸° PhaseController Hook ì´ˆê¸°í™” ì™„ë£Œ
2025-09-02 18:26:15 | dynamic_gpu_manager | INFO | Dynamic GPU Manager initialized - Total GPU Memory: 8.0GB
2025-09-02 18:26:15 | RedHeart.LegalExpertSystem | INFO | ë²•ë¥  ì „ë¬¸ê°€ ì‹œìŠ¤í…œ GPU ë©”ëª¨ë¦¬ ê´€ë¦¬ í™œì„±í™”
2025-09-02 18:26:15 | RedHeart.LegalExpertSystem | INFO | ë²•ë¥  ì „ë¬¸ê°€ ì‹œìŠ¤í…œ ì´ˆê¸°í™” ì™„ë£Œ (ì˜¨ë””ë§¨ë“œ ë¡œë”© ë°©ì‹)
2025-09-02 18:26:15 | RedHeart.LegalExpertSystem | INFO | inference ëª¨ë“œ - ë²•ë¥  ì „ë¬¸ê°€ ì‹œìŠ¤í…œ í™œì„±í™”
2025-09-02 18:26:15 | RedHeart.AdvancedBenthamCalculator | INFO | ë²¤ë‹´ ê³„ì‚°ê¸° ë²•ë¥  ì „ë¬¸ê°€ ì‹œìŠ¤í…œ ì´ˆê¸°í™” ì™„ë£Œ
2025-09-02 18:26:15 | RedHeart.AdvancedBenthamCalculator | INFO | ê³ ê¸‰ ë²¤ë‹´ ì¾Œë½ ê³„ì‚°ê¸° ì´ˆê¸°í™” ì™„ë£Œ (ë ˆì´ì§€ ë¡œë”© í™œì„±í™”)
2025-09-02 18:26:15 | RedHeart.AdvancedBenthamCalculator | INFO | ğŸ”¨ ë²¤ë‹´ ê³„ì‚°ê¸° ê¸°ë³¸ PyTorch ë„¤íŠ¸ì›Œí¬ ìƒì„± ì¤‘...
2025-09-02 18:26:15 | RedHeart.AdvancedBenthamCalculator | INFO | âœ… ë²¤ë‹´ ê³„ì‚°ê¸° ê¸°ë³¸ ë„¤íŠ¸ì›Œí¬ ìƒì„± ì™„ë£Œ (device: cuda:0)
2025-09-02 18:26:15 | RedHeart.AdvancedBenthamCalculator | INFO |    - íŒŒë¼ë¯¸í„° ìˆ˜: 3,137
2025-09-02 18:26:15 | RedHeart.AdvancedBenthamCalculator | CRITICAL | GPU ë©”ëª¨ë¦¬ ì‚¬ìš©ë¥  ìœ„í—˜ ìˆ˜ì¤€: 91.9%
2025-09-02 18:26:15 | RedHeart.AdvancedBenthamCalculator | CRITICAL | ê¸´ê¸‰ GPU ë©”ëª¨ë¦¬ ìµœì í™” ì‹œì‘
2025-09-02 18:26:15 | RedHeart.AdvancedBenthamCalculator | CRITICAL | ê¸´ê¸‰ GPU ë©”ëª¨ë¦¬ ìµœì í™” ì™„ë£Œ
2025-09-02 18:26:15 | RedHeart.AdvancedBenthamCalculator | INFO | íŠ¸ëœìŠ¤í¬ë¨¸ ë§¥ë½ ë¶„ì„ê¸° ë¡œë”© ì¤‘...
2025-09-02 18:26:15 | RedHeart.AdvancedBenthamCalculator | INFO | ğŸ“Œ FORCE_CPU_INIT: CPU ëª¨ë“œ ê°•ì œ ì´ˆê¸°í™”
2025-09-02 18:26:15 | hf_model_wrapper | INFO | ğŸ”„ HF íŒŒì´í”„ë¼ì¸ ìƒì„± ì¤‘: text-classification (ëª¨ë¸: j-hartmann/emotion-english-distilroberta-base, ì†Œìœ ì: advanced_bentham_calculator)
2025-09-02 18:26:16 | hf_model_wrapper | INFO | ğŸ”„ HF ëª¨ë¸ ë¡œë”© ì¤‘: j-hartmann/emotion-english-distilroberta-base (ì†Œìœ ì: transformers.pipelines.base)
2025-09-02 18:26:16 | hf_model_wrapper | INFO | ğŸ“Š ëª¨ë¸ ë¡œë“œ ì „ ë©”ëª¨ë¦¬ ìš”ì²­: transformers.pipelines.base_emotion-english-distilroberta-base (1000.0MB)
2025-09-02 18:26:16 | workflow_aware_memory_manager | INFO | [GPU BLOCKING] transformers.pipelines.base_emotion-english-distilroberta-base: 1000.0MB ë™ê¸° ìš”ì²­ ì‹œì‘
2025-09-02 18:26:46 | workflow_aware_memory_manager | ERROR | [GPU BLOCKING] âŒ transformers.pipelines.base_emotion-english-distilroberta-base í• ë‹¹ ì‹¤íŒ¨: íƒ€ì„ì•„ì›ƒ (30.0ì´ˆ)
2025-09-02 18:26:46 | hf_model_wrapper | INFO | ğŸ”„ HF ëª¨ë¸ ë¡œë”© ì¤‘: j-hartmann/emotion-english-distilroberta-base (ì†Œìœ ì: transformers.pipelines.base)
2025-09-02 18:26:46 | hf_model_wrapper | INFO | ğŸ“Š ëª¨ë¸ ë¡œë“œ ì „ ë©”ëª¨ë¦¬ ìš”ì²­: transformers.pipelines.base_emotion-english-distilroberta-base (1000.0MB)
2025-09-02 18:26:46 | workflow_aware_memory_manager | INFO | [GPU BLOCKING] transformers.pipelines.base_emotion-english-distilroberta-base: 1000.0MB ë™ê¸° ìš”ì²­ ì‹œì‘
2025-09-02 18:27:16 | workflow_aware_memory_manager | ERROR | [GPU BLOCKING] âŒ transformers.pipelines.base_emotion-english-distilroberta-base í• ë‹¹ ì‹¤íŒ¨: íƒ€ì„ì•„ì›ƒ (30.0ì´ˆ)
Device set to use cpu
2025-09-02 18:27:16 | RedHeart.AdvancedBenthamCalculator | INFO | ğŸ“Œ FORCE_CPU_INIT: ê°ì • ë¶„ì„ ëª¨ë¸ CPU ì§ì ‘ ë¡œë“œ
2025-09-02 18:27:16 | RedHeart.AdvancedBenthamCalculator | INFO | âœ… ìœ¤ë¦¬ ë¶„ì„: ê°ì •â†’ìœ¤ë¦¬ ë§¤í•‘ ë°©ì‹ (ë³„ë„ ëª¨ë¸ ì—†ìŒ)
2025-09-02 18:27:16 | RedHeart.AdvancedBenthamCalculator | INFO | í•œêµ­ì–´ ê°ì • ë¶„ì„ì€ ë²ˆì—­ í›„ ì˜ì–´ ëª¨ë¸ ì‚¬ìš©
2025-09-02 18:27:16 | hf_model_wrapper | INFO | ğŸ”„ HF ëª¨ë¸ ë¡œë”© ì¤‘: sentence-transformers/all-MiniLM-L6-v2 (ì†Œìœ ì: advanced_bentham_calculator)
2025-09-02 18:27:16 | hf_model_wrapper | INFO | ğŸ“Š ëª¨ë¸ ë¡œë“œ ì „ ë©”ëª¨ë¦¬ ìš”ì²­: advanced_bentham_calculator_all-MiniLM-L6-v2 (800.0MB)
2025-09-02 18:27:16 | workflow_aware_memory_manager | INFO | [GPU BLOCKING] advanced_bentham_calculator_all-MiniLM-L6-v2: 800.0MB ë™ê¸° ìš”ì²­ ì‹œì‘
2025-09-02 18:27:46 | workflow_aware_memory_manager | ERROR | [GPU BLOCKING] âŒ advanced_bentham_calculator_all-MiniLM-L6-v2 í• ë‹¹ ì‹¤íŒ¨: íƒ€ì„ì•„ì›ƒ (30.0ì´ˆ)
2025-09-02 18:27:46 | advanced_analyzer_wrappers | ERROR | Advanced Bentham Wrapper ìƒì„± ì‹¤íŒ¨: [GPU] ë©”ëª¨ë¦¬ í™•ë³´ ì‹¤íŒ¨: advanced_bentham_calculator_all-MiniLM-L6-v2 (required=False)
2025-09-02 18:27:46 | RedHeart.MainUnified | ERROR |    âŒ Advanced Wrappers ë¡œë“œ ì‹¤íŒ¨: í•„ìˆ˜ Wrapper ìƒì„± ì‹¤íŒ¨ - advanced_bentham: [GPU] ë©”ëª¨ë¦¬ í™•ë³´ ì‹¤íŒ¨: advanced_bentham_calculator_all-MiniLM-L6-v2 (required=False)
2025-09-02 18:27:46 | RedHeart.MainUnified | ERROR | âŒ ì´ˆê¸°í™” ì‹¤íŒ¨: Advanced Wrappers ë¡œë“œ í•„ìˆ˜ - ì‹¤íŒ¨: í•„ìˆ˜ Wrapper ìƒì„± ì‹¤íŒ¨ - advanced_bentham: [GPU] ë©”ëª¨ë¦¬ í™•ë³´ ì‹¤íŒ¨: advanced_bentham_calculator_all-MiniLM-L6-v2 (required=False)
ğŸ”§ klue/bert-base ëª¨ë¸: ì•ˆì •ì„± ë³´ì¥ì„ ìœ„í•œ 15.0% í• ë‹¹
ğŸ“‹ Transformer ëª¨ë¸: ìµœì í™”ëœ ë°°ì¹˜ ì²˜ë¦¬ ë°©ì‹ í™œì„±í™”
Traceback (most recent call last):
  File "/mnt/c/large_project/linux_red_heart/advanced_analyzer_wrappers.py", line 359, in create_advanced_analyzer_wrappers
    wrappers['advanced_bentham'] = AdvancedBenthamCalculatorWrapper()
                                   ^^^^^^^^^^^^^^^^^^^^^^^^^^^^^^^^^^
  File "/mnt/c/large_project/linux_red_heart/advanced_analyzer_wrappers.py", line 268, in __init__
    self._register_internal_modules()
  File "/mnt/c/large_project/linux_red_heart/advanced_analyzer_wrappers.py", line 279, in _register_internal_modules
    attr = getattr(self.analyzer, attr_name, None)
           ^^^^^^^^^^^^^^^^^^^^^^^^^^^^^^^^^^^^^^^
  File "/mnt/c/large_project/linux_red_heart/advanced_bentham_calculator.py", line 1354, in context_analyzer
    self._context_analyzer = TransformerContextAnalyzer()
                             ^^^^^^^^^^^^^^^^^^^^^^^^^^^^
  File "/mnt/c/large_project/linux_red_heart/advanced_bentham_calculator.py", line 185, in __init__
    self.context_model = AutoModel.from_pretrained(
                         ^^^^^^^^^^^^^^^^^^^^^^^^^^
  File "/mnt/c/large_project/linux_red_heart/hf_model_wrapper.py", line 486, in patched_from_pretrained
    return _hf_wrapper.wrapped_from_pretrained(cls, *args, owner=owner, **kwargs)
           ^^^^^^^^^^^^^^^^^^^^^^^^^^^^^^^^^^^^^^^^^^^^^^^^^^^^^^^^^^^^^^^^^^^^^^
  File "/mnt/c/large_project/linux_red_heart/hf_model_wrapper.py", line 249, in wrapped_from_pretrained
    raise RuntimeError(f"[GPU] ë©”ëª¨ë¦¬ í™•ë³´ ì‹¤íŒ¨: {model_id} (required={is_required})")
RuntimeError: [GPU] ë©”ëª¨ë¦¬ í™•ë³´ ì‹¤íŒ¨: advanced_bentham_calculator_all-MiniLM-L6-v2 (required=False)

During handling of the above exception, another exception occurred:

Traceback (most recent call last):
  File "/mnt/c/large_project/linux_red_heart/main_unified.py", line 632, in _load_advanced_wrappers
    all_wrappers = create_advanced_analyzer_wrappers()
                   ^^^^^^^^^^^^^^^^^^^^^^^^^^^^^^^^^^^
  File "/mnt/c/large_project/linux_red_heart/advanced_analyzer_wrappers.py", line 362, in create_advanced_analyzer_wrappers
    raise RuntimeError(f"í•„ìˆ˜ Wrapper ìƒì„± ì‹¤íŒ¨ - advanced_bentham: {e}")
RuntimeError: í•„ìˆ˜ Wrapper ìƒì„± ì‹¤íŒ¨ - advanced_bentham: [GPU] ë©”ëª¨ë¦¬ í™•ë³´ ì‹¤íŒ¨: advanced_bentham_calculator_all-MiniLM-L6-v2 (required=False)

During handling of the above exception, another exception occurred:

Traceback (most recent call last):
  File "/mnt/c/large_project/linux_red_heart/main_unified.py", line 2607, in <module>
    asyncio.run(main())
  File "/usr/lib/python3.12/asyncio/runners.py", line 194, in run
    return runner.run(main)
           ^^^^^^^^^^^^^^^^
  File "/usr/lib/python3.12/asyncio/runners.py", line 118, in run
    return self._loop.run_until_complete(task)
           ^^^^^^^^^^^^^^^^^^^^^^^^^^^^^^^^^^^
  File "/usr/lib/python3.12/asyncio/base_events.py", line 687, in run_until_complete
    return future.result()
           ^^^^^^^^^^^^^^^
  File "/mnt/c/large_project/linux_red_heart/main_unified.py", line 2533, in main
    await system.initialize()
  File "/mnt/c/large_project/linux_red_heart/main_unified.py", line 391, in initialize
    await self._load_advanced_wrappers()
  File "/mnt/c/large_project/linux_red_heart/main_unified.py", line 684, in _load_advanced_wrappers
    raise RuntimeError(f"Advanced Wrappers ë¡œë“œ í•„ìˆ˜ - ì‹¤íŒ¨: {e}")
RuntimeError: Advanced Wrappers ë¡œë“œ í•„ìˆ˜ - ì‹¤íŒ¨: í•„ìˆ˜ Wrapper ìƒì„± ì‹¤íŒ¨ - advanced_bentham: [GPU] ë©”ëª¨ë¦¬ í™•ë³´ ì‹¤íŒ¨: advanced_bentham_calculator_all-MiniLM-L6-v2 (required=False)
