2025-09-02 18:45:45 | RedHeart.MainUnified | INFO | 🖥️ 사용 디바이스: cuda
2025-09-02 18:45:45 | RedHeart.MainUnified | INFO |    GPU: NVIDIA GeForce RTX 2070 SUPER
2025-09-02 18:45:45 | RedHeart.MainUnified | INFO |    VRAM: 8.0GB
2025-09-02 18:45:45 | RedHeart.MainUnified | INFO | ✨ Red Heart AI 통합 추론 시스템 초기화
2025-09-02 18:45:45 | RedHeart.MainUnified | INFO | ======================================================================
2025-09-02 18:45:45 | RedHeart.MainUnified | INFO | 🚀 시스템 초기화 시작...
2025-09-02 18:45:45 | RedHeart.MainUnified | INFO | ======================================================================
2025-09-02 18:45:45 | RedHeart.MainUnified | INFO | 📦 지정된 메모리 모드: medium
2025-09-02 18:45:45 | RedHeart.MainUnified | INFO | 📦 UnifiedModel 로드 중...
2025-09-02 18:45:49 | sentence_transformer_singleton | INFO | SentenceTransformerManager 초기화 완료 (Subprocess Server 기반)
2025-09-02 18:45:49 | training.enhanced_checkpoint_manager | INFO |   - 기존 메타데이터 로드: 30개 체크포인트
2025-09-02 18:45:49 | training.enhanced_checkpoint_manager | INFO | ✅ Enhanced CheckpointManager 초기화
2025-09-02 18:45:49 | training.enhanced_checkpoint_manager | INFO |   - 저장 디렉토리: training/checkpoints_final
2025-09-02 18:45:49 | training.enhanced_checkpoint_manager | INFO |   - 최대 체크포인트: 30개
2025-09-02 18:45:49 | training.enhanced_checkpoint_manager | INFO |   - 저장 간격: 1 에폭마다
2025-09-02 18:45:50 | unified_backbone | INFO | 백본 총 파라미터: 90,624,132 (90.62M)
2025-09-02 18:45:50 | unified_backbone | INFO | 학습 가능 파라미터: 90,624,132 (90.62M)
2025-09-02 18:45:50 | unified_heads | INFO | 감정 헤드 파라미터: 17,254,583 (17.25M)
2025-09-02 18:45:50 | unified_heads | INFO | 벤담 헤드 파라미터: 13,871,919 (13.87M)
2025-09-02 18:45:50 | unified_heads | INFO | 후회 헤드 파라미터: 19,897,161 (19.90M)
2025-09-02 18:45:50 | unified_heads | INFO | SURD 헤드 파라미터: 12,025,739 (12.03M)
2025-09-02 18:45:51 | analyzer_neural_modules | INFO | NeuralEmotionAnalyzer 초기화: 122,595,407 파라미터
2025-09-02 18:45:52 | analyzer_neural_modules | INFO | NeuralBenthamCalculator 초기화: 78,281,602 파라미터
2025-09-02 18:45:53 | analyzer_neural_modules | INFO | NeuralRegretAnalyzer 초기화: 153,872,666 파라미터
2025-09-02 18:45:53 | analyzer_neural_modules | INFO | NeuralSURDAnalyzer 초기화: 13,473,032 파라미터
2025-09-02 18:45:53 | analyzer_neural_modules | INFO | 전체 신경망 분석기 파라미터: 368,222,707 (368.2M)
2025-09-02 18:45:53 | emotion_dsp_simulator | INFO | EmotionDSPSimulator 초기화 완료 (~14M 파라미터)
2025-09-02 18:45:53 | RedHeart.MainUnified | INFO |    에폭 50 체크포인트 자동 검색: checkpoint_epoch_0050_lr_0.000009_20250827_154403.pt
2025-09-02 18:45:53 | RedHeart.MainUnified | INFO |    체크포인트 로드: checkpoint_epoch_0050_lr_0.000009_20250827_154403.pt
2025-09-02 18:46:21 | RedHeart.MainUnified | INFO |    ✅ 모델 가중치 로드 완료
2025-09-02 18:46:21 | RedHeart.MainUnified | INFO |    - Epoch: 50
2025-09-02 18:46:21 | RedHeart.MainUnified | INFO |    - Loss: unknown
2025-09-02 18:46:22 | RedHeart.MainUnified | INFO |    📊 총 파라미터: 532.4M
2025-09-02 18:46:22 | RedHeart.MainUnified | INFO |    📊 학습가능 파라미터: 532.4M
2025-09-02 18:46:22 | RedHeart.MainUnified | INFO | 🌐 번역기 로드 중...
2025-09-02 18:46:22 | local_translator | INFO | LocalTranslator 생성 - 전역 모듈로 초기화됨
2025-09-02 18:46:22 | local_translator | INFO | 🔄 OPUS-MT 모델 로드 중: Helsinki-NLP/opus-mt-ko-en
2025-09-02 18:47:10 | hf_model_wrapper | INFO | ✅ HF 모델 자동 등록 활성화됨 (모델, 토크나이저, 프로세서 포함)
2025-09-02 18:47:11 | hf_model_wrapper | INFO | 🔄 HF 모델 로딩 중: Helsinki-NLP/opus-mt-ko-en (소유자: translator)
2025-09-02 18:47:12 | local_translator | ERROR | ❌ OPUS-MT 모델 로드 실패: name 'force_cpu_init' is not defined
2025-09-02 18:47:12 | RedHeart.MainUnified | ERROR |    ❌ 번역기 로드 실패: 로컬 번역기 초기화 실패: name 'force_cpu_init' is not defined
2025-09-02 18:47:12 | RedHeart.MainUnified | ERROR | ❌ 초기화 실패: 번역기 로드 필수 - 실패: 로컬 번역기 초기화 실패: name 'force_cpu_init' is not defined
Traceback (most recent call last):
  File "/mnt/c/large_project/linux_red_heart/local_translator.py", line 70, in _initialize_model
    self.model = hf_wrapper.wrapped_from_pretrained(
                 ^^^^^^^^^^^^^^^^^^^^^^^^^^^^^^^^^^^
  File "/mnt/c/large_project/linux_red_heart/hf_model_wrapper.py", line 278, in wrapped_from_pretrained
    self._register_model(model_id, model, owner, device)
  File "/mnt/c/large_project/linux_red_heart/hf_model_wrapper.py", line 153, in _register_model
    'force_cpu_init': force_cpu_init  # FORCE_CPU_INIT 모드 추적
                      ^^^^^^^^^^^^^^
NameError: name 'force_cpu_init' is not defined

During handling of the above exception, another exception occurred:

Traceback (most recent call last):
  File "/mnt/c/large_project/linux_red_heart/main_unified.py", line 840, in _load_translator
    self.translator = LocalTranslator()
                      ^^^^^^^^^^^^^^^^^
  File "/mnt/c/large_project/linux_red_heart/local_translator.py", line 42, in __init__
    self._initialize_model()
  File "/mnt/c/large_project/linux_red_heart/local_translator.py", line 129, in _initialize_model
    raise RuntimeError(f"로컬 번역기 초기화 실패: {e}")
RuntimeError: 로컬 번역기 초기화 실패: name 'force_cpu_init' is not defined

During handling of the above exception, another exception occurred:

Traceback (most recent call last):
  File "/mnt/c/large_project/linux_red_heart/main_unified.py", line 2607, in <module>
    asyncio.run(main())
  File "/usr/lib/python3.12/asyncio/runners.py", line 194, in run
    return runner.run(main)
           ^^^^^^^^^^^^^^^^
  File "/usr/lib/python3.12/asyncio/runners.py", line 118, in run
    return self._loop.run_until_complete(task)
           ^^^^^^^^^^^^^^^^^^^^^^^^^^^^^^^^^^^
  File "/usr/lib/python3.12/asyncio/base_events.py", line 687, in run_until_complete
    return future.result()
           ^^^^^^^^^^^^^^^
  File "/mnt/c/large_project/linux_red_heart/main_unified.py", line 2533, in main
    await system.initialize()
  File "/mnt/c/large_project/linux_red_heart/main_unified.py", line 383, in initialize
    await self._load_translator()
  File "/mnt/c/large_project/linux_red_heart/main_unified.py", line 853, in _load_translator
    raise RuntimeError(f"번역기 로드 필수 - 실패: {e}")
RuntimeError: 번역기 로드 필수 - 실패: 로컬 번역기 초기화 실패: name 'force_cpu_init' is not defined
