2025-09-05 11:14:56 | RedHeart.MainUnified | INFO | ğŸ–¥ï¸ ì‚¬ìš© ë””ë°”ì´ìŠ¤: cuda
2025-09-05 11:14:56 | RedHeart.MainUnified | INFO |    GPU: NVIDIA GeForce RTX 2070 SUPER
2025-09-05 11:14:56 | RedHeart.MainUnified | INFO |    VRAM: 8.0GB
2025-09-05 11:14:56 | RedHeart.MainUnified | INFO | âœ¨ Red Heart AI í†µí•© ì¶”ë¡  ì‹œìŠ¤í…œ ì´ˆê¸°í™”
2025-09-05 11:14:56 | RedHeart.MainUnified | INFO | ======================================================================
2025-09-05 11:14:56 | RedHeart.MainUnified | INFO | ğŸš€ ì‹œìŠ¤í…œ ì´ˆê¸°í™” ì‹œì‘...
2025-09-05 11:14:56 | RedHeart.MainUnified | INFO | ======================================================================
2025-09-05 11:14:56 | RedHeart.MainUnified | INFO | ğŸ“¦ ì§€ì •ëœ ë©”ëª¨ë¦¬ ëª¨ë“œ: medium
2025-09-05 11:14:56 | RedHeart.MainUnified | INFO | ğŸ”„ Dynamic Swap Manager ì´ˆê¸° ì´ˆê¸°í™”...
2025-09-05 11:15:47 | workflow_aware_memory_manager | INFO | âœ… HF ëª¨ë¸ ë˜í¼ì™€ ë©”ëª¨ë¦¬ ë§¤ë‹ˆì € í†µí•© ì™„ë£Œ
2025-09-05 11:15:47 | dynamic_swap_manager | INFO | RedHeartDynamicSwapManager ì´ˆê¸°í™” ì™„ë£Œ
2025-09-05 11:15:47 | dynamic_swap_manager | INFO | [DSM] Global swap manager set -> id=133258271898176
2025-09-05 11:15:47 | RedHeart.MainUnified | INFO |    âœ… DSM ì´ˆê¸°í™” ì™„ë£Œ (ID: 133258271898176)
2025-09-05 11:15:47 | RedHeart.MainUnified | INFO | ğŸ“¦ UnifiedModel ë¡œë“œ ì¤‘...
2025-09-05 11:15:48 | sentence_transformer_singleton | INFO | SentenceTransformerManager ì´ˆê¸°í™” ì™„ë£Œ (Subprocess Server ê¸°ë°˜)
2025-09-05 11:15:48 | training.enhanced_checkpoint_manager | INFO |   - ê¸°ì¡´ ë©”íƒ€ë°ì´í„° ë¡œë“œ: 30ê°œ ì²´í¬í¬ì¸íŠ¸
2025-09-05 11:15:48 | training.enhanced_checkpoint_manager | INFO | âœ… Enhanced CheckpointManager ì´ˆê¸°í™”
2025-09-05 11:15:48 | training.enhanced_checkpoint_manager | INFO |   - ì €ì¥ ë””ë ‰í† ë¦¬: training/checkpoints_final
2025-09-05 11:15:48 | training.enhanced_checkpoint_manager | INFO |   - ìµœëŒ€ ì²´í¬í¬ì¸íŠ¸: 30ê°œ
2025-09-05 11:15:48 | training.enhanced_checkpoint_manager | INFO |   - ì €ì¥ ê°„ê²©: 1 ì—í­ë§ˆë‹¤
2025-09-05 11:15:48 | unified_backbone | INFO | ë°±ë³¸ ì´ íŒŒë¼ë¯¸í„°: 90,624,132 (90.62M)
2025-09-05 11:15:48 | unified_backbone | INFO | í•™ìŠµ ê°€ëŠ¥ íŒŒë¼ë¯¸í„°: 90,624,132 (90.62M)
2025-09-05 11:15:48 | unified_heads | INFO | ê°ì • í—¤ë“œ íŒŒë¼ë¯¸í„°: 17,254,583 (17.25M)
2025-09-05 11:15:48 | unified_heads | INFO | ë²¤ë‹´ í—¤ë“œ íŒŒë¼ë¯¸í„°: 13,871,919 (13.87M)
2025-09-05 11:15:49 | unified_heads | INFO | í›„íšŒ í—¤ë“œ íŒŒë¼ë¯¸í„°: 19,897,161 (19.90M)
2025-09-05 11:15:49 | unified_heads | INFO | SURD í—¤ë“œ íŒŒë¼ë¯¸í„°: 12,025,739 (12.03M)
2025-09-05 11:15:49 | analyzer_neural_modules | INFO | NeuralEmotionAnalyzer ì´ˆê¸°í™”: 122,595,407 íŒŒë¼ë¯¸í„°
2025-09-05 11:15:50 | analyzer_neural_modules | INFO | NeuralBenthamCalculator ì´ˆê¸°í™”: 78,281,602 íŒŒë¼ë¯¸í„°
2025-09-05 11:15:51 | analyzer_neural_modules | INFO | NeuralRegretAnalyzer ì´ˆê¸°í™”: 153,872,666 íŒŒë¼ë¯¸í„°
2025-09-05 11:15:51 | analyzer_neural_modules | INFO | NeuralSURDAnalyzer ì´ˆê¸°í™”: 13,473,032 íŒŒë¼ë¯¸í„°
2025-09-05 11:15:51 | analyzer_neural_modules | INFO | ì „ì²´ ì‹ ê²½ë§ ë¶„ì„ê¸° íŒŒë¼ë¯¸í„°: 368,222,707 (368.2M)
2025-09-05 11:15:51 | emotion_dsp_simulator | INFO | EmotionDSPSimulator ì´ˆê¸°í™” ì™„ë£Œ (~14M íŒŒë¼ë¯¸í„°)
2025-09-05 11:15:51 | RedHeart.MainUnified | INFO |    ì—í­ 50 ì²´í¬í¬ì¸íŠ¸ ìë™ ê²€ìƒ‰: checkpoint_epoch_0050_lr_0.000009_20250827_154403.pt
2025-09-05 11:15:51 | RedHeart.MainUnified | INFO |    ì²´í¬í¬ì¸íŠ¸ ë¡œë“œ: checkpoint_epoch_0050_lr_0.000009_20250827_154403.pt
2025-09-05 11:16:21 | RedHeart.MainUnified | INFO |    âœ… ëª¨ë¸ ê°€ì¤‘ì¹˜ ë¡œë“œ ì™„ë£Œ
2025-09-05 11:16:21 | RedHeart.MainUnified | INFO |    - Epoch: 50
2025-09-05 11:16:21 | RedHeart.MainUnified | INFO |    - Loss: unknown
2025-09-05 11:16:21 | RedHeart.MainUnified | INFO |    ğŸ“Œ MEDIUM ëª¨ë“œ: ë°±ë³¸/í—¤ë“œë§Œ GPU, analyzersëŠ” CPU ìœ ì§€
2025-09-05 11:16:21 | RedHeart.MainUnified | INFO |    ğŸ“Š ì´ íŒŒë¼ë¯¸í„°: 532.4M
2025-09-05 11:16:21 | RedHeart.MainUnified | INFO |    ğŸ“Š í•™ìŠµê°€ëŠ¥ íŒŒë¼ë¯¸í„°: 532.4M
2025-09-05 11:16:21 | dynamic_swap_manager | INFO | [DSM] unified_backbone í¬ê¸°: 345.7MB (mgr_id=133258271898176)
2025-09-05 11:16:21 | dynamic_swap_manager | INFO |    âœ… unified_backboneì„ GPUì— ë“±ë¡ (location=GPU, size=345.7MB)
2025-09-05 11:16:21 | dynamic_swap_manager | INFO | [REGISTER HEAD] unified_backbone (345.7MB, ìš°ì„ ìˆœìœ„: critical)
2025-09-05 11:16:21 | dynamic_swap_manager | INFO | [DSM] emotion_head í¬ê¸°: 65.8MB (mgr_id=133258271898176)
2025-09-05 11:16:21 | dynamic_swap_manager | INFO |    âœ… emotion_headì„ GPUì— ë“±ë¡ (location=GPU, size=65.8MB)
2025-09-05 11:16:21 | dynamic_swap_manager | INFO | [REGISTER HEAD] emotion_head (65.8MB, ìš°ì„ ìˆœìœ„: high)
2025-09-05 11:16:21 | dynamic_swap_manager | INFO | [DSM] bentham_head í¬ê¸°: 52.9MB (mgr_id=133258271898176)
2025-09-05 11:16:21 | dynamic_swap_manager | INFO |    âœ… bentham_headì„ GPUì— ë“±ë¡ (location=GPU, size=52.9MB)
2025-09-05 11:16:21 | dynamic_swap_manager | INFO | [REGISTER HEAD] bentham_head (52.9MB, ìš°ì„ ìˆœìœ„: high)
2025-09-05 11:16:21 | dynamic_swap_manager | INFO | [DSM] regret_head í¬ê¸°: 75.9MB (mgr_id=133258271898176)
2025-09-05 11:16:21 | dynamic_swap_manager | INFO |    âœ… regret_headì„ GPUì— ë“±ë¡ (location=GPU, size=75.9MB)
2025-09-05 11:16:21 | dynamic_swap_manager | INFO | [REGISTER HEAD] regret_head (75.9MB, ìš°ì„ ìˆœìœ„: high)
2025-09-05 11:16:21 | dynamic_swap_manager | INFO | [DSM] surd_head í¬ê¸°: 45.9MB (mgr_id=133258271898176)
2025-09-05 11:16:21 | dynamic_swap_manager | INFO |    âœ… surd_headì„ GPUì— ë“±ë¡ (location=GPU, size=45.9MB)
2025-09-05 11:16:21 | dynamic_swap_manager | INFO | [REGISTER HEAD] surd_head (45.9MB, ìš°ì„ ìˆœìœ„: high)
2025-09-05 11:16:21 | RedHeart.MainUnified | INFO |    ğŸ“Œ UnifiedModel DSM ë“±ë¡ ì™„ë£Œ
2025-09-05 11:16:21 | RedHeart.MainUnified | INFO | ğŸŒ ë²ˆì—­ê¸° ë¡œë“œ ì¤‘...
2025-09-05 11:16:21 | local_translator | INFO | LocalTranslator ìƒì„± - ì „ì—­ ëª¨ë“ˆë¡œ ì´ˆê¸°í™”ë¨
2025-09-05 11:16:21 | local_translator | INFO | ğŸ”„ OPUS-MT ëª¨ë¸ ë¡œë“œ ì¤‘: Helsinki-NLP/opus-mt-ko-en
2025-09-05 11:16:22 | hf_model_wrapper | INFO | âœ… HF ëª¨ë¸ ìë™ ë“±ë¡ í™œì„±í™”ë¨ (ëª¨ë¸, í† í¬ë‚˜ì´ì €, í”„ë¡œì„¸ì„œ í¬í•¨)
2025-09-05 11:16:22 | hf_model_wrapper | INFO | ğŸ”„ HF ëª¨ë¸ ë¡œë”© ì¤‘: Helsinki-NLP/opus-mt-ko-en (ì†Œìœ ì: translator)
2025-09-05 11:16:23 | local_translator | INFO | âœ… OPUS-MT ëª¨ë¸ ë¡œë“œ ì™„ë£Œ (ì†Œìš”ì‹œê°„: 1.1ì´ˆ, ë””ë°”ì´ìŠ¤: cpu)
2025-09-05 11:16:23 | local_translator | INFO | ğŸ“Š TranslatorëŠ” CPUì—ì„œ ì´ˆê¸°í™”ë¨ (GPU ë©”ëª¨ë¦¬ ì ˆì•½)
2025-09-05 11:16:23 | dynamic_swap_manager | INFO | [DSM] translator í¬ê¸°: 297.6MB (mgr_id=133258271898176)
2025-09-05 11:16:23 | dynamic_swap_manager | INFO |    ğŸ’¾ translatorì„ RAMì— ë“±ë¡ (location=RAM, size=297.6MB)
2025-09-05 11:16:23 | dynamic_swap_manager | INFO | [REGISTER HEAD] translator (297.6MB, ìš°ì„ ìˆœìœ„: high)
2025-09-05 11:16:23 | local_translator | INFO | âœ… Translatorë¥¼ DSMì— ë“±ë¡ (HIGH priority)
2025-09-05 11:16:23 | RedHeart.Config | INFO | ğŸ”¥ register_system_module í˜¸ì¶œ: module_id=translator, instance_type=<class 'local_translator.LocalTranslator'>, config_section=None
2025-09-05 11:16:23 | RedHeart.Config | INFO | ğŸ”¥ ëª¨ë“ˆ ì¸ìŠ¤í„´ìŠ¤ ë“±ë¡ (config_section ì—†ìŒ): translator -> <class 'local_translator.LocalTranslator'>
2025-09-05 11:16:23 | RedHeart.MainUnified | INFO |    âœ… ë²ˆì—­ê¸° ë¡œë“œ ë° ë“±ë¡ ì™„ë£Œ
2025-09-05 11:16:23 | RedHeart.MainUnified | INFO | ğŸ§  Neural Analyzers ë¶€ë¶„ ë¡œë“œ ì¤‘ (['emotion', 'bentham'])...
2025-09-05 11:16:23 | analyzer_neural_modules | INFO | NeuralEmotionAnalyzer ì´ˆê¸°í™”: 122,333,263 íŒŒë¼ë¯¸í„°
2025-09-05 11:16:24 | analyzer_neural_modules | INFO | NeuralBenthamCalculator ì´ˆê¸°í™”: 78,019,458 íŒŒë¼ë¯¸í„°
2025-09-05 11:16:25 | analyzer_neural_modules | INFO | NeuralRegretAnalyzer ì´ˆê¸°í™”: 153,610,522 íŒŒë¼ë¯¸í„°
2025-09-05 11:16:25 | analyzer_neural_modules | INFO | NeuralSURDAnalyzer ì´ˆê¸°í™”: 13,276,424 íŒŒë¼ë¯¸í„°
2025-09-05 11:16:25 | analyzer_neural_modules | INFO | ì „ì²´ ì‹ ê²½ë§ ë¶„ì„ê¸° íŒŒë¼ë¯¸í„°: 367,239,667 (367.2M)
2025-09-05 11:16:25 | RedHeart.MainUnified | INFO |    ë¶€ë¶„ ë¡œë“œ ì™„ë£Œ: ['emotion', 'bentham']
2025-09-05 11:16:25 | RedHeart.MainUnified | INFO |    ì²´í¬í¬ì¸íŠ¸ Neural Analyzers 896ì°¨ì› ê°€ì¤‘ì¹˜ ë³µì› ì¤‘...
2025-09-05 11:16:25 | RedHeart.MainUnified | INFO |    - emotion: 768â†’896 í”„ë¡œì ì…˜ ì–´ëŒ‘í„° ì¶”ê°€
2025-09-05 11:16:25 | RedHeart.MainUnified | INFO |    - bentham: 768â†’896 í”„ë¡œì ì…˜ ì–´ëŒ‘í„° ì¶”ê°€
2025-09-05 11:16:25 | RedHeart.MainUnified | INFO |    - regret: 768â†’896 í”„ë¡œì ì…˜ ì–´ëŒ‘í„° ì¶”ê°€
2025-09-05 11:16:25 | RedHeart.MainUnified | INFO |    - surd: 768â†’896 í”„ë¡œì ì…˜ ì–´ëŒ‘í„° ì¶”ê°€
2025-09-05 11:16:25 | RedHeart.MainUnified | INFO |    âœ… 896ì°¨ì› Neural Analyzers ë³µì› ì™„ë£Œ (í”„ë¡œì ì…˜ ì–´ëŒ‘í„° ì‚¬ìš©)
2025-09-05 11:16:25 | RedHeart.MainUnified | INFO |    - emotion: CPU ì´ˆê¸°í™” (ë™ì  ìŠ¤ì™‘ ëŒ€ê¸°)
2025-09-05 11:16:25 | RedHeart.MainUnified | INFO |    - emotion: 122.6M params
2025-09-05 11:16:25 | RedHeart.MainUnified | INFO |    - bentham: CPU ì´ˆê¸°í™” (ë™ì  ìŠ¤ì™‘ ëŒ€ê¸°)
2025-09-05 11:16:25 | RedHeart.MainUnified | INFO |    - bentham: 78.3M params
2025-09-05 11:16:25 | RedHeart.MainUnified | INFO |    - regret: CPU ì´ˆê¸°í™” (ë™ì  ìŠ¤ì™‘ ëŒ€ê¸°)
2025-09-05 11:16:25 | RedHeart.MainUnified | INFO |    - regret: 153.9M params
2025-09-05 11:16:25 | RedHeart.MainUnified | INFO |    - surd: CPU ì´ˆê¸°í™” (ë™ì  ìŠ¤ì™‘ ëŒ€ê¸°)
2025-09-05 11:16:25 | RedHeart.MainUnified | INFO |    - surd: 13.5M params
2025-09-05 11:16:25 | RedHeart.MainUnified | INFO |    âœ… Neural Analyzers ë¡œë“œ ì™„ë£Œ
2025-09-05 11:16:25 | RedHeart.MainUnified | INFO |    ğŸ“Œ UnifiedModelì— Neural Analyzers ì „ë‹¬ ì™„ë£Œ
2025-09-05 11:16:25 | RedHeart.MainUnified | WARNING |    âš ï¸ DSM ë“±ë¡ ì‹¤íŒ¨: RedHeartDynamicSwapManager.register_model() got an unexpected keyword argument 'size_mb'
2025-09-05 11:16:25 | RedHeart.MainUnified | INFO | ğŸ¯ Advanced Analyzer Wrappers ë¶€ë¶„ ë¡œë“œ ì¤‘ (['advanced_emotion', 'advanced_bentham'])...
2025-09-05 11:16:25 | RedHeart.MainUnified | INFO |    ğŸ“Œ MEDIUM ëª¨ë“œ: Advanced Wrappers CPU ì´ˆê¸°í™” ì„¤ì •
2025-09-05 11:16:27 | RedHeartLinux.AdvancedEmotion | INFO | ğŸ“Œ FORCE_CPU_INIT: AdvancedEmotionAnalyzer CPU ëª¨ë“œ ê°•ì œ
2025-09-05 11:16:27 | RedHeartLinux.AdvancedEmotion | INFO | ê°ì • ì„ë² ë”© ëª¨ë¸ ì´ˆê¸°í™” ì‹œì‘...
2025-09-05 11:16:27 | sentence_transformer_singleton | INFO | ğŸ“Œ CPU ëª¨ë“œ: sentence-transformers/paraphrase-multilingual-mpnet-base-v2 ì§ì ‘ ë¡œë“œ (subprocess ìš°íšŒ)
2025-09-05 11:16:27 | sentence_transformers.SentenceTransformer | INFO | Load pretrained SentenceTransformer: sentence-transformers/paraphrase-multilingual-mpnet-base-v2
2025-09-05 11:16:29 | hf_model_wrapper | INFO | ğŸ”„ HF ëª¨ë¸ ë¡œë”© ì¤‘: sentence-transformers/paraphrase-multilingual-mpnet-base-v2 (ì†Œìœ ì: sentence_transformers.models.Transformer)
2025-09-05 11:16:50 | sentence_transformer_singleton | INFO | ğŸ“Œ CPU ëª¨ë“œ: jhgan/ko-sroberta-multitask ì§ì ‘ ë¡œë“œ (subprocess ìš°íšŒ)
2025-09-05 11:16:50 | sentence_transformers.SentenceTransformer | INFO | Load pretrained SentenceTransformer: jhgan/ko-sroberta-multitask
2025-09-05 11:16:52 | hf_model_wrapper | INFO | ğŸ”„ HF ëª¨ë¸ ë¡œë”© ì¤‘: jhgan/ko-sroberta-multitask (ì†Œìœ ì: sentence_transformers.models.Transformer)
2025-09-05 11:16:55 | RedHeartLinux.AdvancedEmotion | INFO | ì„ë² ë”© ëª¨ë¸ ë¡œë“œ ì™„ë£Œ (ì‹±ê¸€í†¤): sentence-transformers/paraphrase-multilingual-mpnet-base-v2, jhgan/ko-sroberta-multitask
2025-09-05 11:16:55 | RedHeartLinux.AdvancedEmotion | INFO | ì„ë² ë”© ëª¨ë¸ ì´ˆê¸°í™” ì™„ë£Œ: 2 ëª¨ë¸ ë¡œë“œë¨
2025-09-05 11:16:55 | RedHeart.Config | INFO | ğŸ” get_system_module í˜¸ì¶œ: module_id=translator
2025-09-05 11:16:55 | RedHeart.Config | INFO | ğŸ” í˜„ì¬ ë“±ë¡ëœ ëª¨ë“ˆë“¤: ['translator']
2025-09-05 11:16:55 | RedHeart.Config | INFO | ğŸ” ê²°ê³¼: <class 'local_translator.LocalTranslator'>
2025-09-05 11:16:55 | RedHeartLinux.AdvancedEmotion | INFO | âœ… ê°ì • ë¶„ì„ê¸° ê°•í™” ëª¨ë“ˆ í†µí•©: 56.4M íŒŒë¼ë¯¸í„° ì¶”ê°€
2025-09-05 11:16:55 | RedHeartLinux.AdvancedEmotion | INFO | ê°ì • ë¶„ì„ìš© MoE ì‹œìŠ¤í…œ ì´ˆê¸°í™” ì™„ë£Œ (4ê°œ ì „ë¬¸ê°€)
2025-09-05 11:16:55 | RedHeartLinux.AdvancedEmotion | INFO |   - emotion_moe íƒ€ì…: <class 'mixture_of_experts.MixtureOfExperts'>
2025-09-05 11:16:55 | RedHeartLinux.AdvancedEmotion | INFO |   - emotion_moe None ì—¬ë¶€: False
2025-09-05 11:16:55 | emotion_dsp_simulator | INFO | EmotionDSPSimulator ì´ˆê¸°í™” ì™„ë£Œ (~14M íŒŒë¼ë¯¸í„°)
2025-09-05 11:16:55 | RedHeartLinux.AdvancedEmotion | INFO |   - ì¹¼ë§Œ í•„í„° ì°¨ì›: 17ê°œ ê°ì •
2025-09-05 11:16:55 | RedHeartLinux.AdvancedEmotion | INFO | âœ… DSP ì‹œë®¬ë ˆì´í„°ì™€ ì¹¼ë§Œ í•„í„° ì´ˆê¸°í™” ì™„ë£Œ
2025-09-05 11:16:55 | RedHeartLinux.AdvancedEmotion | INFO |   - DSP ì‹œë®¬ë ˆì´í„°: 20M íŒŒë¼ë¯¸í„°
2025-09-05 11:16:55 | RedHeartLinux.AdvancedEmotion | INFO |   - ì¹¼ë§Œ í•„í„°: ìœµí•©ìš©
2025-09-05 11:16:55 | RedHeartLinux.AdvancedEmotion | INFO | ê³„ì¸µì  ê°ì • ëª¨ë¸ ì´ˆê¸°í™” ì™„ë£Œ
2025-09-05 11:16:55 | RedHeart.AdvancedLLM | INFO | ğŸ¬ Dolphin Llama3 8B ì„¤ì •: RAM ì‹œì‘=ì˜ˆ
2025-09-05 11:16:55 | RedHeart.AdvancedLLM | INFO | ëª¨ë¸ ì„¤ì • ì¤€ë¹„ ì™„ë£Œ: ['dolphin']
2025-09-05 11:16:55 | RedHeart.AdvancedLLM | INFO | ë™ì  GPU-RAM ìŠ¤ì™‘ ì‹œìŠ¤í…œ ì´ˆê¸°í™” ì™„ë£Œ
2025-09-05 11:16:55 | RedHeartLinux.AdvancedEmotion | INFO | LLM ì—”ì§„ ì—°ê²° ì™„ë£Œ
2025-09-05 11:16:55 | RedHeartLinux.AdvancedEmotion | INFO | ê³ ê¸‰ ê°ì • ë¶„ì„ ì‹œìŠ¤í…œì´ ì´ˆê¸°í™”ë˜ì—ˆìŠµë‹ˆë‹¤.
2025-09-05 11:16:55 | RedHeartLinux.AdvancedEmotion | INFO | ğŸ” hierarchical_modelì´ ì´ë¯¸ ì¡´ì¬í•¨
2025-09-05 11:16:55 | advanced_analyzer_wrappers | INFO |   - biometric_processor ë“±ë¡ (10M)
2025-09-05 11:16:55 | advanced_analyzer_wrappers | INFO |   - multimodal_fusion ë“±ë¡ (10M)
2025-09-05 11:16:55 | advanced_analyzer_wrappers | INFO |   - temporal_emotion ë“±ë¡ (10M)
2025-09-05 11:16:55 | advanced_analyzer_wrappers | INFO |   - cultural_nuance ë“±ë¡ (13M)
2025-09-05 11:16:55 | advanced_analyzer_wrappers | INFO |   - advanced_moe ë“±ë¡ (5M)
2025-09-05 11:16:55 | advanced_analyzer_wrappers | INFO |   - emotion_moe ë“±ë¡
2025-09-05 11:16:55 | advanced_analyzer_wrappers | INFO | âœ… Advanced Emotion Analyzer Wrapper ì´ˆê¸°í™” (48M íŒŒë¼ë¯¸í„°)
2025-09-05 11:16:55 | dynamic_gpu_manager | INFO | Dynamic GPU Manager initialized - Total GPU Memory: 8.0GB
2025-09-05 11:16:56 | advanced_regret_analyzer | INFO | âœ… í›„íšŒ ë¶„ì„ê¸° ê°•í™” ëª¨ë“ˆ í†µí•©: 42.9M íŒŒë¼ë¯¸í„° ì¶”ê°€
2025-09-05 11:16:56 | advanced_regret_analyzer | INFO | í›„íšŒ ë¶„ì„ìš© MoE ì‹œìŠ¤í…œ ì´ˆê¸°í™” ì™„ë£Œ (3ê°œ ì „ë¬¸ê°€)
2025-09-05 11:16:56 | dynamic_gpu_manager | INFO | Dynamic GPU Manager initialized - Total GPU Memory: 8.0GB
2025-09-05 11:16:56 | RedHeart.ThreeViewScenarioSystem | INFO | 3ë·° ì‹œë‚˜ë¦¬ì˜¤ ì‹œìŠ¤í…œ GPU ë©”ëª¨ë¦¬ ê´€ë¦¬ í™œì„±í™”
2025-09-05 11:16:56 | RedHeart.ThreeViewScenarioSystem | INFO | 3ë·° ì‹œë‚˜ë¦¬ì˜¤ ì‹œìŠ¤í…œ ì´ˆê¸°í™” ì™„ë£Œ (ì˜¨ë””ë§¨ë“œ ë¡œë”© ë°©ì‹)
2025-09-05 11:16:56 | advanced_regret_analyzer | INFO | í›„íšŒ ë¶„ì„ê¸° 3ë·° ì‹œë‚˜ë¦¬ì˜¤ ì‹œìŠ¤í…œ ì´ˆê¸°í™” ì™„ë£Œ
2025-09-05 11:16:56 | dynamic_gpu_manager | INFO | Dynamic GPU Manager initialized - Total GPU Memory: 8.0GB
2025-09-05 11:16:56 | RedHeart.PhaseControllerHook | INFO | PhaseController Hook GPU ë©”ëª¨ë¦¬ ê´€ë¦¬ í™œì„±í™”
2025-09-05 11:16:56 | RedHeart.PhaseControllerHook | INFO | PhaseController Hook ì‹œìŠ¤í…œ ì´ˆê¸°í™” ì™„ë£Œ
2025-09-05 11:16:56 | RedHeart.PhaseControllerHook | INFO | ì„±ëŠ¥ ëª¨ë‹ˆí„°ë§ ì‹œì‘
2025-09-05 11:16:56 | advanced_regret_analyzer | INFO | í›„íšŒ ë¶„ì„ê¸° PhaseController Hook ì´ˆê¸°í™” ì™„ë£Œ
2025-09-05 11:16:56 | advanced_regret_analyzer | INFO | Advanced Regret Analyzer initialized on cuda
2025-09-05 11:16:56 | advanced_regret_analyzer | INFO | ë™ì  ì„ê³„ê°’ ì‹œìŠ¤í…œ í†µí•© ì™„ë£Œ
2025-09-05 11:16:56 | advanced_analyzer_wrappers | INFO |   - regret_network ë“±ë¡ (3M)
2025-09-05 11:16:56 | advanced_analyzer_wrappers | INFO |   - counterfactual_sim ë“±ë¡ (15M)
2025-09-05 11:16:56 | advanced_analyzer_wrappers | INFO |   - temporal_propagation ë“±ë¡ (12M)
2025-09-05 11:16:56 | advanced_analyzer_wrappers | INFO |   - decision_tree ë“±ë¡ (10M)
2025-09-05 11:16:56 | advanced_analyzer_wrappers | INFO |   - bayesian_inference ë“±ë¡ (10M)
2025-09-05 11:16:56 | advanced_analyzer_wrappers | INFO | âœ… Advanced Regret Analyzer Wrapper ì´ˆê¸°í™” (50M íŒŒë¼ë¯¸í„°)
2025-09-05 11:16:56 | RedHeart.Config | INFO | GPU ì§ì ‘ ì‚¬ìš©: None (ì‚¬ìš©ë¥ : 84.5%, í•„ìš”: 500MB)
2025-09-05 11:16:56 | RedHeart.AdvancedSURDAnalyzer | INFO | âœ… SURD ë¶„ì„ê¸° ê°•í™” ëª¨ë“ˆ í†µí•©: 12.2M íŒŒë¼ë¯¸í„° ì¶”ê°€
2025-09-05 11:16:56 | RedHeart.AdvancedSURDAnalyzer | INFO | ìƒˆë¡œìš´ ê³ ê¸‰ SURD ëª¨ë¸ ì´ˆê¸°í™” ì™„ë£Œ
2025-09-05 11:16:56 | RedHeart.AdvancedSURDAnalyzer | INFO | LLM ì—”ì§„ ì—°ê²° ì™„ë£Œ
2025-09-05 11:16:56 | RedHeart.AdvancedSURDAnalyzer | INFO | ê³ ê¸‰ SURD ë¶„ì„ ì‹œìŠ¤í…œ ì´ˆê¸°í™” ì™„ë£Œ
2025-09-05 11:16:56 | advanced_analyzer_wrappers | INFO |   - deep_causal ë“±ë¡ (10M)
2025-09-05 11:16:56 | advanced_analyzer_wrappers | INFO |   - info_decomposition ë“±ë¡ (8M)
2025-09-05 11:16:56 | advanced_analyzer_wrappers | INFO |   - neural_causal_model ë“±ë¡ (5M)
2025-09-05 11:16:56 | advanced_analyzer_wrappers | INFO | âœ… Advanced SURD Analyzer Wrapper ì´ˆê¸°í™” (25M íŒŒë¼ë¯¸í„°)
2025-09-05 11:16:57 | RedHeart.AdvancedBenthamCalculator | INFO | âœ… ë²¤ë‹´ ê³„ì‚°ê¸° ê°•í™” ëª¨ë“ˆ í†µí•©: 72.8M íŒŒë¼ë¯¸í„° ì¶”ê°€
2025-09-05 11:16:57 | RedHeart.AdvancedBenthamCalculator | INFO | ë²¤ë‹´ ê³„ì‚°ê¸° ìœ¤ë¦¬ MoE ì‹œìŠ¤í…œ ì´ˆê¸°í™” ì™„ë£Œ (4ê°œ ì „ë¬¸ê°€, input_dim=512)
2025-09-05 11:16:57 | dynamic_gpu_manager | INFO | Dynamic GPU Manager initialized - Total GPU Memory: 8.0GB
2025-09-05 11:16:57 | RedHeart.ThreeViewScenarioSystem | INFO | 3ë·° ì‹œë‚˜ë¦¬ì˜¤ ì‹œìŠ¤í…œ GPU ë©”ëª¨ë¦¬ ê´€ë¦¬ í™œì„±í™”
2025-09-05 11:16:57 | RedHeart.ThreeViewScenarioSystem | INFO | 3ë·° ì‹œë‚˜ë¦¬ì˜¤ ì‹œìŠ¤í…œ ì´ˆê¸°í™” ì™„ë£Œ (ì˜¨ë””ë§¨ë“œ ë¡œë”© ë°©ì‹)
2025-09-05 11:16:57 | RedHeart.AdvancedBenthamCalculator | INFO | ë²¤ë‹´ ê³„ì‚°ê¸° 3ë·° ì‹œë‚˜ë¦¬ì˜¤ ì‹œìŠ¤í…œ ì´ˆê¸°í™” ì™„ë£Œ
2025-09-05 11:16:57 | RedHeart.AdvancedBenthamCalculator | CRITICAL | GPU ë©”ëª¨ë¦¬ ì‚¬ìš©ë¥  ìœ„í—˜ ìˆ˜ì¤€: 88.5%
2025-09-05 11:16:57 | RedHeart.AdvancedBenthamCalculator | CRITICAL | ê¸´ê¸‰ GPU ë©”ëª¨ë¦¬ ìµœì í™” ì‹œì‘
2025-09-05 11:16:57 | RedHeart.AdvancedBenthamCalculator | CRITICAL | ê¸´ê¸‰ GPU ë©”ëª¨ë¦¬ ìµœì í™” ì™„ë£Œ
2025-09-05 11:16:57 | RedHeart.AdvancedBenthamCalculator | INFO | ì‹ ê²½ë§ ê°€ì¤‘ì¹˜ ì˜ˆì¸¡ê¸° ë¡œë”© ì¤‘...
2025-09-05 11:16:57 | RedHeart.Config | INFO | GPU í¬í™” ìƒíƒœ - ìŠ¤ì™‘ ì‹œë„: 88.5%
2025-09-05 11:16:57 | workflow_aware_memory_manager | INFO | âœ… HF ëª¨ë¸ ë˜í¼ì™€ ë©”ëª¨ë¦¬ ë§¤ë‹ˆì € í†µí•© ì™„ë£Œ
2025-09-05 11:16:57 | dynamic_swap_manager | INFO | RedHeartDynamicSwapManager ì´ˆê¸°í™” ì™„ë£Œ
2025-09-05 11:16:57 | RedHeart.Config | INFO | ë™ì  ìŠ¤ì™‘ ë§¤ë‹ˆì € ì—°ê²° ì„±ê³µ
2025-09-05 11:16:57 | RedHeart.Config | INFO | ì•ˆì „í•œ ìŠ¤ì™‘ ìŠ¤ì¼€ì¤„ëŸ¬ ì‹œì‘ë¨
2025-09-05 11:16:57 | RedHeart.Config | INFO | GPU ê³µê°„ ë¶€ì¡±: temp_model_1757038617 (ì‚¬ìš©ë¥ : 88.5%, ê°€ìš©: 919.5625MB, í•„ìš”: 600MB)
2025-09-05 11:16:57 | dynamic_swap_manager | INFO | [ì§€ëŠ¥ì  GPU ê³µê°„ í™•ë³´] 600MB í•„ìš”, ëª©í‘œ ì‚¬ìš©ë¥ : 85.0%
2025-09-05 11:16:57 | dynamic_swap_manager | INFO | [í˜„ì¬ GPU] ì—¬ìœ : 919.5625MB, ì‚¬ìš©ë¥ : 88.5%
2025-09-05 11:16:57 | dynamic_swap_manager | INFO | [í•´ì œ í•„ìš”] 288MB
2025-09-05 11:16:57 | dynamic_swap_manager | WARNING | [ì–¸ë¡œë“œ ë¶ˆê°€] ë” ì´ìƒ ì–¸ë¡œë“œí•  ìˆ˜ ìˆëŠ” ëª¨ë¸ì´ ì—†ìŠµë‹ˆë‹¤
2025-09-05 11:16:57 | dynamic_swap_manager | WARNING | [DSM] í˜„ì¬ ë“±ë¡ëœ ëª¨ë¸ ìƒíƒœ:
2025-09-05 11:16:57 | dynamic_swap_manager | WARNING |   [ë“±ë¡ëœ ëª¨ë¸ ì—†ìŒ]
2025-09-05 11:16:57 | dynamic_swap_manager | WARNING | [DSM] GPU ì‚¬ìš©ë¥  88.5%ë¡œ ëª©í‘œ 85.0% ë‹¬ì„± ì‹¤íŒ¨
2025-09-05 11:16:57 | RedHeart.Config | WARNING | ìŠ¤ì™‘ ê³µê°„ ë¶€ì¡±: temp_model_1757038617 (í•„ìš”: 600MB, í™•ë³´: FalseMB)
2025-09-05 11:16:57 | RedHeart.Config | INFO | ì‘ì—… ì™„ë£Œ ê¸°ë°˜ ê³µê°„ í™•ë³´ ì‹¤íŒ¨, CPU ì‚¬ìš©: temp_model_1757038617
2025-09-05 11:16:57 | RedHeart.AdvancedBenthamCalculator | INFO | ì‹ ê²½ë§ ê°€ì¤‘ì¹˜ ì˜ˆì¸¡ê¸° ë¡œë“œ: cpu (100MB)
2025-09-05 11:16:57 | RedHeart.AdvancedBenthamCalculator | INFO | ë©”ëª¨ë¦¬ ì‚¬ìš©ëŸ‰: RAM 3366MB, GPU 7251MB
2025-09-05 11:16:57 | dynamic_gpu_manager | INFO | Dynamic GPU Manager initialized - Total GPU Memory: 8.0GB
2025-09-05 11:16:57 | RedHeart.PhaseControllerHook | INFO | PhaseController Hook GPU ë©”ëª¨ë¦¬ ê´€ë¦¬ í™œì„±í™”
2025-09-05 11:16:57 | RedHeart.PhaseControllerHook | INFO | PhaseController Hook ì‹œìŠ¤í…œ ì´ˆê¸°í™” ì™„ë£Œ
2025-09-05 11:16:57 | RedHeart.PhaseControllerHook | INFO | ì„±ëŠ¥ ëª¨ë‹ˆí„°ë§ ì‹œì‘
2025-09-05 11:16:57 | RedHeart.AdvancedBenthamCalculator | INFO | ë²¤ë‹´ ê³„ì‚°ê¸° PhaseController Hook ì´ˆê¸°í™” ì™„ë£Œ
2025-09-05 11:16:57 | dynamic_gpu_manager | INFO | Dynamic GPU Manager initialized - Total GPU Memory: 8.0GB
2025-09-05 11:16:57 | RedHeart.LegalExpertSystem | INFO | ë²•ë¥  ì „ë¬¸ê°€ ì‹œìŠ¤í…œ GPU ë©”ëª¨ë¦¬ ê´€ë¦¬ í™œì„±í™”
2025-09-05 11:16:57 | RedHeart.LegalExpertSystem | INFO | ë²•ë¥  ì „ë¬¸ê°€ ì‹œìŠ¤í…œ ì´ˆê¸°í™” ì™„ë£Œ (ì˜¨ë””ë§¨ë“œ ë¡œë”© ë°©ì‹)
2025-09-05 11:16:57 | RedHeart.LegalExpertSystem | INFO | inference ëª¨ë“œ - ë²•ë¥  ì „ë¬¸ê°€ ì‹œìŠ¤í…œ í™œì„±í™”
2025-09-05 11:16:57 | RedHeart.AdvancedBenthamCalculator | INFO | ë²¤ë‹´ ê³„ì‚°ê¸° ë²•ë¥  ì „ë¬¸ê°€ ì‹œìŠ¤í…œ ì´ˆê¸°í™” ì™„ë£Œ
2025-09-05 11:16:57 | RedHeart.AdvancedBenthamCalculator | INFO | ê³ ê¸‰ ë²¤ë‹´ ì¾Œë½ ê³„ì‚°ê¸° ì´ˆê¸°í™” ì™„ë£Œ (ë ˆì´ì§€ ë¡œë”© í™œì„±í™”)
2025-09-05 11:16:57 | RedHeart.AdvancedBenthamCalculator | INFO | ğŸ”¨ ë²¤ë‹´ ê³„ì‚°ê¸° ê¸°ë³¸ PyTorch ë„¤íŠ¸ì›Œí¬ ìƒì„± ì¤‘...
2025-09-05 11:16:57 | RedHeart.AdvancedBenthamCalculator | INFO | âœ… ë²¤ë‹´ ê³„ì‚°ê¸° ê¸°ë³¸ ë„¤íŠ¸ì›Œí¬ ìƒì„± ì™„ë£Œ (device: cuda:0)
2025-09-05 11:16:57 | RedHeart.AdvancedBenthamCalculator | INFO |    - íŒŒë¼ë¯¸í„° ìˆ˜: 3,137
2025-09-05 11:16:57 | RedHeart.AdvancedBenthamCalculator | CRITICAL | GPU ë©”ëª¨ë¦¬ ì‚¬ìš©ë¥  ìœ„í—˜ ìˆ˜ì¤€: 88.5%
2025-09-05 11:16:57 | RedHeart.AdvancedBenthamCalculator | CRITICAL | ê¸´ê¸‰ GPU ë©”ëª¨ë¦¬ ìµœì í™” ì‹œì‘
2025-09-05 11:16:57 | RedHeart.AdvancedBenthamCalculator | CRITICAL | ê¸´ê¸‰ GPU ë©”ëª¨ë¦¬ ìµœì í™” ì™„ë£Œ
2025-09-05 11:16:57 | RedHeart.AdvancedBenthamCalculator | INFO | íŠ¸ëœìŠ¤í¬ë¨¸ ë§¥ë½ ë¶„ì„ê¸° ë¡œë”© ì¤‘...
2025-09-05 11:16:57 | RedHeart.AdvancedBenthamCalculator | INFO | ğŸ“Œ FORCE_CPU_INIT: CPU ëª¨ë“œ ê°•ì œ ì´ˆê¸°í™”
2025-09-05 11:16:57 | hf_model_wrapper | INFO | ğŸ”„ HF íŒŒì´í”„ë¼ì¸ ìƒì„± ì¤‘: text-classification (ëª¨ë¸: j-hartmann/emotion-english-distilroberta-base, ì†Œìœ ì: advanced_bentham_calculator)
2025-09-05 11:16:57 | hf_model_wrapper | INFO | ğŸ”„ HF ëª¨ë¸ ë¡œë”© ì¤‘: j-hartmann/emotion-english-distilroberta-base (ì†Œìœ ì: transformers.pipelines.base)
Device set to use cpu
2025-09-05 11:16:58 | RedHeart.AdvancedBenthamCalculator | INFO | ğŸ“Œ FORCE_CPU_INIT: ê°ì • ë¶„ì„ ëª¨ë¸ CPU ì§ì ‘ ë¡œë“œ
2025-09-05 11:16:58 | RedHeart.AdvancedBenthamCalculator | INFO | âœ… ìœ¤ë¦¬ ë¶„ì„: ê°ì •â†’ìœ¤ë¦¬ ë§¤í•‘ ë°©ì‹ (ë³„ë„ ëª¨ë¸ ì—†ìŒ)
2025-09-05 11:16:58 | RedHeart.AdvancedBenthamCalculator | INFO | í•œêµ­ì–´ ê°ì • ë¶„ì„ì€ ë²ˆì—­ í›„ ì˜ì–´ ëª¨ë¸ ì‚¬ìš©
2025-09-05 11:16:58 | hf_model_wrapper | INFO | ğŸ”„ HF ëª¨ë¸ ë¡œë”© ì¤‘: sentence-transformers/all-MiniLM-L6-v2 (ì†Œìœ ì: advanced_bentham_calculator)
2025-09-05 11:16:58 | RedHeart.AdvancedBenthamCalculator | INFO | ğŸ“Œ FORCE_CPU_INIT: ë¬¸ë§¥ ì„ë² ë”© ëª¨ë¸ CPU ì§ì ‘ ë¡œë“œ
2025-09-05 11:16:58 | RedHeart.AdvancedBenthamCalculator | INFO | íŠ¸ëœìŠ¤í¬ë¨¸ ë§¥ë½ ë¶„ì„ê¸° ì´ˆê¸°í™” ì™„ë£Œ
2025-09-05 11:16:58 | RedHeart.AdvancedBenthamCalculator | INFO | ë©”ëª¨ë¦¬ ì‚¬ìš©ëŸ‰: RAM 3372MB, GPU 7251MB
2025-09-05 11:16:58 | advanced_analyzer_wrappers | INFO |   - cross_cultural ë“±ë¡
2025-09-05 11:16:58 | advanced_analyzer_wrappers | INFO |   - deep_ethics ë“±ë¡
2025-09-05 11:16:58 | advanced_analyzer_wrappers | INFO |   - default_network ë“±ë¡
2025-09-05 11:16:58 | advanced_analyzer_wrappers | INFO |   - ethics_moe ë“±ë¡
2025-09-05 11:16:58 | advanced_analyzer_wrappers | INFO |   - long_term_predictor ë“±ë¡
2025-09-05 11:16:58 | advanced_analyzer_wrappers | INFO |   - neural_predictor ë“±ë¡
2025-09-05 11:16:58 | advanced_analyzer_wrappers | INFO |   - social_impact ë“±ë¡
2025-09-05 11:16:58 | RedHeart.AdvancedBenthamCalculator | CRITICAL | GPU ë©”ëª¨ë¦¬ ì‚¬ìš©ë¥  ìœ„í—˜ ìˆ˜ì¤€: 88.5%
2025-09-05 11:16:58 | RedHeart.AdvancedBenthamCalculator | CRITICAL | ê¸´ê¸‰ GPU ë©”ëª¨ë¦¬ ìµœì í™” ì‹œì‘
2025-09-05 11:16:59 | RedHeart.AdvancedBenthamCalculator | CRITICAL | ê¸´ê¸‰ GPU ë©”ëª¨ë¦¬ ìµœì í™” ì™„ë£Œ
2025-09-05 11:16:59 | RedHeart.AdvancedBenthamCalculator | INFO | ê°€ì¤‘ì¹˜ ë ˆì´ì–´ë“¤ ë¡œë”© ì¤‘...
2025-09-05 11:16:59 | RedHeart.AdvancedBenthamCalculator | INFO | contextual ML ëª¨ë¸ ë¡œë“œ ì™„ë£Œ
2025-09-05 11:16:59 | RedHeart.AdvancedBenthamCalculator | INFO | contextual ML ëª¨ë¸ ë¡œë“œ ì™„ë£Œ
2025-09-05 11:16:59 | RedHeart.AdvancedBenthamCalculator | INFO | contextual ML ëª¨ë¸ ë¡œë“œ ì™„ë£Œ
2025-09-05 11:16:59 | RedHeart.AdvancedBenthamCalculator | INFO | contextual ML ëª¨ë¸ ë¡œë“œ ì™„ë£Œ
2025-09-05 11:16:59 | RedHeart.AdvancedBenthamCalculator | INFO | contextual ML ëª¨ë¸ ë¡œë“œ ì™„ë£Œ
2025-09-05 11:16:59 | RedHeart.AdvancedBenthamCalculator | INFO | contextual ML ëª¨ë¸ ë¡œë“œ ì™„ë£Œ
2025-09-05 11:16:59 | RedHeart.AdvancedBenthamCalculator | INFO | ë©”ëª¨ë¦¬ ì‚¬ìš©ëŸ‰: RAM 3372MB, GPU 7251MB
2025-09-05 11:16:59 | advanced_analyzer_wrappers | INFO | âœ… Advanced Bentham Calculator Wrapper ì´ˆê¸°í™” (2.5M íŒŒë¼ë¯¸í„°)
2025-09-05 11:16:59 | advanced_analyzer_wrappers | INFO | âœ… Advanced Analyzer Wrappers ìƒì„± ì™„ë£Œ
2025-09-05 11:16:59 | advanced_analyzer_wrappers | INFO |   - ì´ Wrapper ìˆ˜: 4
2025-09-05 11:16:59 | advanced_analyzer_wrappers | INFO |   - ì´ íŒŒë¼ë¯¸í„°: 190,579,405
2025-09-05 11:16:59 | RedHeart.MainUnified | INFO |    ë¶€ë¶„ ë¡œë“œ ì™„ë£Œ: ['advanced_emotion', 'advanced_bentham']
2025-09-05 11:16:59 | RedHeart.MainUnified | INFO |    ì²´í¬í¬ì¸íŠ¸ì—ì„œ Advanced Wrappers ê°€ì¤‘ì¹˜ ë³µì›...
2025-09-05 11:16:59 | RedHeart.MainUnified | INFO |        Shape ë¶ˆì¼ì¹˜ ê°ì§€: emotion_moe.gating_network.diversity_layer.weight
2025-09-05 11:16:59 | RedHeart.MainUnified | INFO |          ì²´í¬í¬ì¸íŠ¸: [4, 192]
2025-09-05 11:16:59 | RedHeart.MainUnified | INFO |          í˜„ì¬ ëª¨ë¸: [4, 768]
2025-09-05 11:16:59 | RedHeart.MainUnified | INFO |          âœ… í”„ë¡œì ì…˜ ì ìš©: torch.Size([4, 192]) â†’ torch.Size([4, 768])
2025-09-05 11:16:59 | RedHeart.MainUnified | INFO |      âœ… advanced_emotion ê°€ì¤‘ì¹˜ ì™„ì „ ë³µì› ì„±ê³µ
2025-09-05 11:16:59 | RedHeart.MainUnified | INFO |      ğŸ“Š advanced_emotion ë¦¬ë§¤í•‘ ì„±ê³µ: 366/366ê°œ í‚¤ ë³µì›
2025-09-05 11:16:59 | RedHeart.MainUnified | INFO |        Shape ë¶ˆì¼ì¹˜ ê°ì§€: bentham_ethics_moe.gating_network.diversity_layer.weight
2025-09-05 11:16:59 | RedHeart.MainUnified | INFO |          ì²´í¬í¬ì¸íŠ¸: [4, 128]
2025-09-05 11:16:59 | RedHeart.MainUnified | INFO |          í˜„ì¬ ëª¨ë¸: [4, 512]
2025-09-05 11:16:59 | RedHeart.MainUnified | INFO |          âœ… í”„ë¡œì ì…˜ ì ìš©: torch.Size([4, 128]) â†’ torch.Size([4, 512])
2025-09-05 11:16:59 | RedHeart.MainUnified | INFO |      âœ… advanced_bentham ê°€ì¤‘ì¹˜ ì™„ì „ ë³µì› ì„±ê³µ
2025-09-05 11:16:59 | RedHeart.MainUnified | INFO |      ğŸ“Š advanced_bentham ë¦¬ë§¤í•‘ ì„±ê³µ: 326/326ê°œ í‚¤ ë³µì›
2025-09-05 11:16:59 | RedHeart.MainUnified | INFO |    - advanced_emotion: 63.0M params
2025-09-05 11:16:59 | RedHeart.MainUnified | INFO |    - advanced_bentham: 75.8M params
2025-09-05 11:16:59 | RedHeart.MainUnified | INFO |    âœ… Advanced Wrappers ë¡œë“œ ì™„ë£Œ
2025-09-05 11:16:59 | RedHeart.MainUnified | INFO |    ğŸ“Œ UnifiedModelì— Advanced Wrappers ì „ë‹¬ ì™„ë£Œ
2025-09-05 11:16:59 | RedHeart.MainUnified | WARNING |    âš ï¸ DSM ë“±ë¡ ì‹¤íŒ¨: RedHeartDynamicSwapManager.register_model() got an unexpected keyword argument 'size_mb'
2025-09-05 11:16:59 | RedHeart.MainUnified | INFO | ğŸ“¡ DSP ì»´í¬ë„ŒíŠ¸ ë¡œë“œ ì¤‘...
2025-09-05 11:16:59 | emotion_dsp_simulator | INFO | EmotionDSPSimulator ì´ˆê¸°í™” ì™„ë£Œ (~14M íŒŒë¼ë¯¸í„°)
2025-09-05 11:16:59 | RedHeart.MainUnified | INFO |    ì²´í¬í¬ì¸íŠ¸ì—ì„œ DSP ì‹œë®¬ë ˆì´í„° ë³µì›...
2025-09-05 11:16:59 | RedHeart.MainUnified | INFO |    ğŸ“Œ DSP ì‹œë®¬ë ˆì´í„° CPU ì´ˆê¸°í™” (ë™ì  ìŠ¤ì™‘ ëŒ€ê¸°)
2025-09-05 11:16:59 | RedHeart.MainUnified | INFO |    ğŸ“Š DSP íŒŒë¼ë¯¸í„°: 2.3M
2025-09-05 11:16:59 | RedHeart.MainUnified | INFO |    âœ… DSP ì»´í¬ë„ŒíŠ¸ ë¡œë“œ ì™„ë£Œ
2025-09-05 11:16:59 | RedHeart.MainUnified | INFO | ğŸ”„ Phase Networks ë¡œë“œ ì¤‘...
2025-09-05 11:16:59 | RedHeart.MainUnified | INFO |    ğŸ“Œ Phase Networks CPU ì´ˆê¸°í™” (ë™ì  ìŠ¤ì™‘ ëŒ€ê¸°)
2025-09-05 11:16:59 | RedHeart.MainUnified | INFO |    ì²´í¬í¬ì¸íŠ¸ì— Phase Networks ì—†ìŒ, ìƒˆë¡œ ì´ˆê¸°í™”ëœ ê°€ì¤‘ì¹˜ ì‚¬ìš©
2025-09-05 11:16:59 | RedHeart.MainUnified | INFO |    - phase0: CPU ì´ˆê¸°í™” (ë™ì  ìŠ¤ì™‘ ëŒ€ê¸°)
2025-09-05 11:16:59 | RedHeart.MainUnified | INFO |    - phase0: 0.79M params
2025-09-05 11:16:59 | RedHeart.MainUnified | INFO |    - phase2: CPU ì´ˆê¸°í™” (ë™ì  ìŠ¤ì™‘ ëŒ€ê¸°)
2025-09-05 11:16:59 | RedHeart.MainUnified | INFO |    - phase2: 7.04M params
2025-09-05 11:16:59 | RedHeart.MainUnified | INFO |    - hierarchical: CPU ì´ˆê¸°í™” (ë™ì  ìŠ¤ì™‘ ëŒ€ê¸°)
2025-09-05 11:16:59 | RedHeart.MainUnified | INFO |    - hierarchical: 0.15M params
2025-09-05 11:16:59 | RedHeart.MainUnified | INFO |    - output_projector: 896â†’768 ì°¨ì› ë³€í™˜ê¸° ì´ˆê¸°í™”
2025-09-05 11:16:59 | RedHeart.MainUnified | INFO |    âœ… Phase Networks ë¡œë“œ ì™„ë£Œ
2025-09-05 11:16:59 | RedHeart.MainUnified | INFO | ğŸ§  ì›Œí¬í”Œë¡œìš° ë©”ëª¨ë¦¬ ê´€ë¦¬ì ë¡œë“œ ì¤‘...
2025-09-05 11:16:59 | workflow_aware_memory_manager | INFO | âœ… HF ëª¨ë¸ ë˜í¼ì™€ ë©”ëª¨ë¦¬ ë§¤ë‹ˆì € í†µí•© ì™„ë£Œ
2025-09-05 11:16:59 | RedHeart.MainUnified | INFO |    âœ… ì›Œí¬í”Œë¡œìš° ë©”ëª¨ë¦¬ ê´€ë¦¬ì ë¡œë“œ ì™„ë£Œ
2025-09-05 11:16:59 | RedHeart.MainUnified | INFO | ğŸ”® ë©”íƒ€ í†µí•© ì‹œìŠ¤í…œ ë¡œë“œ ì¤‘ (40M)...
2025-09-05 11:16:59 | advanced_meta_integration_system | INFO | ê³ ê¸‰ ë©”íƒ€ í†µí•© ì‹œìŠ¤í…œ ì´ˆê¸°í™” ì™„ë£Œ
2025-09-05 11:16:59 | advanced_meta_integration_system | INFO | í†µí•© ì „ëµ: {}
2025-09-05 11:16:59 | advanced_meta_integration_system | INFO | ë””ë°”ì´ìŠ¤: cuda
2025-09-05 11:16:59 | RedHeart.MainUnified | INFO |    ğŸ“Š ë©”íƒ€ í†µí•© íŒŒë¼ë¯¸í„°: 7.1M
2025-09-05 11:16:59 | RedHeart.MainUnified | INFO |    âœ… ë©”íƒ€ í†µí•© ì‹œìŠ¤í…œ ë¡œë“œ ì™„ë£Œ
2025-09-05 11:16:59 | RedHeart.MainUnified | INFO | ğŸ’­ ë°˜ì‚¬ì‹¤ ì¶”ë¡  ì‹œìŠ¤í…œ ë¡œë“œ ì¤‘...
2025-09-05 11:16:59 | RedHeart.Config | INFO | GPU ì§ì ‘ ì‚¬ìš©: None (ì‚¬ìš©ë¥ : 82.8%, í•„ìš”: 500MB)
2025-09-05 11:16:59 | sentence_transformer_singleton | INFO | ìƒˆ í´ë¼ì´ì–¸íŠ¸ ìƒì„± ì‹œì‘: sentence-transformers/paraphrase-multilingual-mpnet-base-v2_cuda
2025-09-05 11:16:59 | sentence_transformer_client | INFO | í˜„ì¬ Pythonì´ venv í™˜ê²½: /mnt/c/large_project/linux_red_heart/red_heart_env/bin/python3
2025-09-05 11:16:59 | sentence_transformer_client | INFO | SentenceTransformer Client ì´ˆê¸°í™”: /mnt/c/large_project/linux_red_heart/sentence_transformer_server.py
2025-09-05 11:16:59 | sentence_transformer_client | INFO | Python ì‹¤í–‰íŒŒì¼: /mnt/c/large_project/linux_red_heart/red_heart_env/bin/python3
2025-09-05 11:16:59 | sentence_transformer_singleton | INFO | ì„œë²„ ì‹œì‘ ë° ëª¨ë¸ ë¡œë”©: sentence-transformers/paraphrase-multilingual-mpnet-base-v2 (device: cuda)
2025-09-05 11:16:59 | sentence_transformer_client | INFO | SentenceTransformer ì„œë²„ ì‹œì‘: /mnt/c/large_project/linux_red_heart/sentence_transformer_server.py
2025-09-05 11:16:59 | sentence_transformer_client | INFO | PYTHONPATH: /mnt/c/large_project/linux_red_heart/red_heart_env/lib/python3.12/site-packages:/mnt/c/large_project/linux_red_heart
2025-09-05 11:16:59 | sentence_transformer_client | INFO | VIRTUAL_ENV: /mnt/c/large_project/linux_red_heart/red_heart_env
2025-09-05 11:16:59 | sentence_transformer_client | INFO | stderr ë“œë ˆì¸ ìŠ¤ë ˆë“œ ì‹œì‘
2025-09-05 11:16:59 | sentence_transformer_client | INFO | stderr ë“œë ˆì¸ ìŠ¤ë ˆë“œ ìƒì„± ì™„ë£Œ
2025-09-05 11:17:12 | sentence_transformer_client | INFO | ì„œë²„ ì—°ê²° ì„±ê³µ
2025-09-05 11:17:12 | sentence_transformer_client | INFO | ëª¨ë¸ ë¡œë”© ìš”ì²­: sentence-transformers/paraphrase-multilingual-mpnet-base-v2 (device: cuda)
2025-09-05 11:18:30 | sentence_transformer_client | INFO | ëª¨ë¸ ë¡œë”© ì„±ê³µ: sentence-transformers/paraphrase-multilingual-mpnet-base-v2
2025-09-05 11:18:30 | sentence_transformer_singleton | INFO | í´ë¼ì´ì–¸íŠ¸ ìƒì„± ë° ëª¨ë¸ ë¡œë”© ì„±ê³µ: sentence-transformers/paraphrase-multilingual-mpnet-base-v2_cuda
2025-09-05 11:18:30 | RedHeart.AdvancedCounterfactual | INFO | ë¬¸í•™ ê¸°ë°˜ ê°€ì„¤ ìƒì„±ê¸°ê°€ ì´ˆê¸°í™”ë˜ì—ˆìŠµë‹ˆë‹¤.
2025-09-05 11:18:30 | RedHeart.AdvancedCounterfactual | INFO | ê³ ê¸‰ í–‰ìœ„ í›„ë³´ ìƒì„±ê¸°ê°€ ì´ˆê¸°í™”ë˜ì—ˆìŠµë‹ˆë‹¤.
2025-09-05 11:18:30 | RedHeart.AdvancedBenthamCalculator | INFO | âœ… ë²¤ë‹´ ê³„ì‚°ê¸° ê°•í™” ëª¨ë“ˆ í†µí•©: 72.8M íŒŒë¼ë¯¸í„° ì¶”ê°€
2025-09-05 11:18:30 | RedHeart.AdvancedBenthamCalculator | INFO | ë²¤ë‹´ ê³„ì‚°ê¸° ìœ¤ë¦¬ MoE ì‹œìŠ¤í…œ ì´ˆê¸°í™” ì™„ë£Œ (4ê°œ ì „ë¬¸ê°€, input_dim=512)
2025-09-05 11:18:30 | dynamic_gpu_manager | INFO | Dynamic GPU Manager initialized - Total GPU Memory: 8.0GB
2025-09-05 11:18:30 | RedHeart.ThreeViewScenarioSystem | INFO | 3ë·° ì‹œë‚˜ë¦¬ì˜¤ ì‹œìŠ¤í…œ GPU ë©”ëª¨ë¦¬ ê´€ë¦¬ í™œì„±í™”
2025-09-05 11:18:30 | RedHeart.ThreeViewScenarioSystem | INFO | 3ë·° ì‹œë‚˜ë¦¬ì˜¤ ì‹œìŠ¤í…œ ì´ˆê¸°í™” ì™„ë£Œ (ì˜¨ë””ë§¨ë“œ ë¡œë”© ë°©ì‹)
2025-09-05 11:18:30 | RedHeart.AdvancedBenthamCalculator | INFO | ë²¤ë‹´ ê³„ì‚°ê¸° 3ë·° ì‹œë‚˜ë¦¬ì˜¤ ì‹œìŠ¤í…œ ì´ˆê¸°í™” ì™„ë£Œ
2025-09-05 11:18:30 | RedHeart.AdvancedBenthamCalculator | CRITICAL | GPU ë©”ëª¨ë¦¬ ì‚¬ìš©ë¥  ìœ„í—˜ ìˆ˜ì¤€: 86.2%
2025-09-05 11:18:30 | RedHeart.AdvancedBenthamCalculator | CRITICAL | ê¸´ê¸‰ GPU ë©”ëª¨ë¦¬ ìµœì í™” ì‹œì‘
2025-09-05 11:18:31 | RedHeart.AdvancedBenthamCalculator | CRITICAL | ê¸´ê¸‰ GPU ë©”ëª¨ë¦¬ ìµœì í™” ì™„ë£Œ
2025-09-05 11:18:31 | RedHeart.AdvancedBenthamCalculator | INFO | ì‹ ê²½ë§ ê°€ì¤‘ì¹˜ ì˜ˆì¸¡ê¸° ë¡œë”© ì¤‘...
2025-09-05 11:18:31 | RedHeart.Config | INFO | GPU í¬í™” ìƒíƒœ - ìŠ¤ì™‘ ì‹œë„: 86.2%
2025-09-05 11:18:31 | RedHeart.Config | INFO | GPU ê³µê°„ ë¶€ì¡±: temp_model_1757038711 (ì‚¬ìš©ë¥ : 86.2%, ê°€ìš©: 1109.5625MB, í•„ìš”: 600MB)
2025-09-05 11:18:31 | dynamic_swap_manager | INFO | [ì§€ëŠ¥ì  GPU ê³µê°„ í™•ë³´] 600MB í•„ìš”, ëª©í‘œ ì‚¬ìš©ë¥ : 85.0%
2025-09-05 11:18:31 | dynamic_swap_manager | INFO | [í˜„ì¬ GPU] ì—¬ìœ : 1109.5625MB, ì‚¬ìš©ë¥ : 86.2%
2025-09-05 11:18:31 | dynamic_swap_manager | INFO | [í•´ì œ í•„ìš”] 102MB
2025-09-05 11:18:31 | dynamic_swap_manager | WARNING | [ì–¸ë¡œë“œ ë¶ˆê°€] ë” ì´ìƒ ì–¸ë¡œë“œí•  ìˆ˜ ìˆëŠ” ëª¨ë¸ì´ ì—†ìŠµë‹ˆë‹¤
2025-09-05 11:18:31 | dynamic_swap_manager | WARNING | [DSM] í˜„ì¬ ë“±ë¡ëœ ëª¨ë¸ ìƒíƒœ:
2025-09-05 11:18:31 | dynamic_swap_manager | WARNING |   [ë“±ë¡ëœ ëª¨ë¸ ì—†ìŒ]
2025-09-05 11:18:31 | dynamic_swap_manager | WARNING | [DSM] GPU ì‚¬ìš©ë¥  86.2%ë¡œ ëª©í‘œ 85.0% ë‹¬ì„± ì‹¤íŒ¨
2025-09-05 11:18:31 | RedHeart.Config | WARNING | ìŠ¤ì™‘ ê³µê°„ ë¶€ì¡±: temp_model_1757038711 (í•„ìš”: 600MB, í™•ë³´: FalseMB)
2025-09-05 11:18:31 | RedHeart.Config | INFO | ì‘ì—… ì™„ë£Œ ê¸°ë°˜ ê³µê°„ í™•ë³´ ì‹¤íŒ¨, CPU ì‚¬ìš©: temp_model_1757038711
2025-09-05 11:18:31 | RedHeart.AdvancedBenthamCalculator | INFO | ì‹ ê²½ë§ ê°€ì¤‘ì¹˜ ì˜ˆì¸¡ê¸° ë¡œë“œ: cpu (100MB)
2025-09-05 11:18:31 | RedHeart.AdvancedBenthamCalculator | INFO | ë©”ëª¨ë¦¬ ì‚¬ìš©ëŸ‰: RAM 3566MB, GPU 7065MB
2025-09-05 11:18:31 | dynamic_gpu_manager | INFO | Dynamic GPU Manager initialized - Total GPU Memory: 8.0GB
2025-09-05 11:18:31 | RedHeart.PhaseControllerHook | INFO | PhaseController Hook GPU ë©”ëª¨ë¦¬ ê´€ë¦¬ í™œì„±í™”
2025-09-05 11:18:31 | RedHeart.PhaseControllerHook | INFO | PhaseController Hook ì‹œìŠ¤í…œ ì´ˆê¸°í™” ì™„ë£Œ
2025-09-05 11:18:31 | RedHeart.PhaseControllerHook | INFO | ì„±ëŠ¥ ëª¨ë‹ˆí„°ë§ ì‹œì‘
2025-09-05 11:18:31 | RedHeart.AdvancedBenthamCalculator | INFO | ë²¤ë‹´ ê³„ì‚°ê¸° PhaseController Hook ì´ˆê¸°í™” ì™„ë£Œ
2025-09-05 11:18:31 | RedHeart.LegalExpertSystem | INFO | inference ëª¨ë“œ - ë²•ë¥  ì „ë¬¸ê°€ ì‹œìŠ¤í…œ í™œì„±í™”
2025-09-05 11:18:31 | RedHeart.AdvancedBenthamCalculator | INFO | ë²¤ë‹´ ê³„ì‚°ê¸° ë²•ë¥  ì „ë¬¸ê°€ ì‹œìŠ¤í…œ ì´ˆê¸°í™” ì™„ë£Œ
2025-09-05 11:18:31 | RedHeart.AdvancedBenthamCalculator | INFO | ê³ ê¸‰ ë²¤ë‹´ ì¾Œë½ ê³„ì‚°ê¸° ì´ˆê¸°í™” ì™„ë£Œ (ë ˆì´ì§€ ë¡œë”© í™œì„±í™”)
2025-09-05 11:18:31 | RedHeart.AdvancedBenthamCalculator | INFO | ğŸ”¨ ë²¤ë‹´ ê³„ì‚°ê¸° ê¸°ë³¸ PyTorch ë„¤íŠ¸ì›Œí¬ ìƒì„± ì¤‘...
2025-09-05 11:18:31 | RedHeart.AdvancedBenthamCalculator | INFO | âœ… ë²¤ë‹´ ê³„ì‚°ê¸° ê¸°ë³¸ ë„¤íŠ¸ì›Œí¬ ìƒì„± ì™„ë£Œ (device: cuda:0)
2025-09-05 11:18:31 | RedHeart.AdvancedBenthamCalculator | INFO |    - íŒŒë¼ë¯¸í„° ìˆ˜: 3,137
2025-09-05 11:18:31 | RedHeart.AdvancedCounterfactual | INFO | ê³ ê¸‰ ë°˜ì‚¬ì‹¤ì  ì¶”ë¡  ì‹œìŠ¤í…œì´ ì´ˆê¸°í™”ë˜ì—ˆìŠµë‹ˆë‹¤.
2025-09-05 11:18:31 | RedHeart.MainUnified | INFO |    âœ… ë°˜ì‚¬ì‹¤ ì¶”ë¡  ì‹œìŠ¤í…œ ë¡œë“œ ì™„ë£Œ
2025-09-05 11:18:31 | RedHeart.MainUnified | INFO | ğŸ˜” ê³ ê¸‰ í›„íšŒ í•™ìŠµ ì‹œìŠ¤í…œ ë¡œë“œ ì¤‘...
2025-09-05 11:18:31 | advanced_regret_learning_system | INFO | ê³ ê¸‰ í›„íšŒ í•™ìŠµ ì‹œìŠ¤í…œì´ ì´ˆê¸°í™”ë˜ì—ˆìŠµë‹ˆë‹¤.
2025-09-05 11:18:31 | RedHeart.MainUnified | INFO |    âœ… ê³ ê¸‰ í›„íšŒ í•™ìŠµ ì‹œìŠ¤í…œ ë¡œë“œ ì™„ë£Œ
2025-09-05 11:18:31 | RedHeart.MainUnified | INFO | â° ì‹œê³„ì—´ ì „íŒŒ ë¶„ì„ê¸° ë¡œë“œ ì¤‘...
2025-09-05 11:18:31 | TemporalEventPropagationAnalyzer | INFO | ì‹œê³„ì—´ ì‚¬ê±´ ì „íŒŒ ë¶„ì„ê¸° ì´ˆê¸°í™” ì™„ë£Œ
2025-09-05 11:18:31 | RedHeart.MainUnified | INFO |    âœ… ì‹œê³„ì—´ ì „íŒŒ ë¶„ì„ê¸° ë¡œë“œ ì™„ë£Œ
2025-09-05 11:18:31 | RedHeart.MainUnified | INFO | ğŸ­ ê³„ì¸µì  ê°ì • ì²˜ë¦¬ê¸° ë¡œë“œ ì¤‘...
2025-09-05 11:18:31 | RedHeart.Config | INFO | GPU í¬í™” ìƒíƒœ - ìŠ¤ì™‘ ì‹œë„: 86.3%
2025-09-05 11:18:31 | RedHeart.Config | INFO | GPU ê³µê°„ ë¶€ì¡±: temp_model_1757038711 (ì‚¬ìš©ë¥ : 86.3%, ê°€ìš©: 1107.5625MB, í•„ìš”: 1000MB)
2025-09-05 11:18:31 | dynamic_swap_manager | INFO | [ì§€ëŠ¥ì  GPU ê³µê°„ í™•ë³´] 1000MB í•„ìš”, ëª©í‘œ ì‚¬ìš©ë¥ : 85.0%
2025-09-05 11:18:31 | dynamic_swap_manager | INFO | [í˜„ì¬ GPU] ì—¬ìœ : 1107.5625MB, ì‚¬ìš©ë¥ : 86.3%
2025-09-05 11:18:31 | dynamic_swap_manager | INFO | [í•´ì œ í•„ìš”] 148MB
2025-09-05 11:18:31 | dynamic_swap_manager | WARNING | [ì–¸ë¡œë“œ ë¶ˆê°€] ë” ì´ìƒ ì–¸ë¡œë“œí•  ìˆ˜ ìˆëŠ” ëª¨ë¸ì´ ì—†ìŠµë‹ˆë‹¤
2025-09-05 11:18:31 | dynamic_swap_manager | WARNING | [DSM] í˜„ì¬ ë“±ë¡ëœ ëª¨ë¸ ìƒíƒœ:
2025-09-05 11:18:31 | dynamic_swap_manager | WARNING |   [ë“±ë¡ëœ ëª¨ë¸ ì—†ìŒ]
2025-09-05 11:18:31 | dynamic_swap_manager | WARNING | [DSM] GPU ì‚¬ìš©ë¥  86.3%ë¡œ ëª©í‘œ 85.0% ë‹¬ì„± ì‹¤íŒ¨
2025-09-05 11:18:31 | RedHeart.Config | WARNING | ìŠ¤ì™‘ ê³µê°„ ë¶€ì¡±: temp_model_1757038711 (í•„ìš”: 1000MB, í™•ë³´: FalseMB)
2025-09-05 11:18:31 | RedHeart.Config | INFO | ì‘ì—… ì™„ë£Œ ê¸°ë°˜ ê³µê°„ í™•ë³´ ì‹¤íŒ¨, CPU ì‚¬ìš©: temp_model_1757038711
2025-09-05 11:18:31 | RedHeartLinux.AdvancedEmotion | INFO | ê°ì • ì„ë² ë”© ëª¨ë¸ ì´ˆê¸°í™” ì‹œì‘...
2025-09-05 11:18:31 | sentence_transformer_singleton | INFO | ğŸ“Œ CPU ëª¨ë“œ: sentence-transformers/paraphrase-multilingual-mpnet-base-v2 ì§ì ‘ ë¡œë“œ (subprocess ìš°íšŒ)
2025-09-05 11:18:31 | sentence_transformers.SentenceTransformer | INFO | Load pretrained SentenceTransformer: sentence-transformers/paraphrase-multilingual-mpnet-base-v2
2025-09-05 11:18:33 | hf_model_wrapper | INFO | ğŸ”„ HF ëª¨ë¸ ë¡œë”© ì¤‘: sentence-transformers/paraphrase-multilingual-mpnet-base-v2 (ì†Œìœ ì: sentence_transformers.models.Transformer)
2025-09-05 11:18:33 | hf_model_wrapper | INFO | ğŸ“Š ëª¨ë¸ ë¡œë“œ ì „ ë©”ëª¨ë¦¬ ìš”ì²­: sentence_transformers.models.Transformer_paraphrase-multilingual-mpnet-base-v2 (800.0MB)
2025-09-05 11:18:33 | workflow_aware_memory_manager | INFO | [GPU BLOCKING] sentence_transformers.models.Transformer_paraphrase-multilingual-mpnet-base-v2: 800.0MB ë™ê¸° ìš”ì²­ ì‹œì‘
2025-09-05 11:18:33 | workflow_aware_memory_manager | INFO | [GPU BLOCKING] âœ… sentence_transformers.models.Transformer_paraphrase-multilingual-mpnet-base-v2 í• ë‹¹ ì„±ê³µ (í´ë§)
2025-09-05 11:18:33 | hf_model_wrapper | INFO | âœ… ëª¨ë¸ 'sentence_transformers.models.Transformer_paraphrase-multilingual-mpnet-base-v2' ë©”ëª¨ë¦¬ ë§¤ë‹ˆì €ì— ë“±ë¡ë¨ (ì†Œìœ ì: sentence_transformers.models.Transformer, í¬ê¸°: 4242.6MB)
2025-09-05 11:18:37 | sentence_transformer_singleton | INFO | ğŸ“Œ CPU ëª¨ë“œ: jhgan/ko-sroberta-multitask ì§ì ‘ ë¡œë“œ (subprocess ìš°íšŒ)
2025-09-05 11:18:37 | sentence_transformers.SentenceTransformer | INFO | Load pretrained SentenceTransformer: jhgan/ko-sroberta-multitask
2025-09-05 11:18:38 | hf_model_wrapper | INFO | ğŸ”„ HF ëª¨ë¸ ë¡œë”© ì¤‘: jhgan/ko-sroberta-multitask (ì†Œìœ ì: sentence_transformers.models.Transformer)
2025-09-05 11:18:38 | hf_model_wrapper | INFO | ğŸ“Š ëª¨ë¸ ë¡œë“œ ì „ ë©”ëª¨ë¦¬ ìš”ì²­: sentence_transformers.models.Transformer_ko-sroberta-multitask (800.0MB)
2025-09-05 11:18:38 | workflow_aware_memory_manager | INFO | [GPU BLOCKING] sentence_transformers.models.Transformer_ko-sroberta-multitask: 800.0MB ë™ê¸° ìš”ì²­ ì‹œì‘
2025-09-05 11:18:38 | workflow_aware_memory_manager | INFO | [GPU BLOCKING] âœ… sentence_transformers.models.Transformer_ko-sroberta-multitask í• ë‹¹ ì„±ê³µ (í´ë§)
2025-09-05 11:18:42 | hf_model_wrapper | INFO | âœ… ëª¨ë¸ 'sentence_transformers.models.Transformer_ko-sroberta-multitask' ë©”ëª¨ë¦¬ ë§¤ë‹ˆì €ì— ë“±ë¡ë¨ (ì†Œìœ ì: sentence_transformers.models.Transformer, í¬ê¸°: 1687.9MB)
2025-09-05 11:18:44 | RedHeartLinux.AdvancedEmotion | INFO | ì„ë² ë”© ëª¨ë¸ ë¡œë“œ ì™„ë£Œ (ì‹±ê¸€í†¤): sentence-transformers/paraphrase-multilingual-mpnet-base-v2, jhgan/ko-sroberta-multitask
2025-09-05 11:18:44 | RedHeartLinux.AdvancedEmotion | INFO | ì„ë² ë”© ëª¨ë¸ ì´ˆê¸°í™” ì™„ë£Œ: 2 ëª¨ë¸ ë¡œë“œë¨
2025-09-05 11:18:44 | RedHeart.Config | INFO | ğŸ” get_system_module í˜¸ì¶œ: module_id=translator
2025-09-05 11:18:44 | RedHeart.Config | INFO | ğŸ” í˜„ì¬ ë“±ë¡ëœ ëª¨ë“ˆë“¤: ['translator']
2025-09-05 11:18:44 | RedHeart.Config | INFO | ğŸ” ê²°ê³¼: <class 'local_translator.LocalTranslator'>
2025-09-05 11:18:44 | RedHeartLinux.AdvancedEmotion | INFO | âœ… ê°ì • ë¶„ì„ê¸° ê°•í™” ëª¨ë“ˆ í†µí•©: 56.4M íŒŒë¼ë¯¸í„° ì¶”ê°€
2025-09-05 11:18:44 | RedHeartLinux.AdvancedEmotion | INFO | ê°ì • ë¶„ì„ìš© MoE ì‹œìŠ¤í…œ ì´ˆê¸°í™” ì™„ë£Œ (4ê°œ ì „ë¬¸ê°€)
2025-09-05 11:18:44 | RedHeartLinux.AdvancedEmotion | INFO |   - emotion_moe íƒ€ì…: <class 'mixture_of_experts.MixtureOfExperts'>
2025-09-05 11:18:44 | RedHeartLinux.AdvancedEmotion | INFO |   - emotion_moe None ì—¬ë¶€: False
2025-09-05 11:18:44 | emotion_dsp_simulator | INFO | EmotionDSPSimulator ì´ˆê¸°í™” ì™„ë£Œ (~14M íŒŒë¼ë¯¸í„°)
2025-09-05 11:18:44 | RedHeartLinux.AdvancedEmotion | INFO |   - ì¹¼ë§Œ í•„í„° ì°¨ì›: 17ê°œ ê°ì •
2025-09-05 11:18:44 | RedHeartLinux.AdvancedEmotion | INFO | âœ… DSP ì‹œë®¬ë ˆì´í„°ì™€ ì¹¼ë§Œ í•„í„° ì´ˆê¸°í™” ì™„ë£Œ
2025-09-05 11:18:44 | RedHeartLinux.AdvancedEmotion | INFO |   - DSP ì‹œë®¬ë ˆì´í„°: 20M íŒŒë¼ë¯¸í„°
2025-09-05 11:18:44 | RedHeartLinux.AdvancedEmotion | INFO |   - ì¹¼ë§Œ í•„í„°: ìœµí•©ìš©
2025-09-05 11:18:44 | RedHeartLinux.AdvancedEmotion | INFO | ê³„ì¸µì  ê°ì • ëª¨ë¸ ì´ˆê¸°í™” ì™„ë£Œ
2025-09-05 11:18:44 | RedHeartLinux.AdvancedEmotion | INFO | LLM ì—”ì§„ ì—°ê²° ì™„ë£Œ
2025-09-05 11:18:44 | RedHeartLinux.AdvancedEmotion | INFO | ê³ ê¸‰ ê°ì • ë¶„ì„ ì‹œìŠ¤í…œì´ ì´ˆê¸°í™”ë˜ì—ˆìŠµë‹ˆë‹¤.
2025-09-05 11:18:44 | RedHeartLinux.AdvancedEmotion | INFO | ğŸ” hierarchical_modelì´ ì´ë¯¸ ì¡´ì¬í•¨
2025-09-05 11:18:45 | RedHeart.AdvancedBenthamCalculator | INFO | âœ… ë²¤ë‹´ ê³„ì‚°ê¸° ê°•í™” ëª¨ë“ˆ í†µí•©: 72.8M íŒŒë¼ë¯¸í„° ì¶”ê°€
2025-09-05 11:18:45 | RedHeart.AdvancedBenthamCalculator | INFO | ë²¤ë‹´ ê³„ì‚°ê¸° ìœ¤ë¦¬ MoE ì‹œìŠ¤í…œ ì´ˆê¸°í™” ì™„ë£Œ (4ê°œ ì „ë¬¸ê°€, input_dim=512)
2025-09-05 11:18:45 | dynamic_gpu_manager | INFO | Dynamic GPU Manager initialized - Total GPU Memory: 8.0GB
2025-09-05 11:18:45 | RedHeart.ThreeViewScenarioSystem | INFO | 3ë·° ì‹œë‚˜ë¦¬ì˜¤ ì‹œìŠ¤í…œ GPU ë©”ëª¨ë¦¬ ê´€ë¦¬ í™œì„±í™”
2025-09-05 11:18:45 | RedHeart.ThreeViewScenarioSystem | INFO | 3ë·° ì‹œë‚˜ë¦¬ì˜¤ ì‹œìŠ¤í…œ ì´ˆê¸°í™” ì™„ë£Œ (ì˜¨ë””ë§¨ë“œ ë¡œë”© ë°©ì‹)
2025-09-05 11:18:45 | RedHeart.AdvancedBenthamCalculator | INFO | ë²¤ë‹´ ê³„ì‚°ê¸° 3ë·° ì‹œë‚˜ë¦¬ì˜¤ ì‹œìŠ¤í…œ ì´ˆê¸°í™” ì™„ë£Œ
2025-09-05 11:18:45 | RedHeart.AdvancedBenthamCalculator | CRITICAL | GPU ë©”ëª¨ë¦¬ ì‚¬ìš©ë¥  ìœ„í—˜ ìˆ˜ì¤€: 89.7%
2025-09-05 11:18:45 | RedHeart.AdvancedBenthamCalculator | CRITICAL | ê¸´ê¸‰ GPU ë©”ëª¨ë¦¬ ìµœì í™” ì‹œì‘
2025-09-05 11:18:45 | RedHeart.AdvancedBenthamCalculator | CRITICAL | ê¸´ê¸‰ GPU ë©”ëª¨ë¦¬ ìµœì í™” ì™„ë£Œ
2025-09-05 11:18:45 | RedHeart.AdvancedBenthamCalculator | INFO | ì‹ ê²½ë§ ê°€ì¤‘ì¹˜ ì˜ˆì¸¡ê¸° ë¡œë”© ì¤‘...
2025-09-05 11:18:45 | RedHeart.Config | INFO | GPU í¬í™” ìƒíƒœ - ìŠ¤ì™‘ ì‹œë„: 89.7%
2025-09-05 11:18:45 | RedHeart.Config | INFO | GPU ê³µê°„ ë¶€ì¡±: temp_model_1757038725 (ì‚¬ìš©ë¥ : 89.7%, ê°€ìš©: 831.5625MB, í•„ìš”: 600MB)
2025-09-05 11:18:45 | dynamic_swap_manager | INFO | [ì§€ëŠ¥ì  GPU ê³µê°„ í™•ë³´] 600MB í•„ìš”, ëª©í‘œ ì‚¬ìš©ë¥ : 85.0%
2025-09-05 11:18:45 | dynamic_swap_manager | INFO | [í˜„ì¬ GPU] ì—¬ìœ : 831.5625MB, ì‚¬ìš©ë¥ : 89.7%
2025-09-05 11:18:45 | dynamic_swap_manager | INFO | [í•´ì œ í•„ìš”] 385MB
2025-09-05 11:18:45 | dynamic_swap_manager | WARNING | [ì–¸ë¡œë“œ ë¶ˆê°€] ë” ì´ìƒ ì–¸ë¡œë“œí•  ìˆ˜ ìˆëŠ” ëª¨ë¸ì´ ì—†ìŠµë‹ˆë‹¤
2025-09-05 11:18:45 | dynamic_swap_manager | WARNING | [DSM] í˜„ì¬ ë“±ë¡ëœ ëª¨ë¸ ìƒíƒœ:
2025-09-05 11:18:45 | dynamic_swap_manager | WARNING |   [ë“±ë¡ëœ ëª¨ë¸ ì—†ìŒ]
2025-09-05 11:18:45 | dynamic_swap_manager | WARNING | [DSM] GPU ì‚¬ìš©ë¥  89.7%ë¡œ ëª©í‘œ 85.0% ë‹¬ì„± ì‹¤íŒ¨
2025-09-05 11:18:45 | RedHeart.Config | WARNING | ìŠ¤ì™‘ ê³µê°„ ë¶€ì¡±: temp_model_1757038725 (í•„ìš”: 600MB, í™•ë³´: FalseMB)
2025-09-05 11:18:45 | RedHeart.Config | INFO | ì‘ì—… ì™„ë£Œ ê¸°ë°˜ ê³µê°„ í™•ë³´ ì‹¤íŒ¨, CPU ì‚¬ìš©: temp_model_1757038725
2025-09-05 11:18:45 | RedHeart.AdvancedBenthamCalculator | INFO | ì‹ ê²½ë§ ê°€ì¤‘ì¹˜ ì˜ˆì¸¡ê¸° ë¡œë“œ: cpu (100MB)
2025-09-05 11:18:45 | RedHeart.AdvancedBenthamCalculator | INFO | ë©”ëª¨ë¦¬ ì‚¬ìš©ëŸ‰: RAM 5646MB, GPU 7349MB
2025-09-05 11:18:45 | dynamic_gpu_manager | INFO | Dynamic GPU Manager initialized - Total GPU Memory: 8.0GB
2025-09-05 11:18:45 | RedHeart.PhaseControllerHook | INFO | PhaseController Hook GPU ë©”ëª¨ë¦¬ ê´€ë¦¬ í™œì„±í™”
2025-09-05 11:18:45 | RedHeart.PhaseControllerHook | INFO | PhaseController Hook ì‹œìŠ¤í…œ ì´ˆê¸°í™” ì™„ë£Œ
2025-09-05 11:18:45 | RedHeart.PhaseControllerHook | INFO | ì„±ëŠ¥ ëª¨ë‹ˆí„°ë§ ì‹œì‘
2025-09-05 11:18:45 | RedHeart.AdvancedBenthamCalculator | INFO | ë²¤ë‹´ ê³„ì‚°ê¸° PhaseController Hook ì´ˆê¸°í™” ì™„ë£Œ
2025-09-05 11:18:45 | RedHeart.LegalExpertSystem | INFO | inference ëª¨ë“œ - ë²•ë¥  ì „ë¬¸ê°€ ì‹œìŠ¤í…œ í™œì„±í™”
2025-09-05 11:18:45 | RedHeart.AdvancedBenthamCalculator | INFO | ë²¤ë‹´ ê³„ì‚°ê¸° ë²•ë¥  ì „ë¬¸ê°€ ì‹œìŠ¤í…œ ì´ˆê¸°í™” ì™„ë£Œ
2025-09-05 11:18:45 | RedHeart.AdvancedBenthamCalculator | INFO | ê³ ê¸‰ ë²¤ë‹´ ì¾Œë½ ê³„ì‚°ê¸° ì´ˆê¸°í™” ì™„ë£Œ (ë ˆì´ì§€ ë¡œë”© í™œì„±í™”)
2025-09-05 11:18:45 | RedHeart.AdvancedBenthamCalculator | INFO | ğŸ”¨ ë²¤ë‹´ ê³„ì‚°ê¸° ê¸°ë³¸ PyTorch ë„¤íŠ¸ì›Œí¬ ìƒì„± ì¤‘...
2025-09-05 11:18:45 | RedHeart.AdvancedBenthamCalculator | INFO | âœ… ë²¤ë‹´ ê³„ì‚°ê¸° ê¸°ë³¸ ë„¤íŠ¸ì›Œí¬ ìƒì„± ì™„ë£Œ (device: cuda:0)
2025-09-05 11:18:45 | RedHeart.AdvancedBenthamCalculator | INFO |    - íŒŒë¼ë¯¸í„° ìˆ˜: 3,137
2025-09-05 11:18:46 | advanced_regret_analyzer | INFO | âœ… í›„íšŒ ë¶„ì„ê¸° ê°•í™” ëª¨ë“ˆ í†µí•©: 42.9M íŒŒë¼ë¯¸í„° ì¶”ê°€
2025-09-05 11:18:46 | advanced_regret_analyzer | INFO | í›„íšŒ ë¶„ì„ìš© MoE ì‹œìŠ¤í…œ ì´ˆê¸°í™” ì™„ë£Œ (3ê°œ ì „ë¬¸ê°€)
2025-09-05 11:18:46 | dynamic_gpu_manager | INFO | Dynamic GPU Manager initialized - Total GPU Memory: 8.0GB
2025-09-05 11:18:46 | RedHeart.ThreeViewScenarioSystem | INFO | 3ë·° ì‹œë‚˜ë¦¬ì˜¤ ì‹œìŠ¤í…œ GPU ë©”ëª¨ë¦¬ ê´€ë¦¬ í™œì„±í™”
2025-09-05 11:18:46 | RedHeart.ThreeViewScenarioSystem | INFO | 3ë·° ì‹œë‚˜ë¦¬ì˜¤ ì‹œìŠ¤í…œ ì´ˆê¸°í™” ì™„ë£Œ (ì˜¨ë””ë§¨ë“œ ë¡œë”© ë°©ì‹)
2025-09-05 11:18:46 | advanced_regret_analyzer | INFO | í›„íšŒ ë¶„ì„ê¸° 3ë·° ì‹œë‚˜ë¦¬ì˜¤ ì‹œìŠ¤í…œ ì´ˆê¸°í™” ì™„ë£Œ
2025-09-05 11:18:46 | dynamic_gpu_manager | INFO | Dynamic GPU Manager initialized - Total GPU Memory: 8.0GB
2025-09-05 11:18:46 | RedHeart.PhaseControllerHook | INFO | PhaseController Hook GPU ë©”ëª¨ë¦¬ ê´€ë¦¬ í™œì„±í™”
2025-09-05 11:18:46 | RedHeart.PhaseControllerHook | INFO | PhaseController Hook ì‹œìŠ¤í…œ ì´ˆê¸°í™” ì™„ë£Œ
2025-09-05 11:18:46 | RedHeart.PhaseControllerHook | INFO | ì„±ëŠ¥ ëª¨ë‹ˆí„°ë§ ì‹œì‘
2025-09-05 11:18:46 | advanced_regret_analyzer | INFO | í›„íšŒ ë¶„ì„ê¸° PhaseController Hook ì´ˆê¸°í™” ì™„ë£Œ
2025-09-05 11:18:46 | advanced_regret_analyzer | INFO | Advanced Regret Analyzer initialized on cuda
2025-09-05 11:18:46 | advanced_regret_analyzer | INFO | ë™ì  ì„ê³„ê°’ ì‹œìŠ¤í…œ í†µí•© ì™„ë£Œ
2025-09-05 11:18:46 | RedHeart.Config | INFO | GPU í¬í™” ìƒíƒœ - ìŠ¤ì™‘ ì‹œë„: 91.9%
2025-09-05 11:18:46 | RedHeart.Config | INFO | GPU ê³µê°„ ë¶€ì¡±: temp_model_1757038726 (ì‚¬ìš©ë¥ : 91.9%, ê°€ìš©: 643.5625MB, í•„ìš”: 1000MB)
2025-09-05 11:18:46 | dynamic_swap_manager | INFO | [ì§€ëŠ¥ì  GPU ê³µê°„ í™•ë³´] 1000MB í•„ìš”, ëª©í‘œ ì‚¬ìš©ë¥ : 85.0%
2025-09-05 11:18:46 | dynamic_swap_manager | INFO | [í˜„ì¬ GPU] ì—¬ìœ : 643.5625MB, ì‚¬ìš©ë¥ : 91.9%
2025-09-05 11:18:46 | dynamic_swap_manager | INFO | [í•´ì œ í•„ìš”] 612MB
2025-09-05 11:18:46 | dynamic_swap_manager | WARNING | [ì–¸ë¡œë“œ ë¶ˆê°€] ë” ì´ìƒ ì–¸ë¡œë“œí•  ìˆ˜ ìˆëŠ” ëª¨ë¸ì´ ì—†ìŠµë‹ˆë‹¤
2025-09-05 11:18:46 | dynamic_swap_manager | WARNING | [DSM] í˜„ì¬ ë“±ë¡ëœ ëª¨ë¸ ìƒíƒœ:
2025-09-05 11:18:46 | dynamic_swap_manager | WARNING |   [ë“±ë¡ëœ ëª¨ë¸ ì—†ìŒ]
2025-09-05 11:18:46 | dynamic_swap_manager | WARNING | [DSM] GPU ì‚¬ìš©ë¥  91.9%ë¡œ ëª©í‘œ 85.0% ë‹¬ì„± ì‹¤íŒ¨
2025-09-05 11:18:46 | RedHeart.Config | WARNING | ìŠ¤ì™‘ ê³µê°„ ë¶€ì¡±: temp_model_1757038726 (í•„ìš”: 1000MB, í™•ë³´: FalseMB)
2025-09-05 11:18:46 | RedHeart.Config | INFO | ì‘ì—… ì™„ë£Œ ê¸°ë°˜ ê³µê°„ í™•ë³´ ì‹¤íŒ¨, CPU ì‚¬ìš©: temp_model_1757038726
2025-09-05 11:18:46 | sentence_transformer_singleton | INFO | ğŸ“Œ CPU ëª¨ë“œ: sentence-transformers/paraphrase-multilingual-mpnet-base-v2 ì§ì ‘ ë¡œë“œ (subprocess ìš°íšŒ)
2025-09-05 11:18:46 | sentence_transformers.SentenceTransformer | INFO | Load pretrained SentenceTransformer: sentence-transformers/paraphrase-multilingual-mpnet-base-v2
2025-09-05 11:18:47 | hf_model_wrapper | INFO | ğŸ”„ HF ëª¨ë¸ ë¡œë”© ì¤‘: sentence-transformers/paraphrase-multilingual-mpnet-base-v2 (ì†Œìœ ì: sentence_transformers.models.Transformer)
2025-09-05 11:18:47 | hf_model_wrapper | INFO | ğŸ“Š ëª¨ë¸ ë¡œë“œ ì „ ë©”ëª¨ë¦¬ ìš”ì²­: sentence_transformers.models.Transformer_paraphrase-multilingual-mpnet-base-v2 (800.0MB)
2025-09-05 11:18:47 | workflow_aware_memory_manager | INFO | [GPU BLOCKING] sentence_transformers.models.Transformer_paraphrase-multilingual-mpnet-base-v2: 800.0MB ë™ê¸° ìš”ì²­ ì‹œì‘
2025-09-05 11:19:17 | workflow_aware_memory_manager | ERROR | [GPU BLOCKING] âŒ sentence_transformers.models.Transformer_paraphrase-multilingual-mpnet-base-v2 í• ë‹¹ ì‹¤íŒ¨: íƒ€ì„ì•„ì›ƒ (30.0ì´ˆ)
2025-09-05 11:19:17 | RedHeart.AdvancedExperienceDB | ERROR | ì„ë² ë”© ëª¨ë¸ ì´ˆê¸°í™” ì‹¤íŒ¨: [GPU] ë©”ëª¨ë¦¬ í™•ë³´ ì‹¤íŒ¨: sentence_transformers.models.Transformer_paraphrase-multilingual-mpnet-base-v2 (required=False)
2025-09-05 11:19:17 | RedHeart.MainUnified | ERROR |    âŒ ê³„ì¸µì  ê°ì • ì²˜ë¦¬ê¸° ë¡œë“œ ì‹¤íŒ¨: SentenceTransformer ì´ˆê¸°í™” ì‹¤íŒ¨: [GPU] ë©”ëª¨ë¦¬ í™•ë³´ ì‹¤íŒ¨: sentence_transformers.models.Transformer_paraphrase-multilingual-mpnet-base-v2 (required=False)
2025-09-05 11:19:17 | RedHeart.MainUnified | ERROR | âŒ ì´ˆê¸°í™” ì‹¤íŒ¨: ê³„ì¸µì  ê°ì • ì²˜ë¦¬ê¸° ë¡œë“œ í•„ìˆ˜ - ì‹¤íŒ¨: SentenceTransformer ì´ˆê¸°í™” ì‹¤íŒ¨: [GPU] ë©”ëª¨ë¦¬ í™•ë³´ ì‹¤íŒ¨: sentence_transformers.models.Transformer_paraphrase-multilingual-mpnet-base-v2 (required=False)
ğŸ”§ klue/bert-base ëª¨ë¸: ì•ˆì •ì„± ë³´ì¥ì„ ìœ„í•œ 15.0% í• ë‹¹
ğŸ“‹ Transformer ëª¨ë¸: ìµœì í™”ëœ ë°°ì¹˜ ì²˜ë¦¬ ë°©ì‹ í™œì„±í™”
ğŸ”§ klue/bert-base ëª¨ë¸: ì•ˆì •ì„± ë³´ì¥ì„ ìœ„í•œ 15.0% í• ë‹¹
âš ï¸ ê²½ê³ : GPU ë©”ëª¨ë¦¬ ì—¬ìœ ë¶„ 0.9GB - ì˜¤ë²„í—¤ë“œ ìœ„í—˜
ğŸ“‹ Transformer ëª¨ë¸: ìµœì í™”ëœ ë°°ì¹˜ ì²˜ë¦¬ ë°©ì‹ í™œì„±í™”
âœ… ê³ ê¸‰ ëª¨ë“ˆë“¤ë¡œ íšŒë¡œ ì´ˆê¸°í™” ì™„ë£Œ
Traceback (most recent call last):
  File "/mnt/c/large_project/linux_red_heart/advanced_experience_database.py", line 319, in _initialize_embedding_model
    self.embedding_model = get_sentence_transformer(
                           ^^^^^^^^^^^^^^^^^^^^^^^^^
  File "/mnt/c/large_project/linux_red_heart/sentence_transformer_singleton.py", line 446, in get_sentence_transformer
    return _manager.get_model(model_name, device, cache_folder)
           ^^^^^^^^^^^^^^^^^^^^^^^^^^^^^^^^^^^^^^^^^^^^^^^^^^^^
  File "/mnt/c/large_project/linux_red_heart/sentence_transformer_singleton.py", line 95, in get_model
    model = SentenceTransformer(model_name, device='cpu', cache_folder=cache_folder)
            ^^^^^^^^^^^^^^^^^^^^^^^^^^^^^^^^^^^^^^^^^^^^^^^^^^^^^^^^^^^^^^^^^^^^^^^^
  File "/mnt/c/large_project/linux_red_heart/red_heart_env/lib/python3.12/site-packages/sentence_transformers/SentenceTransformer.py", line 327, in __init__
    modules, self.module_kwargs = self._load_sbert_model(
                                  ^^^^^^^^^^^^^^^^^^^^^^^
  File "/mnt/c/large_project/linux_red_heart/red_heart_env/lib/python3.12/site-packages/sentence_transformers/SentenceTransformer.py", line 2254, in _load_sbert_model
    module = module_class.load(
             ^^^^^^^^^^^^^^^^^^
  File "/mnt/c/large_project/linux_red_heart/red_heart_env/lib/python3.12/site-packages/sentence_transformers/models/Transformer.py", line 541, in load
    return cls(model_name_or_path=model_name_or_path, **init_kwargs)
           ^^^^^^^^^^^^^^^^^^^^^^^^^^^^^^^^^^^^^^^^^^^^^^^^^^^^^^^^^
  File "/mnt/c/large_project/linux_red_heart/red_heart_env/lib/python3.12/site-packages/sentence_transformers/models/Transformer.py", line 88, in __init__
    self._load_model(model_name_or_path, config, cache_dir, backend, is_peft_model, **model_args)
  File "/mnt/c/large_project/linux_red_heart/red_heart_env/lib/python3.12/site-packages/sentence_transformers/models/Transformer.py", line 186, in _load_model
    self.auto_model = AutoModel.from_pretrained(
                      ^^^^^^^^^^^^^^^^^^^^^^^^^^
  File "/mnt/c/large_project/linux_red_heart/hf_model_wrapper.py", line 494, in patched_from_pretrained
    return _hf_wrapper.wrapped_from_pretrained(cls, *args, owner=owner, **kwargs)
           ^^^^^^^^^^^^^^^^^^^^^^^^^^^^^^^^^^^^^^^^^^^^^^^^^^^^^^^^^^^^^^^^^^^^^^
  File "/mnt/c/large_project/linux_red_heart/hf_model_wrapper.py", line 257, in wrapped_from_pretrained
    raise RuntimeError(f"[GPU] ë©”ëª¨ë¦¬ í™•ë³´ ì‹¤íŒ¨: {model_id} (required={is_required})")
RuntimeError: [GPU] ë©”ëª¨ë¦¬ í™•ë³´ ì‹¤íŒ¨: sentence_transformers.models.Transformer_paraphrase-multilingual-mpnet-base-v2 (required=False)

The above exception was the direct cause of the following exception:

Traceback (most recent call last):
  File "/mnt/c/large_project/linux_red_heart/main_unified.py", line 1349, in _load_emotion_hierarchy
    self.emotion_hierarchy_processor = EmotionEthicsRegretCircuit()
                                       ^^^^^^^^^^^^^^^^^^^^^^^^^^^^
  File "/mnt/c/large_project/linux_red_heart/emotion_ethics_regret_circuit.py", line 91, in __init__
    self.experience_db = AdvancedExperienceDatabase()
                         ^^^^^^^^^^^^^^^^^^^^^^^^^^^^
  File "/mnt/c/large_project/linux_red_heart/advanced_experience_database.py", line 257, in __init__
    self._initialize_embedding_model()
  File "/mnt/c/large_project/linux_red_heart/advanced_experience_database.py", line 333, in _initialize_embedding_model
    raise RuntimeError(f"SentenceTransformer ì´ˆê¸°í™” ì‹¤íŒ¨: {e}") from e
RuntimeError: SentenceTransformer ì´ˆê¸°í™” ì‹¤íŒ¨: [GPU] ë©”ëª¨ë¦¬ í™•ë³´ ì‹¤íŒ¨: sentence_transformers.models.Transformer_paraphrase-multilingual-mpnet-base-v2 (required=False)

During handling of the above exception, another exception occurred:

Traceback (most recent call last):
  File "/mnt/c/large_project/linux_red_heart/main_unified.py", line 3251, in <module>
    asyncio.run(main())
  File "/usr/lib/python3.12/asyncio/runners.py", line 194, in run
    return runner.run(main)
           ^^^^^^^^^^^^^^^^
  File "/usr/lib/python3.12/asyncio/runners.py", line 118, in run
    return self._loop.run_until_complete(task)
           ^^^^^^^^^^^^^^^^^^^^^^^^^^^^^^^^^^^
  File "/usr/lib/python3.12/asyncio/base_events.py", line 687, in run_until_complete
    return future.result()
           ^^^^^^^^^^^^^^^
  File "/mnt/c/large_project/linux_red_heart/main_unified.py", line 3177, in main
    await system.initialize()
  File "/mnt/c/large_project/linux_red_heart/main_unified.py", line 426, in initialize
    await self._load_emotion_hierarchy()
  File "/mnt/c/large_project/linux_red_heart/main_unified.py", line 1353, in _load_emotion_hierarchy
    raise RuntimeError(f"ê³„ì¸µì  ê°ì • ì²˜ë¦¬ê¸° ë¡œë“œ í•„ìˆ˜ - ì‹¤íŒ¨: {e}")
RuntimeError: ê³„ì¸µì  ê°ì • ì²˜ë¦¬ê¸° ë¡œë“œ í•„ìˆ˜ - ì‹¤íŒ¨: SentenceTransformer ì´ˆê¸°í™” ì‹¤íŒ¨: [GPU] ë©”ëª¨ë¦¬ í™•ë³´ ì‹¤íŒ¨: sentence_transformers.models.Transformer_paraphrase-multilingual-mpnet-base-v2 (required=False)
