2025-09-05 10:45:31 | RedHeart.MainUnified | INFO | 🖥️ 사용 디바이스: cuda
2025-09-05 10:45:31 | RedHeart.MainUnified | INFO |    GPU: NVIDIA GeForce RTX 2070 SUPER
2025-09-05 10:45:31 | RedHeart.MainUnified | INFO |    VRAM: 8.0GB
2025-09-05 10:45:31 | RedHeart.MainUnified | INFO | ✨ Red Heart AI 통합 추론 시스템 초기화
2025-09-05 10:45:31 | RedHeart.MainUnified | INFO | ======================================================================
2025-09-05 10:45:31 | RedHeart.MainUnified | INFO | 🚀 시스템 초기화 시작...
2025-09-05 10:45:31 | RedHeart.MainUnified | INFO | ======================================================================
2025-09-05 10:45:31 | RedHeart.MainUnified | INFO | 📦 지정된 메모리 모드: medium
2025-09-05 10:45:31 | RedHeart.MainUnified | INFO | 📦 UnifiedModel 로드 중...
2025-09-05 10:45:35 | sentence_transformer_singleton | INFO | SentenceTransformerManager 초기화 완료 (Subprocess Server 기반)
2025-09-05 10:45:35 | training.enhanced_checkpoint_manager | INFO |   - 기존 메타데이터 로드: 30개 체크포인트
2025-09-05 10:45:35 | training.enhanced_checkpoint_manager | INFO | ✅ Enhanced CheckpointManager 초기화
2025-09-05 10:45:35 | training.enhanced_checkpoint_manager | INFO |   - 저장 디렉토리: training/checkpoints_final
2025-09-05 10:45:35 | training.enhanced_checkpoint_manager | INFO |   - 최대 체크포인트: 30개
2025-09-05 10:45:35 | training.enhanced_checkpoint_manager | INFO |   - 저장 간격: 1 에폭마다
2025-09-05 10:45:36 | unified_backbone | INFO | 백본 총 파라미터: 90,624,132 (90.62M)
2025-09-05 10:45:36 | unified_backbone | INFO | 학습 가능 파라미터: 90,624,132 (90.62M)
2025-09-05 10:45:36 | unified_heads | INFO | 감정 헤드 파라미터: 17,254,583 (17.25M)
2025-09-05 10:45:36 | unified_heads | INFO | 벤담 헤드 파라미터: 13,871,919 (13.87M)
2025-09-05 10:45:36 | unified_heads | INFO | 후회 헤드 파라미터: 19,897,161 (19.90M)
2025-09-05 10:45:36 | unified_heads | INFO | SURD 헤드 파라미터: 12,025,739 (12.03M)
2025-09-05 10:45:37 | analyzer_neural_modules | INFO | NeuralEmotionAnalyzer 초기화: 122,595,407 파라미터
2025-09-05 10:45:37 | analyzer_neural_modules | INFO | NeuralBenthamCalculator 초기화: 78,281,602 파라미터
2025-09-05 10:45:38 | analyzer_neural_modules | INFO | NeuralRegretAnalyzer 초기화: 153,872,666 파라미터
2025-09-05 10:45:38 | analyzer_neural_modules | INFO | NeuralSURDAnalyzer 초기화: 13,473,032 파라미터
2025-09-05 10:45:38 | analyzer_neural_modules | INFO | 전체 신경망 분석기 파라미터: 368,222,707 (368.2M)
2025-09-05 10:45:39 | emotion_dsp_simulator | INFO | EmotionDSPSimulator 초기화 완료 (~14M 파라미터)
2025-09-05 10:45:39 | RedHeart.MainUnified | INFO |    에폭 50 체크포인트 자동 검색: checkpoint_epoch_0050_lr_0.000009_20250827_154403.pt
2025-09-05 10:45:39 | RedHeart.MainUnified | INFO |    체크포인트 로드: checkpoint_epoch_0050_lr_0.000009_20250827_154403.pt
2025-09-05 10:46:08 | RedHeart.MainUnified | INFO |    ✅ 모델 가중치 로드 완료
2025-09-05 10:46:08 | RedHeart.MainUnified | INFO |    - Epoch: 50
2025-09-05 10:46:08 | RedHeart.MainUnified | INFO |    - Loss: unknown
2025-09-05 10:46:09 | RedHeart.MainUnified | INFO |    📌 MEDIUM 모드: 백본/헤드만 GPU, analyzers는 CPU 유지
2025-09-05 10:46:09 | RedHeart.MainUnified | INFO |    📊 총 파라미터: 532.4M
2025-09-05 10:46:09 | RedHeart.MainUnified | INFO |    📊 학습가능 파라미터: 532.4M
2025-09-05 10:46:09 | RedHeart.MainUnified | INFO | 🌐 번역기 로드 중...
2025-09-05 10:46:09 | local_translator | INFO | LocalTranslator 생성 - 전역 모듈로 초기화됨
2025-09-05 10:46:09 | local_translator | INFO | 🔄 OPUS-MT 모델 로드 중: Helsinki-NLP/opus-mt-ko-en
2025-09-05 10:46:58 | hf_model_wrapper | INFO | ✅ HF 모델 자동 등록 활성화됨 (모델, 토크나이저, 프로세서 포함)
2025-09-05 10:46:58 | hf_model_wrapper | INFO | 🔄 HF 모델 로딩 중: Helsinki-NLP/opus-mt-ko-en (소유자: translator)
2025-09-05 10:46:59 | local_translator | INFO | ✅ OPUS-MT 모델 로드 완료 (소요시간: 50.5초, 디바이스: cpu)
2025-09-05 10:46:59 | local_translator | INFO | 📊 Translator는 CPU에서 초기화됨 (GPU 메모리 절약)
2025-09-05 10:46:59 | workflow_aware_memory_manager | INFO | ✅ HF 모델 래퍼와 메모리 매니저 통합 완료
2025-09-05 10:46:59 | dynamic_swap_manager | INFO | RedHeartDynamicSwapManager 초기화 완료
2025-09-05 10:46:59 | dynamic_swap_manager | INFO | [DSM] translator 크기: 297.6MB (mgr_id=138159389467968)
2025-09-05 10:46:59 | dynamic_swap_manager | INFO |    💾 translator을 RAM에 등록 (location=RAM, size=297.6MB)
2025-09-05 10:46:59 | dynamic_swap_manager | INFO | [REGISTER HEAD] translator (297.6MB, 우선순위: high)
2025-09-05 10:46:59 | local_translator | INFO | ✅ Translator를 DSM에 등록 (HIGH priority)
2025-09-05 10:46:59 | RedHeart.Config | INFO | 🔥 register_system_module 호출: module_id=translator, instance_type=<class 'local_translator.LocalTranslator'>, config_section=None
2025-09-05 10:46:59 | RedHeart.Config | INFO | 🔥 모듈 인스턴스 등록 (config_section 없음): translator -> <class 'local_translator.LocalTranslator'>
2025-09-05 10:46:59 | RedHeart.MainUnified | INFO |    ✅ 번역기 로드 및 등록 완료
2025-09-05 10:46:59 | RedHeart.MainUnified | INFO | 🧠 Neural Analyzers 부분 로드 중 (['emotion', 'bentham'])...
2025-09-05 10:47:00 | analyzer_neural_modules | INFO | NeuralEmotionAnalyzer 초기화: 122,333,263 파라미터
2025-09-05 10:47:01 | analyzer_neural_modules | INFO | NeuralBenthamCalculator 초기화: 78,019,458 파라미터
2025-09-05 10:47:02 | analyzer_neural_modules | INFO | NeuralRegretAnalyzer 초기화: 153,610,522 파라미터
2025-09-05 10:47:02 | analyzer_neural_modules | INFO | NeuralSURDAnalyzer 초기화: 13,276,424 파라미터
2025-09-05 10:47:02 | analyzer_neural_modules | INFO | 전체 신경망 분석기 파라미터: 367,239,667 (367.2M)
2025-09-05 10:47:02 | RedHeart.MainUnified | INFO |    부분 로드 완료: ['emotion', 'bentham']
2025-09-05 10:47:02 | RedHeart.MainUnified | INFO |    체크포인트 Neural Analyzers 896차원 가중치 복원 중...
2025-09-05 10:47:02 | RedHeart.MainUnified | INFO |    - emotion: 768→896 프로젝션 어댑터 추가
2025-09-05 10:47:02 | RedHeart.MainUnified | INFO |    - bentham: 768→896 프로젝션 어댑터 추가
2025-09-05 10:47:02 | RedHeart.MainUnified | INFO |    - regret: 768→896 프로젝션 어댑터 추가
2025-09-05 10:47:02 | RedHeart.MainUnified | INFO |    - surd: 768→896 프로젝션 어댑터 추가
2025-09-05 10:47:02 | RedHeart.MainUnified | INFO |    ✅ 896차원 Neural Analyzers 복원 완료 (프로젝션 어댑터 사용)
2025-09-05 10:47:02 | RedHeart.MainUnified | INFO |    - emotion: CPU 초기화 (동적 스왑 대기)
2025-09-05 10:47:02 | RedHeart.MainUnified | INFO |    - emotion: 122.6M params
2025-09-05 10:47:02 | RedHeart.MainUnified | INFO |    - bentham: CPU 초기화 (동적 스왑 대기)
2025-09-05 10:47:02 | RedHeart.MainUnified | INFO |    - bentham: 78.3M params
2025-09-05 10:47:02 | RedHeart.MainUnified | INFO |    - regret: CPU 초기화 (동적 스왑 대기)
2025-09-05 10:47:02 | RedHeart.MainUnified | INFO |    - regret: 153.9M params
2025-09-05 10:47:02 | RedHeart.MainUnified | INFO |    - surd: CPU 초기화 (동적 스왑 대기)
2025-09-05 10:47:02 | RedHeart.MainUnified | INFO |    - surd: 13.5M params
2025-09-05 10:47:02 | RedHeart.MainUnified | INFO |    ✅ Neural Analyzers 로드 완료
2025-09-05 10:47:02 | RedHeart.MainUnified | INFO |    📌 UnifiedModel에 Neural Analyzers 전달 완료
2025-09-05 10:47:02 | RedHeart.MainUnified | INFO | 🎯 Advanced Analyzer Wrappers 부분 로드 중 (['advanced_emotion', 'advanced_bentham'])...
2025-09-05 10:47:02 | RedHeart.MainUnified | INFO |    📌 MEDIUM 모드: Advanced Wrappers CPU 초기화 설정
2025-09-05 10:47:04 | RedHeartLinux.AdvancedEmotion | INFO | 📌 FORCE_CPU_INIT: AdvancedEmotionAnalyzer CPU 모드 강제
2025-09-05 10:47:04 | RedHeartLinux.AdvancedEmotion | INFO | 감정 임베딩 모델 초기화 시작...
2025-09-05 10:47:04 | sentence_transformer_singleton | INFO | 📌 CPU 모드: sentence-transformers/paraphrase-multilingual-mpnet-base-v2 직접 로드 (subprocess 우회)
2025-09-05 10:47:04 | RedHeartLinux.AdvancedEmotion | ERROR | 임베딩 모델 로드 실패: cannot access local variable 'os' where it is not associated with a value
2025-09-05 10:47:04 | advanced_analyzer_wrappers | ERROR | Advanced Emotion Wrapper 생성 실패: 임베딩 모델 로드 필수 - 실패: cannot access local variable 'os' where it is not associated with a value
2025-09-05 10:47:04 | RedHeart.MainUnified | ERROR |    ❌ Advanced Wrappers 로드 실패: 필수 Wrapper 생성 실패 - advanced_emotion: 임베딩 모델 로드 필수 - 실패: cannot access local variable 'os' where it is not associated with a value
2025-09-05 10:47:04 | RedHeart.MainUnified | ERROR | ❌ 초기화 실패: Advanced Wrappers 로드 필수 - 실패: 필수 Wrapper 생성 실패 - advanced_emotion: 임베딩 모델 로드 필수 - 실패: cannot access local variable 'os' where it is not associated with a value
Traceback (most recent call last):
  File "/mnt/c/large_project/linux_red_heart/advanced_emotion_analyzer.py", line 879, in _load_emotion_embedding_model
    self.embedders['multilingual'] = get_sentence_transformer(
                                     ^^^^^^^^^^^^^^^^^^^^^^^^^
  File "/mnt/c/large_project/linux_red_heart/sentence_transformer_singleton.py", line 445, in get_sentence_transformer
    return _manager.get_model(model_name, device, cache_folder)
           ^^^^^^^^^^^^^^^^^^^^^^^^^^^^^^^^^^^^^^^^^^^^^^^^^^^^
  File "/mnt/c/large_project/linux_red_heart/sentence_transformer_singleton.py", line 90, in get_model
    cache_folder = os.path.join(MODELS_DIR, 'sentence_transformers')
                   ^^
UnboundLocalError: cannot access local variable 'os' where it is not associated with a value

During handling of the above exception, another exception occurred:

Traceback (most recent call last):
  File "/mnt/c/large_project/linux_red_heart/advanced_analyzer_wrappers.py", line 338, in create_advanced_analyzer_wrappers
    wrappers['advanced_emotion'] = AdvancedEmotionAnalyzerWrapper()
                                   ^^^^^^^^^^^^^^^^^^^^^^^^^^^^^^^^
  File "/mnt/c/large_project/linux_red_heart/advanced_analyzer_wrappers.py", line 22, in __init__
    self.analyzer = AdvancedEmotionAnalyzer()
                    ^^^^^^^^^^^^^^^^^^^^^^^^^
  File "/mnt/c/large_project/linux_red_heart/advanced_emotion_analyzer.py", line 358, in __init__
    self._load_emotion_embedding_model()
  File "/mnt/c/large_project/linux_red_heart/advanced_emotion_analyzer.py", line 896, in _load_emotion_embedding_model
    raise RuntimeError(f"임베딩 모델 로드 필수 - 실패: {e}")
RuntimeError: 임베딩 모델 로드 필수 - 실패: cannot access local variable 'os' where it is not associated with a value

During handling of the above exception, another exception occurred:

Traceback (most recent call last):
  File "/mnt/c/large_project/linux_red_heart/main_unified.py", line 682, in _load_advanced_wrappers
    all_wrappers = create_advanced_analyzer_wrappers()
                   ^^^^^^^^^^^^^^^^^^^^^^^^^^^^^^^^^^^
  File "/mnt/c/large_project/linux_red_heart/advanced_analyzer_wrappers.py", line 341, in create_advanced_analyzer_wrappers
    raise RuntimeError(f"필수 Wrapper 생성 실패 - advanced_emotion: {e}")
RuntimeError: 필수 Wrapper 생성 실패 - advanced_emotion: 임베딩 모델 로드 필수 - 실패: cannot access local variable 'os' where it is not associated with a value

During handling of the above exception, another exception occurred:

Traceback (most recent call last):
  File "/mnt/c/large_project/linux_red_heart/main_unified.py", line 3178, in <module>
    asyncio.run(main())
  File "/usr/lib/python3.12/asyncio/runners.py", line 194, in run
    return runner.run(main)
           ^^^^^^^^^^^^^^^^
  File "/usr/lib/python3.12/asyncio/runners.py", line 118, in run
    return self._loop.run_until_complete(task)
           ^^^^^^^^^^^^^^^^^^^^^^^^^^^^^^^^^^^
  File "/usr/lib/python3.12/asyncio/base_events.py", line 687, in run_until_complete
    return future.result()
           ^^^^^^^^^^^^^^^
  File "/mnt/c/large_project/linux_red_heart/main_unified.py", line 3104, in main
    await system.initialize()
  File "/mnt/c/large_project/linux_red_heart/main_unified.py", line 392, in initialize
    await self._load_advanced_wrappers()
  File "/mnt/c/large_project/linux_red_heart/main_unified.py", line 849, in _load_advanced_wrappers
    raise RuntimeError(f"Advanced Wrappers 로드 필수 - 실패: {e}")
RuntimeError: Advanced Wrappers 로드 필수 - 실패: 필수 Wrapper 생성 실패 - advanced_emotion: 임베딩 모델 로드 필수 - 실패: cannot access local variable 'os' where it is not associated with a value
