2025-09-04 23:21:45 | RedHeart.MainUnified | INFO | ğŸ–¥ï¸ ì‚¬ìš© ë””ë°”ì´ìŠ¤: cuda
2025-09-04 23:21:45 | RedHeart.MainUnified | INFO |    GPU: NVIDIA GeForce RTX 2070 SUPER
2025-09-04 23:21:45 | RedHeart.MainUnified | INFO |    VRAM: 8.0GB
2025-09-04 23:21:45 | RedHeart.MainUnified | INFO | âœ¨ Red Heart AI í†µí•© ì¶”ë¡  ì‹œìŠ¤í…œ ì´ˆê¸°í™”
2025-09-04 23:21:45 | RedHeart.MainUnified | INFO | ======================================================================
2025-09-04 23:21:45 | RedHeart.MainUnified | INFO | ğŸš€ ì‹œìŠ¤í…œ ì´ˆê¸°í™” ì‹œì‘...
2025-09-04 23:21:45 | RedHeart.MainUnified | INFO | ======================================================================
2025-09-04 23:21:45 | RedHeart.MainUnified | INFO | ğŸ“¦ ì§€ì •ëœ ë©”ëª¨ë¦¬ ëª¨ë“œ: medium
2025-09-04 23:21:45 | RedHeart.MainUnified | INFO | ğŸ“¦ UnifiedModel ë¡œë“œ ì¤‘...
2025-09-04 23:21:48 | sentence_transformer_singleton | INFO | SentenceTransformerManager ì´ˆê¸°í™” ì™„ë£Œ (Subprocess Server ê¸°ë°˜)
2025-09-04 23:21:48 | training.enhanced_checkpoint_manager | INFO |   - ê¸°ì¡´ ë©”íƒ€ë°ì´í„° ë¡œë“œ: 30ê°œ ì²´í¬í¬ì¸íŠ¸
2025-09-04 23:21:48 | training.enhanced_checkpoint_manager | INFO | âœ… Enhanced CheckpointManager ì´ˆê¸°í™”
2025-09-04 23:21:48 | training.enhanced_checkpoint_manager | INFO |   - ì €ì¥ ë””ë ‰í† ë¦¬: training/checkpoints_final
2025-09-04 23:21:48 | training.enhanced_checkpoint_manager | INFO |   - ìµœëŒ€ ì²´í¬í¬ì¸íŠ¸: 30ê°œ
2025-09-04 23:21:48 | training.enhanced_checkpoint_manager | INFO |   - ì €ì¥ ê°„ê²©: 1 ì—í­ë§ˆë‹¤
2025-09-04 23:21:49 | unified_backbone | INFO | ë°±ë³¸ ì´ íŒŒë¼ë¯¸í„°: 90,624,132 (90.62M)
2025-09-04 23:21:49 | unified_backbone | INFO | í•™ìŠµ ê°€ëŠ¥ íŒŒë¼ë¯¸í„°: 90,624,132 (90.62M)
2025-09-04 23:21:49 | unified_heads | INFO | ê°ì • í—¤ë“œ íŒŒë¼ë¯¸í„°: 17,254,583 (17.25M)
2025-09-04 23:21:49 | unified_heads | INFO | ë²¤ë‹´ í—¤ë“œ íŒŒë¼ë¯¸í„°: 13,871,919 (13.87M)
2025-09-04 23:21:49 | unified_heads | INFO | í›„íšŒ í—¤ë“œ íŒŒë¼ë¯¸í„°: 19,897,161 (19.90M)
2025-09-04 23:21:49 | unified_heads | INFO | SURD í—¤ë“œ íŒŒë¼ë¯¸í„°: 12,025,739 (12.03M)
2025-09-04 23:21:50 | analyzer_neural_modules | INFO | NeuralEmotionAnalyzer ì´ˆê¸°í™”: 122,595,407 íŒŒë¼ë¯¸í„°
2025-09-04 23:21:51 | analyzer_neural_modules | INFO | NeuralBenthamCalculator ì´ˆê¸°í™”: 78,281,602 íŒŒë¼ë¯¸í„°
2025-09-04 23:21:52 | analyzer_neural_modules | INFO | NeuralRegretAnalyzer ì´ˆê¸°í™”: 153,872,666 íŒŒë¼ë¯¸í„°
2025-09-04 23:21:52 | analyzer_neural_modules | INFO | NeuralSURDAnalyzer ì´ˆê¸°í™”: 13,473,032 íŒŒë¼ë¯¸í„°
2025-09-04 23:21:52 | analyzer_neural_modules | INFO | ì „ì²´ ì‹ ê²½ë§ ë¶„ì„ê¸° íŒŒë¼ë¯¸í„°: 368,222,707 (368.2M)
2025-09-04 23:21:52 | emotion_dsp_simulator | INFO | EmotionDSPSimulator ì´ˆê¸°í™” ì™„ë£Œ (~14M íŒŒë¼ë¯¸í„°)
2025-09-04 23:21:52 | RedHeart.MainUnified | INFO |    ì—í­ 50 ì²´í¬í¬ì¸íŠ¸ ìë™ ê²€ìƒ‰: checkpoint_epoch_0050_lr_0.000009_20250827_154403.pt
2025-09-04 23:21:52 | RedHeart.MainUnified | INFO |    ì²´í¬í¬ì¸íŠ¸ ë¡œë“œ: checkpoint_epoch_0050_lr_0.000009_20250827_154403.pt
2025-09-04 23:22:21 | RedHeart.MainUnified | INFO |    âœ… ëª¨ë¸ ê°€ì¤‘ì¹˜ ë¡œë“œ ì™„ë£Œ
2025-09-04 23:22:21 | RedHeart.MainUnified | INFO |    - Epoch: 50
2025-09-04 23:22:21 | RedHeart.MainUnified | INFO |    - Loss: unknown
2025-09-04 23:22:21 | RedHeart.MainUnified | INFO |    ğŸ“Œ MEDIUM ëª¨ë“œ: ë°±ë³¸/í—¤ë“œë§Œ GPU, analyzersëŠ” CPU ìœ ì§€
2025-09-04 23:22:21 | RedHeart.MainUnified | INFO |    ğŸ“Š ì´ íŒŒë¼ë¯¸í„°: 532.4M
2025-09-04 23:22:21 | RedHeart.MainUnified | INFO |    ğŸ“Š í•™ìŠµê°€ëŠ¥ íŒŒë¼ë¯¸í„°: 532.4M
2025-09-04 23:22:21 | RedHeart.MainUnified | INFO | ğŸ§  Neural Analyzers ë¶€ë¶„ ë¡œë“œ ì¤‘ (['emotion', 'bentham'])...
2025-09-04 23:22:22 | analyzer_neural_modules | INFO | NeuralEmotionAnalyzer ì´ˆê¸°í™”: 122,333,263 íŒŒë¼ë¯¸í„°
2025-09-04 23:22:22 | analyzer_neural_modules | INFO | NeuralBenthamCalculator ì´ˆê¸°í™”: 78,019,458 íŒŒë¼ë¯¸í„°
2025-09-04 23:22:23 | analyzer_neural_modules | INFO | NeuralRegretAnalyzer ì´ˆê¸°í™”: 153,610,522 íŒŒë¼ë¯¸í„°
2025-09-04 23:22:24 | analyzer_neural_modules | INFO | NeuralSURDAnalyzer ì´ˆê¸°í™”: 13,276,424 íŒŒë¼ë¯¸í„°
2025-09-04 23:22:24 | analyzer_neural_modules | INFO | ì „ì²´ ì‹ ê²½ë§ ë¶„ì„ê¸° íŒŒë¼ë¯¸í„°: 367,239,667 (367.2M)
2025-09-04 23:22:24 | RedHeart.MainUnified | INFO |    ë¶€ë¶„ ë¡œë“œ ì™„ë£Œ: ['emotion', 'bentham']
2025-09-04 23:22:24 | RedHeart.MainUnified | INFO |    ì²´í¬í¬ì¸íŠ¸ Neural Analyzers 896ì°¨ì› ê°€ì¤‘ì¹˜ ë³µì› ì¤‘...
2025-09-04 23:22:24 | RedHeart.MainUnified | INFO |    - emotion: 768â†’896 í”„ë¡œì ì…˜ ì–´ëŒ‘í„° ì¶”ê°€
2025-09-04 23:22:24 | RedHeart.MainUnified | INFO |    - bentham: 768â†’896 í”„ë¡œì ì…˜ ì–´ëŒ‘í„° ì¶”ê°€
2025-09-04 23:22:24 | RedHeart.MainUnified | INFO |    - regret: 768â†’896 í”„ë¡œì ì…˜ ì–´ëŒ‘í„° ì¶”ê°€
2025-09-04 23:22:24 | RedHeart.MainUnified | INFO |    - surd: 768â†’896 í”„ë¡œì ì…˜ ì–´ëŒ‘í„° ì¶”ê°€
2025-09-04 23:22:24 | RedHeart.MainUnified | INFO |    âœ… 896ì°¨ì› Neural Analyzers ë³µì› ì™„ë£Œ (í”„ë¡œì ì…˜ ì–´ëŒ‘í„° ì‚¬ìš©)
2025-09-04 23:22:24 | RedHeart.MainUnified | INFO |    - emotion: CPU ì´ˆê¸°í™” (ë™ì  ìŠ¤ì™‘ ëŒ€ê¸°)
2025-09-04 23:22:24 | RedHeart.MainUnified | INFO |    - emotion: 122.6M params
2025-09-04 23:22:24 | RedHeart.MainUnified | INFO |    - bentham: CPU ì´ˆê¸°í™” (ë™ì  ìŠ¤ì™‘ ëŒ€ê¸°)
2025-09-04 23:22:24 | RedHeart.MainUnified | INFO |    - bentham: 78.3M params
2025-09-04 23:22:24 | RedHeart.MainUnified | INFO |    - regret: CPU ì´ˆê¸°í™” (ë™ì  ìŠ¤ì™‘ ëŒ€ê¸°)
2025-09-04 23:22:24 | RedHeart.MainUnified | INFO |    - regret: 153.9M params
2025-09-04 23:22:24 | RedHeart.MainUnified | INFO |    - surd: CPU ì´ˆê¸°í™” (ë™ì  ìŠ¤ì™‘ ëŒ€ê¸°)
2025-09-04 23:22:24 | RedHeart.MainUnified | INFO |    - surd: 13.5M params
2025-09-04 23:22:24 | RedHeart.MainUnified | INFO |    âœ… Neural Analyzers ë¡œë“œ ì™„ë£Œ
2025-09-04 23:22:24 | RedHeart.MainUnified | INFO |    ğŸ“Œ UnifiedModelì— Neural Analyzers ì „ë‹¬ ì™„ë£Œ
2025-09-04 23:22:24 | RedHeart.MainUnified | INFO | ğŸ¯ Advanced Analyzer Wrappers ë¶€ë¶„ ë¡œë“œ ì¤‘ (['advanced_emotion', 'advanced_bentham'])...
2025-09-04 23:22:24 | RedHeart.MainUnified | INFO |    ğŸ“Œ MEDIUM ëª¨ë“œ: Advanced Wrappers CPU ì´ˆê¸°í™” ì„¤ì •
2025-09-04 23:23:11 | RedHeart.Config | INFO | GPU ì§ì ‘ ì‚¬ìš©: None (ì‚¬ìš©ë¥ : 82.3%, í•„ìš”: 500MB)
2025-09-04 23:23:11 | RedHeartLinux.AdvancedEmotion | INFO | ê°ì • ì„ë² ë”© ëª¨ë¸ ì´ˆê¸°í™” ì‹œì‘...
2025-09-04 23:23:11 | sentence_transformer_singleton | INFO | ìƒˆ í´ë¼ì´ì–¸íŠ¸ ìƒì„± ì‹œì‘: sentence-transformers/paraphrase-multilingual-mpnet-base-v2_cuda
2025-09-04 23:23:11 | sentence_transformer_client | INFO | í˜„ì¬ Pythonì´ venv í™˜ê²½: /mnt/c/large_project/linux_red_heart/red_heart_env/bin/python3
2025-09-04 23:23:11 | sentence_transformer_client | INFO | SentenceTransformer Client ì´ˆê¸°í™”: /mnt/c/large_project/linux_red_heart/sentence_transformer_server.py
2025-09-04 23:23:11 | sentence_transformer_client | INFO | Python ì‹¤í–‰íŒŒì¼: /mnt/c/large_project/linux_red_heart/red_heart_env/bin/python3
2025-09-04 23:23:11 | sentence_transformer_singleton | INFO | ì„œë²„ ì‹œì‘ ë° ëª¨ë¸ ë¡œë”©: sentence-transformers/paraphrase-multilingual-mpnet-base-v2 (device: cuda)
2025-09-04 23:23:11 | sentence_transformer_client | INFO | SentenceTransformer ì„œë²„ ì‹œì‘: /mnt/c/large_project/linux_red_heart/sentence_transformer_server.py
2025-09-04 23:23:11 | sentence_transformer_client | INFO | PYTHONPATH: /mnt/c/large_project/linux_red_heart/red_heart_env/lib/python3.12/site-packages:/mnt/c/large_project/linux_red_heart
2025-09-04 23:23:11 | sentence_transformer_client | INFO | VIRTUAL_ENV: /mnt/c/large_project/linux_red_heart/red_heart_env
2025-09-04 23:23:11 | sentence_transformer_client | INFO | stderr ë“œë ˆì¸ ìŠ¤ë ˆë“œ ì‹œì‘
2025-09-04 23:23:11 | sentence_transformer_client | INFO | stderr ë“œë ˆì¸ ìŠ¤ë ˆë“œ ìƒì„± ì™„ë£Œ
2025-09-04 23:23:20 | sentence_transformer_client | INFO | ì„œë²„ ì—°ê²° ì„±ê³µ
2025-09-04 23:23:20 | sentence_transformer_client | INFO | ëª¨ë¸ ë¡œë”© ìš”ì²­: sentence-transformers/paraphrase-multilingual-mpnet-base-v2 (device: cuda)
2025-09-04 23:24:38 | sentence_transformer_client | INFO | ëª¨ë¸ ë¡œë”© ì„±ê³µ: sentence-transformers/paraphrase-multilingual-mpnet-base-v2
2025-09-04 23:24:38 | sentence_transformer_singleton | INFO | í´ë¼ì´ì–¸íŠ¸ ìƒì„± ë° ëª¨ë¸ ë¡œë”© ì„±ê³µ: sentence-transformers/paraphrase-multilingual-mpnet-base-v2_cuda
2025-09-04 23:24:38 | sentence_transformer_singleton | INFO | ìƒˆ í´ë¼ì´ì–¸íŠ¸ ìƒì„± ì‹œì‘: jhgan/ko-sroberta-multitask_cuda
2025-09-04 23:24:38 | sentence_transformer_client | INFO | í˜„ì¬ Pythonì´ venv í™˜ê²½: /mnt/c/large_project/linux_red_heart/red_heart_env/bin/python3
2025-09-04 23:24:38 | sentence_transformer_client | INFO | SentenceTransformer Client ì´ˆê¸°í™”: /mnt/c/large_project/linux_red_heart/sentence_transformer_server.py
2025-09-04 23:24:38 | sentence_transformer_client | INFO | Python ì‹¤í–‰íŒŒì¼: /mnt/c/large_project/linux_red_heart/red_heart_env/bin/python3
2025-09-04 23:24:38 | sentence_transformer_singleton | INFO | ì„œë²„ ì‹œì‘ ë° ëª¨ë¸ ë¡œë”©: jhgan/ko-sroberta-multitask (device: cuda)
2025-09-04 23:24:38 | sentence_transformer_client | INFO | SentenceTransformer ì„œë²„ ì‹œì‘: /mnt/c/large_project/linux_red_heart/sentence_transformer_server.py
2025-09-04 23:24:38 | sentence_transformer_client | INFO | PYTHONPATH: /mnt/c/large_project/linux_red_heart/red_heart_env/lib/python3.12/site-packages:/mnt/c/large_project/linux_red_heart
2025-09-04 23:24:38 | sentence_transformer_client | INFO | VIRTUAL_ENV: /mnt/c/large_project/linux_red_heart/red_heart_env
2025-09-04 23:24:38 | sentence_transformer_client | INFO | stderr ë“œë ˆì¸ ìŠ¤ë ˆë“œ ì‹œì‘
2025-09-04 23:24:38 | sentence_transformer_client | INFO | stderr ë“œë ˆì¸ ìŠ¤ë ˆë“œ ìƒì„± ì™„ë£Œ
2025-09-04 23:24:48 | sentence_transformer_client | INFO | ì„œë²„ ì—°ê²° ì„±ê³µ
2025-09-04 23:24:48 | sentence_transformer_client | INFO | ëª¨ë¸ ë¡œë”© ìš”ì²­: jhgan/ko-sroberta-multitask (device: cuda)
2025-09-04 23:26:00 | sentence_transformer_client | INFO | ëª¨ë¸ ë¡œë”© ì„±ê³µ: jhgan/ko-sroberta-multitask
2025-09-04 23:26:00 | sentence_transformer_singleton | INFO | í´ë¼ì´ì–¸íŠ¸ ìƒì„± ë° ëª¨ë¸ ë¡œë”© ì„±ê³µ: jhgan/ko-sroberta-multitask_cuda
2025-09-04 23:26:00 | RedHeartLinux.AdvancedEmotion | INFO | ì„ë² ë”© ëª¨ë¸ ë¡œë“œ ì™„ë£Œ (ì‹±ê¸€í†¤): sentence-transformers/paraphrase-multilingual-mpnet-base-v2, jhgan/ko-sroberta-multitask
2025-09-04 23:26:00 | RedHeartLinux.AdvancedEmotion | INFO | ì„ë² ë”© ëª¨ë¸ ì´ˆê¸°í™” ì™„ë£Œ: 2 ëª¨ë¸ ë¡œë“œë¨
2025-09-04 23:26:00 | RedHeart.Config | INFO | ğŸ” get_system_module í˜¸ì¶œ: module_id=translator
2025-09-04 23:26:00 | RedHeart.Config | INFO | ğŸ” í˜„ì¬ ë“±ë¡ëœ ëª¨ë“ˆë“¤: []
2025-09-04 23:26:00 | RedHeart.Config | INFO | ğŸ” ê²°ê³¼: None
2025-09-04 23:26:00 | RedHeartLinux.AdvancedEmotion | ERROR | ì „ì—­ translator ëª¨ë“ˆì„ ì°¾ì„ ìˆ˜ ì—†ìŒ - ëª¨ë“ˆ ì´ˆê¸°í™” ìˆœì„œ í™•ì¸ í•„ìš”
2025-09-04 23:26:00 | advanced_analyzer_wrappers | ERROR | Advanced Emotion Wrapper ìƒì„± ì‹¤íŒ¨: ì „ì—­ translator ëª¨ë“ˆì„ ì°¾ì„ ìˆ˜ ì—†ìŒ - ëª¨ë“ˆ ì´ˆê¸°í™” ìˆœì„œ í™•ì¸ í•„ìš”
2025-09-04 23:26:00 | RedHeart.MainUnified | ERROR |    âŒ Advanced Wrappers ë¡œë“œ ì‹¤íŒ¨: í•„ìˆ˜ Wrapper ìƒì„± ì‹¤íŒ¨ - advanced_emotion: ì „ì—­ translator ëª¨ë“ˆì„ ì°¾ì„ ìˆ˜ ì—†ìŒ - ëª¨ë“ˆ ì´ˆê¸°í™” ìˆœì„œ í™•ì¸ í•„ìš”
2025-09-04 23:26:00 | RedHeart.MainUnified | ERROR | âŒ ì´ˆê¸°í™” ì‹¤íŒ¨: Advanced Wrappers ë¡œë“œ í•„ìˆ˜ - ì‹¤íŒ¨: í•„ìˆ˜ Wrapper ìƒì„± ì‹¤íŒ¨ - advanced_emotion: ì „ì—­ translator ëª¨ë“ˆì„ ì°¾ì„ ìˆ˜ ì—†ìŒ - ëª¨ë“ˆ ì´ˆê¸°í™” ìˆœì„œ í™•ì¸ í•„ìš”
Traceback (most recent call last):
  File "/mnt/c/large_project/linux_red_heart/advanced_analyzer_wrappers.py", line 338, in create_advanced_analyzer_wrappers
    wrappers['advanced_emotion'] = AdvancedEmotionAnalyzerWrapper()
                                   ^^^^^^^^^^^^^^^^^^^^^^^^^^^^^^^^
  File "/mnt/c/large_project/linux_red_heart/advanced_analyzer_wrappers.py", line 22, in __init__
    self.analyzer = AdvancedEmotionAnalyzer()
                    ^^^^^^^^^^^^^^^^^^^^^^^^^
  File "/mnt/c/large_project/linux_red_heart/advanced_emotion_analyzer.py", line 373, in __init__
    raise RuntimeError(error_msg)
RuntimeError: ì „ì—­ translator ëª¨ë“ˆì„ ì°¾ì„ ìˆ˜ ì—†ìŒ - ëª¨ë“ˆ ì´ˆê¸°í™” ìˆœì„œ í™•ì¸ í•„ìš”

During handling of the above exception, another exception occurred:

Traceback (most recent call last):
  File "/mnt/c/large_project/linux_red_heart/main_unified.py", line 682, in _load_advanced_wrappers
    all_wrappers = create_advanced_analyzer_wrappers()
                   ^^^^^^^^^^^^^^^^^^^^^^^^^^^^^^^^^^^
  File "/mnt/c/large_project/linux_red_heart/advanced_analyzer_wrappers.py", line 341, in create_advanced_analyzer_wrappers
    raise RuntimeError(f"í•„ìˆ˜ Wrapper ìƒì„± ì‹¤íŒ¨ - advanced_emotion: {e}")
RuntimeError: í•„ìˆ˜ Wrapper ìƒì„± ì‹¤íŒ¨ - advanced_emotion: ì „ì—­ translator ëª¨ë“ˆì„ ì°¾ì„ ìˆ˜ ì—†ìŒ - ëª¨ë“ˆ ì´ˆê¸°í™” ìˆœì„œ í™•ì¸ í•„ìš”

During handling of the above exception, another exception occurred:

Traceback (most recent call last):
  File "/mnt/c/large_project/linux_red_heart/main_unified.py", line 3168, in <module>
    asyncio.run(main())
  File "/usr/lib/python3.12/asyncio/runners.py", line 194, in run
    return runner.run(main)
           ^^^^^^^^^^^^^^^^
  File "/usr/lib/python3.12/asyncio/runners.py", line 118, in run
    return self._loop.run_until_complete(task)
           ^^^^^^^^^^^^^^^^^^^^^^^^^^^^^^^^^^^
  File "/usr/lib/python3.12/asyncio/base_events.py", line 687, in run_until_complete
    return future.result()
           ^^^^^^^^^^^^^^^
  File "/mnt/c/large_project/linux_red_heart/main_unified.py", line 3094, in main
    await system.initialize()
  File "/mnt/c/large_project/linux_red_heart/main_unified.py", line 392, in initialize
    await self._load_advanced_wrappers()
  File "/mnt/c/large_project/linux_red_heart/main_unified.py", line 849, in _load_advanced_wrappers
    raise RuntimeError(f"Advanced Wrappers ë¡œë“œ í•„ìˆ˜ - ì‹¤íŒ¨: {e}")
RuntimeError: Advanced Wrappers ë¡œë“œ í•„ìˆ˜ - ì‹¤íŒ¨: í•„ìˆ˜ Wrapper ìƒì„± ì‹¤íŒ¨ - advanced_emotion: ì „ì—­ translator ëª¨ë“ˆì„ ì°¾ì„ ìˆ˜ ì—†ìŒ - ëª¨ë“ˆ ì´ˆê¸°í™” ìˆœì„œ í™•ì¸ í•„ìš”
