ğŸš€ Red Heart AI í†µí•© í•™ìŠµ ì‹œìŠ¤í…œ ì‹œì‘
===========================================
[0;34m[INFO][0m ì‘ì—… ë””ë ‰í† ë¦¬: /mnt/c/large_project/linux_red_heart
[0;34m[INFO][0m Red Heart AI í†µí•© í™˜ê²½ ìƒíƒœ í™•ì¸ ì¤‘...
[0;32m[SUCCESS][0m âœ… red_heart_env ê°€ìƒí™˜ê²½ ì¡´ì¬
[0;32m[SUCCESS][0m âœ… faiss-test conda í™˜ê²½ ì¡´ì¬
[0;32m[SUCCESS][0m âœ… FAISS ì„¤ì¹˜ë¨ ë° ì‘ë™ í™•ì¸
âœ… Red Heart AI í†µí•© í™˜ê²½ í™œì„±í™” ì™„ë£Œ
   - venv: /mnt/c/large_project/linux_red_heart/red_heart_env
   - conda: faiss-test (í•¨ê»˜ í™œì„±í™”ë¨)
   - python: /mnt/c/large_project/linux_red_heart/red_heart_env/bin/python
   - í™˜ê²½ ë¶„ë¦¬: faissâ†’conda subprocess, ë‚˜ë¨¸ì§€â†’venv
[0;32m[SUCCESS][0m âœ… ì£¼ìš” íŒ¨í‚¤ì§€ (torch, transformers, numpy) ì„¤ì¹˜ë¨
[0;32m[SUCCESS][0m ğŸ‰ ëª¨ë“  í™˜ê²½ì´ ì´ë¯¸ ì¤€ë¹„ë˜ì–´ ìˆìŠµë‹ˆë‹¤!
âœ… Red Heart AI í†µí•© í™˜ê²½ í™œì„±í™” ì™„ë£Œ
   - venv: /mnt/c/large_project/linux_red_heart/red_heart_env
   - conda: faiss-test (í•¨ê»˜ í™œì„±í™”ë¨)
   - python: /mnt/c/large_project/linux_red_heart/red_heart_env/bin/python
   - í™˜ê²½ ë¶„ë¦¬: faissâ†’conda subprocess, ë‚˜ë¨¸ì§€â†’venv
[0;32m[SUCCESS][0m âœ… Red Heart AI í†µí•© í™˜ê²½ í™œì„±í™” ì™„ë£Œ
[0;32m[SUCCESS][0m    - venv: /mnt/c/large_project/linux_red_heart/red_heart_env
[0;32m[SUCCESS][0m    - conda: faiss-test í™˜ê²½ ì¤€ë¹„ë¨
[0;32m[SUCCESS][0m    - python: /mnt/c/large_project/linux_red_heart/red_heart_env/bin/python
[0;32m[SUCCESS][0m    - í™˜ê²½ ë¶„ë¦¬: faissâ†’conda subprocess, ë‚˜ë¨¸ì§€â†’venv
[0;34m[INFO][0m Red Heart AI í†µí•© í•™ìŠµ ì‹œìŠ¤í…œ ì‹œì‘
[0;34m[INFO][0m í™˜ê²½ ë¶„ë¦¬: conda(faiss) + venv(transformers,torch)
[0;34m[INFO][0m Red Heart AI í†µí•© í•™ìŠµ ì‹œìŠ¤í…œ ì‹¤í–‰ ì‹œì‘...
[0;34m[INFO][0m ì‹¤í–‰ ëª¨ë“œ: unified-test
[0;34m[INFO][0m ğŸ§ª 800M í†µí•© ì‹œìŠ¤í…œ í…ŒìŠ¤íŠ¸ ëª¨ë“œ...
ğŸ” [ì´ˆê¸°í™” ì‹œì‘ ì „] GPU ë©”ëª¨ë¦¬ ìƒíƒœ:
   ğŸ’¾ ì´ ë©”ëª¨ë¦¬: 8.00GB
   ğŸ“Š í• ë‹¹ë¨: 0.000GB (0.0%)
   ğŸ“¦ ì˜ˆì•½ë¨: 0.000GB
   ğŸ’š ì—¬ìœ : 8.000GB
   ğŸ”„ config.py ì¸¡ì •: 0.0%
/mnt/c/large_project/linux_red_heart/red_heart_env/lib/python3.12/site-packages/torch/__init__.py:1021: FutureWarning: `torch.distributed.reduce_op` is deprecated, please use `torch.distributed.ReduceOp` instead
  return isinstance(obj, torch.Tensor)
   ğŸ§  GPU í…ì„œ: 0ê°œ, 0.000GB
   ğŸ—‚ï¸ ìºì‹œëœ ë©”ëª¨ë¦¬: 0.000GB
ğŸ” fast_init_mode = False
ğŸŒ ì „ì—­ ëª¨ë“ˆ ìˆœì°¨ ì´ˆê¸°í™” ì‹œì‘ - MasterMemoryOrchestrator ê´€ë¦¬
Device set to use cuda:0
Failed to determine 'entailment' label id from the label2id mapping in the model config. Setting to -1. Define a descriptive label2id mapping in the model config to ensure correct outputs.
Some weights of ElectraForSequenceClassification were not initialized from the model checkpoint at beomi/KcELECTRA-base-v2022 and are newly initialized: ['classifier.dense.bias', 'classifier.dense.weight', 'classifier.out_proj.bias', 'classifier.out_proj.weight']
You should probably TRAIN this model on a down-stream task to be able to use it for predictions and inference.
Device set to use cuda:0
Device set to use cuda:0
Device set to use cuda:0
ì–¸ë¡œë“œ ìš”ì²­ëœ ëª¨ë¸ì´ ë ˆì§€ìŠ¤íŠ¸ë¦¬ì— ì—†ìŒ: semantic_analyzer
HierarchicalPatternStructure: PyTorch ë„¤íŠ¸ì›Œí¬ê°€ ì—†ìŒ (ë”•ì…”ë„ˆë¦¬ ê¸°ë°˜ êµ¬ì¡°)
HierarchicalPatternStructure: PyTorch ë„¤íŠ¸ì›Œí¬ê°€ ì—†ìŒ (ë”•ì…”ë„ˆë¦¬ ê¸°ë°˜ êµ¬ì¡°)
   âš ï¸ neural_components nn.Module ì¶”ì¶œ ì‹¤íŒ¨ - DSM ë“±ë¡ ìŠ¤í‚µ
âš ï¸ í´ë˜ìŠ¤ 'AdvancedSurdAnalyzer' ëŒ€ì‹  'AdvancedSURDAnalyzer' ì‚¬ìš© (ìœ ì‚¬ë„ ê¸°ë°˜)
   âš ï¸ surd_analyzer nn.Module ì¶”ì¶œ ì‹¤íŒ¨ - DSM ë“±ë¡ ìŠ¤í‚µ
âš ï¸ í´ë˜ìŠ¤ 'AdvancedBayesianInferenceModule' ëŒ€ì‹  'AdvancedBayesianInference' ì‚¬ìš© (ìœ ì‚¬ë„ ê¸°ë°˜)
   âš ï¸ bayesian_engine nn.Module ì¶”ì¶œ ì‹¤íŒ¨ - DSM ë“±ë¡ ìŠ¤í‚µ
   âš ï¸ llm_engine nn.Module ì¶”ì¶œ ì‹¤íŒ¨ - DSM ë“±ë¡ ìŠ¤í‚µ
   âš ï¸ experience_database nn.Module ì¶”ì¶œ ì‹¤íŒ¨ - DSM ë“±ë¡ ìŠ¤í‚µ
   âš ï¸ hierarchical_emotion nn.Module ì¶”ì¶œ ì‹¤íŒ¨ - DSM ë“±ë¡ ìŠ¤í‚µ
   âš ï¸ usage_pattern_analyzer nn.Module ì¶”ì¶œ ì‹¤íŒ¨ - DSM ë“±ë¡ ìŠ¤í‚µ
âš ï¸ meta_integration ì´ë¯¸ ë“±ë¡ë¨ (ë™ì¼ íƒ€ì…: AdvancedMetaIntegrationSystem), ìŠ¤í‚µ
âš ï¸ GPU ì‚¬ìš©ë¥ ì´ ë‚®ìŠµë‹ˆë‹¤ (41.4%) - ë” ì ê·¹ì  ë¡œë”© í•„ìš”
âœ… ì „ì—­ ëª¨ë“ˆ ìˆœì°¨ ì´ˆê¸°í™” ì™„ë£Œ
ğŸ” [ì „ì—­ ëª¨ë“ˆ ì´ˆê¸°í™” í›„] GPU ë©”ëª¨ë¦¬ ìƒíƒœ:
   ğŸ’¾ ì´ ë©”ëª¨ë¦¬: 8.00GB
   ğŸ“Š í• ë‹¹ë¨: 3.289GB (41.1%)
   ğŸ“¦ ì˜ˆì•½ë¨: 3.338GB
   ğŸ’š ì—¬ìœ : 4.711GB
   ğŸ”„ config.py ì¸¡ì •: 41.1%
   ğŸ§  GPU í…ì„œ: 1717ê°œ, 3.261GB
   ğŸ“‹ í° í…ì„œ TOP 5:
      1. [50265, 1024] (torch.float32) - 196.3MB
      2. [54343, 768] (torch.float32) - 159.2MB
      3. [50265, 768] (torch.float32) - 147.3MB
      4. [65001, 512] (torch.float32) - 127.0MB
      5. [30522, 768] (torch.float32) - 89.4MB
   ğŸ—‚ï¸ ìºì‹œëœ ë©”ëª¨ë¦¬: 0.049GB
   ğŸ” ìƒˆë¡œìš´ Peak ë©”ëª¨ë¦¬: 3.316GB (at ì „ì—­ ëª¨ë“ˆ ì´ˆê¸°í™” í›„)
ğŸ” [ë°±ë³¸ ì´ˆê¸°í™” í›„] GPU ë©”ëª¨ë¦¬ ìƒíƒœ:
   ğŸ’¾ ì´ ë©”ëª¨ë¦¬: 8.00GB
   ğŸ“Š í• ë‹¹ë¨: 5.010GB (62.6%)
   ğŸ“¦ ì˜ˆì•½ë¨: 5.092GB
   ğŸ’š ì—¬ìœ : 2.990GB
   ğŸ”„ config.py ì¸¡ì •: 62.6%
   ğŸ§  GPU í…ì„œ: 1961ê°œ, 4.946GB
   ğŸ“‹ í° í…ì„œ TOP 5:
      1. [50000, 1280] (torch.float32) - 244.1MB
      2. [50265, 1024] (torch.float32) - 196.3MB
      3. [54343, 768] (torch.float32) - 159.2MB
      4. [50265, 768] (torch.float32) - 147.3MB
      5. [65001, 512] (torch.float32) - 127.0MB
   ğŸ—‚ï¸ ìºì‹œëœ ë©”ëª¨ë¦¬: 0.082GB
   ğŸ” ìƒˆë¡œìš´ Peak ë©”ëª¨ë¦¬: 5.010GB (at ë°±ë³¸ ì´ˆê¸°í™” í›„)
[O] set_swap_manager OK: self_id=140562755451984 global_id=140562755451984
âœ… ë°±ë³¸ DSM ë“±ë¡ ì™„ë£Œ (CRITICAL ìš°ì„ ìˆœìœ„)
ğŸ” [ìŠ¤ì™‘ ë§¤ë‹ˆì € ì´ˆê¸°í™” í›„] GPU ë©”ëª¨ë¦¬ ìƒíƒœ:
   ğŸ’¾ ì´ ë©”ëª¨ë¦¬: 8.00GB
   ğŸ“Š í• ë‹¹ë¨: 5.010GB (62.6%)
   ğŸ“¦ ì˜ˆì•½ë¨: 5.092GB
   ğŸ’š ì—¬ìœ : 2.990GB
   ğŸ”„ config.py ì¸¡ì •: 62.6%
   ğŸ§  GPU í…ì„œ: 1961ê°œ, 4.946GB
   ğŸ“‹ í° í…ì„œ TOP 5:
      1. [50000, 1280] (torch.float32) - 244.1MB
      2. [50265, 1024] (torch.float32) - 196.3MB
      3. [54343, 768] (torch.float32) - 159.2MB
      4. [50265, 768] (torch.float32) - 147.3MB
      5. [65001, 512] (torch.float32) - 127.0MB
   ğŸ—‚ï¸ ìºì‹œëœ ë©”ëª¨ë¦¬: 0.082GB
[DSM@ìŠ¤ì™‘ë§¤ë‹ˆì €ì´ˆê¸°í™”í›„] models=['unified_backbone']
[DSM@ìŠ¤ì™‘ë§¤ë‹ˆì €ì´ˆê¸°í™”í›„] gpu_resident=['unified_backbone'] sizes={'unified_backbone': '1725.4MB'}
[DSM@ìŠ¤ì™‘ë§¤ë‹ˆì €ì´ˆê¸°í™”í›„] priorities={'unified_backbone': 'critical'}
ğŸ“‹ í—¤ë“œ ì„ ë“±ë¡ ë³´ì¥ í•¨ìˆ˜ í˜¸ì¶œë¨
ğŸ“‹ swap_manager ìƒíƒœ: <class 'dynamic_swap_manager.RedHeartDynamicSwapManager'>
ğŸ“Š DSM ë“±ë¡ëœ í‚¤(ì„ ë“±ë¡ ì „): ['unified_backbone']
ğŸ” [í—¤ë“œ í˜¸í™˜ì„± ë§¤ë‹ˆì € ìƒì„± í›„] GPU ë©”ëª¨ë¦¬ ìƒíƒœ:
   ğŸ’¾ ì´ ë©”ëª¨ë¦¬: 8.00GB
   ğŸ“Š í• ë‹¹ë¨: 5.010GB (62.6%)
   ğŸ“¦ ì˜ˆì•½ë¨: 5.092GB
   ğŸ’š ì—¬ìœ : 2.990GB
   ğŸ”„ config.py ì¸¡ì •: 62.6%
   ğŸ§  GPU í…ì„œ: 1961ê°œ, 4.946GB
   ğŸ“‹ í° í…ì„œ TOP 5:
      1. [50000, 1280] (torch.float32) - 244.1MB
      2. [50265, 1024] (torch.float32) - 196.3MB
      3. [54343, 768] (torch.float32) - 159.2MB
      4. [50265, 768] (torch.float32) - 147.3MB
      5. [65001, 512] (torch.float32) - 127.0MB
   ğŸ—‚ï¸ ìºì‹œëœ ë©”ëª¨ë¦¬: 0.082GB
   ğŸ” ìƒˆë¡œìš´ Peak ë©”ëª¨ë¦¬: 5.010GB (at í—¤ë“œ í˜¸í™˜ì„± ë§¤ë‹ˆì € ìƒì„± í›„)
ğŸ“‹ í—¤ë“œ ì„ ë“±ë¡ ë³´ì¥ í•¨ìˆ˜ í˜¸ì¶œë¨
ğŸ“‹ swap_manager ìƒíƒœ: <class 'dynamic_swap_manager.RedHeartDynamicSwapManager'>
ğŸ“Š DSM ë“±ë¡ëœ í‚¤(ì„ ë“±ë¡ ì „): ['emotion_empathy_head', 'unified_backbone']
ğŸš¨ í—¤ë“œ ì´ˆê¸°í™” ì‹œì‘ - ë©”ëª¨ë¦¬ í­ë°œ ì˜ì‹¬ êµ¬ê°„!
ğŸ” head_compatibility_manager = <class 'head_compatibility_interface.HeadCompatibilityManager'>
ğŸ” head_compatibility_manager.initialized = False
ğŸ” initialize_all_heads() í˜¸ì¶œ ì§ì „...
âš ï¸ ë©”ëª¨ë¦¬ ê´€ë¦¬ ì£¼ì˜: 63.6% (85% ì´ˆê³¼)
ğŸ“Š ì¶”ê°€ í™œìš© ê°€ëŠ¥: í˜„ì¬ 66.3% (ëª©í‘œ 82%)
ğŸ” initialize_all_heads() í˜¸ì¶œ ì™„ë£Œ!
ğŸš¨ í—¤ë“œ ì´ˆê¸°í™” ì™„ë£Œ - ë©”ëª¨ë¦¬ ìƒíƒœ í™•ì¸ ì¤‘...
ğŸ” [ëª¨ë“  í—¤ë“œ ì´ˆê¸°í™” í›„] GPU ë©”ëª¨ë¦¬ ìƒíƒœ:
   ğŸ’¾ ì´ ë©”ëª¨ë¦¬: 8.00GB
   ğŸ“Š í• ë‹¹ë¨: 5.303GB (66.3%)
   ğŸ“¦ ì˜ˆì•½ë¨: 5.404GB
   ğŸ’š ì—¬ìœ : 2.696GB
   ğŸ”„ config.py ì¸¡ì •: 66.3%
   ğŸ§  GPU í…ì„œ: 2006ê°œ, 5.238GB
   ğŸ“‹ í° í…ì„œ TOP 5:
      1. [50000, 1280] (torch.float32) - 244.1MB
      2. [50265, 1024] (torch.float32) - 196.3MB
      3. [54343, 768] (torch.float32) - 159.2MB
      4. [50265, 768] (torch.float32) - 147.3MB
      5. [65001, 512] (torch.float32) - 127.0MB
   ğŸ—‚ï¸ ìºì‹œëœ ë©”ëª¨ë¦¬: 0.101GB
   ğŸ” ìƒˆë¡œìš´ Peak ë©”ëª¨ë¦¬: 5.303GB (at ëª¨ë“  í—¤ë“œ ì´ˆê¸°í™” í›„)
[DSM@í—¤ë“œì´ˆê¸°í™”í›„] models=['unified_backbone', 'emotion_empathy_head', 'meta_integration_head', 'semantic_surd_head', 'bentham_fromm_head', 'regret_learning_head']
[DSM@í—¤ë“œì´ˆê¸°í™”í›„] gpu_resident=['unified_backbone', 'meta_integration_head', 'semantic_surd_head', 'bentham_fromm_head', 'regret_learning_head', 'emotion_empathy_head'] sizes={'unified_backbone': '1725.4MB', 'meta_integration_head': '23.6MB', 'semantic_surd_head': '417.6MB', 'bentham_fromm_head': '0.0MB', 'regret_learning_head': '4.8MB', 'emotion_empathy_head': '31.1MB'}
[DSM@í—¤ë“œì´ˆê¸°í™”í›„] priorities={'unified_backbone': 'critical', 'meta_integration_head': 'low', 'semantic_surd_head': 'medium', 'bentham_fromm_head': 'high', 'regret_learning_head': 'medium', 'emotion_empathy_head': 'high'}
ğŸ” [ì‹œë„ˆì§€ ì‹œìŠ¤í…œ ì´ˆê¸°í™” í›„] GPU ë©”ëª¨ë¦¬ ìƒíƒœ:
   ğŸ’¾ ì´ ë©”ëª¨ë¦¬: 8.00GB
   ğŸ“Š í• ë‹¹ë¨: 5.303GB (66.3%)
   ğŸ“¦ ì˜ˆì•½ë¨: 5.404GB
   ğŸ’š ì—¬ìœ : 2.696GB
   ğŸ”„ config.py ì¸¡ì •: 66.3%
   ğŸ§  GPU í…ì„œ: 2006ê°œ, 5.238GB
   ğŸ“‹ í° í…ì„œ TOP 5:
      1. [50000, 1280] (torch.float32) - 244.1MB
      2. [50265, 1024] (torch.float32) - 196.3MB
      3. [54343, 768] (torch.float32) - 159.2MB
      4. [50265, 768] (torch.float32) - 147.3MB
      5. [65001, 512] (torch.float32) - 127.0MB
   ğŸ—‚ï¸ ìºì‹œëœ ë©”ëª¨ë¦¬: 0.101GB
[ULS] DSM id=140562755451984
ğŸ” [í•™ìŠµ ì‹œìŠ¤í…œ ì´ˆê¸°í™” í›„] GPU ë©”ëª¨ë¦¬ ìƒíƒœ:
   ğŸ’¾ ì´ ë©”ëª¨ë¦¬: 8.00GB
   ğŸ“Š í• ë‹¹ë¨: 7.025GB (87.8%)
   ğŸ“¦ ì˜ˆì•½ë¨: 7.160GB
   ğŸ’š ì—¬ìœ : 0.975GB
   ğŸ”„ config.py ì¸¡ì •: 87.8%
   ğŸ§  GPU í…ì„œ: 2250ê°œ, 6.923GB
   ğŸ“‹ í° í…ì„œ TOP 5:
      1. [50000, 1280] (torch.float32) - 244.1MB
      2. [50000, 1280] (torch.float32) - 244.1MB
      3. [50265, 1024] (torch.float32) - 196.3MB
      4. [54343, 768] (torch.float32) - 159.2MB
      5. [50265, 768] (torch.float32) - 147.3MB
   ğŸ—‚ï¸ ìºì‹œëœ ë©”ëª¨ë¦¬: 0.136GB
   ğŸ” ìƒˆë¡œìš´ Peak ë©”ëª¨ë¦¬: 7.025GB (at í•™ìŠµ ì‹œìŠ¤í…œ ì´ˆê¸°í™” í›„)
[DSM@í•™ìŠµì‹œìŠ¤í…œì´ˆê¸°í™”í›„] models=['unified_backbone', 'emotion_empathy_head', 'meta_integration_head', 'semantic_surd_head', 'bentham_fromm_head', 'regret_learning_head']
[DSM@í•™ìŠµì‹œìŠ¤í…œì´ˆê¸°í™”í›„] gpu_resident=['unified_backbone', 'meta_integration_head', 'semantic_surd_head', 'bentham_fromm_head', 'regret_learning_head', 'emotion_empathy_head'] sizes={'unified_backbone': '1725.4MB', 'meta_integration_head': '23.6MB', 'semantic_surd_head': '417.6MB', 'bentham_fromm_head': '0.0MB', 'regret_learning_head': '4.8MB', 'emotion_empathy_head': '31.1MB'}
[DSM@í•™ìŠµì‹œìŠ¤í…œì´ˆê¸°í™”í›„] priorities={'unified_backbone': 'critical', 'meta_integration_head': 'low', 'semantic_surd_head': 'medium', 'bentham_fromm_head': 'high', 'regret_learning_head': 'medium', 'emotion_empathy_head': 'high'}
ğŸ” [íŒ¨í„´ ë¶„ì„ê¸° ì´ˆê¸°í™” í›„] GPU ë©”ëª¨ë¦¬ ìƒíƒœ:
   ğŸ’¾ ì´ ë©”ëª¨ë¦¬: 8.00GB
   ğŸ“Š í• ë‹¹ë¨: 7.025GB (87.8%)
   ğŸ“¦ ì˜ˆì•½ë¨: 7.160GB
   ğŸ’š ì—¬ìœ : 0.975GB
   ğŸ”„ config.py ì¸¡ì •: 87.8%
   ğŸ§  GPU í…ì„œ: 2250ê°œ, 6.923GB
   ğŸ“‹ í° í…ì„œ TOP 5:
      1. [50000, 1280] (torch.float32) - 244.1MB
      2. [50000, 1280] (torch.float32) - 244.1MB
      3. [50265, 1024] (torch.float32) - 196.3MB
      4. [54343, 768] (torch.float32) - 159.2MB
      5. [50265, 768] (torch.float32) - 147.3MB
   ğŸ—‚ï¸ ìºì‹œëœ ë©”ëª¨ë¦¬: 0.136GB
ğŸ“‹ í—¤ë“œ ì„ ë“±ë¡ ë³´ì¥ í•¨ìˆ˜ í˜¸ì¶œë¨
ğŸ“‹ swap_manager ìƒíƒœ: <class 'dynamic_swap_manager.RedHeartDynamicSwapManager'>
ğŸ“Š DSM ë“±ë¡ëœ í‚¤(ì„ ë“±ë¡ ì „): ['bentham_fromm_head', 'emotion_empathy_head', 'meta_integration_head', 'regret_learning_head', 'semantic_surd_head', 'unified_backbone']
GPU ë©”ëª¨ë¦¬ ê¸´ê¸‰ ìƒí™©(87.8%) - ìµœì†Œ ë°°ì¹˜ë¡œ í•™ìŠµ ê³„ì†
emotion_empathy_head forward ì‹¤íŒ¨: 'dict' object has no attribute 'shape'
ì…ë ¥ shape: torch.Size([1, 768])
í—¤ë“œ emotion_empathy_head - gradient ëŠê¹€ ê°ì§€, ì¬ê³„ì‚° ì‹œë„...
emotion_empathy_head forward ì‹¤íŒ¨: 'dict' object has no attribute 'shape'
ì…ë ¥ shape: torch.Size([1, 768])
emotion_empathy_head loss ê³„ì‚° ì‹¤íŒ¨: The size of tensor a (10) must match the size of tensor b (1280) at non-singleton dimension 1, fallback MSE ì‚¬ìš©
í›ˆë ¨ ì¤‘ ì˜¤ë¥˜ ë°œìƒ: The size of tensor a (1280) must match the size of tensor b (10) at non-singleton dimension 1
ğŸ˜¨ ìƒì„¸ ì—ëŸ¬ ìŠ¤íƒ:
Traceback (most recent call last):
  File "/mnt/c/large_project/linux_red_heart/fix_nan_loss.py", line 125, in _calculate_safe_loss
    loss = F.kl_div(F.log_softmax(output, dim=-1), target_probs, reduction='batchmean')
           ^^^^^^^^^^^^^^^^^^^^^^^^^^^^^^^^^^^^^^^^^^^^^^^^^^^^^^^^^^^^^^^^^^^^^^^^^^^^
  File "/mnt/c/large_project/linux_red_heart/red_heart_env/lib/python3.12/site-packages/torch/nn/functional.py", line 3381, in kl_div
    reduced = torch.kl_div(input, target, reduction_enum, log_target=log_target)
              ^^^^^^^^^^^^^^^^^^^^^^^^^^^^^^^^^^^^^^^^^^^^^^^^^^^^^^^^^^^^^^^^^^
RuntimeError: The size of tensor a (10) must match the size of tensor b (1280) at non-singleton dimension 1

During handling of the above exception, another exception occurred:

Traceback (most recent call last):
  File "/mnt/c/large_project/linux_red_heart/unified_learning_system.py", line 1729, in train_unified_system
    step_metrics = await self.trainer.train_step(batch_data, active_heads)
                   ^^^^^^^^^^^^^^^^^^^^^^^^^^^^^^^^^^^^^^^^^^^^^^^^^^^^^^^
  File "/mnt/c/large_project/linux_red_heart/unified_learning_system.py", line 597, in train_step
    losses = self._calculate_losses(outputs, batch_data, active_heads)
             ^^^^^^^^^^^^^^^^^^^^^^^^^^^^^^^^^^^^^^^^^^^^^^^^^^^^^^^^^
  File "/mnt/c/large_project/linux_red_heart/unified_learning_system.py", line 680, in _calculate_losses
    losses = self._stable_loss_calculator.calculate_stable_losses(
             ^^^^^^^^^^^^^^^^^^^^^^^^^^^^^^^^^^^^^^^^^^^^^^^^^^^^^
  File "/mnt/c/large_project/linux_red_heart/fix_nan_loss.py", line 52, in calculate_stable_losses
    loss = self._calculate_safe_loss(head_output, target, head_type, config)
           ^^^^^^^^^^^^^^^^^^^^^^^^^^^^^^^^^^^^^^^^^^^^^^^^^^^^^^^^^^^^^^^^^
  File "/mnt/c/large_project/linux_red_heart/fix_nan_loss.py", line 147, in _calculate_safe_loss
    loss = F.mse_loss(output, target)
           ^^^^^^^^^^^^^^^^^^^^^^^^^^
  File "/mnt/c/large_project/linux_red_heart/red_heart_env/lib/python3.12/site-packages/torch/nn/functional.py", line 3791, in mse_loss
    expanded_input, expanded_target = torch.broadcast_tensors(input, target)
                                      ^^^^^^^^^^^^^^^^^^^^^^^^^^^^^^^^^^^^^^
  File "/mnt/c/large_project/linux_red_heart/red_heart_env/lib/python3.12/site-packages/torch/functional.py", line 76, in broadcast_tensors
    return _VF.broadcast_tensors(tensors)  # type: ignore[attr-defined]
           ^^^^^^^^^^^^^^^^^^^^^^^^^^^^^^
RuntimeError: The size of tensor a (1280) must match the size of tensor b (10) at non-singleton dimension 1

ğŸ” ì—ëŸ¬ íƒ€ì…: RuntimeError
ğŸ“ ì—íŸ¼í¬: 1/1, ë°°ì¹˜: 0
Python í†µí•© í•™ìŠµ ì˜¤ë¥˜: The size of tensor a (1280) must match the size of tensor b (10) at non-singleton dimension 1
ğŸ˜¨ ìƒì„¸ ì—ëŸ¬ ìŠ¤íƒ:
Traceback (most recent call last):
  File "/mnt/c/large_project/linux_red_heart/fix_nan_loss.py", line 125, in _calculate_safe_loss
    loss = F.kl_div(F.log_softmax(output, dim=-1), target_probs, reduction='batchmean')
           ^^^^^^^^^^^^^^^^^^^^^^^^^^^^^^^^^^^^^^^^^^^^^^^^^^^^^^^^^^^^^^^^^^^^^^^^^^^^
  File "/mnt/c/large_project/linux_red_heart/red_heart_env/lib/python3.12/site-packages/torch/nn/functional.py", line 3381, in kl_div
    reduced = torch.kl_div(input, target, reduction_enum, log_target=log_target)
              ^^^^^^^^^^^^^^^^^^^^^^^^^^^^^^^^^^^^^^^^^^^^^^^^^^^^^^^^^^^^^^^^^^
RuntimeError: The size of tensor a (10) must match the size of tensor b (1280) at non-singleton dimension 1

During handling of the above exception, another exception occurred:

Traceback (most recent call last):
  File "/mnt/c/large_project/linux_red_heart/unified_system_orchestrator.py", line 2030, in _run_python_training
    await self.learning_system.train_unified_system(
  File "/mnt/c/large_project/linux_red_heart/unified_learning_system.py", line 1729, in train_unified_system
    step_metrics = await self.trainer.train_step(batch_data, active_heads)
                   ^^^^^^^^^^^^^^^^^^^^^^^^^^^^^^^^^^^^^^^^^^^^^^^^^^^^^^^
  File "/mnt/c/large_project/linux_red_heart/unified_learning_system.py", line 597, in train_step
    losses = self._calculate_losses(outputs, batch_data, active_heads)
             ^^^^^^^^^^^^^^^^^^^^^^^^^^^^^^^^^^^^^^^^^^^^^^^^^^^^^^^^^
  File "/mnt/c/large_project/linux_red_heart/unified_learning_system.py", line 680, in _calculate_losses
    losses = self._stable_loss_calculator.calculate_stable_losses(
             ^^^^^^^^^^^^^^^^^^^^^^^^^^^^^^^^^^^^^^^^^^^^^^^^^^^^^
  File "/mnt/c/large_project/linux_red_heart/fix_nan_loss.py", line 52, in calculate_stable_losses
    loss = self._calculate_safe_loss(head_output, target, head_type, config)
           ^^^^^^^^^^^^^^^^^^^^^^^^^^^^^^^^^^^^^^^^^^^^^^^^^^^^^^^^^^^^^^^^^
  File "/mnt/c/large_project/linux_red_heart/fix_nan_loss.py", line 147, in _calculate_safe_loss
    loss = F.mse_loss(output, target)
           ^^^^^^^^^^^^^^^^^^^^^^^^^^
  File "/mnt/c/large_project/linux_red_heart/red_heart_env/lib/python3.12/site-packages/torch/nn/functional.py", line 3791, in mse_loss
    expanded_input, expanded_target = torch.broadcast_tensors(input, target)
                                      ^^^^^^^^^^^^^^^^^^^^^^^^^^^^^^^^^^^^^^
  File "/mnt/c/large_project/linux_red_heart/red_heart_env/lib/python3.12/site-packages/torch/functional.py", line 76, in broadcast_tensors
    return _VF.broadcast_tensors(tensors)  # type: ignore[attr-defined]
           ^^^^^^^^^^^^^^^^^^^^^^^^^^^^^^
RuntimeError: The size of tensor a (1280) must match the size of tensor b (10) at non-singleton dimension 1

ğŸ” ì—ëŸ¬ íƒ€ì…: RuntimeError
ğŸ“ num_epochs: 1, num_batches: 1
ğŸ” [ì´ˆê¸°í™” ì‹œì‘ ì „] GPU ë©”ëª¨ë¦¬ ìƒíƒœ:
   ğŸ’¾ ì´ ë©”ëª¨ë¦¬: 8.00GB
   ğŸ“Š í• ë‹¹ë¨: 7.037GB (88.0%)
   ğŸ“¦ ì˜ˆì•½ë¨: 7.955GB
   ğŸ’š ì—¬ìœ : 0.963GB
   ğŸ”„ config.py ì¸¡ì •: 88.0%
   ğŸ§  GPU í…ì„œ: 2271ê°œ, 6.927GB
   ğŸ“‹ í° í…ì„œ TOP 5:
      1. [50000, 1280] (torch.float32) - 244.1MB
      2. [50000, 1280] (torch.float32) - 244.1MB
      3. [50265, 1024] (torch.float32) - 196.3MB
      4. [54343, 768] (torch.float32) - 159.2MB
      5. [50265, 768] (torch.float32) - 147.3MB
   ğŸ—‚ï¸ ìºì‹œëœ ë©”ëª¨ë¦¬: 0.918GB
   ğŸ” ìƒˆë¡œìš´ Peak ë©”ëª¨ë¦¬: 7.762GB (at ì´ˆê¸°í™” ì‹œì‘ ì „)
ğŸ” fast_init_mode = False
ğŸŒ ì „ì—­ ëª¨ë“ˆ ìˆœì°¨ ì´ˆê¸°í™” ì‹œì‘ - MasterMemoryOrchestrator ê´€ë¦¬
[GPU BLOCKING] âŒ transformers.models.auto.tokenization_auto_opus-mt-ko-en í• ë‹¹ ì‹¤íŒ¨: íƒ€ì„ì•„ì›ƒ (30.0ì´ˆ)
âš ï¸ ë©”ëª¨ë¦¬ í™•ë³´ ì‹¤íŒ¨í–ˆì§€ë§Œ ì„ íƒ ëª¨ë“ˆì´ë¯€ë¡œ ê³„ì† ì§„í–‰: transformers.models.auto.tokenization_auto_opus-mt-ko-en
[GPU BLOCKING] âŒ translator_opus-mt-ko-en í• ë‹¹ ì‹¤íŒ¨: íƒ€ì„ì•„ì›ƒ (30.0ì´ˆ)
âš ï¸ ë©”ëª¨ë¦¬ í™•ë³´ ì‹¤íŒ¨í–ˆì§€ë§Œ ì„ íƒ ëª¨ë“ˆì´ë¯€ë¡œ ê³„ì† ì§„í–‰: translator_opus-mt-ko-en
âš ï¸ translator ì´ë¯¸ ë“±ë¡ë¨ (ë™ì¼ íƒ€ì…: LocalTranslator), ìŠ¤í‚µ
   âš ï¸ translator DSM ë“±ë¡ ì¤‘ ê²½ê³ : name 'SwapPriority' is not defined
[ì–¸ë¡œë“œ ë¶ˆê°€] ë” ì´ìƒ ì–¸ë¡œë“œí•  ìˆ˜ ìˆëŠ” ëª¨ë¸ì´ ì—†ìŠµë‹ˆë‹¤
[DSM] GPU ì‚¬ìš©ë¥  87.9%ë¡œ ëª©í‘œ 85.0% ë‹¬ì„± ì‹¤íŒ¨
ìŠ¤ì™‘ ê³µê°„ ë¶€ì¡±: temp_model_1754845864 (í•„ìš”: 857.0936447143554MB, í™•ë³´: FalseMB)
GPU ë©”ëª¨ë¦¬ ë¶€ì¡±ìœ¼ë¡œ CPUì—ì„œ ì‹¤í–‰: translator
[ì–¸ë¡œë“œ ë¶ˆê°€] ë” ì´ìƒ ì–¸ë¡œë“œí•  ìˆ˜ ìˆëŠ” ëª¨ë¸ì´ ì—†ìŠµë‹ˆë‹¤
[DSM] GPU ì‚¬ìš©ë¥  87.9%ë¡œ ëª©í‘œ 85.0% ë‹¬ì„± ì‹¤íŒ¨
ìŠ¤ì™‘ ê³µê°„ ë¶€ì¡±: temp_model_1754845919 (í•„ìš”: 1000MB, í™•ë³´: FalseMB)
[GPU BLOCKING] âŒ transformers.pipelines.base_emotion-english-distilroberta-base í• ë‹¹ ì‹¤íŒ¨: íƒ€ì„ì•„ì›ƒ (30.0ì´ˆ)
âš ï¸ ë©”ëª¨ë¦¬ í™•ë³´ ì‹¤íŒ¨í–ˆì§€ë§Œ ì„ íƒ ëª¨ë“ˆì´ë¯€ë¡œ ê³„ì† ì§„í–‰: transformers.pipelines.base_emotion-english-distilroberta-base
[GPU BLOCKING] âŒ transformers.pipelines_emotion-english-distilroberta-base í• ë‹¹ ì‹¤íŒ¨: íƒ€ì„ì•„ì›ƒ (30.0ì´ˆ)
âš ï¸ ë©”ëª¨ë¦¬ í™•ë³´ ì‹¤íŒ¨í–ˆì§€ë§Œ ì„ íƒ ëª¨ë“ˆì´ë¯€ë¡œ ê³„ì† ì§„í–‰: transformers.pipelines_emotion-english-distilroberta-base
Device set to use cpu
Failed to determine 'entailment' label id from the label2id mapping in the model config. Setting to -1. Define a descriptive label2id mapping in the model config to ensure correct outputs.
[GPU BLOCKING] âŒ emotion_analyzer_emotion-english-distilroberta-base í• ë‹¹ ì‹¤íŒ¨: íƒ€ì„ì•„ì›ƒ (30.0ì´ˆ)
[GPU BLOCKING] âŒ emotion_analyzer_emotion-english-distilroberta-base í• ë‹¹ ì¤‘ ì˜¤ë¥˜: [GPU BLOCKING] âŒ emotion_analyzer_emotion-english-distilroberta-base í• ë‹¹ ì‹¤íŒ¨: íƒ€ì„ì•„ì›ƒ (30.0ì´ˆ)
ë‹¤êµ­ì–´ ëª¨ë¸ ë¡œë“œ ì‹¤íŒ¨: [GPU BLOCKING] âŒ emotion_analyzer_emotion-english-distilroberta-base í• ë‹¹ ì¤‘ ì˜¤ë¥˜: [GPU BLOCKING] âŒ emotion_analyzer_emotion-english-distilroberta-base í• ë‹¹ ì‹¤íŒ¨: íƒ€ì„ì•„ì›ƒ (30.0ì´ˆ)
ëª¨ë¸ ì´ˆê¸°í™” ì‹¤íŒ¨: [GPU BLOCKING] âŒ emotion_analyzer_emotion-english-distilroberta-base í• ë‹¹ ì¤‘ ì˜¤ë¥˜: [GPU BLOCKING] âŒ emotion_analyzer_emotion-english-distilroberta-base í• ë‹¹ ì‹¤íŒ¨: íƒ€ì„ì•„ì›ƒ (30.0ì´ˆ)
AdvancedEmotionAnalyzer ì´ˆê¸°í™” ì‹¤íŒ¨: [GPU BLOCKING] âŒ emotion_analyzer_emotion-english-distilroberta-base í• ë‹¹ ì¤‘ ì˜¤ë¥˜: [GPU BLOCKING] âŒ emotion_analyzer_emotion-english-distilroberta-base í• ë‹¹ ì‹¤íŒ¨: íƒ€ì„ì•„ì›ƒ (30.0ì´ˆ)
âš ï¸ ëŒ€í˜• ëª¨ë¸ ë¡œë“œ ì‹¤íŒ¨í–ˆì§€ë§Œ ê¸°ë³¸ ë„¤íŠ¸ì›Œí¬ë¡œ ê³„ì† ì§„í–‰
âš ï¸ emotion_analyzer ì´ë¯¸ ë“±ë¡ë¨ (ë™ì¼ íƒ€ì…: AdvancedEmotionAnalyzer), ìŠ¤í‚µ
   âš ï¸ emotion_analyzer DSM ë“±ë¡ ì¤‘ ê²½ê³ : name 'SwapPriority' is not defined
[ì–¸ë¡œë“œ ë¶ˆê°€] ë” ì´ìƒ ì–¸ë¡œë“œí•  ìˆ˜ ìˆëŠ” ëª¨ë¸ì´ ì—†ìŠµë‹ˆë‹¤
[DSM] GPU ì‚¬ìš©ë¥  87.9%ë¡œ ëª©í‘œ 85.0% ë‹¬ì„± ì‹¤íŒ¨
ìŠ¤ì™‘ ê³µê°„ ë¶€ì¡±: temp_model_1754846010 (í•„ìš”: 537.2746658325195MB, í™•ë³´: FalseMB)
GPU ë©”ëª¨ë¦¬ ë¶€ì¡±ìœ¼ë¡œ CPUì—ì„œ ì‹¤í–‰: emotion_analyzer
GPU ë©”ëª¨ë¦¬ ì‚¬ìš©ë¥  ìœ„í—˜ ìˆ˜ì¤€: 87.9%
ê¸´ê¸‰ GPU ë©”ëª¨ë¦¬ ìµœì í™” ì‹œì‘
ê¸´ê¸‰ GPU ë©”ëª¨ë¦¬ ìµœì í™” ì™„ë£Œ
[ì–¸ë¡œë“œ ë¶ˆê°€] ë” ì´ìƒ ì–¸ë¡œë“œí•  ìˆ˜ ìˆëŠ” ëª¨ë¸ì´ ì—†ìŠµë‹ˆë‹¤
[DSM] GPU ì‚¬ìš©ë¥  87.9%ë¡œ ëª©í‘œ 85.0% ë‹¬ì„± ì‹¤íŒ¨
ìŠ¤ì™‘ ê³µê°„ ë¶€ì¡±: temp_model_1754846013 (í•„ìš”: 600MB, í™•ë³´: FalseMB)
âš ï¸ bentham_calculator ì´ë¯¸ ë“±ë¡ë¨ (ë™ì¼ íƒ€ì…: AdvancedBenthamCalculator), ìŠ¤í‚µ
   âš ï¸ bentham_calculator DSM ë“±ë¡ ì¤‘ ê²½ê³ : name 'SwapPriority' is not defined
ëª¨ë¸ ì´ˆê¸°í™” ì‹¤íŒ¨: ê°ì • ë¶„ì„ ëª¨ë¸ GPU ë¡œë”© ì‹¤íŒ¨: device=cpu, model=None
ì¬ì‹œë„ 1 ì‹¤íŒ¨: ê°ì • ë¶„ì„ ëª¨ë¸ ë¡œë”© ì‹¤íŒ¨: model is None
ì¬ì‹œë„ 2 ì‹¤íŒ¨: ê°ì • ë¶„ì„ ëª¨ë¸ ë¡œë”© ì‹¤íŒ¨: model is None
ì¬ì‹œë„ 3 ì‹¤íŒ¨: ê°ì • ë¶„ì„ ëª¨ë¸ ë¡œë”© ì‹¤íŒ¨: model is None
ëª¨ë“  ì¬ì‹œë„ ì‹¤íŒ¨ - ì‹œìŠ¤í…œ ì¢…ë£Œ
AdvancedMultiLevelSemanticAnalyzer ì´ˆê¸°í™” ì‹¤íŒ¨: ëª¨ë¸ ì´ˆê¸°í™” ìµœì¢… ì‹¤íŒ¨: ê°ì • ë¶„ì„ ëª¨ë¸ ë¡œë”© ì‹¤íŒ¨: model is None
âŒ ëª¨ë“ˆ semantic_analyzer ë¡œë”© ì‹¤íŒ¨: ëª¨ë¸ ì´ˆê¸°í™” ìµœì¢… ì‹¤íŒ¨: ê°ì • ë¶„ì„ ëª¨ë¸ ë¡œë”© ì‹¤íŒ¨: model is None
ğŸš¨ semantic_analyzer ë¡œë”© ì‹¤íŒ¨ ìƒì„¸ ìŠ¤íƒ:
Traceback (most recent call last):
  File "/mnt/c/large_project/linux_red_heart/unified_system_orchestrator.py", line 1941, in run_training_pipeline
    raise Exception("Python í†µí•© í•™ìŠµ ì‹œìŠ¤í…œ ì‹¤í–‰ ì‹¤íŒ¨")
Exception: Python í†µí•© í•™ìŠµ ì‹œìŠ¤í…œ ì‹¤í–‰ ì‹¤íŒ¨

During handling of the above exception, another exception occurred:

Traceback (most recent call last):
  File "/mnt/c/large_project/linux_red_heart/advanced_multi_level_semantic_analyzer.py", line 244, in _initialize_models
    raise RuntimeError(f"ê°ì • ë¶„ì„ ëª¨ë¸ GPU ë¡œë”© ì‹¤íŒ¨: device={emotion_device}, model={emotion_model}")
RuntimeError: ê°ì • ë¶„ì„ ëª¨ë¸ GPU ë¡œë”© ì‹¤íŒ¨: device=cpu, model=None

During handling of the above exception, another exception occurred:

Traceback (most recent call last):
  File "/mnt/c/large_project/linux_red_heart/advanced_multi_level_semantic_analyzer.py", line 415, in _initialize_models
    raise RuntimeError(f"ê°ì • ë¶„ì„ ëª¨ë¸ ë¡œë”© ì‹¤íŒ¨: model is None")
RuntimeError: ê°ì • ë¶„ì„ ëª¨ë¸ ë¡œë”© ì‹¤íŒ¨: model is None

During handling of the above exception, another exception occurred:

Traceback (most recent call last):
  File "/mnt/c/large_project/linux_red_heart/unified_system_orchestrator.py", line 1287, in _load_single_module
    await initialize_method()
  File "/mnt/c/large_project/linux_red_heart/advanced_multi_level_semantic_analyzer.py", line 145, in initialize
    self._initialize_models()
  File "/mnt/c/large_project/linux_red_heart/advanced_multi_level_semantic_analyzer.py", line 531, in _initialize_models
    raise Exception(f"ëª¨ë¸ ì´ˆê¸°í™” ìµœì¢… ì‹¤íŒ¨: {retry_error}")
Exception: ëª¨ë¸ ì´ˆê¸°í™” ìµœì¢… ì‹¤íŒ¨: ê°ì • ë¶„ì„ ëª¨ë¸ ë¡œë”© ì‹¤íŒ¨: model is None

   âŒ semantic_analyzer ì´ˆê¸°í™” ì‹¤íŒ¨: ëª¨ë¸ ì´ˆê¸°í™” ìµœì¢… ì‹¤íŒ¨: ê°ì • ë¶„ì„ ëª¨ë¸ ë¡œë”© ì‹¤íŒ¨: model is None
âŒ ì „ì—­ ëª¨ë“ˆ ì´ˆê¸°í™” ì‹¤íŒ¨: í•„ìˆ˜ ëª¨ë“ˆ semantic_analyzer ì´ˆê¸°í™” ì‹¤íŒ¨: ëª¨ë¸ ì´ˆê¸°í™” ìµœì¢… ì‹¤íŒ¨: ê°ì • ë¶„ì„ ëª¨ë¸ ë¡œë”© ì‹¤íŒ¨: model is None
âŒ ìŠ¤íƒ íŠ¸ë ˆì´ìŠ¤:
Traceback (most recent call last):
  File "/mnt/c/large_project/linux_red_heart/unified_system_orchestrator.py", line 1941, in run_training_pipeline
    raise Exception("Python í†µí•© í•™ìŠµ ì‹œìŠ¤í…œ ì‹¤í–‰ ì‹¤íŒ¨")
Exception: Python í†µí•© í•™ìŠµ ì‹œìŠ¤í…œ ì‹¤í–‰ ì‹¤íŒ¨

During handling of the above exception, another exception occurred:

Traceback (most recent call last):
  File "/mnt/c/large_project/linux_red_heart/advanced_multi_level_semantic_analyzer.py", line 244, in _initialize_models
    raise RuntimeError(f"ê°ì • ë¶„ì„ ëª¨ë¸ GPU ë¡œë”© ì‹¤íŒ¨: device={emotion_device}, model={emotion_model}")
RuntimeError: ê°ì • ë¶„ì„ ëª¨ë¸ GPU ë¡œë”© ì‹¤íŒ¨: device=cpu, model=None

During handling of the above exception, another exception occurred:

Traceback (most recent call last):
  File "/mnt/c/large_project/linux_red_heart/advanced_multi_level_semantic_analyzer.py", line 415, in _initialize_models
    raise RuntimeError(f"ê°ì • ë¶„ì„ ëª¨ë¸ ë¡œë”© ì‹¤íŒ¨: model is None")
RuntimeError: ê°ì • ë¶„ì„ ëª¨ë¸ ë¡œë”© ì‹¤íŒ¨: model is None

During handling of the above exception, another exception occurred:

Traceback (most recent call last):
  File "/mnt/c/large_project/linux_red_heart/unified_system_orchestrator.py", line 980, in _initialize_global_modules_sequential
    module_instance = await asyncio.wait_for(
                      ^^^^^^^^^^^^^^^^^^^^^^^
  File "/usr/lib/python3.12/asyncio/tasks.py", line 520, in wait_for
    return await fut
           ^^^^^^^^^
  File "/mnt/c/large_project/linux_red_heart/unified_system_orchestrator.py", line 1287, in _load_single_module
    await initialize_method()
  File "/mnt/c/large_project/linux_red_heart/advanced_multi_level_semantic_analyzer.py", line 145, in initialize
    self._initialize_models()
  File "/mnt/c/large_project/linux_red_heart/advanced_multi_level_semantic_analyzer.py", line 531, in _initialize_models
    raise Exception(f"ëª¨ë¸ ì´ˆê¸°í™” ìµœì¢… ì‹¤íŒ¨: {retry_error}")
Exception: ëª¨ë¸ ì´ˆê¸°í™” ìµœì¢… ì‹¤íŒ¨: ê°ì • ë¶„ì„ ëª¨ë¸ ë¡œë”© ì‹¤íŒ¨: model is None

During handling of the above exception, another exception occurred:

Traceback (most recent call last):
  File "/mnt/c/large_project/linux_red_heart/unified_system_orchestrator.py", line 1720, in _initialize_core_components
    await self._initialize_global_modules_sequential()
  File "/mnt/c/large_project/linux_red_heart/unified_system_orchestrator.py", line 1139, in _initialize_global_modules_sequential
    raise RuntimeError(f"í•„ìˆ˜ ëª¨ë“ˆ {spec['name']} ì´ˆê¸°í™” ì‹¤íŒ¨: {e}")
RuntimeError: í•„ìˆ˜ ëª¨ë“ˆ semantic_analyzer ì´ˆê¸°í™” ì‹¤íŒ¨: ëª¨ë¸ ì´ˆê¸°í™” ìµœì¢… ì‹¤íŒ¨: ê°ì • ë¶„ì„ ëª¨ë¸ ë¡œë”© ì‹¤íŒ¨: model is None

ìë™ ë³µêµ¬ ì‹¤íŒ¨: ì „ì—­ ëª¨ë“ˆ ì´ˆê¸°í™” ì‹¤íŒ¨ - ì‹œìŠ¤í…œ ì¤‘ë‹¨: í•„ìˆ˜ ëª¨ë“ˆ semantic_analyzer ì´ˆê¸°í™” ì‹¤íŒ¨: ëª¨ë¸ ì´ˆê¸°í™” ìµœì¢… ì‹¤íŒ¨: ê°ì • ë¶„ì„ ëª¨ë¸ ë¡œë”© ì‹¤íŒ¨: model is None
============================================================
ğŸš€ Red Heart AI í†µí•© ì‹œìŠ¤í…œ (800M íŒŒë¼ë¯¸í„°)
============================================================
ëª¨ë“œ: test
ì‹œì‘ ì‹œê°„: 2025-08-11 02:01:38
------------------------------------------------------------
ğŸ”§ klue/bert-base ëª¨ë¸: ì•ˆì •ì„± ë³´ì¥ì„ ìœ„í•œ 15.0% í• ë‹¹
ğŸ“‹ Transformer ëª¨ë¸: ìµœì í™”ëœ ë°°ì¹˜ ì²˜ë¦¬ ë°©ì‹ í™œì„±í™”
[02:10:01] âœ… ì‹œìŠ¤í…œ ì´ˆê¸°í™” ì™„ë£Œ
[02:10:01] ğŸ§ª í…ŒìŠ¤íŠ¸ ëª¨ë“œ ì‹œì‘...
ğŸ” ë°±ë³¸ Gradient ì¶”ì  ì‹œì‘
   ë°±ë³¸ training ëª¨ë“œ: True
   input_ids.requires_grad: False
   input_ids.shape: torch.Size([1, 128])
   token_embedding í›„: False
   ğŸ”§ gradient íë¦„ ê°•ì œ í™œì„±í™”: True
   token_embedding íŒŒë¼ë¯¸í„° requires_grad: True
   ğŸ”§ pooled_output gradient íë¦„ ê°•ì œ í™œì„±í™”: True
   unified_representation_network í›„: False
   ğŸ”§ unified_features gradient íë¦„ ê°•ì œ í™œì„±í™”: True
   memory_bank.requires_grad: True
   unified_representation_network íŒŒë¼ë¯¸í„° requires_grad: True
   memory_expanded.requires_grad: True
   unified_expanded.requires_grad: True
   [cross_modal_fusion ì‹¤í–‰ ì „]
     query.requires_grad: True
     key.requires_grad: True
     value.requires_grad: True
     cross_modal_fusion íŒŒë¼ë¯¸í„° requires_grad: True
   cross_modal_fusion í›„: False
   cross_modal_output.grad_fn: None
   ğŸ”§ cross_modal_output gradient íë¦„ ê°•ì œ í™œì„±í™”: True
ğŸ¯ ìµœì¢… cross_modal_features.requires_grad: True
   output_projection í›„: False
   ğŸ”§ final_output gradient íë¦„ ê°•ì œ í™œì„±í™”: True
âœ… ë°±ë³¸ ì¶œë ¥ gradient ì—°ê²° í™•ì¸: requires_grad=True
ğŸ‰ ìµœì¢… ë°±ë³¸ ì¶œë ¥ ì„±ê³µ: shared_embedding.requires_grad=True

============================================================
ğŸš¨ í•„ìˆ˜ ëª¨ë“ˆ semantic_analyzer ë¡œë”© ì‹¤íŒ¨!
============================================================
ì—ëŸ¬: ëª¨ë¸ ì´ˆê¸°í™” ìµœì¢… ì‹¤íŒ¨: ê°ì • ë¶„ì„ ëª¨ë¸ ë¡œë”© ì‹¤íŒ¨: model is None
ëª¨ë“ˆ ê²½ë¡œ: advanced_multi_level_semantic_analyzer.AdvancedMultiLevelSemanticAnalyzer
============================================================

[02:13:35] âŒ í…ŒìŠ¤íŠ¸ ëª¨ë“œ ì‹¤íŒ¨
[0;34m[INFO][0m í•™ìŠµ ì‹œìŠ¤í…œ ì •ë¦¬ ì¤‘...
[0;34m[INFO][0m GPU ë©”ëª¨ë¦¬ ì •ë¦¬...
[0;32m[SUCCESS][0m ì •ë¦¬ ì™„ë£Œ
