ğŸš€ Red Heart AI í†µí•© í•™ìŠµ ì‹œìŠ¤í…œ ì‹œì‘
===========================================
[0;34m[INFO][0m ì‘ì—… ë””ë ‰í† ë¦¬: /mnt/c/large_project/linux_red_heart
[0;34m[INFO][0m Red Heart AI í†µí•© í™˜ê²½ ìƒíƒœ í™•ì¸ ì¤‘...
[0;32m[SUCCESS][0m âœ… red_heart_env ê°€ìƒí™˜ê²½ ì¡´ì¬
[0;32m[SUCCESS][0m âœ… faiss-test conda í™˜ê²½ ì¡´ì¬
[0;32m[SUCCESS][0m âœ… FAISS ì„¤ì¹˜ë¨ ë° ì‘ë™ í™•ì¸
âœ… Red Heart AI í†µí•© í™˜ê²½ í™œì„±í™” ì™„ë£Œ
   - venv: /mnt/c/large_project/linux_red_heart/red_heart_env
   - conda: faiss-test (í•¨ê»˜ í™œì„±í™”ë¨)
   - python: /mnt/c/large_project/linux_red_heart/red_heart_env/bin/python
   - í™˜ê²½ ë¶„ë¦¬: faissâ†’conda subprocess, ë‚˜ë¨¸ì§€â†’venv
[0;32m[SUCCESS][0m âœ… ì£¼ìš” íŒ¨í‚¤ì§€ (torch, transformers, numpy) ì„¤ì¹˜ë¨
[0;32m[SUCCESS][0m ğŸ‰ ëª¨ë“  í™˜ê²½ì´ ì´ë¯¸ ì¤€ë¹„ë˜ì–´ ìˆìŠµë‹ˆë‹¤!
âœ… Red Heart AI í†µí•© í™˜ê²½ í™œì„±í™” ì™„ë£Œ
   - venv: /mnt/c/large_project/linux_red_heart/red_heart_env
   - conda: faiss-test (í•¨ê»˜ í™œì„±í™”ë¨)
   - python: /mnt/c/large_project/linux_red_heart/red_heart_env/bin/python
   - í™˜ê²½ ë¶„ë¦¬: faissâ†’conda subprocess, ë‚˜ë¨¸ì§€â†’venv
[0;32m[SUCCESS][0m âœ… Red Heart AI í†µí•© í™˜ê²½ í™œì„±í™” ì™„ë£Œ
[0;32m[SUCCESS][0m    - venv: /mnt/c/large_project/linux_red_heart/red_heart_env
[0;32m[SUCCESS][0m    - conda: faiss-test í™˜ê²½ ì¤€ë¹„ë¨
[0;32m[SUCCESS][0m    - python: /mnt/c/large_project/linux_red_heart/red_heart_env/bin/python
[0;32m[SUCCESS][0m    - í™˜ê²½ ë¶„ë¦¬: faissâ†’conda subprocess, ë‚˜ë¨¸ì§€â†’venv
[0;34m[INFO][0m Red Heart AI í†µí•© í•™ìŠµ ì‹œìŠ¤í…œ ì‹œì‘
[0;34m[INFO][0m í™˜ê²½ ë¶„ë¦¬: conda(faiss) + venv(transformers,torch)
[0;34m[INFO][0m Red Heart AI í†µí•© í•™ìŠµ ì‹œìŠ¤í…œ ì‹¤í–‰ ì‹œì‘...
[0;34m[INFO][0m ì‹¤í–‰ ëª¨ë“œ: unified-test
[0;34m[INFO][0m ğŸ§ª 800M í†µí•© ì‹œìŠ¤í…œ í…ŒìŠ¤íŠ¸ ëª¨ë“œ...
ğŸ” [ì´ˆê¸°í™” ì‹œì‘ ì „] GPU ë©”ëª¨ë¦¬ ìƒíƒœ:
   ğŸ’¾ ì´ ë©”ëª¨ë¦¬: 8.00GB
   ğŸ“Š í• ë‹¹ë¨: 0.000GB (0.0%)
   ğŸ“¦ ì˜ˆì•½ë¨: 0.000GB
   ğŸ’š ì—¬ìœ : 8.000GB
   ğŸ”„ config.py ì¸¡ì •: 0.0%
/mnt/c/large_project/linux_red_heart/red_heart_env/lib/python3.12/site-packages/torch/__init__.py:1021: FutureWarning: `torch.distributed.reduce_op` is deprecated, please use `torch.distributed.ReduceOp` instead
  return isinstance(obj, torch.Tensor)
   ğŸ§  GPU í…ì„œ: 0ê°œ, 0.000GB
   ğŸ—‚ï¸ ìºì‹œëœ ë©”ëª¨ë¦¬: 0.000GB
ğŸ” fast_init_mode = False
ğŸŒ ì „ì—­ ëª¨ë“ˆ ìˆœì°¨ ì´ˆê¸°í™” ì‹œì‘ - MasterMemoryOrchestrator ê´€ë¦¬
âŒ OPUS-MT ëª¨ë¸ ë¡œë“œ ì‹¤íŒ¨: MarianMTModel.__init__() got an unexpected keyword argument 'device'
âŒ ëª¨ë“ˆ translator ë¡œë”© ì‹¤íŒ¨: ë¡œì»¬ ë²ˆì—­ê¸° ì´ˆê¸°í™” ì‹¤íŒ¨: MarianMTModel.__init__() got an unexpected keyword argument 'device'
ğŸš¨ translator ë¡œë”© ì‹¤íŒ¨ ìƒì„¸ ìŠ¤íƒ:
Traceback (most recent call last):
  File "/mnt/c/large_project/linux_red_heart/local_translator.py", line 64, in _initialize_model
    self.model = hf_wrapper.wrapped_from_pretrained(
                 ^^^^^^^^^^^^^^^^^^^^^^^^^^^^^^^^^^^
  File "/mnt/c/large_project/linux_red_heart/hf_model_wrapper.py", line 245, in wrapped_from_pretrained
    model = original_fn(model_name, **kwargs)
            ^^^^^^^^^^^^^^^^^^^^^^^^^^^^^^^^^
  File "/mnt/c/large_project/linux_red_heart/red_heart_env/lib/python3.12/site-packages/transformers/modeling_utils.py", line 311, in _wrapper
    return func(*args, **kwargs)
           ^^^^^^^^^^^^^^^^^^^^^
  File "/mnt/c/large_project/linux_red_heart/red_heart_env/lib/python3.12/site-packages/transformers/modeling_utils.py", line 4766, in from_pretrained
    model = cls(config, *model_args, **model_kwargs)
            ^^^^^^^^^^^^^^^^^^^^^^^^^^^^^^^^^^^^^^^^
TypeError: MarianMTModel.__init__() got an unexpected keyword argument 'device'

During handling of the above exception, another exception occurred:

Traceback (most recent call last):
  File "/mnt/c/large_project/linux_red_heart/unified_system_orchestrator.py", line 1340, in _load_single_module
    instance = module_class()
               ^^^^^^^^^^^^^^
  File "/mnt/c/large_project/linux_red_heart/local_translator.py", line 42, in __init__
    self._initialize_model()
  File "/mnt/c/large_project/linux_red_heart/local_translator.py", line 102, in _initialize_model
    raise RuntimeError(f"ë¡œì»¬ ë²ˆì—­ê¸° ì´ˆê¸°í™” ì‹¤íŒ¨: {e}")
RuntimeError: ë¡œì»¬ ë²ˆì—­ê¸° ì´ˆê¸°í™” ì‹¤íŒ¨: MarianMTModel.__init__() got an unexpected keyword argument 'device'

   âŒ translator ì´ˆê¸°í™” ì‹¤íŒ¨: ë¡œì»¬ ë²ˆì—­ê¸° ì´ˆê¸°í™” ì‹¤íŒ¨: MarianMTModel.__init__() got an unexpected keyword argument 'device'
âŒ ì „ì—­ ëª¨ë“ˆ ì´ˆê¸°í™” ì‹¤íŒ¨: í•„ìˆ˜ ëª¨ë“ˆ translator ì´ˆê¸°í™” ì‹¤íŒ¨: ë¡œì»¬ ë²ˆì—­ê¸° ì´ˆê¸°í™” ì‹¤íŒ¨: MarianMTModel.__init__() got an unexpected keyword argument 'device'
âŒ ìŠ¤íƒ íŠ¸ë ˆì´ìŠ¤:
Traceback (most recent call last):
  File "/mnt/c/large_project/linux_red_heart/local_translator.py", line 64, in _initialize_model
    self.model = hf_wrapper.wrapped_from_pretrained(
                 ^^^^^^^^^^^^^^^^^^^^^^^^^^^^^^^^^^^
  File "/mnt/c/large_project/linux_red_heart/hf_model_wrapper.py", line 245, in wrapped_from_pretrained
    model = original_fn(model_name, **kwargs)
            ^^^^^^^^^^^^^^^^^^^^^^^^^^^^^^^^^
  File "/mnt/c/large_project/linux_red_heart/red_heart_env/lib/python3.12/site-packages/transformers/modeling_utils.py", line 311, in _wrapper
    return func(*args, **kwargs)
           ^^^^^^^^^^^^^^^^^^^^^
  File "/mnt/c/large_project/linux_red_heart/red_heart_env/lib/python3.12/site-packages/transformers/modeling_utils.py", line 4766, in from_pretrained
    model = cls(config, *model_args, **model_kwargs)
            ^^^^^^^^^^^^^^^^^^^^^^^^^^^^^^^^^^^^^^^^
TypeError: MarianMTModel.__init__() got an unexpected keyword argument 'device'

During handling of the above exception, another exception occurred:

Traceback (most recent call last):
  File "/mnt/c/large_project/linux_red_heart/unified_system_orchestrator.py", line 1037, in _initialize_global_modules_sequential
    module_instance = await asyncio.wait_for(
                      ^^^^^^^^^^^^^^^^^^^^^^^
  File "/usr/lib/python3.12/asyncio/tasks.py", line 520, in wait_for
    return await fut
           ^^^^^^^^^
  File "/mnt/c/large_project/linux_red_heart/unified_system_orchestrator.py", line 1340, in _load_single_module
    instance = module_class()
               ^^^^^^^^^^^^^^
  File "/mnt/c/large_project/linux_red_heart/local_translator.py", line 42, in __init__
    self._initialize_model()
  File "/mnt/c/large_project/linux_red_heart/local_translator.py", line 102, in _initialize_model
    raise RuntimeError(f"ë¡œì»¬ ë²ˆì—­ê¸° ì´ˆê¸°í™” ì‹¤íŒ¨: {e}")
RuntimeError: ë¡œì»¬ ë²ˆì—­ê¸° ì´ˆê¸°í™” ì‹¤íŒ¨: MarianMTModel.__init__() got an unexpected keyword argument 'device'

During handling of the above exception, another exception occurred:

Traceback (most recent call last):
  File "/mnt/c/large_project/linux_red_heart/unified_system_orchestrator.py", line 1842, in _initialize_core_components
    await self._initialize_global_modules_sequential()
  File "/mnt/c/large_project/linux_red_heart/unified_system_orchestrator.py", line 1237, in _initialize_global_modules_sequential
    raise RuntimeError(f"í•„ìˆ˜ ëª¨ë“ˆ {spec['name']} ì´ˆê¸°í™” ì‹¤íŒ¨: {e}")
RuntimeError: í•„ìˆ˜ ëª¨ë“ˆ translator ì´ˆê¸°í™” ì‹¤íŒ¨: ë¡œì»¬ ë²ˆì—­ê¸° ì´ˆê¸°í™” ì‹¤íŒ¨: MarianMTModel.__init__() got an unexpected keyword argument 'device'

ì‹œìŠ¤í…œ ì´ˆê¸°í™” ì‹¤íŒ¨: ì „ì—­ ëª¨ë“ˆ ì´ˆê¸°í™” ì‹¤íŒ¨ - ì‹œìŠ¤í…œ ì¤‘ë‹¨: í•„ìˆ˜ ëª¨ë“ˆ translator ì´ˆê¸°í™” ì‹¤íŒ¨: ë¡œì»¬ ë²ˆì—­ê¸° ì´ˆê¸°í™” ì‹¤íŒ¨: MarianMTModel.__init__() got an unexpected keyword argument 'device'
ğŸš¨ ìƒì„¸ ì—ëŸ¬ ìŠ¤íƒ:
Traceback (most recent call last):
  File "/mnt/c/large_project/linux_red_heart/local_translator.py", line 64, in _initialize_model
    self.model = hf_wrapper.wrapped_from_pretrained(
                 ^^^^^^^^^^^^^^^^^^^^^^^^^^^^^^^^^^^
  File "/mnt/c/large_project/linux_red_heart/hf_model_wrapper.py", line 245, in wrapped_from_pretrained
    model = original_fn(model_name, **kwargs)
            ^^^^^^^^^^^^^^^^^^^^^^^^^^^^^^^^^
  File "/mnt/c/large_project/linux_red_heart/red_heart_env/lib/python3.12/site-packages/transformers/modeling_utils.py", line 311, in _wrapper
    return func(*args, **kwargs)
           ^^^^^^^^^^^^^^^^^^^^^
  File "/mnt/c/large_project/linux_red_heart/red_heart_env/lib/python3.12/site-packages/transformers/modeling_utils.py", line 4766, in from_pretrained
    model = cls(config, *model_args, **model_kwargs)
            ^^^^^^^^^^^^^^^^^^^^^^^^^^^^^^^^^^^^^^^^
TypeError: MarianMTModel.__init__() got an unexpected keyword argument 'device'

During handling of the above exception, another exception occurred:

Traceback (most recent call last):
  File "/mnt/c/large_project/linux_red_heart/unified_system_orchestrator.py", line 1037, in _initialize_global_modules_sequential
    module_instance = await asyncio.wait_for(
                      ^^^^^^^^^^^^^^^^^^^^^^^
  File "/usr/lib/python3.12/asyncio/tasks.py", line 520, in wait_for
    return await fut
           ^^^^^^^^^
  File "/mnt/c/large_project/linux_red_heart/unified_system_orchestrator.py", line 1340, in _load_single_module
    instance = module_class()
               ^^^^^^^^^^^^^^
  File "/mnt/c/large_project/linux_red_heart/local_translator.py", line 42, in __init__
    self._initialize_model()
  File "/mnt/c/large_project/linux_red_heart/local_translator.py", line 102, in _initialize_model
    raise RuntimeError(f"ë¡œì»¬ ë²ˆì—­ê¸° ì´ˆê¸°í™” ì‹¤íŒ¨: {e}")
RuntimeError: ë¡œì»¬ ë²ˆì—­ê¸° ì´ˆê¸°í™” ì‹¤íŒ¨: MarianMTModel.__init__() got an unexpected keyword argument 'device'

During handling of the above exception, another exception occurred:

Traceback (most recent call last):
  File "/mnt/c/large_project/linux_red_heart/unified_system_orchestrator.py", line 1842, in _initialize_core_components
    await self._initialize_global_modules_sequential()
  File "/mnt/c/large_project/linux_red_heart/unified_system_orchestrator.py", line 1237, in _initialize_global_modules_sequential
    raise RuntimeError(f"í•„ìˆ˜ ëª¨ë“ˆ {spec['name']} ì´ˆê¸°í™” ì‹¤íŒ¨: {e}")
RuntimeError: í•„ìˆ˜ ëª¨ë“ˆ translator ì´ˆê¸°í™” ì‹¤íŒ¨: ë¡œì»¬ ë²ˆì—­ê¸° ì´ˆê¸°í™” ì‹¤íŒ¨: MarianMTModel.__init__() got an unexpected keyword argument 'device'

The above exception was the direct cause of the following exception:

Traceback (most recent call last):
  File "/mnt/c/large_project/linux_red_heart/unified_system_orchestrator.py", line 847, in initialize_system
    await self._initialize_core_components()
  File "/mnt/c/large_project/linux_red_heart/unified_system_orchestrator.py", line 1849, in _initialize_core_components
    raise RuntimeError(f"ì „ì—­ ëª¨ë“ˆ ì´ˆê¸°í™” ì‹¤íŒ¨ - ì‹œìŠ¤í…œ ì¤‘ë‹¨: {e}") from e
RuntimeError: ì „ì—­ ëª¨ë“ˆ ì´ˆê¸°í™” ì‹¤íŒ¨ - ì‹œìŠ¤í…œ ì¤‘ë‹¨: í•„ìˆ˜ ëª¨ë“ˆ translator ì´ˆê¸°í™” ì‹¤íŒ¨: ë¡œì»¬ ë²ˆì—­ê¸° ì´ˆê¸°í™” ì‹¤íŒ¨: MarianMTModel.__init__() got an unexpected keyword argument 'device'

============================================================
ğŸš€ Red Heart AI í†µí•© ì‹œìŠ¤í…œ (800M íŒŒë¼ë¯¸í„°)
============================================================
ëª¨ë“œ: test
ì‹œì‘ ì‹œê°„: 2025-08-11 22:11:06
------------------------------------------------------------

============================================================
ğŸš¨ í•„ìˆ˜ ëª¨ë“ˆ translator ë¡œë”© ì‹¤íŒ¨!
============================================================
ì—ëŸ¬: ë¡œì»¬ ë²ˆì—­ê¸° ì´ˆê¸°í™” ì‹¤íŒ¨: MarianMTModel.__init__() got an unexpected keyword argument 'device'
ëª¨ë“ˆ ê²½ë¡œ: local_translator.LocalTranslator
============================================================


============================================================
ğŸš¨ ì‹œìŠ¤í…œ ì´ˆê¸°í™” ì‹¤íŒ¨!
============================================================
ì—ëŸ¬: ì „ì—­ ëª¨ë“ˆ ì´ˆê¸°í™” ì‹¤íŒ¨ - ì‹œìŠ¤í…œ ì¤‘ë‹¨: í•„ìˆ˜ ëª¨ë“ˆ translator ì´ˆê¸°í™” ì‹¤íŒ¨: ë¡œì»¬ ë²ˆì—­ê¸° ì´ˆê¸°í™” ì‹¤íŒ¨: MarianMTModel.__init__() got an unexpected keyword argument 'device'
============================================================
ìƒì„¸ ìŠ¤íƒ íŠ¸ë ˆì´ìŠ¤:
Traceback (most recent call last):
  File "/mnt/c/large_project/linux_red_heart/local_translator.py", line 64, in _initialize_model
    self.model = hf_wrapper.wrapped_from_pretrained(
                 ^^^^^^^^^^^^^^^^^^^^^^^^^^^^^^^^^^^
  File "/mnt/c/large_project/linux_red_heart/hf_model_wrapper.py", line 245, in wrapped_from_pretrained
    model = original_fn(model_name, **kwargs)
            ^^^^^^^^^^^^^^^^^^^^^^^^^^^^^^^^^
  File "/mnt/c/large_project/linux_red_heart/red_heart_env/lib/python3.12/site-packages/transformers/modeling_utils.py", line 311, in _wrapper
    return func(*args, **kwargs)
           ^^^^^^^^^^^^^^^^^^^^^
  File "/mnt/c/large_project/linux_red_heart/red_heart_env/lib/python3.12/site-packages/transformers/modeling_utils.py", line 4766, in from_pretrained
    model = cls(config, *model_args, **model_kwargs)
            ^^^^^^^^^^^^^^^^^^^^^^^^^^^^^^^^^^^^^^^^
TypeError: MarianMTModel.__init__() got an unexpected keyword argument 'device'

During handling of the above exception, another exception occurred:

Traceback (most recent call last):
  File "/mnt/c/large_project/linux_red_heart/unified_system_orchestrator.py", line 1037, in _initialize_global_modules_sequential
    module_instance = await asyncio.wait_for(
                      ^^^^^^^^^^^^^^^^^^^^^^^
  File "/usr/lib/python3.12/asyncio/tasks.py", line 520, in wait_for
    return await fut
           ^^^^^^^^^
  File "/mnt/c/large_project/linux_red_heart/unified_system_orchestrator.py", line 1340, in _load_single_module
    instance = module_class()
               ^^^^^^^^^^^^^^
  File "/mnt/c/large_project/linux_red_heart/local_translator.py", line 42, in __init__
    self._initialize_model()
  File "/mnt/c/large_project/linux_red_heart/local_translator.py", line 102, in _initialize_model
    raise RuntimeError(f"ë¡œì»¬ ë²ˆì—­ê¸° ì´ˆê¸°í™” ì‹¤íŒ¨: {e}")
RuntimeError: ë¡œì»¬ ë²ˆì—­ê¸° ì´ˆê¸°í™” ì‹¤íŒ¨: MarianMTModel.__init__() got an unexpected keyword argument 'device'

During handling of the above exception, another exception occurred:

Traceback (most recent call last):
  File "/mnt/c/large_project/linux_red_heart/unified_system_orchestrator.py", line 1842, in _initialize_core_components
    await self._initialize_global_modules_sequential()
  File "/mnt/c/large_project/linux_red_heart/unified_system_orchestrator.py", line 1237, in _initialize_global_modules_sequential
    raise RuntimeError(f"í•„ìˆ˜ ëª¨ë“ˆ {spec['name']} ì´ˆê¸°í™” ì‹¤íŒ¨: {e}")
RuntimeError: í•„ìˆ˜ ëª¨ë“ˆ translator ì´ˆê¸°í™” ì‹¤íŒ¨: ë¡œì»¬ ë²ˆì—­ê¸° ì´ˆê¸°í™” ì‹¤íŒ¨: MarianMTModel.__init__() got an unexpected keyword argument 'device'

The above exception was the direct cause of the following exception:

Traceback (most recent call last):
  File "/mnt/c/large_project/linux_red_heart/unified_system_orchestrator.py", line 847, in initialize_system
    await self._initialize_core_components()
  File "/mnt/c/large_project/linux_red_heart/unified_system_orchestrator.py", line 1849, in _initialize_core_components
    raise RuntimeError(f"ì „ì—­ ëª¨ë“ˆ ì´ˆê¸°í™” ì‹¤íŒ¨ - ì‹œìŠ¤í…œ ì¤‘ë‹¨: {e}") from e
RuntimeError: ì „ì—­ ëª¨ë“ˆ ì´ˆê¸°í™” ì‹¤íŒ¨ - ì‹œìŠ¤í…œ ì¤‘ë‹¨: í•„ìˆ˜ ëª¨ë“ˆ translator ì´ˆê¸°í™” ì‹¤íŒ¨: ë¡œì»¬ ë²ˆì—­ê¸° ì´ˆê¸°í™” ì‹¤íŒ¨: MarianMTModel.__init__() got an unexpected keyword argument 'device'

============================================================

[22:11:56] âŒ ì‹œìŠ¤í…œ ì´ˆê¸°í™” ì‹¤íŒ¨
[0;34m[INFO][0m í•™ìŠµ ì‹œìŠ¤í…œ ì •ë¦¬ ì¤‘...
[0;34m[INFO][0m GPU ë©”ëª¨ë¦¬ ì •ë¦¬...
[0;32m[SUCCESS][0m ì •ë¦¬ ì™„ë£Œ
