ğŸš€ Red Heart AI í†µí•© í•™ìŠµ ì‹œìŠ¤í…œ ì‹œì‘
===========================================
[0;34m[INFO][0m ì‘ì—… ë””ë ‰í† ë¦¬: /mnt/c/large_project/linux_red_heart
[0;34m[INFO][0m Red Heart AI í†µí•© í™˜ê²½ ìƒíƒœ í™•ì¸ ì¤‘...
[0;32m[SUCCESS][0m âœ… red_heart_env ê°€ìƒí™˜ê²½ ì¡´ì¬
[0;32m[SUCCESS][0m âœ… faiss-test conda í™˜ê²½ ì¡´ì¬
[0;32m[SUCCESS][0m âœ… FAISS ì„¤ì¹˜ë¨ ë° ì‘ë™ í™•ì¸
âœ… Red Heart AI í†µí•© í™˜ê²½ í™œì„±í™” ì™„ë£Œ
   - venv: /mnt/c/large_project/linux_red_heart/red_heart_env
   - conda: faiss-test (í•¨ê»˜ í™œì„±í™”ë¨)
   - python: /mnt/c/large_project/linux_red_heart/red_heart_env/bin/python
   - í™˜ê²½ ë¶„ë¦¬: faissâ†’conda subprocess, ë‚˜ë¨¸ì§€â†’venv
[0;32m[SUCCESS][0m âœ… ì£¼ìš” íŒ¨í‚¤ì§€ (torch, transformers, numpy) ì„¤ì¹˜ë¨
[0;32m[SUCCESS][0m ğŸ‰ ëª¨ë“  í™˜ê²½ì´ ì´ë¯¸ ì¤€ë¹„ë˜ì–´ ìˆìŠµë‹ˆë‹¤!
âœ… Red Heart AI í†µí•© í™˜ê²½ í™œì„±í™” ì™„ë£Œ
   - venv: /mnt/c/large_project/linux_red_heart/red_heart_env
   - conda: faiss-test (í•¨ê»˜ í™œì„±í™”ë¨)
   - python: /mnt/c/large_project/linux_red_heart/red_heart_env/bin/python
   - í™˜ê²½ ë¶„ë¦¬: faissâ†’conda subprocess, ë‚˜ë¨¸ì§€â†’venv
[0;32m[SUCCESS][0m âœ… Red Heart AI í†µí•© í™˜ê²½ í™œì„±í™” ì™„ë£Œ
[0;32m[SUCCESS][0m    - venv: /mnt/c/large_project/linux_red_heart/red_heart_env
[0;32m[SUCCESS][0m    - conda: faiss-test í™˜ê²½ ì¤€ë¹„ë¨
[0;32m[SUCCESS][0m    - python: /mnt/c/large_project/linux_red_heart/red_heart_env/bin/python
[0;32m[SUCCESS][0m    - í™˜ê²½ ë¶„ë¦¬: faissâ†’conda subprocess, ë‚˜ë¨¸ì§€â†’venv
[0;34m[INFO][0m ğŸ” HuggingFace ì˜¤í”„ë¼ì¸ ëª¨ë“œ í™œì„±í™” (ìºì‹œëœ ëª¨ë¸ë§Œ ì‚¬ìš©)
[0;34m[INFO][0m Red Heart AI í†µí•© í•™ìŠµ ì‹œìŠ¤í…œ ì‹œì‘
[0;34m[INFO][0m í™˜ê²½ ë¶„ë¦¬: conda(faiss) + venv(transformers,torch)
[0;34m[INFO][0m Red Heart AI í†µí•© í•™ìŠµ ì‹œìŠ¤í…œ ì‹¤í–‰ ì‹œì‘...
[0;34m[INFO][0m ì‹¤í–‰ ëª¨ë“œ: unified-test
[0;34m[INFO][0m ğŸ§ª 730M ìµœì¢… í†µí•© ì‹œìŠ¤í…œ í•™ìŠµ í…ŒìŠ¤íŠ¸ ëª¨ë“œ...
[0;34m[INFO][0m    - 60 ì—í­ í•™ìŠµ í…ŒìŠ¤íŠ¸ (--samplesë¡œ ì œí•œ ê°€ëŠ¥)
[0;34m[INFO][0m    - LR ìŠ¤ìœ•, Sweet Spot, Parameter Crossover í¬í•¨
[0;34m[INFO][0m    - Advanced Training Techniques í™œì„±í™”
[0;34m[INFO][0m ğŸ” Hierarchical LR Sweep (5-5-5-5) ì‹¤í–‰ ëª¨ë“œ
[0;34m[INFO][0m    - 25ê°œ í¬ì¸íŠ¸ë¡œ ìµœì  LR íƒìƒ‰
[0;34m[INFO][0m    - ê° LRì€ ë…ë¦½ì ìœ¼ë¡œ ì´ˆê¸° ê°€ì¤‘ì¹˜ì—ì„œ ì‹œì‘
2025-08-21 18:15:02,042 - __main__ - INFO - ================================================================================
2025-08-21 18:15:02,042 - __main__ - INFO - ğŸš€ ë…ë¦½ì ì¸ Hierarchical Learning Rate Sweep ì‹œì‘
2025-08-21 18:15:02,042 - __main__ - INFO - ================================================================================
2025-08-21 18:15:02,127 - __main__ - INFO - Device: cuda
2025-08-21 18:15:02,169 - __main__ - INFO - GPU: NVIDIA GeForce RTX 2070 SUPER
2025-08-21 18:15:02,170 - __main__ - INFO - GPU Memory: 8.6 GB
2025-08-21 18:15:02,170 - __main__ - INFO - 
ğŸ“Š ëª¨ë¸ ì„¤ì •:
2025-08-21 18:15:02,171 - __main__ - INFO -   - d_model: 896
2025-08-21 18:15:02,171 - __main__ - INFO -   - num_heads: 16
2025-08-21 18:15:02,171 - __main__ - INFO -   - num_layers: 6
2025-08-21 18:15:02,172 - __main__ - INFO -   - dropout: 0.1
2025-08-21 18:15:02,172 - __main__ - INFO - 
ğŸ”§ ëª¨ë¸ ìƒì„± ì¤‘...
/mnt/c/large_project/linux_red_heart/red_heart_env/lib/python3.12/site-packages/torch/nn/modules/transformer.py:379: UserWarning: enable_nested_tensor is True, but self.use_nested_tensor is False because encoder_layer.norm_first was True
  warnings.warn(
2025-08-21 18:15:02,695 - unified_backbone - INFO - ë°±ë³¸ ì´ íŒŒë¼ë¯¸í„°: 90,624,132 (90.62M)
2025-08-21 18:15:02,696 - unified_backbone - INFO - í•™ìŠµ ê°€ëŠ¥ íŒŒë¼ë¯¸í„°: 90,624,132 (90.62M)
2025-08-21 18:15:02,903 - unified_heads - INFO - ê°ì • í—¤ë“œ íŒŒë¼ë¯¸í„°: 17,254,583 (17.25M)
2025-08-21 18:15:03,014 - unified_heads - INFO - ë²¤ë‹´ í—¤ë“œ íŒŒë¼ë¯¸í„°: 13,871,919 (13.87M)
2025-08-21 18:15:03,168 - unified_heads - INFO - í›„íšŒ í—¤ë“œ íŒŒë¼ë¯¸í„°: 19,897,161 (19.90M)
2025-08-21 18:15:03,263 - unified_heads - INFO - SURD í—¤ë“œ íŒŒë¼ë¯¸í„°: 12,025,739 (12.03M)
2025-08-21 18:15:04,192 - analyzer_neural_modules - INFO - NeuralEmotionAnalyzer ì´ˆê¸°í™”: 122,595,407 íŒŒë¼ë¯¸í„°
2025-08-21 18:15:04,791 - analyzer_neural_modules - INFO - NeuralBenthamCalculator ì´ˆê¸°í™”: 78,281,602 íŒŒë¼ë¯¸í„°
2025-08-21 18:15:05,946 - analyzer_neural_modules - INFO - NeuralRegretAnalyzer ì´ˆê¸°í™”: 153,872,666 íŒŒë¼ë¯¸í„°
2025-08-21 18:15:06,051 - analyzer_neural_modules - INFO - NeuralSURDAnalyzer ì´ˆê¸°í™”: 13,473,032 íŒŒë¼ë¯¸í„°
2025-08-21 18:15:06,053 - analyzer_neural_modules - INFO - ì „ì²´ ì‹ ê²½ë§ ë¶„ì„ê¸° íŒŒë¼ë¯¸í„°: 368,222,707 (368.2M)
2025-08-21 18:15:06,936 - emotion_dsp_simulator - INFO - EmotionDSPSimulator ì´ˆê¸°í™” ì™„ë£Œ (~14M íŒŒë¼ë¯¸í„°)
2025-08-21 18:15:07,231 - __main__ - INFO -   - ì´ íŒŒë¼ë¯¸í„°: 539.9M
2025-08-21 18:15:07,231 - __main__ - INFO -   - í•™ìŠµ ê°€ëŠ¥ íŒŒë¼ë¯¸í„°: 539.9M
2025-08-21 18:15:20,719 - __main__ - INFO -   - ì´ˆê¸° ê°€ì¤‘ì¹˜ ì €ì¥ ì™„ë£Œ
2025-08-21 18:15:20,719 - __main__ - INFO - 
ğŸ“ ë°ì´í„° ë¡œë” ìƒì„± ì¤‘...
2025-08-21 18:15:20,722 - __main__ - INFO - ğŸ¯ ì„ë² ë”© íŒŒì¼ ë°œê²¬: claude_api_preprocessing/claude_preprocessed_complete.embedded.json
2025-08-21 18:15:20,769 - __main__ - INFO -   - ì „ì²´ ë°ì´í„°: 1000ê°œ
2025-08-21 18:15:20,770 - __main__ - INFO -   - LR ìŠ¤ìœ•ìš© í•™ìŠµ ë°ì´í„°: 900ê°œ
2025-08-21 18:15:20,770 - __main__ - INFO -   - LR ìŠ¤ìœ•ìš© ê²€ì¦ ë°ì´í„°: 100ê°œ
2025-08-21 18:15:20,771 - __main__ - INFO - ğŸ“Š ì„ë² ë”© ìƒíƒœ:
2025-08-21 18:15:20,771 - __main__ - INFO -   - ì „ì²´ ë°ì´í„°: 900ê°œ
2025-08-21 18:15:20,771 - __main__ - INFO -   - ì„ë² ë”© ìˆìŒ: 2ê°œ (0.2%)
2025-08-21 18:15:20,772 - __main__ - INFO -   - ì„ë² ë”© ì—†ìŒ: 898ê°œ (99.8%)
2025-08-21 18:15:20,772 - __main__ - WARNING - âš ï¸ 898ê°œ í•­ëª©ì— ì„ë² ë”©ì´ ì—†ìŠµë‹ˆë‹¤. ìë™ ìƒì„±ë©ë‹ˆë‹¤.
2025-08-21 18:15:20,773 - __main__ - INFO - ğŸ“Š ì„ë² ë”© ìƒíƒœ:
2025-08-21 18:15:20,773 - __main__ - INFO -   - ì „ì²´ ë°ì´í„°: 100ê°œ
2025-08-21 18:15:20,773 - __main__ - INFO -   - ì„ë² ë”© ìˆìŒ: 0ê°œ (0.0%)
2025-08-21 18:15:20,774 - __main__ - INFO -   - ì„ë² ë”© ì—†ìŒ: 100ê°œ (100.0%)
2025-08-21 18:15:20,774 - __main__ - WARNING - âš ï¸ 100ê°œ í•­ëª©ì— ì„ë² ë”©ì´ ì—†ìŠµë‹ˆë‹¤. ìë™ ìƒì„±ë©ë‹ˆë‹¤.
2025-08-21 18:15:20,775 - __main__ - INFO -   - Train batches: 450
2025-08-21 18:15:20,775 - __main__ - INFO -   - Val batches: 50
2025-08-21 18:15:20,775 - __main__ - INFO - 
âš™ï¸ Sweep ì„¤ì •:
2025-08-21 18:15:20,776 - __main__ - INFO -   - í…ŒìŠ¤íŠ¸ ì—í­: 3
2025-08-21 18:15:20,776 - __main__ - INFO -   - í…ŒìŠ¤íŠ¸ ìŠ¤í…/ì—í­: 50
2025-08-21 18:15:20,777 - __main__ - INFO -   - ì˜ˆìƒ ì´ í¬ì¸íŠ¸: 25ê°œ (5-5-5-5 ì „ëµ)
2025-08-21 18:15:20,777 - __main__ - INFO -   - ê° LRì€ ë…ë¦½ì ìœ¼ë¡œ ì´ˆê¸° ê°€ì¤‘ì¹˜ì—ì„œ ì‹œì‘
2025-08-21 18:15:20,778 - training.hierarchical_lr_sweep - INFO - ======================================================================
2025-08-21 18:15:20,778 - training.hierarchical_lr_sweep - INFO - ğŸ¯ Hierarchical LR Sweep ì´ˆê¸°í™”
2025-08-21 18:15:20,778 - training.hierarchical_lr_sweep - INFO -   - ì „ëµ: 5-5-5-5 (ì´ 25ê°œ í¬ì¸íŠ¸)
2025-08-21 18:15:20,779 - training.hierarchical_lr_sweep - INFO -   - í…ŒìŠ¤íŠ¸ ì—í­: 3
2025-08-21 18:15:20,779 - training.hierarchical_lr_sweep - INFO -   - í…ŒìŠ¤íŠ¸ ìŠ¤í…: 50/epoch
2025-08-21 18:15:20,780 - training.hierarchical_lr_sweep - INFO -   - ê¸°ì¡´ í…ŒìŠ¤íŠ¸ LR: 0ê°œ
2025-08-21 18:15:20,780 - training.hierarchical_lr_sweep - INFO - ======================================================================
2025-08-21 18:15:20,780 - __main__ - INFO - 
================================================================================
2025-08-21 18:15:20,781 - __main__ - INFO - ğŸ“Œ ê° LR í…ŒìŠ¤íŠ¸ëŠ” ë™ì¼í•œ ì´ˆê¸° ê°€ì¤‘ì¹˜ì—ì„œ ë…ë¦½ì ìœ¼ë¡œ ì‹œì‘ë©ë‹ˆë‹¤
2025-08-21 18:15:20,781 - __main__ - INFO - ================================================================================
2025-08-21 18:15:20,781 - training.hierarchical_lr_sweep - INFO - 
ğŸš€ Hierarchical LR Sweep ì‹œì‘...
2025-08-21 18:15:20,782 - training.hierarchical_lr_sweep - INFO - 
ğŸ“Š [Stage 0] ì´ˆê¸° íƒìƒ‰: [1e-05, 5.6e-05, 0.00032, 0.0018, 0.01]
2025-08-21 18:15:20,782 - training.hierarchical_lr_sweep - INFO - 
  ğŸ“Œ LR 1.0e-05 í…ŒìŠ¤íŠ¸ ì‹œì‘ (Stage 0)
2025-08-21 18:15:21,175 - unified_backbone - INFO - ë°±ë³¸ ì´ íŒŒë¼ë¯¸í„°: 90,624,132 (90.62M)
2025-08-21 18:15:21,176 - unified_backbone - INFO - í•™ìŠµ ê°€ëŠ¥ íŒŒë¼ë¯¸í„°: 90,624,132 (90.62M)
2025-08-21 18:15:21,245 - unified_heads - INFO - ê°ì • í—¤ë“œ íŒŒë¼ë¯¸í„°: 17,254,583 (17.25M)
2025-08-21 18:15:21,302 - unified_heads - INFO - ë²¤ë‹´ í—¤ë“œ íŒŒë¼ë¯¸í„°: 13,871,919 (13.87M)
2025-08-21 18:15:21,379 - unified_heads - INFO - í›„íšŒ í—¤ë“œ íŒŒë¼ë¯¸í„°: 19,897,161 (19.90M)
2025-08-21 18:15:21,427 - unified_heads - INFO - SURD í—¤ë“œ íŒŒë¼ë¯¸í„°: 12,025,739 (12.03M)
2025-08-21 18:15:22,153 - analyzer_neural_modules - INFO - NeuralEmotionAnalyzer ì´ˆê¸°í™”: 122,595,407 íŒŒë¼ë¯¸í„°
2025-08-21 18:15:22,650 - analyzer_neural_modules - INFO - NeuralBenthamCalculator ì´ˆê¸°í™”: 78,281,602 íŒŒë¼ë¯¸í„°
2025-08-21 18:15:23,786 - analyzer_neural_modules - INFO - NeuralRegretAnalyzer ì´ˆê¸°í™”: 153,872,666 íŒŒë¼ë¯¸í„°
2025-08-21 18:15:23,865 - analyzer_neural_modules - INFO - NeuralSURDAnalyzer ì´ˆê¸°í™”: 13,473,032 íŒŒë¼ë¯¸í„°
2025-08-21 18:15:23,866 - analyzer_neural_modules - INFO - ì „ì²´ ì‹ ê²½ë§ ë¶„ì„ê¸° íŒŒë¼ë¯¸í„°: 368,222,707 (368.2M)
2025-08-21 18:15:24,671 - emotion_dsp_simulator - INFO - EmotionDSPSimulator ì´ˆê¸°í™” ì™„ë£Œ (~14M íŒŒë¼ë¯¸í„°)
2025-08-21 18:15:51,228 - sentence_transformer_singleton - INFO - ìƒˆ í´ë¼ì´ì–¸íŠ¸ ìƒì„± ì‹œì‘: sentence-transformers/all-MiniLM-L6-v2_cuda
2025-08-21 18:15:51,228 - sentence_transformer_client - INFO - í˜„ì¬ Pythonì´ venv í™˜ê²½: /mnt/c/large_project/linux_red_heart/red_heart_env/bin/python
2025-08-21 18:15:51,229 - sentence_transformer_client - INFO - SentenceTransformer Client ì´ˆê¸°í™”: /mnt/c/large_project/linux_red_heart/sentence_transformer_server.py
2025-08-21 18:15:51,229 - sentence_transformer_client - INFO - Python ì‹¤í–‰íŒŒì¼: /mnt/c/large_project/linux_red_heart/red_heart_env/bin/python
2025-08-21 18:15:51,229 - sentence_transformer_singleton - INFO - ì„œë²„ ì‹œì‘ ë° ëª¨ë¸ ë¡œë”©: sentence-transformers/all-MiniLM-L6-v2 (device: cuda)
2025-08-21 18:15:51,230 - sentence_transformer_client - INFO - SentenceTransformer ì„œë²„ ì‹œì‘: /mnt/c/large_project/linux_red_heart/sentence_transformer_server.py
2025-08-21 18:15:51,230 - sentence_transformer_client - INFO - PYTHONPATH: /mnt/c/large_project/linux_red_heart/red_heart_env/lib/python3.12/site-packages:/mnt/c/large_project/linux_red_heart
2025-08-21 18:15:51,231 - sentence_transformer_client - INFO - VIRTUAL_ENV: /mnt/c/large_project/linux_red_heart/red_heart_env
2025-08-21 18:16:00,871 - sentence_transformer_client - INFO - ì„œë²„ ì—°ê²° ì„±ê³µ
2025-08-21 18:16:00,871 - sentence_transformer_client - INFO - ëª¨ë¸ ë¡œë”© ìš”ì²­: sentence-transformers/all-MiniLM-L6-v2 (device: cuda)
2025-08-21 18:17:25,790 - sentence_transformer_client - INFO - ëª¨ë¸ ë¡œë”© ì„±ê³µ: sentence-transformers/all-MiniLM-L6-v2
2025-08-21 18:17:25,790 - sentence_transformer_singleton - INFO - í´ë¼ì´ì–¸íŠ¸ ìƒì„± ë° ëª¨ë¸ ë¡œë”© ì„±ê³µ: sentence-transformers/all-MiniLM-L6-v2_cuda
/mnt/c/large_project/linux_red_heart/unified_heads.py:449: UserWarning: Using a target size (torch.Size([2])) that is different to the input size (torch.Size([2, 1])). This will likely lead to incorrect results due to broadcasting. Please ensure they have the same size.
  return F.smooth_l1_loss(predictions, targets)
2025-08-21 18:17:35,470 - training.hierarchical_lr_sweep - INFO -     Epoch 1: loss=0.0936, grad_norm=3.8165
2025-08-21 18:19:44,253 - sentence_transformer_client - ERROR - ìš”ì²­ ì „ì†¡ ì‹¤íŒ¨: ì‘ë‹µ íƒ€ì„ì•„ì›ƒ (120.0ì´ˆ)
2025-08-21 18:19:44,255 - sentence_transformer_client - WARNING - ìš”ì²­ ì‹¤íŒ¨ (ì‹œë„ 1/2): ì‘ë‹µ íƒ€ì„ì•„ì›ƒ (120.0ì´ˆ)
2025-08-21 18:19:44,256 - sentence_transformer_client - INFO - ì¬ì—°ê²° ì‹œë„ ì¤‘...
2025-08-21 18:19:45,261 - sentence_transformer_client - INFO - SentenceTransformer ì„œë²„ ì‹œì‘: /mnt/c/large_project/linux_red_heart/sentence_transformer_server.py
2025-08-21 18:19:45,262 - sentence_transformer_client - INFO - PYTHONPATH: /mnt/c/large_project/linux_red_heart/red_heart_env/lib/python3.12/site-packages:/mnt/c/large_project/linux_red_heart
2025-08-21 18:19:45,262 - sentence_transformer_client - INFO - VIRTUAL_ENV: /mnt/c/large_project/linux_red_heart/red_heart_env
2025-08-21 18:19:55,762 - sentence_transformer_client - INFO - ì„œë²„ ì—°ê²° ì„±ê³µ
2025-08-21 18:19:55,763 - sentence_transformer_client - ERROR - í…ìŠ¤íŠ¸ ì¸ì½”ë”© ì‹¤íŒ¨: ëª¨ë¸ì´ ë¡œë“œë˜ì§€ ì•ŠìŒ. ë¨¼ì € load actionì„ ì‹¤í–‰í•˜ì„¸ìš”.
2025-08-21 18:19:55,763 - __main__ - ERROR - âŒ ì„ë² ë”© ìƒì„± ì‹¤íŒ¨: í…ìŠ¤íŠ¸ ì¸ì½”ë”© ì‹¤íŒ¨: ëª¨ë¸ì´ ë¡œë“œë˜ì§€ ì•ŠìŒ. ë¨¼ì € load actionì„ ì‹¤í–‰í•˜ì„¸ìš”.
2025-08-21 18:19:55,764 - __main__ - ERROR - âŒ ìŠ¤ìœ• ì‹¤í–‰ ì¤‘ ì˜¤ë¥˜: ì„ë² ë”© ìƒì„± ì‹¤íŒ¨: í…ìŠ¤íŠ¸ ì¸ì½”ë”© ì‹¤íŒ¨: ëª¨ë¸ì´ ë¡œë“œë˜ì§€ ì•ŠìŒ. ë¨¼ì € load actionì„ ì‹¤í–‰í•˜ì„¸ìš”.
2025-08-21 18:19:55,781 - __main__ - ERROR - Traceback (most recent call last):
  File "/mnt/c/large_project/linux_red_heart/training/run_hierarchical_lr_sweep.py", line 94, in __getitem__
    embedding = self.embedding_manager.encode(text[:512])
                ^^^^^^^^^^^^^^^^^^^^^^^^^^^^^^^^^^^^^^^^^
  File "/mnt/c/large_project/linux_red_heart/sentence_transformer_singleton.py", line 278, in encode
    raise RuntimeError(f"í…ìŠ¤íŠ¸ ì¸ì½”ë”© ì‹¤íŒ¨: {error_msg}")
RuntimeError: í…ìŠ¤íŠ¸ ì¸ì½”ë”© ì‹¤íŒ¨: ëª¨ë¸ì´ ë¡œë“œë˜ì§€ ì•ŠìŒ. ë¨¼ì € load actionì„ ì‹¤í–‰í•˜ì„¸ìš”.

During handling of the above exception, another exception occurred:

Traceback (most recent call last):
  File "/mnt/c/large_project/linux_red_heart/training/run_hierarchical_lr_sweep.py", line 304, in main
    results = sweep.run_hierarchical_sweep(
              ^^^^^^^^^^^^^^^^^^^^^^^^^^^^^
  File "/mnt/c/large_project/linux_red_heart/training/hierarchical_lr_sweep.py", line 145, in run_hierarchical_sweep
    result = self._test_single_lr(
             ^^^^^^^^^^^^^^^^^^^^^
  File "/mnt/c/large_project/linux_red_heart/training/hierarchical_lr_sweep.py", line 252, in _test_single_lr
    for step, batch in enumerate(train_loader):
  File "/mnt/c/large_project/linux_red_heart/red_heart_env/lib/python3.12/site-packages/torch/utils/data/dataloader.py", line 701, in __next__
    data = self._next_data()
           ^^^^^^^^^^^^^^^^^
  File "/mnt/c/large_project/linux_red_heart/red_heart_env/lib/python3.12/site-packages/torch/utils/data/dataloader.py", line 757, in _next_data
    data = self._dataset_fetcher.fetch(index)  # may raise StopIteration
           ^^^^^^^^^^^^^^^^^^^^^^^^^^^^^^^^^^
  File "/mnt/c/large_project/linux_red_heart/red_heart_env/lib/python3.12/site-packages/torch/utils/data/_utils/fetch.py", line 52, in fetch
    data = [self.dataset[idx] for idx in possibly_batched_index]
            ~~~~~~~~~~~~^^^^^
  File "/mnt/c/large_project/linux_red_heart/training/run_hierarchical_lr_sweep.py", line 109, in __getitem__
    raise RuntimeError(f"ì„ë² ë”© ìƒì„± ì‹¤íŒ¨: {e}")
RuntimeError: ì„ë² ë”© ìƒì„± ì‹¤íŒ¨: í…ìŠ¤íŠ¸ ì¸ì½”ë”© ì‹¤íŒ¨: ëª¨ë¸ì´ ë¡œë“œë˜ì§€ ì•ŠìŒ. ë¨¼ì € load actionì„ ì‹¤í–‰í•˜ì„¸ìš”.

2025-08-21 18:19:55,781 - __main__ - INFO - 
ğŸ’¾ í•™ìŠµ ë°ì´í„°ì…‹ ì„ë² ë”© ì €ì¥ ì¤‘...
2025-08-21 18:20:10,630 - __main__ - INFO - âœ… ì„ë² ë”©ì´ ì €ì¥ë˜ì—ˆìŠµë‹ˆë‹¤: claude_api_preprocessing/claude_preprocessed_complete.embedded.json
2025-08-21 18:20:10,630 - __main__ - INFO - ğŸ’¾ ê²€ì¦ ë°ì´í„°ì…‹ ì„ë² ë”© ì €ì¥ ì¤‘...
2025-08-21 18:20:10,634 - __main__ - INFO - 
ğŸ§¹ GPU ë©”ëª¨ë¦¬ ì •ë¦¬ ì™„ë£Œ
2025-08-21 18:20:10,738 - __main__ - INFO -   - ì„ì‹œ ì´ˆê¸° ê°€ì¤‘ì¹˜ íŒŒì¼ ì‚­ì œ
Traceback (most recent call last):
  File "/mnt/c/large_project/linux_red_heart/training/run_hierarchical_lr_sweep.py", line 94, in __getitem__
    embedding = self.embedding_manager.encode(text[:512])
                ^^^^^^^^^^^^^^^^^^^^^^^^^^^^^^^^^^^^^^^^^
  File "/mnt/c/large_project/linux_red_heart/sentence_transformer_singleton.py", line 278, in encode
    raise RuntimeError(f"í…ìŠ¤íŠ¸ ì¸ì½”ë”© ì‹¤íŒ¨: {error_msg}")
RuntimeError: í…ìŠ¤íŠ¸ ì¸ì½”ë”© ì‹¤íŒ¨: ëª¨ë¸ì´ ë¡œë“œë˜ì§€ ì•ŠìŒ. ë¨¼ì € load actionì„ ì‹¤í–‰í•˜ì„¸ìš”.

During handling of the above exception, another exception occurred:

Traceback (most recent call last):
  File "/mnt/c/large_project/linux_red_heart/training/run_hierarchical_lr_sweep.py", line 390, in <module>
    results = main()
              ^^^^^^
  File "/mnt/c/large_project/linux_red_heart/training/run_hierarchical_lr_sweep.py", line 304, in main
    results = sweep.run_hierarchical_sweep(
              ^^^^^^^^^^^^^^^^^^^^^^^^^^^^^
  File "/mnt/c/large_project/linux_red_heart/training/hierarchical_lr_sweep.py", line 145, in run_hierarchical_sweep
    result = self._test_single_lr(
             ^^^^^^^^^^^^^^^^^^^^^
  File "/mnt/c/large_project/linux_red_heart/training/hierarchical_lr_sweep.py", line 252, in _test_single_lr
    for step, batch in enumerate(train_loader):
  File "/mnt/c/large_project/linux_red_heart/red_heart_env/lib/python3.12/site-packages/torch/utils/data/dataloader.py", line 701, in __next__
    data = self._next_data()
           ^^^^^^^^^^^^^^^^^
  File "/mnt/c/large_project/linux_red_heart/red_heart_env/lib/python3.12/site-packages/torch/utils/data/dataloader.py", line 757, in _next_data
    data = self._dataset_fetcher.fetch(index)  # may raise StopIteration
           ^^^^^^^^^^^^^^^^^^^^^^^^^^^^^^^^^^
  File "/mnt/c/large_project/linux_red_heart/red_heart_env/lib/python3.12/site-packages/torch/utils/data/_utils/fetch.py", line 52, in fetch
    data = [self.dataset[idx] for idx in possibly_batched_index]
            ~~~~~~~~~~~~^^^^^
  File "/mnt/c/large_project/linux_red_heart/training/run_hierarchical_lr_sweep.py", line 109, in __getitem__
    raise RuntimeError(f"ì„ë² ë”© ìƒì„± ì‹¤íŒ¨: {e}")
RuntimeError: ì„ë² ë”© ìƒì„± ì‹¤íŒ¨: í…ìŠ¤íŠ¸ ì¸ì½”ë”© ì‹¤íŒ¨: ëª¨ë¸ì´ ë¡œë“œë˜ì§€ ì•ŠìŒ. ë¨¼ì € load actionì„ ì‹¤í–‰í•˜ì„¸ìš”.
2025-08-21 18:20:11,266 - sentence_transformer_client - INFO - ì„œë²„ ì¢…ë£Œ ì¤‘...
2025-08-21 18:20:11,593 - sentence_transformer_client - INFO - ì„œë²„ ì •ìƒ ì¢…ë£Œ
[0;34m[INFO][0m í•™ìŠµ ì‹œìŠ¤í…œ ì •ë¦¬ ì¤‘...
[0;34m[INFO][0m GPU ë©”ëª¨ë¦¬ ì •ë¦¬...
[0;32m[SUCCESS][0m ì •ë¦¬ ì™„ë£Œ
