­Ъџђ Red Heart AI ьєхьЋЕ ьЋЎВіх ВІюВіцьЁю ВІюВъЉ
===========================================
[0;34m[INFO][0m ВъЉВЌЁ вћћваЅьєавдг: /mnt/c/large_project/linux_red_heart
[0;34m[INFO][0m Red Heart AI ьєхьЋЕ ьЎўЖ▓й ВЃЂьЃю ьЎЋВЮИ ВцЉ...
[0;32m[SUCCESS][0m РюЁ red_heart_env Ж░ђВЃЂьЎўЖ▓й ВА┤Въг
[0;32m[SUCCESS][0m РюЁ faiss-test conda ьЎўЖ▓й ВА┤Въг
[0;32m[SUCCESS][0m РюЁ FAISS ВёцВ╣ўвље в░Ј ВъЉвЈЎ ьЎЋВЮИ
РюЁ Red Heart AI ьєхьЋЕ ьЎўЖ▓й ьЎюВё▒ьЎћ ВЎёвБї
   - venv: /mnt/c/large_project/linux_red_heart/red_heart_env
   - conda: faiss-test (ьЋеЖ╗ў ьЎюВё▒ьЎћвље)
   - python: /mnt/c/large_project/linux_red_heart/red_heart_env/bin/python
   - ьЎўЖ▓й вХёвдг: faissРєњconda subprocess, вѓўвеИВДђРєњvenv
[0;32m[SUCCESS][0m РюЁ ВБ╝Вџћ ьїеьѓцВДђ (torch, transformers, numpy) ВёцВ╣ўвље
[0;32m[SUCCESS][0m ­ЪјЅ вфевЊа ьЎўЖ▓йВЮ┤ ВЮ┤в»И Вцђв╣ёвљўВќ┤ ВъѕВіхвІѕвІц!
РюЁ Red Heart AI ьєхьЋЕ ьЎўЖ▓й ьЎюВё▒ьЎћ ВЎёвБї
   - venv: /mnt/c/large_project/linux_red_heart/red_heart_env
   - conda: faiss-test (ьЋеЖ╗ў ьЎюВё▒ьЎћвље)
   - python: /mnt/c/large_project/linux_red_heart/red_heart_env/bin/python
   - ьЎўЖ▓й вХёвдг: faissРєњconda subprocess, вѓўвеИВДђРєњvenv
[0;32m[SUCCESS][0m РюЁ Red Heart AI ьєхьЋЕ ьЎўЖ▓й ьЎюВё▒ьЎћ ВЎёвБї
[0;32m[SUCCESS][0m    - venv: /mnt/c/large_project/linux_red_heart/red_heart_env
[0;32m[SUCCESS][0m    - conda: faiss-test ьЎўЖ▓й Вцђв╣ёвље
[0;32m[SUCCESS][0m    - python: /mnt/c/large_project/linux_red_heart/red_heart_env/bin/python
[0;32m[SUCCESS][0m    - ьЎўЖ▓й вХёвдг: faissРєњconda subprocess, вѓўвеИВДђРєњvenv
[0;34m[INFO][0m Red Heart AI ьєхьЋЕ ьЋЎВіх ВІюВіцьЁю ВІюВъЉ
[0;34m[INFO][0m ьЎўЖ▓й вХёвдг: conda(faiss) + venv(transformers,torch)
[0;34m[INFO][0m Red Heart AI ьєхьЋЕ ьЋЎВіх ВІюВіцьЁю ВІцьќЅ ВІюВъЉ...
[0;34m[INFO][0m ВІцьќЅ вфевЊю: unified-test
[0;34m[INFO][0m ­ЪДф 800M ьєхьЋЕ ВІюВіцьЁю ьЁїВіцьіИ вфевЊю...
­ЪћЇ [В┤ѕЖИ░ьЎћ ВІюВъЉ Ваё] GPU вЕћвфевдг ВЃЂьЃю:
   ­ЪњЙ В┤Ю вЕћвфевдг: 8.00GB
   ­ЪЊі ьЋавІ╣вље: 0.000GB (0.0%)
   ­ЪЊд ВўѕВЋйвље: 0.000GB
   ­Ъњџ ВЌгВюа: 8.000GB
   ­Ъћё config.py ВИАВаЋ: 0.0%
/mnt/c/large_project/linux_red_heart/red_heart_env/lib/python3.12/site-packages/torch/__init__.py:1021: FutureWarning: `torch.distributed.reduce_op` is deprecated, please use `torch.distributed.ReduceOp` instead
  return isinstance(obj, torch.Tensor)
   ­ЪДа GPU ьЁљВёю: 0Ж░ю, 0.000GB
   ­ЪЌѓ№ИЈ В║љВІювљю вЕћвфевдг: 0.000GB
   ­ЪћЮ ВЃѕвАюВџ┤ Peak вЕћвфевдг: 0.000GB (at В┤ѕЖИ░ьЎћ ВІюВъЉ Ваё)
­ЪћЇ fast_init_mode = False
­Ъїљ ВаёВЌГ вфевЊѕ ВѕюВ░е В┤ѕЖИ░ьЎћ ВІюВъЉ - MasterMemoryOrchestrator Ж┤ђвдг
/mnt/c/large_project/linux_red_heart/red_heart_env/lib/python3.12/site-packages/transformers/utils/hub.py:111: FutureWarning: Using `TRANSFORMERS_CACHE` is deprecated and will be removed in v5 of Transformers. Use `HF_HOME` instead.
  warnings.warn(
/mnt/c/large_project/linux_red_heart/red_heart_env/lib/python3.12/site-packages/transformers/models/marian/tokenization_marian.py:175: UserWarning: Recommended: pip install sacremoses.
  warnings.warn("Recommended: pip install sacremoses.")
Device set to use cuda:0
Failed to determine 'entailment' label id from the label2id mapping in the model config. Setting to -1. Define a descriptive label2id mapping in the model config to ensure correct outputs.
Some weights of ElectraForSequenceClassification were not initialized from the model checkpoint at beomi/KcELECTRA-base-v2022 and are newly initialized: ['classifier.dense.bias', 'classifier.dense.weight', 'classifier.out_proj.bias', 'classifier.out_proj.weight']
You should probably TRAIN this model on a down-stream task to be able to use it for predictions and inference.
Device set to use cuda:0
Device set to use cuda:0
/mnt/c/large_project/linux_red_heart/red_heart_env/lib/python3.12/site-packages/transformers/pipelines/text_classification.py:106: UserWarning: `return_all_scores` is now deprecated,  if want a similar functionality use `top_k=None` instead of `return_all_scores=True` or `top_k=1` instead of `return_all_scores=False`.
  warnings.warn(
Device set to use cuda:0
Device set to use cuda:0
ВќИвАювЊю ВџћВ▓Гвљю вфевЇИВЮ┤ ваѕВДђВіцьіИвдгВЌљ ВЌєВЮї: semantic_analyzer
РЮї вфевЊѕ surd_analyzer вАювћЕ ВІцьїе: module 'advanced_surd_analyzer' has no attribute 'AdvancedSurdAnalyzer'
­Ъџе surd_analyzer вАювћЕ ВІцьїе ВЃЂВёИ ВіцьЃЮ:
Traceback (most recent call last):
  File "/mnt/c/large_project/linux_red_heart/unified_system_orchestrator.py", line 1066, in _load_single_module
    module_class = getattr(module, class_name)
                   ^^^^^^^^^^^^^^^^^^^^^^^^^^^
AttributeError: module 'advanced_surd_analyzer' has no attribute 'AdvancedSurdAnalyzer'. Did you mean: 'AdvancedSURDAnalyzer'?

ВёаьЃЮВаЂ вфевЊѕ surd_analyzer вАювћЕ ВІцьїе - Ж▒┤вёѕвюђ
   РЮї surd_analyzer вфевЊѕ вАювћЕ ВІцьїе - ВІюВіцьЁю ВцЉвІе
­ЪћЇ ьўёВъг ВаёВЌГ вфевЊѕ ВЃЂьЃю:
   РюЁ translator
   РюЁ emotion_analyzer
   РюЁ bentham_calculator
   РюЁ semantic_analyzer
   РюЁ regret_analyzer
   РюЁ neural_components
   РюЁ meta_integration
   РЮї surd_analyzer
   РЮї bayesian_engine
   РЮї llm_engine
   РЮї experience_database
   РЮї hierarchical_emotion
   РЮї usage_pattern_analyzer
   РЮї surd_analyzer В┤ѕЖИ░ьЎћ ВІцьїе: ьЋёВѕў вфевЊѕ surd_analyzer вАювћЕ ВІцьїе
   Рџа№ИЈ ВёаьЃЮВаЂ вфевЊѕ surd_analyzer Ж▒┤вёѕвюђ
РЮї вфевЊѕ bayesian_engine вАювћЕ ВІцьїе: module 'advanced_bayesian_inference_module' has no attribute 'AdvancedBayesianInferenceModule'
­Ъџе bayesian_engine вАювћЕ ВІцьїе ВЃЂВёИ ВіцьЃЮ:
Traceback (most recent call last):
  File "/mnt/c/large_project/linux_red_heart/unified_system_orchestrator.py", line 1066, in _load_single_module
    module_class = getattr(module, class_name)
                   ^^^^^^^^^^^^^^^^^^^^^^^^^^^
AttributeError: module 'advanced_bayesian_inference_module' has no attribute 'AdvancedBayesianInferenceModule'. Did you mean: 'AdvancedBayesianInference'?

ВёаьЃЮВаЂ вфевЊѕ bayesian_engine вАювћЕ ВІцьїе - Ж▒┤вёѕвюђ
   РЮї bayesian_engine вфевЊѕ вАювћЕ ВІцьїе - ВІюВіцьЁю ВцЉвІе
­ЪћЇ ьўёВъг ВаёВЌГ вфевЊѕ ВЃЂьЃю:
   РюЁ translator
   РюЁ emotion_analyzer
   РюЁ bentham_calculator
   РюЁ semantic_analyzer
   РюЁ regret_analyzer
   РюЁ neural_components
   РюЁ meta_integration
   РЮї surd_analyzer
   РЮї bayesian_engine
   РЮї llm_engine
   РЮї experience_database
   РЮї hierarchical_emotion
   РЮї usage_pattern_analyzer
   РЮї bayesian_engine В┤ѕЖИ░ьЎћ ВІцьїе: ьЋёВѕў вфевЊѕ bayesian_engine вАювћЕ ВІцьїе
   Рџа№ИЈ ВёаьЃЮВаЂ вфевЊѕ bayesian_engine Ж▒┤вёѕвюђ
Рџа№ИЈ GPU ВѓгВџЕвЦаВЮ┤ вѓ«ВіхвІѕвІц (52.6%) - вЇћ ВаЂЖи╣ВаЂ вАювћЕ ьЋёВџћ
РюЁ ВаёВЌГ вфевЊѕ ВѕюВ░е В┤ѕЖИ░ьЎћ ВЎёвБї
­ЪћЇ [ВаёВЌГ вфевЊѕ В┤ѕЖИ░ьЎћ ьЏё] GPU вЕћвфевдг ВЃЂьЃю:
   ­ЪњЙ В┤Ю вЕћвфевдг: 8.00GB
   ­ЪЊі ьЋавІ╣вље: 4.207GB (52.6%)
   ­ЪЊд ВўѕВЋйвље: 4.367GB
   ­Ъњџ ВЌгВюа: 3.793GB
   ­Ъћё config.py ВИАВаЋ: 52.6%
   ­ЪДа GPU ьЁљВёю: 2015Ж░ю, 4.193GB
   ­ЪЊІ ьЂ░ ьЁљВёю TOP 5:
      1. [50265, 1024] (torch.float32) - 196.3MB
      2. [54343, 768] (torch.float32) - 159.2MB
      3. [54343, 768] (torch.float32) - 159.2MB
      4. [50265, 768] (torch.float32) - 147.3MB
      5. [50265, 768] (torch.float32) - 147.3MB
   ­ЪЌѓ№ИЈ В║љВІювљю вЕћвфевдг: 0.161GB
   ­ЪћЮ ВЃѕвАюВџ┤ Peak вЕћвфевдг: 4.235GB (at ВаёВЌГ вфевЊѕ В┤ѕЖИ░ьЎћ ьЏё)
­ЪћЇ [в░▒в│И В┤ѕЖИ░ьЎћ ьЏё] GPU вЕћвфевдг ВЃЂьЃю:
   ­ЪњЙ В┤Ю вЕћвфевдг: 8.00GB
   ­ЪЊі ьЋавІ╣вље: 5.928GB (74.1%)
   ­ЪЊд ВўѕВЋйвље: 6.107GB
   ­Ъњџ ВЌгВюа: 2.071GB
   ­Ъћё config.py ВИАВаЋ: 74.1%
   ­ЪДа GPU ьЁљВёю: 2259Ж░ю, 5.878GB
   ­ЪЊІ ьЂ░ ьЁљВёю TOP 5:
      1. [50000, 1280] (torch.float32) - 244.1MB
      2. [50265, 1024] (torch.float32) - 196.3MB
      3. [54343, 768] (torch.float32) - 159.2MB
      4. [54343, 768] (torch.float32) - 159.2MB
      5. [50265, 768] (torch.float32) - 147.3MB
   ­ЪЌѓ№ИЈ В║љВІювљю вЕћвфевдг: 0.179GB
   ­ЪћЮ ВЃѕвАюВџ┤ Peak вЕћвфевдг: 5.928GB (at в░▒в│И В┤ѕЖИ░ьЎћ ьЏё)
­ЪћЇ [ВіцВЎЉ вДцвІѕВађ В┤ѕЖИ░ьЎћ ьЏё] GPU вЕћвфевдг ВЃЂьЃю:
   ­ЪњЙ В┤Ю вЕћвфевдг: 8.00GB
   ­ЪЊі ьЋавІ╣вље: 5.928GB (74.1%)
   ­ЪЊд ВўѕВЋйвље: 6.107GB
   ­Ъњџ ВЌгВюа: 2.071GB
   ­Ъћё config.py ВИАВаЋ: 74.1%
   ­ЪДа GPU ьЁљВёю: 2259Ж░ю, 5.878GB
   ­ЪЊІ ьЂ░ ьЁљВёю TOP 5:
      1. [50000, 1280] (torch.float32) - 244.1MB
      2. [50265, 1024] (torch.float32) - 196.3MB
      3. [54343, 768] (torch.float32) - 159.2MB
      4. [54343, 768] (torch.float32) - 159.2MB
      5. [50265, 768] (torch.float32) - 147.3MB
   ­ЪЌѓ№ИЈ В║љВІювљю вЕћвфевдг: 0.179GB
­ЪћЇ [ьЌцвЊю ьўИьЎўВё▒ вДцвІѕВађ ВЃЮВё▒ ьЏё] GPU вЕћвфевдг ВЃЂьЃю:
   ­ЪњЙ В┤Ю вЕћвфевдг: 8.00GB
   ­ЪЊі ьЋавІ╣вље: 5.928GB (74.1%)
   ­ЪЊд ВўѕВЋйвље: 6.107GB
   ­Ъњџ ВЌгВюа: 2.071GB
   ­Ъћё config.py ВИАВаЋ: 74.1%
   ­ЪДа GPU ьЁљВёю: 2259Ж░ю, 5.878GB
   ­ЪЊІ ьЂ░ ьЁљВёю TOP 5:
      1. [50000, 1280] (torch.float32) - 244.1MB
      2. [50265, 1024] (torch.float32) - 196.3MB
      3. [54343, 768] (torch.float32) - 159.2MB
      4. [54343, 768] (torch.float32) - 159.2MB
      5. [50265, 768] (torch.float32) - 147.3MB
   ­ЪЌѓ№ИЈ В║љВІювљю вЕћвфевдг: 0.179GB
­Ъџе ьЌцвЊю В┤ѕЖИ░ьЎћ ВІюВъЉ - вЕћвфевдг ьЈГв░ю ВЮўВІг ЖхгЖ░ё!
­ЪћЇ head_compatibility_manager = <class 'head_compatibility_interface.HeadCompatibilityManager'>
­ЪћЇ head_compatibility_manager.initialized = False
­ЪћЇ initialize_all_heads() ьўИВХю ВДЂВаё...
ВаёВЌГ bentham_calculatorВЌљ get_pytorch_network вЕћВёювЊюЖ░ђ ВЌєВЮї
ВаёВЌГ emotion_analyzerВЌљ get_pytorch_network вЕћВёювЊюЖ░ђ ВЌєВЮї
­ЪЊі ВХћЖ░ђ ьЎюВџЕ Ж░ђвіЦ: ьўёВъг 77.8% (вфЕьЉю 82%)
­ЪћЇ initialize_all_heads() ьўИВХю ВЎёвБї!
­Ъџе ьЌцвЊю В┤ѕЖИ░ьЎћ ВЎёвБї - вЕћвфевдг ВЃЂьЃю ьЎЋВЮИ ВцЉ...
­ЪћЇ [вфевЊа ьЌцвЊю В┤ѕЖИ░ьЎћ ьЏё] GPU вЕћвфевдг ВЃЂьЃю:
   ­ЪњЙ В┤Ю вЕћвфевдг: 8.00GB
   ­ЪЊі ьЋавІ╣вље: 6.222GB (77.8%)
   ­ЪЊд ВўѕВЋйвље: 6.402GB
   ­Ъњџ ВЌгВюа: 1.778GB
   ­Ъћё config.py ВИАВаЋ: 77.8%
   ­ЪДа GPU ьЁљВёю: 2304Ж░ю, 6.171GB
   ­ЪЊІ ьЂ░ ьЁљВёю TOP 5:
      1. [50000, 1280] (torch.float32) - 244.1MB
      2. [50265, 1024] (torch.float32) - 196.3MB
      3. [54343, 768] (torch.float32) - 159.2MB
      4. [54343, 768] (torch.float32) - 159.2MB
      5. [50265, 768] (torch.float32) - 147.3MB
   ­ЪЌѓ№ИЈ В║љВІювљю вЕћвфевдг: 0.180GB
   ­ЪћЮ ВЃѕвАюВџ┤ Peak вЕћвфевдг: 6.222GB (at вфевЊа ьЌцвЊю В┤ѕЖИ░ьЎћ ьЏё)
­Ъџе ЖИ┤ЖИЅ GPU вЕћвфевдг ВаЋвдг ВІюВъЉ
­Ъџе В┤ѕЖИ░ GPU вЕћвфевдг: 77.8% ВѓгВџЕ ВцЉ
­ЪћЇ ВІцВаю GPU ВЃЂВБ╝ вфевЇИ ВаёвЕ┤ ВіцВ║ћ ВІюВъЉ...
­ЪћЇ PyTorch ВІцВаю вЕћвфевдг: ьЋавІ╣=6.22GB, ВўѕВЋй=6.40GB
­ЪЌЉ№ИЈ В┤Ю 348Ж░ю вфевЇИ ВцЉ CRITICAL ВЎИ вфевЊа вфевЇИ ВќИвАювЊю ВІюВъЉ
­ЪД╣ ВхюВбЁ ВаёвЕ┤ вЕћвфевдг ВаЋвдг ВІюВъЉ...
­ЪД╣ Ж░ђв╣ёВДђ В╗гваЅВЁў 1ьџї: 371Ж░ю Ж░ЮВ▓┤ ВаЋвдг
­ЪД╣ Ж░ђв╣ёВДђ В╗гваЅВЁў 2ьџї: 0Ж░ю Ж░ЮВ▓┤ ВаЋвдг
­ЪД╣ Ж░ђв╣ёВДђ В╗гваЅВЁў 3ьџї: 0Ж░ю Ж░ЮВ▓┤ ВаЋвдг
­Ъџђ CUDA В║љВІю ВЎёВаё ВаЋвдг ВЎёвБї
РюЁ ЖИ┤ЖИЅ ВаЋвдг ВЎёвБї:
   ­ЪЊі вЕћвфевдг ВѓгВџЕвЦа: 77.8% Рєњ 77.8% (+0.0%)
   ­ЪЌЉ№ИЈ ВќИвАювЊювљю вфевЇИ: 0Ж░ю
   ­ЪњЙ ьЋ┤Ваювљю вЕћвфевдг: 0MB
­ЪћЇ [ВъљвЈЎ вЕћвфевдг ВаЋвдг ьЏё] GPU вЕћвфевдг ВЃЂьЃю:
   ­ЪњЙ В┤Ю вЕћвфевдг: 8.00GB
   ­ЪЊі ьЋавІ╣вље: 6.222GB (77.8%)
   ­ЪЊд ВўѕВЋйвље: 6.402GB
   ­Ъњџ ВЌгВюа: 1.778GB
   ­Ъћё config.py ВИАВаЋ: 77.8%
   ­ЪДа GPU ьЁљВёю: 2304Ж░ю, 6.171GB
   ­ЪЊІ ьЂ░ ьЁљВёю TOP 5:
      1. [50000, 1280] (torch.float32) - 244.1MB
      2. [50265, 1024] (torch.float32) - 196.3MB
      3. [54343, 768] (torch.float32) - 159.2MB
      4. [54343, 768] (torch.float32) - 159.2MB
      5. [50265, 768] (torch.float32) - 147.3MB
   ­ЪЌѓ№ИЈ В║љВІювљю вЕћвфевдг: 0.180GB
­ЪћЇ [ВІювёѕВДђ ВІюВіцьЁю В┤ѕЖИ░ьЎћ ьЏё] GPU вЕћвфевдг ВЃЂьЃю:
   ­ЪњЙ В┤Ю вЕћвфевдг: 8.00GB
   ­ЪЊі ьЋавІ╣вље: 6.222GB (77.8%)
   ­ЪЊд ВўѕВЋйвље: 6.402GB
   ­Ъњџ ВЌгВюа: 1.778GB
   ­Ъћё config.py ВИАВаЋ: 77.8%
   ­ЪДа GPU ьЁљВёю: 2304Ж░ю, 6.171GB
   ­ЪЊІ ьЂ░ ьЁљВёю TOP 5:
      1. [50000, 1280] (torch.float32) - 244.1MB
      2. [50265, 1024] (torch.float32) - 196.3MB
      3. [54343, 768] (torch.float32) - 159.2MB
      4. [54343, 768] (torch.float32) - 159.2MB
      5. [50265, 768] (torch.float32) - 147.3MB
   ­ЪЌѓ№ИЈ В║љВІювљю вЕћвфевдг: 0.180GB
­ЪћЇ [ьЋЎВіх ВІюВіцьЁю В┤ѕЖИ░ьЎћ ьЏё] GPU вЕћвфевдг ВЃЂьЃю:
   ­ЪњЙ В┤Ю вЕћвфевдг: 8.00GB
   ­ЪЊі ьЋавІ╣вље: 7.943GB (99.3%)
   ­ЪЊд ВўѕВЋйвље: 8.158GB
   ­Ъњџ ВЌгВюа: 0.057GB
   ­Ъћё config.py ВИАВаЋ: 99.3%
   ­ЪДа GPU ьЁљВёю: 2548Ж░ю, 7.856GB
   ­ЪЊІ ьЂ░ ьЁљВёю TOP 5:
      1. [50000, 1280] (torch.float32) - 244.1MB
      2. [50000, 1280] (torch.float32) - 244.1MB
      3. [50265, 1024] (torch.float32) - 196.3MB
      4. [54343, 768] (torch.float32) - 159.2MB
      5. [54343, 768] (torch.float32) - 159.2MB
   ­ЪЌѓ№ИЈ В║љВІювљю вЕћвфевдг: 0.215GB
   Рџа№ИЈ WARNING: вєњВЮђ вЕћвфевдг ВѓгВџЕвЦа (99.3%)
   ­ЪћЮ ВЃѕвАюВџ┤ Peak вЕћвфевдг: 7.943GB (at ьЋЎВіх ВІюВіцьЁю В┤ѕЖИ░ьЎћ ьЏё)
­ЪћЇ [ьїеьё┤ вХёВёЮЖИ░ В┤ѕЖИ░ьЎћ ьЏё] GPU вЕћвфевдг ВЃЂьЃю:
   ­ЪњЙ В┤Ю вЕћвфевдг: 8.00GB
   ­ЪЊі ьЋавІ╣вље: 7.943GB (99.3%)
   ­ЪЊд ВўѕВЋйвље: 8.158GB
   ­Ъњџ ВЌгВюа: 0.057GB
   ­Ъћё config.py ВИАВаЋ: 99.3%
   ­ЪДа GPU ьЁљВёю: 2548Ж░ю, 7.856GB
   ­ЪЊІ ьЂ░ ьЁљВёю TOP 5:
      1. [50000, 1280] (torch.float32) - 244.1MB
      2. [50000, 1280] (torch.float32) - 244.1MB
      3. [50265, 1024] (torch.float32) - 196.3MB
      4. [54343, 768] (torch.float32) - 159.2MB
      5. [54343, 768] (torch.float32) - 159.2MB
   ­ЪЌѓ№ИЈ В║љВІювљю вЕћвфевдг: 0.215GB
   Рџа№ИЈ WARNING: вєњВЮђ вЕћвфевдг ВѓгВџЕвЦа (99.3%)
ьЏѕвае ВцЉ ВўцвЦў в░юВЃЮ: вЊ▒вАЮвљўВДђ ВЋіВЮђ ьЌцвЊю: emotion_empathy_head
­Ъўе ВЃЂВёИ ВЌљвЪг ВіцьЃЮ:
Traceback (most recent call last):
  File "/mnt/c/large_project/linux_red_heart/unified_learning_system.py", line 1375, in train_unified_system
    await self._load_active_heads(active_heads)
  File "/mnt/c/large_project/linux_red_heart/unified_learning_system.py", line 1448, in _load_active_heads
    await self.swap_manager.load_head_to_gpu(head_type.value)
  File "/mnt/c/large_project/linux_red_heart/dynamic_swap_manager.py", line 422, in load_head_to_gpu
    raise ValueError(f"вЊ▒вАЮвљўВДђ ВЋіВЮђ ьЌцвЊю: {head_name}")
ValueError: вЊ▒вАЮвљўВДђ ВЋіВЮђ ьЌцвЊю: emotion_empathy_head

­ЪћЇ ВЌљвЪг ьЃђВъЁ: ValueError
­ЪЊЇ ВЌљьЪ╝ьЂг: 1/1, в░░В╣ў: 0
Python ьєхьЋЕ ьЋЎВіх ВўцвЦў: вЊ▒вАЮвљўВДђ ВЋіВЮђ ьЌцвЊю: emotion_empathy_head
­Ъўе ВЃЂВёИ ВЌљвЪг ВіцьЃЮ:
Traceback (most recent call last):
  File "/mnt/c/large_project/linux_red_heart/unified_system_orchestrator.py", line 1565, in _run_python_training
    await self.learning_system.train_unified_system(
  File "/mnt/c/large_project/linux_red_heart/unified_learning_system.py", line 1375, in train_unified_system
    await self._load_active_heads(active_heads)
  File "/mnt/c/large_project/linux_red_heart/unified_learning_system.py", line 1448, in _load_active_heads
    await self.swap_manager.load_head_to_gpu(head_type.value)
  File "/mnt/c/large_project/linux_red_heart/dynamic_swap_manager.py", line 422, in load_head_to_gpu
    raise ValueError(f"вЊ▒вАЮвљўВДђ ВЋіВЮђ ьЌцвЊю: {head_name}")
ValueError: вЊ▒вАЮвљўВДђ ВЋіВЮђ ьЌцвЊю: emotion_empathy_head

­ЪћЇ ВЌљвЪг ьЃђВъЁ: ValueError
­ЪЊЇ num_epochs: 1, num_batches: 1
­ЪћЇ [В┤ѕЖИ░ьЎћ ВІюВъЉ Ваё] GPU вЕћвфевдг ВЃЂьЃю:
   ­ЪњЙ В┤Ю вЕћвфевдг: 8.00GB
   ­ЪЊі ьЋавІ╣вље: 7.943GB (99.3%)
   ­ЪЊд ВўѕВЋйвље: 8.158GB
   ­Ъњџ ВЌгВюа: 0.057GB
   ­Ъћё config.py ВИАВаЋ: 99.3%
   ­ЪДа GPU ьЁљВёю: 2548Ж░ю, 7.856GB
   ­ЪЊІ ьЂ░ ьЁљВёю TOP 5:
      1. [50000, 1280] (torch.float32) - 244.1MB
      2. [50000, 1280] (torch.float32) - 244.1MB
      3. [50265, 1024] (torch.float32) - 196.3MB
      4. [54343, 768] (torch.float32) - 159.2MB
      5. [54343, 768] (torch.float32) - 159.2MB
   ­ЪЌѓ№ИЈ В║љВІювљю вЕћвфевдг: 0.215GB
   Рџа№ИЈ WARNING: вєњВЮђ вЕћвфевдг ВѓгВџЕвЦа (99.3%)
­ЪћЇ fast_init_mode = False
­Ъїљ ВаёВЌГ вфевЊѕ ВѕюВ░е В┤ѕЖИ░ьЎћ ВІюВъЉ - MasterMemoryOrchestrator Ж┤ђвдг
Рџа№ИЈ GPU вЕћвфевдг вХђВА▒ - ВаЋвдг ВІюВъЉ (ВѓгВџЕвЦа: 99.3%, ВЌгВюа: 57.978515625MB)
­Ъџе ЖИ┤ЖИЅ GPU вЕћвфевдг ВаЋвдг ВІюВъЉ
­Ъџе В┤ѕЖИ░ GPU вЕћвфевдг: 99.3% ВѓгВџЕ ВцЉ
­ЪћЇ ВІцВаю GPU ВЃЂВБ╝ вфевЇИ ВаёвЕ┤ ВіцВ║ћ ВІюВъЉ...
­ЪћЇ PyTorch ВІцВаю вЕћвфевдг: ьЋавІ╣=7.94GB, ВўѕВЋй=8.16GB
­ЪЌЉ№ИЈ В┤Ю 435Ж░ю вфевЇИ ВцЉ CRITICAL ВЎИ вфевЊа вфевЇИ ВќИвАювЊю ВІюВъЉ
­ЪД╣ ВхюВбЁ ВаёвЕ┤ вЕћвфевдг ВаЋвдг ВІюВъЉ...
­ЪД╣ Ж░ђв╣ёВДђ В╗гваЅВЁў 1ьџї: 654Ж░ю Ж░ЮВ▓┤ ВаЋвдг
­ЪД╣ Ж░ђв╣ёВДђ В╗гваЅВЁў 2ьџї: 0Ж░ю Ж░ЮВ▓┤ ВаЋвдг
­ЪД╣ Ж░ђв╣ёВДђ В╗гваЅВЁў 3ьџї: 0Ж░ю Ж░ЮВ▓┤ ВаЋвдг
­Ъџђ CUDA В║љВІю ВЎёВаё ВаЋвдг ВЎёвБї
РюЁ ЖИ┤ЖИЅ ВаЋвдг ВЎёвБї:
   ­ЪЊі вЕћвфевдг ВѓгВџЕвЦа: 99.3% Рєњ 99.3% (+0.0%)
   ­ЪЌЉ№ИЈ ВќИвАювЊювљю вфевЇИ: 0Ж░ю
   ­ЪњЙ ьЋ┤Ваювљю вЕћвфевдг: 0MB
Рџа№ИЈ вЕћвфевдг ВѓгВџЕвЦаВЮ┤ ВЌгВаёьъѕ вєњВЮї - ВХћЖ░ђ ВА░В╣ў ьЋёВџћ
РЮї GPU вЕћвфевдг Ж│хЖ░ё ьЎЋв│┤ ВІцьїе - ьЋёВџћ: 400MB, ВЌгВюа: 57.978515625MB
ВіцВЎЉ Ж│хЖ░ё ьЎЋв│┤ ВІцьїе: temp_model_1754195404 - 'memory_used_gb'
в╣ёвЈЎЖИ░ ВІцьќЅ ьЃђВъёВЋёВЏЃ
GPU Ж│хЖ░ё ьЎЋв│┤ ВІцьїе: cannot import name 'DynamicSwapManager' from 'dynamic_swap_manager' (/mnt/c/large_project/linux_red_heart/dynamic_swap_manager.py)
ЖИ┤ЖИЅ вЕћвфевдг ВаЋвдг ВІюВъЉ!
ЖИ┤ЖИЅ ВаЋвдг ВЎёвБї: 0Ж░ю вфевЇИ ВќИвАювЊю
[Ж▓йЖ│а] ВўѕВЃЂ GPU ВѓгВџЕвЦа: 104.2% > вфЕьЉю 85.0%
Рџа№ИЈ GPU вЕћвфевдг вХђВА▒ - ВаЋвдг ВІюВъЉ (ВѓгВџЕвЦа: 99.3%, ВЌгВюа: 57.978515625MB)
­Ъџе ЖИ┤ЖИЅ GPU вЕћвфевдг ВаЋвдг ВІюВъЉ
­Ъџе В┤ѕЖИ░ GPU вЕћвфевдг: 99.3% ВѓгВџЕ ВцЉ
­ЪћЇ ВІцВаю GPU ВЃЂВБ╝ вфевЇИ ВаёвЕ┤ ВіцВ║ћ ВІюВъЉ...
­ЪћЇ PyTorch ВІцВаю вЕћвфевдг: ьЋавІ╣=7.94GB, ВўѕВЋй=8.16GB
­ЪЌЉ№ИЈ В┤Ю 435Ж░ю вфевЇИ ВцЉ CRITICAL ВЎИ вфевЊа вфевЇИ ВќИвАювЊю ВІюВъЉ
­ЪД╣ ВхюВбЁ ВаёвЕ┤ вЕћвфевдг ВаЋвдг ВІюВъЉ...
­ЪД╣ Ж░ђв╣ёВДђ В╗гваЅВЁў 1ьџї: 5Ж░ю Ж░ЮВ▓┤ ВаЋвдг
­ЪД╣ Ж░ђв╣ёВДђ В╗гваЅВЁў 2ьџї: 0Ж░ю Ж░ЮВ▓┤ ВаЋвдг
­ЪД╣ Ж░ђв╣ёВДђ В╗гваЅВЁў 3ьџї: 0Ж░ю Ж░ЮВ▓┤ ВаЋвдг
­Ъџђ CUDA В║љВІю ВЎёВаё ВаЋвдг ВЎёвБї
РюЁ ЖИ┤ЖИЅ ВаЋвдг ВЎёвБї:
   ­ЪЊі вЕћвфевдг ВѓгВџЕвЦа: 99.3% Рєњ 99.3% (+0.0%)
   ­ЪЌЉ№ИЈ ВќИвАювЊювљю вфевЇИ: 0Ж░ю
   ­ЪњЙ ьЋ┤Ваювљю вЕћвфевдг: 0MB
Рџа№ИЈ вЕћвфевдг ВѓгВџЕвЦаВЮ┤ ВЌгВаёьъѕ вєњВЮї - ВХћЖ░ђ ВА░В╣ў ьЋёВџћ
РЮї GPU вЕћвфевдг Ж│хЖ░ё ьЎЋв│┤ ВІцьїе - ьЋёВџћ: 500MB, ВЌгВюа: 57.978515625MB
в╣ёвЈЎЖИ░ ВІцьќЅ ьЃђВъёВЋёВЏЃ
Device set to use cpu
Failed to determine 'entailment' label id from the label2id mapping in the model config. Setting to -1. Define a descriptive label2id mapping in the model config to ensure correct outputs.
Some weights of ElectraForSequenceClassification were not initialized from the model checkpoint at beomi/KcELECTRA-base-v2022 and are newly initialized: ['classifier.dense.bias', 'classifier.dense.weight', 'classifier.out_proj.bias', 'classifier.out_proj.weight']
You should probably TRAIN this model on a down-stream task to be able to use it for predictions and inference.
Device set to use cpu
ВіцВЎЉ вїђЖИ░ ьЃђВъёВЋёВЏЃ: temp_model_1754195404 (Вхювїђ вїђЖИ░ ВІюЖ░ё 30.0В┤ѕ В┤ѕЖ│╝)
ВіцВЎЉ Ж│хЖ░ё ьЎЋв│┤ ВІцьїе: temp_model_1754195412 - 'memory_used_gb'
ВіцВЎЉ вїђЖИ░ ьЃђВъёВЋёВЏЃ: temp_model_1754195412 (Вхювїђ вїђЖИ░ ВІюЖ░ё 30.0В┤ѕ В┤ѕЖ│╝)
[Ж▓йЖ│а] ВўѕВЃЂ GPU ВѓгВџЕвЦа: 96.0% > вфЕьЉю 85.0%
вфевЇИ Ж░ђв╣ёВДђ В╗гваЅВЁў Ж░љВДђ: discovered_RobertaForSequenceClassification_313MB_125085444184576 - ваѕВДђВіцьіИвдг ВаЋвдг
вфевЇИ Ж░ђв╣ёВДђ В╗гваЅВЁў Ж░љВДђ: discovered_RobertaForSequenceClassification_313MB_125085444184576 - ваѕВДђВіцьіИвдг ВаЋвдг
вфевЇИ Ж░ђв╣ёВДђ В╗гваЅВЁў Ж░љВДђ: discovered_RobertaModel_311MB_125084884787680 - ваѕВДђВіцьіИвдг ВаЋвдг
вфевЇИ Ж░ђв╣ёВДђ В╗гваЅВЁў Ж░љВДђ: discovered_RobertaModel_311MB_125084884787680 - ваѕВДђВіцьіИвдг ВаЋвдг
вфевЇИ Ж░ђв╣ёВДђ В╗гваЅВЁў Ж░љВДђ: discovered_RobertaEmbeddings_148MB_125085026772672 - ваѕВДђВіцьіИвдг ВаЋвдг
вфевЇИ Ж░ђв╣ёВДђ В╗гваЅВЁў Ж░љВДђ: discovered_RobertaEmbeddings_148MB_125085026772672 - ваѕВДђВіцьіИвдг ВаЋвдг
вфевЇИ Ж░ђв╣ёВДђ В╗гваЅВЁў Ж░љВДђ: discovered_Embedding_147MB_125084887498240 - ваѕВДђВіцьіИвдг ВаЋвдг
вфевЇИ Ж░ђв╣ёВДђ В╗гваЅВЁў Ж░љВДђ: discovered_Embedding_147MB_125084887498240 - ваѕВДђВіцьіИвдг ВаЋвдг
вфевЇИ Ж░ђв╣ёВДђ В╗гваЅВЁў Ж░љВДђ: discovered_RobertaEncoder_162MB_125084887920480 - ваѕВДђВіцьіИвдг ВаЋвдг
вфевЇИ Ж░ђв╣ёВДђ В╗гваЅВЁў Ж░љВДђ: discovered_RobertaEncoder_162MB_125084887920480 - ваѕВДђВіцьіИвдг ВаЋвдг
вфевЇИ Ж░ђв╣ёВДђ В╗гваЅВЁў Ж░љВДђ: discovered_ModuleList_162MB_125084887496848 - ваѕВДђВіцьіИвдг ВаЋвдг
вфевЇИ Ж░ђв╣ёВДђ В╗гваЅВЁў Ж░љВДђ: discovered_ModuleList_162MB_125084887496848 - ваѕВДђВіцьіИвдг ВаЋвдг
вфевЇИ Ж░ђв╣ёВДђ В╗гваЅВЁў Ж░љВДђ: discovered_RobertaLayer_27MB_125084899589536 - ваѕВДђВіцьіИвдг ВаЋвдг
вфевЇИ Ж░ђв╣ёВДђ В╗гваЅВЁў Ж░љВДђ: discovered_RobertaLayer_27MB_125084899589536 - ваѕВДђВіцьіИвдг ВаЋвдг
вфевЇИ Ж░ђв╣ёВДђ В╗гваЅВЁў Ж░љВДђ: discovered_RobertaLayer_27MB_125084886058720 - ваѕВДђВіцьіИвдг ВаЋвдг
вфевЇИ Ж░ђв╣ёВДђ В╗гваЅВЁў Ж░љВДђ: discovered_RobertaLayer_27MB_125084886058720 - ваѕВДђВіцьіИвдг ВаЋвдг
вфевЇИ Ж░ђв╣ёВДђ В╗гваЅВЁў Ж░љВДђ: discovered_RobertaLayer_27MB_125085219070768 - ваѕВДђВіцьіИвдг ВаЋвдг
вфевЇИ Ж░ђв╣ёВДђ В╗гваЅВЁў Ж░љВДђ: discovered_RobertaLayer_27MB_125085219070768 - ваѕВДђВіцьіИвдг ВаЋвдг
вфевЇИ Ж░ђв╣ёВДђ В╗гваЅВЁў Ж░љВДђ: discovered_RobertaLayer_27MB_125085219072352 - ваѕВДђВіцьіИвдг ВаЋвдг
вфевЇИ Ж░ђв╣ёВДђ В╗гваЅВЁў Ж░љВДђ: discovered_RobertaLayer_27MB_125085219072352 - ваѕВДђВіцьіИвдг ВаЋвдг
вфевЇИ Ж░ђв╣ёВДђ В╗гваЅВЁў Ж░љВДђ: discovered_RobertaLayer_27MB_125085219074752 - ваѕВДђВіцьіИвдг ВаЋвдг
вфевЇИ Ж░ђв╣ёВДђ В╗гваЅВЁў Ж░љВДђ: discovered_RobertaLayer_27MB_125085219074752 - ваѕВДђВіцьіИвдг ВаЋвдг
вфевЇИ Ж░ђв╣ёВДђ В╗гваЅВЁў Ж░љВДђ: discovered_RobertaLayer_27MB_125085219076624 - ваѕВДђВіцьіИвдг ВаЋвдг
вфевЇИ Ж░ђв╣ёВДђ В╗гваЅВЁў Ж░љВДђ: discovered_RobertaLayer_27MB_125085219076624 - ваѕВДђВіцьіИвдг ВаЋвдг
вфевЇИ Ж░ђв╣ёВДђ В╗гваЅВЁў Ж░љВДђ: discovered_RobertaForSequenceClassification_313MB_125084886343488 - ваѕВДђВіцьіИвдг ВаЋвдг
вфевЇИ Ж░ђв╣ёВДђ В╗гваЅВЁў Ж░љВДђ: discovered_RobertaForSequenceClassification_313MB_125084886343488 - ваѕВДђВіцьіИвдг ВаЋвдг
вфевЇИ Ж░ђв╣ёВДђ В╗гваЅВЁў Ж░љВДђ: discovered_RobertaModel_311MB_125084636729504 - ваѕВДђВіцьіИвдг ВаЋвдг
вфевЇИ Ж░ђв╣ёВДђ В╗гваЅВЁў Ж░љВДђ: discovered_RobertaModel_311MB_125084636729504 - ваѕВДђВіцьіИвдг ВаЋвдг
вфевЇИ Ж░ђв╣ёВДђ В╗гваЅВЁў Ж░љВДђ: discovered_RobertaEmbeddings_148MB_125084887993952 - ваѕВДђВіцьіИвдг ВаЋвдг
вфевЇИ Ж░ђв╣ёВДђ В╗гваЅВЁў Ж░љВДђ: discovered_RobertaEmbeddings_148MB_125084887993952 - ваѕВДђВіцьіИвдг ВаЋвдг
вфевЇИ Ж░ђв╣ёВДђ В╗гваЅВЁў Ж░љВДђ: discovered_Embedding_147MB_125085219076576 - ваѕВДђВіцьіИвдг ВаЋвдг
вфевЇИ Ж░ђв╣ёВДђ В╗гваЅВЁў Ж░љВДђ: discovered_Embedding_147MB_125085219076576 - ваѕВДђВіцьіИвдг ВаЋвдг
вфевЇИ Ж░ђв╣ёВДђ В╗гваЅВЁў Ж░љВДђ: discovered_RobertaEncoder_162MB_125084883229280 - ваѕВДђВіцьіИвдг ВаЋвдг
вфевЇИ Ж░ђв╣ёВДђ В╗гваЅВЁў Ж░љВДђ: discovered_RobertaEncoder_162MB_125084883229280 - ваѕВДђВіцьіИвдг ВаЋвдг
вфевЇИ Ж░ђв╣ёВДђ В╗гваЅВЁў Ж░љВДђ: discovered_ModuleList_162MB_125084883235136 - ваѕВДђВіцьіИвдг ВаЋвдг
вфевЇИ Ж░ђв╣ёВДђ В╗гваЅВЁў Ж░љВДђ: discovered_ModuleList_162MB_125084883235136 - ваѕВДђВіцьіИвдг ВаЋвдг
вфевЇИ Ж░ђв╣ёВДђ В╗гваЅВЁў Ж░љВДђ: discovered_RobertaLayer_27MB_125084886343104 - ваѕВДђВіцьіИвдг ВаЋвдг
вфевЇИ Ж░ђв╣ёВДђ В╗гваЅВЁў Ж░љВДђ: discovered_RobertaLayer_27MB_125084886343104 - ваѕВДђВіцьіИвдг ВаЋвдг
вфевЇИ Ж░ђв╣ёВДђ В╗гваЅВЁў Ж░љВДђ: discovered_RobertaLayer_27MB_125084619717040 - ваѕВДђВіцьіИвдг ВаЋвдг
вфевЇИ Ж░ђв╣ёВДђ В╗гваЅВЁў Ж░љВДђ: discovered_RobertaLayer_27MB_125084619717040 - ваѕВДђВіцьіИвдг ВаЋвдг
вфевЇИ Ж░ђв╣ёВДђ В╗гваЅВЁў Ж░љВДђ: discovered_RobertaLayer_27MB_125085026772288 - ваѕВДђВіцьіИвдг ВаЋвдг
вфевЇИ Ж░ђв╣ёВДђ В╗гваЅВЁў Ж░љВДђ: discovered_RobertaLayer_27MB_125085026772288 - ваѕВДђВіцьіИвдг ВаЋвдг
вфевЇИ Ж░ђв╣ёВДђ В╗гваЅВЁў Ж░љВДђ: discovered_RobertaLayer_27MB_125084619718336 - ваѕВДђВіцьіИвдг ВаЋвдг
вфевЇИ Ж░ђв╣ёВДђ В╗гваЅВЁў Ж░љВДђ: discovered_RobertaLayer_27MB_125084619718336 - ваѕВДђВіцьіИвдг ВаЋвдг
вфевЇИ Ж░ђв╣ёВДђ В╗гваЅВЁў Ж░љВДђ: discovered_RobertaLayer_27MB_125084619715936 - ваѕВДђВіцьіИвдг ВаЋвдг
вфевЇИ Ж░ђв╣ёВДђ В╗гваЅВЁў Ж░љВДђ: discovered_RobertaLayer_27MB_125084619715936 - ваѕВДђВіцьіИвдг ВаЋвдг
вфевЇИ Ж░ђв╣ёВДђ В╗гваЅВЁў Ж░љВДђ: discovered_RobertaLayer_27MB_125084619715024 - ваѕВДђВіцьіИвдг ВаЋвдг
вфевЇИ Ж░ђв╣ёВДђ В╗гваЅВЁў Ж░љВДђ: discovered_RobertaLayer_27MB_125084619715024 - ваѕВДђВіцьіИвдг ВаЋвдг
вфевЇИ Ж░ђв╣ёВДђ В╗гваЅВЁў Ж░љВДђ: discovered_ElectraModel_485MB_125085050232784 - ваѕВДђВіцьіИвдг ВаЋвдг
вфевЇИ Ж░ђв╣ёВДђ В╗гваЅВЁў Ж░љВДђ: discovered_ElectraModel_485MB_125085050232784 - ваѕВДђВіцьіИвдг ВаЋвдг
вфевЇИ Ж░ђв╣ёВДђ В╗гваЅВЁў Ж░љВДђ: discovered_ElectraEmbeddings_160MB_125084635988576 - ваѕВДђВіцьіИвдг ВаЋвдг
вфевЇИ Ж░ђв╣ёВДђ В╗гваЅВЁў Ж░љВДђ: discovered_ElectraEmbeddings_160MB_125084635988576 - ваѕВДђВіцьіИвдг ВаЋвдг
вфевЇИ Ж░ђв╣ёВДђ В╗гваЅВЁў Ж░љВДђ: discovered_Embedding_159MB_125084887911600 - ваѕВДђВіцьіИвдг ВаЋвдг
вфевЇИ Ж░ђв╣ёВДђ В╗гваЅВЁў Ж░љВДђ: discovered_Embedding_159MB_125084887911600 - ваѕВДђВіцьіИвдг ВаЋвдг
вфевЇИ Ж░ђв╣ёВДђ В╗гваЅВЁў Ж░љВДђ: discovered_ElectraEncoder_324MB_125084637543072 - ваѕВДђВіцьіИвдг ВаЋвдг
вфевЇИ Ж░ђв╣ёВДђ В╗гваЅВЁў Ж░љВДђ: discovered_ElectraEncoder_324MB_125084637543072 - ваѕВДђВіцьіИвдг ВаЋвдг
вфевЇИ Ж░ђв╣ёВДђ В╗гваЅВЁў Ж░љВДђ: discovered_ModuleList_324MB_125084887921536 - ваѕВДђВіцьіИвдг ВаЋвдг
вфевЇИ Ж░ђв╣ёВДђ В╗гваЅВЁў Ж░љВДђ: discovered_ModuleList_324MB_125084887921536 - ваѕВДђВіцьіИвдг ВаЋвдг
вфевЇИ Ж░ђв╣ёВДђ В╗гваЅВЁў Ж░љВДђ: discovered_ElectraLayer_27MB_125084636787488 - ваѕВДђВіцьіИвдг ВаЋвдг
вфевЇИ Ж░ђв╣ёВДђ В╗гваЅВЁў Ж░љВДђ: discovered_ElectraLayer_27MB_125084636787488 - ваѕВДђВіцьіИвдг ВаЋвдг
вфевЇИ Ж░ђв╣ёВДђ В╗гваЅВЁў Ж░љВДђ: discovered_ElectraLayer_27MB_125084884716816 - ваѕВДђВіцьіИвдг ВаЋвдг
вфевЇИ Ж░ђв╣ёВДђ В╗гваЅВЁў Ж░љВДђ: discovered_ElectraLayer_27MB_125084884716816 - ваѕВДђВіцьіИвдг ВаЋвдг
вфевЇИ Ж░ђв╣ёВДђ В╗гваЅВЁў Ж░љВДђ: discovered_ElectraLayer_27MB_125084886061408 - ваѕВДђВіцьіИвдг ВаЋвдг
вфевЇИ Ж░ђв╣ёВДђ В╗гваЅВЁў Ж░љВДђ: discovered_ElectraLayer_27MB_125084886061408 - ваѕВДђВіцьіИвдг ВаЋвдг
вфевЇИ Ж░ђв╣ёВДђ В╗гваЅВЁў Ж░љВДђ: discovered_ElectraLayer_27MB_125084635476384 - ваѕВДђВіцьіИвдг ВаЋвдг
вфевЇИ Ж░ђв╣ёВДђ В╗гваЅВЁў Ж░љВДђ: discovered_ElectraLayer_27MB_125084635476384 - ваѕВДђВіцьіИвдг ВаЋвдг
вфевЇИ Ж░ђв╣ёВДђ В╗гваЅВЁў Ж░љВДђ: discovered_ElectraLayer_27MB_125084619705376 - ваѕВДђВіцьіИвдг ВаЋвдг
вфевЇИ Ж░ђв╣ёВДђ В╗гваЅВЁў Ж░љВДђ: discovered_ElectraLayer_27MB_125084619705376 - ваѕВДђВіцьіИвдг ВаЋвдг
вфевЇИ Ж░ђв╣ёВДђ В╗гваЅВЁў Ж░љВДђ: discovered_ElectraLayer_27MB_125084636132704 - ваѕВДђВіцьіИвдг ВаЋвдг
вфевЇИ Ж░ђв╣ёВДђ В╗гваЅВЁў Ж░љВДђ: discovered_ElectraLayer_27MB_125084636132704 - ваѕВДђВіцьіИвдг ВаЋвдг
вфевЇИ Ж░ђв╣ёВДђ В╗гваЅВЁў Ж░љВДђ: discovered_ElectraLayer_27MB_125084635456400 - ваѕВДђВіцьіИвдг ВаЋвдг
вфевЇИ Ж░ђв╣ёВДђ В╗гваЅВЁў Ж░љВДђ: discovered_ElectraLayer_27MB_125084635456400 - ваѕВДђВіцьіИвдг ВаЋвдг
вфевЇИ Ж░ђв╣ёВДђ В╗гваЅВЁў Ж░љВДђ: discovered_ElectraLayer_27MB_125084635235008 - ваѕВДђВіцьіИвдг ВаЋвдг
вфевЇИ Ж░ђв╣ёВДђ В╗гваЅВЁў Ж░љВДђ: discovered_ElectraLayer_27MB_125084635235008 - ваѕВДђВіцьіИвдг ВаЋвдг
вфевЇИ Ж░ђв╣ёВДђ В╗гваЅВЁў Ж░љВДђ: discovered_ElectraLayer_27MB_125084635237648 - ваѕВДђВіцьіИвдг ВаЋвдг
вфевЇИ Ж░ђв╣ёВДђ В╗гваЅВЁў Ж░љВДђ: discovered_ElectraLayer_27MB_125084635237648 - ваѕВДђВіцьіИвдг ВаЋвдг
вфевЇИ Ж░ђв╣ёВДђ В╗гваЅВЁў Ж░љВДђ: discovered_ElectraLayer_27MB_125084635237984 - ваѕВДђВіцьіИвдг ВаЋвдг
вфевЇИ Ж░ђв╣ёВДђ В╗гваЅВЁў Ж░љВДђ: discovered_ElectraLayer_27MB_125084635237984 - ваѕВДђВіцьіИвдг ВаЋвдг
вфевЇИ Ж░ђв╣ёВДђ В╗гваЅВЁў Ж░љВДђ: discovered_ElectraLayer_27MB_125084635247872 - ваѕВДђВіцьіИвдг ВаЋвдг
вфевЇИ Ж░ђв╣ёВДђ В╗гваЅВЁў Ж░љВДђ: discovered_ElectraLayer_27MB_125084635247872 - ваѕВДђВіцьіИвдг ВаЋвдг
вфевЇИ Ж░ђв╣ёВДђ В╗гваЅВЁў Ж░љВДђ: discovered_ElectraLayer_27MB_125084635249072 - ваѕВДђВіцьіИвдг ВаЋвдг
вфевЇИ Ж░ђв╣ёВДђ В╗гваЅВЁў Ж░љВДђ: discovered_ElectraLayer_27MB_125084635249072 - ваѕВДђВіцьіИвдг ВаЋвдг
вфевЇИ Ж░ђв╣ёВДђ В╗гваЅВЁў Ж░љВДђ: discovered_ElectraForSequenceClassification_487MB_125084635470528 - ваѕВДђВіцьіИвдг ВаЋвдг
вфевЇИ Ж░ђв╣ёВДђ В╗гваЅВЁў Ж░љВДђ: discovered_ElectraForSequenceClassification_487MB_125084635470528 - ваѕВДђВіцьіИвдг ВаЋвдг
вфевЇИ Ж░ђв╣ёВДђ В╗гваЅВЁў Ж░љВДђ: discovered_ElectraModel_485MB_125084635474944 - ваѕВДђВіцьіИвдг ВаЋвдг
вфевЇИ Ж░ђв╣ёВДђ В╗гваЅВЁў Ж░љВДђ: discovered_ElectraModel_485MB_125084635474944 - ваѕВДђВіцьіИвдг ВаЋвдг
вфевЇИ Ж░ђв╣ёВДђ В╗гваЅВЁў Ж░љВДђ: discovered_ElectraEmbeddings_160MB_125084635176144 - ваѕВДђВіцьіИвдг ВаЋвдг
вфевЇИ Ж░ђв╣ёВДђ В╗гваЅВЁў Ж░љВДђ: discovered_ElectraEmbeddings_160MB_125084635176144 - ваѕВДђВіцьіИвдг ВаЋвдг
вфевЇИ Ж░ђв╣ёВДђ В╗гваЅВЁў Ж░љВДђ: discovered_Embedding_159MB_125084635453328 - ваѕВДђВіцьіИвдг ВаЋвдг
вфевЇИ Ж░ђв╣ёВДђ В╗гваЅВЁў Ж░љВДђ: discovered_Embedding_159MB_125084635453328 - ваѕВДђВіцьіИвдг ВаЋвдг
вфевЇИ Ж░ђв╣ёВДђ В╗гваЅВЁў Ж░љВДђ: discovered_ElectraEncoder_324MB_125084635458416 - ваѕВДђВіцьіИвдг ВаЋвдг
вфевЇИ Ж░ђв╣ёВДђ В╗гваЅВЁў Ж░љВДђ: discovered_ElectraEncoder_324MB_125084635458416 - ваѕВДђВіцьіИвдг ВаЋвдг
вфевЇИ Ж░ђв╣ёВДђ В╗гваЅВЁў Ж░љВДђ: discovered_ModuleList_324MB_125084888119920 - ваѕВДђВіцьіИвдг ВаЋвдг
вфевЇИ Ж░ђв╣ёВДђ В╗гваЅВЁў Ж░љВДђ: discovered_ModuleList_324MB_125084888119920 - ваѕВДђВіцьіИвдг ВаЋвдг
вфевЇИ Ж░ђв╣ёВДђ В╗гваЅВЁў Ж░љВДђ: discovered_ElectraLayer_27MB_125084888114208 - ваѕВДђВіцьіИвдг ВаЋвдг
вфевЇИ Ж░ђв╣ёВДђ В╗гваЅВЁў Ж░љВДђ: discovered_ElectraLayer_27MB_125084888114208 - ваѕВДђВіцьіИвдг ВаЋвдг
вфевЇИ Ж░ђв╣ёВДђ В╗гваЅВЁў Ж░љВДђ: discovered_ElectraLayer_27MB_125084899620576 - ваѕВДђВіцьіИвдг ВаЋвдг
вфевЇИ Ж░ђв╣ёВДђ В╗гваЅВЁў Ж░љВДђ: discovered_ElectraLayer_27MB_125084899620576 - ваѕВДђВіцьіИвдг ВаЋвдг
вфевЇИ Ж░ђв╣ёВДђ В╗гваЅВЁў Ж░љВДђ: discovered_ElectraLayer_27MB_125084636040416 - ваѕВДђВіцьіИвдг ВаЋвдг
вфевЇИ Ж░ђв╣ёВДђ В╗гваЅВЁў Ж░љВДђ: discovered_ElectraLayer_27MB_125084636040416 - ваѕВДђВіцьіИвдг ВаЋвдг
вфевЇИ Ж░ђв╣ёВДђ В╗гваЅВЁў Ж░љВДђ: discovered_ElectraLayer_27MB_125084630171520 - ваѕВДђВіцьіИвдг ВаЋвдг
вфевЇИ Ж░ђв╣ёВДђ В╗гваЅВЁў Ж░љВДђ: discovered_ElectraLayer_27MB_125084630171520 - ваѕВДђВіцьіИвдг ВаЋвдг
вфевЇИ Ж░ђв╣ёВДђ В╗гваЅВЁў Ж░љВДђ: discovered_ElectraLayer_27MB_125084635169424 - ваѕВДђВіцьіИвдг ВаЋвдг
вфевЇИ Ж░ђв╣ёВДђ В╗гваЅВЁў Ж░љВДђ: discovered_ElectraLayer_27MB_125084635169424 - ваѕВДђВіцьіИвдг ВаЋвдг
вфевЇИ Ж░ђв╣ёВДђ В╗гваЅВЁў Ж░љВДђ: discovered_ElectraLayer_27MB_125084636111136 - ваѕВДђВіцьіИвдг ВаЋвдг
вфевЇИ Ж░ђв╣ёВДђ В╗гваЅВЁў Ж░љВДђ: discovered_ElectraLayer_27MB_125084636111136 - ваѕВДђВіцьіИвдг ВаЋвдг
вфевЇИ Ж░ђв╣ёВДђ В╗гваЅВЁў Ж░љВДђ: discovered_ElectraLayer_27MB_125084636108928 - ваѕВДђВіцьіИвдг ВаЋвдг
вфевЇИ Ж░ђв╣ёВДђ В╗гваЅВЁў Ж░љВДђ: discovered_ElectraLayer_27MB_125084636108928 - ваѕВДђВіцьіИвдг ВаЋвдг
вфевЇИ Ж░ђв╣ёВДђ В╗гваЅВЁў Ж░љВДђ: discovered_ElectraLayer_27MB_125084636117616 - ваѕВДђВіцьіИвдг ВаЋвдг
вфевЇИ Ж░ђв╣ёВДђ В╗гваЅВЁў Ж░љВДђ: discovered_ElectraLayer_27MB_125084636117616 - ваѕВДђВіцьіИвдг ВаЋвдг
вфевЇИ Ж░ђв╣ёВДђ В╗гваЅВЁў Ж░љВДђ: discovered_ElectraLayer_27MB_125084636113776 - ваѕВДђВіцьіИвдг ВаЋвдг
вфевЇИ Ж░ђв╣ёВДђ В╗гваЅВЁў Ж░љВДђ: discovered_ElectraLayer_27MB_125084636113776 - ваѕВДђВіцьіИвдг ВаЋвдг
вфевЇИ Ж░ђв╣ёВДђ В╗гваЅВЁў Ж░љВДђ: discovered_ElectraLayer_27MB_125084636109888 - ваѕВДђВіцьіИвдг ВаЋвдг
вфевЇИ Ж░ђв╣ёВДђ В╗гваЅВЁў Ж░љВДђ: discovered_ElectraLayer_27MB_125084636109888 - ваѕВДђВіцьіИвдг ВаЋвдг
вфевЇИ Ж░ђв╣ёВДђ В╗гваЅВЁў Ж░љВДђ: discovered_ElectraLayer_27MB_125084636116848 - ваѕВДђВіцьіИвдг ВаЋвдг
вфевЇИ Ж░ђв╣ёВДђ В╗гваЅВЁў Ж░љВДђ: discovered_ElectraLayer_27MB_125084636116848 - ваѕВДђВіцьіИвдг ВаЋвдг
вфевЇИ Ж░ђв╣ёВДђ В╗гваЅВЁў Ж░љВДђ: discovered_ElectraLayer_27MB_125084636105376 - ваѕВДђВіцьіИвдг ВаЋвдг
вфевЇИ Ж░ђв╣ёВДђ В╗гваЅВЁў Ж░љВДђ: discovered_ElectraLayer_27MB_125084636105376 - ваѕВДђВіцьіИвдг ВаЋвдг
вфевЇИ Ж░ђв╣ёВДђ В╗гваЅВЁў Ж░љВДђ: discovered_MarianMTModel_297MB_125084887482832 - ваѕВДђВіцьіИвдг ВаЋвдг
вфевЇИ Ж░ђв╣ёВДђ В╗гваЅВЁў Ж░љВДђ: discovered_MarianMTModel_297MB_125084887482832 - ваѕВДђВіцьіИвдг ВаЋвдг
вфевЇИ Ж░ђв╣ёВДђ В╗гваЅВЁў Ж░љВДђ: discovered_MarianModel_297MB_125085223002544 - ваѕВДђВіцьіИвдг ВаЋвдг
вфевЇИ Ж░ђв╣ёВДђ В╗гваЅВЁў Ж░љВДђ: discovered_MarianModel_297MB_125085223002544 - ваѕВДђВіцьіИвдг ВаЋвдг
вфевЇИ Ж░ђв╣ёВДђ В╗гваЅВЁў Ж░љВДђ: discovered_MarianEncoder_200MB_125084903455152 - ваѕВДђВіцьіИвдг ВаЋвдг
вфевЇИ Ж░ђв╣ёВДђ В╗гваЅВЁў Ж░љВДђ: discovered_MarianEncoder_200MB_125084903455152 - ваѕВДђВіцьіИвдг ВаЋвдг
вфевЇИ Ж░ђв╣ёВДђ В╗гваЅВЁў Ж░љВДђ: discovered_ModuleList_72MB_125085021609696 - ваѕВДђВіцьіИвдг ВаЋвдг
вфевЇИ Ж░ђв╣ёВДђ В╗гваЅВЁў Ж░љВДђ: discovered_ModuleList_72MB_125085021609696 - ваѕВДђВіцьіИвдг ВаЋвдг
вфевЇИ Ж░ђв╣ёВДђ В╗гваЅВЁў Ж░љВДђ: discovered_MarianEncoderLayer_12MB_125084903541600 - ваѕВДђВіцьіИвдг ВаЋвдг
вфевЇИ Ж░ђв╣ёВДђ В╗гваЅВЁў Ж░љВДђ: discovered_MarianEncoderLayer_12MB_125084903541600 - ваѕВДђВіцьіИвдг ВаЋвдг
вфевЇИ Ж░ђв╣ёВДђ В╗гваЅВЁў Ж░љВДђ: discovered_MarianEncoderLayer_12MB_125085219067408 - ваѕВДђВіцьіИвдг ВаЋвдг
вфевЇИ Ж░ђв╣ёВДђ В╗гваЅВЁў Ж░љВДђ: discovered_MarianEncoderLayer_12MB_125085219067408 - ваѕВДђВіцьіИвдг ВаЋвдг
вфевЇИ Ж░ђв╣ёВДђ В╗гваЅВЁў Ж░љВДђ: discovered_MarianEncoderLayer_12MB_125085219066976 - ваѕВДђВіцьіИвдг ВаЋвдг
вфевЇИ Ж░ђв╣ёВДђ В╗гваЅВЁў Ж░љВДђ: discovered_MarianEncoderLayer_12MB_125085219066976 - ваѕВДђВіцьіИвдг ВаЋвдг
вфевЇИ Ж░ђв╣ёВДђ В╗гваЅВЁў Ж░љВДђ: discovered_MarianEncoderLayer_12MB_125084887482544 - ваѕВДђВіцьіИвдг ВаЋвдг
вфевЇИ Ж░ђв╣ёВДђ В╗гваЅВЁў Ж░љВДђ: discovered_MarianEncoderLayer_12MB_125084887482544 - ваѕВДђВіцьіИвдг ВаЋвдг
вфевЇИ Ж░ђв╣ёВДђ В╗гваЅВЁў Ж░љВДђ: discovered_MarianEncoderLayer_12MB_125084888907552 - ваѕВДђВіцьіИвдг ВаЋвдг
вфевЇИ Ж░ђв╣ёВДђ В╗гваЅВЁў Ж░љВДђ: discovered_MarianEncoderLayer_12MB_125084888907552 - ваѕВДђВіцьіИвдг ВаЋвдг
вфевЇИ Ж░ђв╣ёВДђ В╗гваЅВЁў Ж░љВДђ: discovered_MarianEncoderLayer_12MB_125084888907360 - ваѕВДђВіцьіИвдг ВаЋвдг
вфевЇИ Ж░ђв╣ёВДђ В╗гваЅВЁў Ж░љВДђ: discovered_MarianEncoderLayer_12MB_125084888907360 - ваѕВДђВіцьіИвдг ВаЋвдг
вфевЇИ Ж░ђв╣ёВДђ В╗гваЅВЁў Ж░љВДђ: discovered_MarianDecoder_224MB_125084887484560 - ваѕВДђВіцьіИвдг ВаЋвдг
вфевЇИ Ж░ђв╣ёВДђ В╗гваЅВЁў Ж░љВДђ: discovered_MarianDecoder_224MB_125084887484560 - ваѕВДђВіцьіИвдг ВаЋвдг
вфевЇИ Ж░ђв╣ёВДђ В╗гваЅВЁў Ж░љВДђ: discovered_Embedding_126MB_125084903459824 - ваѕВДђВіцьіИвдг ВаЋвдг
вфевЇИ Ж░ђв╣ёВДђ В╗гваЅВЁў Ж░љВДђ: discovered_Embedding_126MB_125084903459824 - ваѕВДђВіцьіИвдг ВаЋвдг
вфевЇИ Ж░ђв╣ёВДђ В╗гваЅВЁў Ж░љВДђ: discovered_ModuleList_96MB_125084887485040 - ваѕВДђВіцьіИвдг ВаЋвдг
вфевЇИ Ж░ђв╣ёВДђ В╗гваЅВЁў Ж░љВДђ: discovered_ModuleList_96MB_125084887485040 - ваѕВДђВіцьіИвдг ВаЋвдг
вфевЇИ Ж░ђв╣ёВДђ В╗гваЅВЁў Ж░љВДђ: discovered_MarianDecoderLayer_16MB_125084887484992 - ваѕВДђВіцьіИвдг ВаЋвдг
вфевЇИ Ж░ђв╣ёВДђ В╗гваЅВЁў Ж░љВДђ: discovered_MarianDecoderLayer_16MB_125084887484992 - ваѕВДђВіцьіИвдг ВаЋвдг
вфевЇИ Ж░ђв╣ёВДђ В╗гваЅВЁў Ж░љВДђ: discovered_MarianDecoderLayer_16MB_125084887485856 - ваѕВДђВіцьіИвдг ВаЋвдг
вфевЇИ Ж░ђв╣ёВДђ В╗гваЅВЁў Ж░љВДђ: discovered_MarianDecoderLayer_16MB_125084887485856 - ваѕВДђВіцьіИвдг ВаЋвдг
вфевЇИ Ж░ђв╣ёВДђ В╗гваЅВЁў Ж░љВДђ: discovered_MarianDecoderLayer_16MB_125084887486672 - ваѕВДђВіцьіИвдг ВаЋвдг
вфевЇИ Ж░ђв╣ёВДђ В╗гваЅВЁў Ж░љВДђ: discovered_MarianDecoderLayer_16MB_125084887486672 - ваѕВДђВіцьіИвдг ВаЋвдг
вфевЇИ Ж░ђв╣ёВДђ В╗гваЅВЁў Ж░љВДђ: discovered_MarianDecoderLayer_16MB_125084887487488 - ваѕВДђВіцьіИвдг ВаЋвдг
вфевЇИ Ж░ђв╣ёВДђ В╗гваЅВЁў Ж░љВДђ: discovered_MarianDecoderLayer_16MB_125084887487488 - ваѕВДђВіцьіИвдг ВаЋвдг
вфевЇИ Ж░ђв╣ёВДђ В╗гваЅВЁў Ж░љВДђ: discovered_MarianDecoderLayer_16MB_125084887488304 - ваѕВДђВіцьіИвдг ВаЋвдг
вфевЇИ Ж░ђв╣ёВДђ В╗гваЅВЁў Ж░љВДђ: discovered_MarianDecoderLayer_16MB_125084887488304 - ваѕВДђВіцьіИвдг ВаЋвдг
вфевЇИ Ж░ђв╣ёВДђ В╗гваЅВЁў Ж░љВДђ: discovered_MarianDecoderLayer_16MB_125084887489120 - ваѕВДђВіцьіИвдг ВаЋвдг
вфевЇИ Ж░ђв╣ёВДђ В╗гваЅВЁў Ж░љВДђ: discovered_MarianDecoderLayer_16MB_125084887489120 - ваѕВДђВіцьіИвдг ВаЋвдг
вфевЇИ Ж░ђв╣ёВДђ В╗гваЅВЁў Ж░љВДђ: discovered_Linear_126MB_125085050356848 - ваѕВДђВіцьіИвдг ВаЋвдг
вфевЇИ Ж░ђв╣ёВДђ В╗гваЅВЁў Ж░љВДђ: discovered_Linear_126MB_125085050356848 - ваѕВДђВіцьіИвдг ВаЋвдг
вфевЇИ Ж░ђв╣ёВДђ В╗гваЅВЁў Ж░љВДђ: discovered_HierarchicalEmotionModel_31MB_125084630149328 - ваѕВДђВіцьіИвдг ВаЋвдг
вфевЇИ Ж░ђв╣ёВДђ В╗гваЅВЁў Ж░љВДђ: discovered_Phase1EmpathyModel_14MB_125084635455632 - ваѕВДђВіцьіИвдг ВаЋвдг
вфевЇИ Ж░ђв╣ёВДђ В╗гваЅВЁў Ж░љВДђ: discovered_Phase2CommunityModel_14MB_125084635156976 - ваѕВДђВіцьіИвдг ВаЋвдг
Device set to use cuda:0
Device set to use cuda:0
Device set to use cuda:0
­Ъџе GPU вЕћвфевдг ВюёьЌў: 94.6% - ЖИ┤ЖИЅ ВаЋвдг ВІюВъЉ
­Ъџе ЖИ┤ЖИЅ GPU вЕћвфевдг ВаЋвдг ВІюВъЉ
­Ъџе В┤ѕЖИ░ GPU вЕћвфевдг: 94.6% ВѓгВџЕ ВцЉ
­ЪћЇ ВІцВаю GPU ВЃЂВБ╝ вфевЇИ ВаёвЕ┤ ВіцВ║ћ ВІюВъЉ...
­ЪћЇ PyTorch ВІцВаю вЕћвфевдг: ьЋавІ╣=7.57GB, ВўѕВЋй=7.71GB
­ЪЌЉ№ИЈ В┤Ю 511Ж░ю вфевЇИ ВцЉ CRITICAL ВЎИ вфевЊа вфевЇИ ВќИвАювЊю ВІюВъЉ
­ЪД╣ ВхюВбЁ ВаёвЕ┤ вЕћвфевдг ВаЋвдг ВІюВъЉ...
­ЪД╣ Ж░ђв╣ёВДђ В╗гваЅВЁў 1ьџї: 86Ж░ю Ж░ЮВ▓┤ ВаЋвдг
­ЪД╣ Ж░ђв╣ёВДђ В╗гваЅВЁў 2ьџї: 0Ж░ю Ж░ЮВ▓┤ ВаЋвдг
­ЪД╣ Ж░ђв╣ёВДђ В╗гваЅВЁў 3ьџї: 0Ж░ю Ж░ЮВ▓┤ ВаЋвдг
­Ъџђ CUDA В║љВІю ВЎёВаё ВаЋвдг ВЎёвБї
РюЁ ЖИ┤ЖИЅ ВаЋвдг ВЎёвБї:
   ­ЪЊі вЕћвфевдг ВѓгВџЕвЦа: 94.6% Рєњ 94.6% (+0.0%)
   ­ЪЌЉ№ИЈ ВќИвАювЊювљю вфевЇИ: 0Ж░ю
   ­ЪњЙ ьЋ┤Ваювљю вЕћвфевдг: 0MB
Рџа№ИЈ вЕћвфевдг ВѓгВџЕвЦаВЮ┤ ВЌгВаёьъѕ вєњВЮї - ВХћЖ░ђ ВА░В╣ў ьЋёВџћ
AdvancedMultiLevelSemanticAnalyzer В┤ѕЖИ░ьЎћ ВІцьїе: ВЮўв»И ВюхьЋЕ вёцьіИВЏїьЂг GPU вАювћЕ ВІцьїе: device=cpu, models=None
РЮї вфевЊѕ semantic_analyzer вАювћЕ ВІцьїе: ВЮўв»И ВюхьЋЕ вёцьіИВЏїьЂг GPU вАювћЕ ВІцьїе: device=cpu, models=None
­Ъџе semantic_analyzer вАювћЕ ВІцьїе ВЃЂВёИ ВіцьЃЮ:
Traceback (most recent call last):
  File "/mnt/c/large_project/linux_red_heart/unified_system_orchestrator.py", line 1479, in run_training_pipeline
    raise Exception("Python ьєхьЋЕ ьЋЎВіх ВІюВіцьЁю ВІцьќЅ ВІцьїе")
Exception: Python ьєхьЋЕ ьЋЎВіх ВІюВіцьЁю ВІцьќЅ ВІцьїе

During handling of the above exception, another exception occurred:

Traceback (most recent call last):
  File "/mnt/c/large_project/linux_red_heart/unified_system_orchestrator.py", line 1092, in _load_single_module
    await initialize_method()
  File "/mnt/c/large_project/linux_red_heart/advanced_multi_level_semantic_analyzer.py", line 133, in initialize
    self._setup_neural_networks()
  File "/mnt/c/large_project/linux_red_heart/advanced_multi_level_semantic_analyzer.py", line 613, in _setup_neural_networks
    raise RuntimeError(f"ВЮўв»И ВюхьЋЕ вёцьіИВЏїьЂг GPU вАювћЕ ВІцьїе: device={fusion_device}, models={fusion_models}")
RuntimeError: ВЮўв»И ВюхьЋЕ вёцьіИВЏїьЂг GPU вАювћЕ ВІцьїе: device=cpu, models=None

   РЮї semantic_analyzer В┤ѕЖИ░ьЎћ ВІцьїе: ВЮўв»И ВюхьЋЕ вёцьіИВЏїьЂг GPU вАювћЕ ВІцьїе: device=cpu, models=None
РЮї ВаёВЌГ вфевЊѕ В┤ѕЖИ░ьЎћ ВІцьїе: ьЋёВѕў вфевЊѕ semantic_analyzer В┤ѕЖИ░ьЎћ ВІцьїе: ВЮўв»И ВюхьЋЕ вёцьіИВЏїьЂг GPU вАювћЕ ВІцьїе: device=cpu, models=None
РЮї ВіцьЃЮ ьіИваѕВЮ┤Віц:
Traceback (most recent call last):
  File "/mnt/c/large_project/linux_red_heart/unified_system_orchestrator.py", line 1479, in run_training_pipeline
    raise Exception("Python ьєхьЋЕ ьЋЎВіх ВІюВіцьЁю ВІцьќЅ ВІцьїе")
Exception: Python ьєхьЋЕ ьЋЎВіх ВІюВіцьЁю ВІцьќЅ ВІцьїе

During handling of the above exception, another exception occurred:

Traceback (most recent call last):
  File "/mnt/c/large_project/linux_red_heart/unified_system_orchestrator.py", line 938, in _initialize_global_modules_sequential
    module_instance = await asyncio.wait_for(
                      ^^^^^^^^^^^^^^^^^^^^^^^
  File "/usr/lib/python3.12/asyncio/tasks.py", line 520, in wait_for
    return await fut
           ^^^^^^^^^
  File "/mnt/c/large_project/linux_red_heart/unified_system_orchestrator.py", line 1092, in _load_single_module
    await initialize_method()
  File "/mnt/c/large_project/linux_red_heart/advanced_multi_level_semantic_analyzer.py", line 133, in initialize
    self._setup_neural_networks()
  File "/mnt/c/large_project/linux_red_heart/advanced_multi_level_semantic_analyzer.py", line 613, in _setup_neural_networks
    raise RuntimeError(f"ВЮўв»И ВюхьЋЕ вёцьіИВЏїьЂг GPU вАювћЕ ВІцьїе: device={fusion_device}, models={fusion_models}")
RuntimeError: ВЮўв»И ВюхьЋЕ вёцьіИВЏїьЂг GPU вАювћЕ ВІцьїе: device=cpu, models=None

During handling of the above exception, another exception occurred:

Traceback (most recent call last):
  File "/mnt/c/large_project/linux_red_heart/unified_system_orchestrator.py", line 1336, in _initialize_core_components
    await self._initialize_global_modules_sequential()
  File "/mnt/c/large_project/linux_red_heart/unified_system_orchestrator.py", line 987, in _initialize_global_modules_sequential
    raise RuntimeError(f"ьЋёВѕў вфевЊѕ {spec['name']} В┤ѕЖИ░ьЎћ ВІцьїе: {e}")
RuntimeError: ьЋёВѕў вфевЊѕ semantic_analyzer В┤ѕЖИ░ьЎћ ВІцьїе: ВЮўв»И ВюхьЋЕ вёцьіИВЏїьЂг GPU вАювћЕ ВІцьїе: device=cpu, models=None

ВъљвЈЎ в│хЖхг ВІцьїе: ВаёВЌГ вфевЊѕ В┤ѕЖИ░ьЎћ ВІцьїе - ВІюВіцьЁю ВцЉвІе: ьЋёВѕў вфевЊѕ semantic_analyzer В┤ѕЖИ░ьЎћ ВІцьїе: ВЮўв»И ВюхьЋЕ вёцьіИВЏїьЂг GPU вАювћЕ ВІцьїе: device=cpu, models=None
вфевЇИ Ж░ђв╣ёВДђ В╗гваЅВЁў Ж░љВДђ: discovered_RobertaForSequenceClassification_313MB_125083573693632 - ваѕВДђВіцьіИвдг ВаЋвдг
вфевЇИ Ж░ђв╣ёВДђ В╗гваЅВЁў Ж░љВДђ: discovered_RobertaModel_311MB_125083573691088 - ваѕВДђВіцьіИвдг ВаЋвдг
вфевЇИ Ж░ђв╣ёВДђ В╗гваЅВЁў Ж░љВДђ: discovered_RobertaEmbeddings_148MB_125084898244896 - ваѕВДђВіцьіИвдг ВаЋвдг
вфевЇИ Ж░ђв╣ёВДђ В╗гваЅВЁў Ж░љВДђ: discovered_Embedding_147MB_125083573687392 - ваѕВДђВіцьіИвдг ВаЋвдг
вфевЇИ Ж░ђв╣ёВДђ В╗гваЅВЁў Ж░љВДђ: discovered_RobertaEncoder_162MB_125083573693440 - ваѕВДђВіцьіИвдг ВаЋвдг
вфевЇИ Ж░ђв╣ёВДђ В╗гваЅВЁў Ж░љВДђ: discovered_ModuleList_162MB_125083573693392 - ваѕВДђВіцьіИвдг ВаЋвдг
вфевЇИ Ж░ђв╣ёВДђ В╗гваЅВЁў Ж░љВДђ: discovered_RobertaLayer_27MB_125083573687344 - ваѕВДђВіцьіИвдг ВаЋвдг
вфевЇИ Ж░ђв╣ёВДђ В╗гваЅВЁў Ж░љВДђ: discovered_RobertaLayer_27MB_125083573692576 - ваѕВДђВіцьіИвдг ВаЋвдг
вфевЇИ Ж░ђв╣ёВДђ В╗гваЅВЁў Ж░љВДђ: discovered_RobertaLayer_27MB_125084898239952 - ваѕВДђВіцьіИвдг ВаЋвдг
вфевЇИ Ж░ђв╣ёВДђ В╗гваЅВЁў Ж░љВДђ: discovered_RobertaLayer_27MB_125084898242400 - ваѕВДђВіцьіИвдг ВаЋвдг
вфевЇИ Ж░ђв╣ёВДђ В╗гваЅВЁў Ж░љВДђ: discovered_RobertaLayer_27MB_125083573691424 - ваѕВДђВіцьіИвдг ВаЋвдг
вфевЇИ Ж░ђв╣ёВДђ В╗гваЅВЁў Ж░љВДђ: discovered_RobertaLayer_27MB_125083573682688 - ваѕВДђВіцьіИвдг ВаЋвдг
вфевЇИ Ж░ђв╣ёВДђ В╗гваЅВЁў Ж░љВДђ: discovered_BertModel_417MB_125084891903232 - ваѕВДђВіцьіИвдг ВаЋвдг
вфевЇИ Ж░ђв╣ёВДђ В╗гваЅВЁў Ж░љВДђ: semantic_ethical_model - ваѕВДђВіцьіИвдг ВаЋвдг
вфевЇИ Ж░ђв╣ёВДђ В╗гваЅВЁў Ж░љВДђ: discovered_BertEmbeddings_90MB_125084891903088 - ваѕВДђВіцьіИвдг ВаЋвдг
вфевЇИ Ж░ђв╣ёВДђ В╗гваЅВЁў Ж░љВДђ: discovered_Embedding_89MB_125085021609696 - ваѕВДђВіцьіИвдг ВаЋвдг
вфевЇИ Ж░ђв╣ёВДђ В╗гваЅВЁў Ж░љВДђ: discovered_BertEncoder_324MB_125084891901744 - ваѕВДђВіцьіИвдг ВаЋвдг
вфевЇИ Ж░ђв╣ёВДђ В╗гваЅВЁў Ж░љВДђ: discovered_ModuleList_324MB_125084891901792 - ваѕВДђВіцьіИвдг ВаЋвдг
вфевЇИ Ж░ђв╣ёВДђ В╗гваЅВЁў Ж░љВДђ: discovered_BertLayer_27MB_125084891901888 - ваѕВДђВіцьіИвдг ВаЋвдг
вфевЇИ Ж░ђв╣ёВДђ В╗гваЅВЁў Ж░љВДђ: discovered_BertLayer_27MB_125084891901456 - ваѕВДђВіцьіИвдг ВаЋвдг
вфевЇИ Ж░ђв╣ёВДђ В╗гваЅВЁў Ж░љВДђ: discovered_BertLayer_27MB_125084891905152 - ваѕВДђВіцьіИвдг ВаЋвдг
вфевЇИ Ж░ђв╣ёВДђ В╗гваЅВЁў Ж░љВДђ: discovered_BertLayer_27MB_125084891904576 - ваѕВДђВіцьіИвдг ВаЋвдг
вфевЇИ Ж░ђв╣ёВДђ В╗гваЅВЁў Ж░љВДђ: discovered_BertLayer_27MB_125084891900448 - ваѕВДђВіцьіИвдг ВаЋвдг
вфевЇИ Ж░ђв╣ёВДђ В╗гваЅВЁў Ж░љВДђ: discovered_BertLayer_27MB_125084891899344 - ваѕВДђВіцьіИвдг ВаЋвдг
вфевЇИ Ж░ђв╣ёВДђ В╗гваЅВЁў Ж░љВДђ: discovered_BertLayer_27MB_125084891898384 - ваѕВДђВіцьіИвдг ВаЋвдг
вфевЇИ Ж░ђв╣ёВДђ В╗гваЅВЁў Ж░љВДђ: discovered_BertLayer_27MB_125084891897424 - ваѕВДђВіцьіИвдг ВаЋвдг
вфевЇИ Ж░ђв╣ёВДђ В╗гваЅВЁў Ж░љВДђ: discovered_BertLayer_27MB_125084891896464 - ваѕВДђВіцьіИвдг ВаЋвдг
вфевЇИ Ж░ђв╣ёВДђ В╗гваЅВЁў Ж░љВДђ: discovered_BertLayer_27MB_125084891895504 - ваѕВДђВіцьіИвдг ВаЋвдг
вфевЇИ Ж░ђв╣ёВДђ В╗гваЅВЁў Ж░љВДђ: discovered_BertLayer_27MB_125084891894544 - ваѕВДђВіцьіИвдг ВаЋвдг
вфевЇИ Ж░ђв╣ёВДђ В╗гваЅВЁў Ж░љВДђ: discovered_BertLayer_27MB_125084891893584 - ваѕВДђВіцьіИвдг ВаЋвдг
вфевЇИ Ж░ђв╣ёВДђ В╗гваЅВЁў Ж░љВДђ: discovered_BartForSequenceClassification_1553MB_125083575502896 - ваѕВДђВіцьіИвдг ВаЋвдг
вфевЇИ Ж░ђв╣ёВДђ В╗гваЅВЁў Ж░љВДђ: discovered_BartModel_1549MB_125083575511392 - ваѕВДђВіцьіИвдг ВаЋвдг
вфевЇИ Ж░ђв╣ёВДђ В╗гваЅВЁў Ж░љВДђ: discovered_BartScaledWordEmbedding_196MB_125083575506112 - ваѕВДђВіцьіИвдг ВаЋвдг
вфевЇИ Ж░ђв╣ёВДђ В╗гваЅВЁў Ж░љВДђ: discovered_BartEncoder_776MB_125083575505728 - ваѕВДђВіцьіИвдг ВаЋвдг
вфевЇИ Ж░ђв╣ёВДђ В╗гваЅВЁў Ж░љВДђ: discovered_BartScaledWordEmbedding_196MB_125083575941648 - ваѕВДђВіцьіИвдг ВаЋвдг
вфевЇИ Ж░ђв╣ёВДђ В╗гваЅВЁў Ж░љВДђ: discovered_ModuleList_576MB_125083575509616 - ваѕВДђВіцьіИвдг ВаЋвдг
вфевЇИ Ж░ђв╣ёВДђ В╗гваЅВЁў Ж░љВДђ: discovered_BartEncoderLayer_48MB_125083575506016 - ваѕВДђВіцьіИвдг ВаЋвдг
вфевЇИ Ж░ђв╣ёВДђ В╗гваЅВЁў Ж░љВДђ: discovered_BartAttention_16MB_125083575513552 - ваѕВДђВіцьіИвдг ВаЋвдг
вфевЇИ Ж░ђв╣ёВДђ В╗гваЅВЁў Ж░љВДђ: discovered_Linear_16MB_125083575511824 - ваѕВДђВіцьіИвдг ВаЋвдг
вфевЇИ Ж░ђв╣ёВДђ В╗гваЅВЁў Ж░љВДђ: discovered_Linear_16MB_125083575504768 - ваѕВДђВіцьіИвдг ВаЋвдг
вфевЇИ Ж░ђв╣ёВДђ В╗гваЅВЁў Ж░љВДђ: discovered_BartEncoderLayer_48MB_125083575508944 - ваѕВДђВіцьіИвдг ВаЋвдг
вфевЇИ Ж░ђв╣ёВДђ В╗гваЅВЁў Ж░љВДђ: discovered_BartAttention_16MB_125083575513168 - ваѕВДђВіцьіИвдг ВаЋвдг
вфевЇИ Ж░ђв╣ёВДђ В╗гваЅВЁў Ж░љВДђ: discovered_Linear_16MB_125083575514992 - ваѕВДђВіцьіИвдг ВаЋвдг
вфевЇИ Ж░ђв╣ёВДђ В╗гваЅВЁў Ж░љВДђ: discovered_Linear_16MB_125083575509760 - ваѕВДђВіцьіИвдг ВаЋвдг
вфевЇИ Ж░ђв╣ёВДђ В╗гваЅВЁў Ж░љВДђ: discovered_BartEncoderLayer_48MB_125083575516144 - ваѕВДђВіцьіИвдг ВаЋвдг
вфевЇИ Ж░ђв╣ёВДђ В╗гваЅВЁў Ж░љВДђ: discovered_BartAttention_16MB_125083575505296 - ваѕВДђВіцьіИвдг ВаЋвдг
вфевЇИ Ж░ђв╣ёВДђ В╗гваЅВЁў Ж░љВДђ: discovered_Linear_16MB_125083575508848 - ваѕВДђВіцьіИвдг ВаЋвдг
вфевЇИ Ж░ђв╣ёВДђ В╗гваЅВЁў Ж░љВДђ: discovered_Linear_16MB_125083575502704 - ваѕВДђВіцьіИвдг ВаЋвдг
вфевЇИ Ж░ђв╣ёВДђ В╗гваЅВЁў Ж░љВДђ: discovered_BartEncoderLayer_48MB_125083575514416 - ваѕВДђВіцьіИвдг ВаЋвдг
вфевЇИ Ж░ђв╣ёВДђ В╗гваЅВЁў Ж░љВДђ: discovered_BartAttention_16MB_125083575507216 - ваѕВДђВіцьіИвдг ВаЋвдг
вфевЇИ Ж░ђв╣ёВДђ В╗гваЅВЁў Ж░љВДђ: discovered_Linear_16MB_125084891903280 - ваѕВДђВіцьіИвдг ВаЋвдг
вфевЇИ Ж░ђв╣ёВДђ В╗гваЅВЁў Ж░љВДђ: discovered_Linear_16MB_125084891905440 - ваѕВДђВіцьіИвдг ВаЋвдг
вфевЇИ Ж░ђв╣ёВДђ В╗гваЅВЁў Ж░љВДђ: discovered_BartEncoderLayer_48MB_125084891905584 - ваѕВДђВіцьіИвдг ВаЋвдг
вфевЇИ Ж░ђв╣ёВДђ В╗гваЅВЁў Ж░љВДђ: discovered_BartAttention_16MB_125084891903568 - ваѕВДђВіцьіИвдг ВаЋвдг
вфевЇИ Ж░ђв╣ёВДђ В╗гваЅВЁў Ж░љВДђ: discovered_Linear_16MB_125084891905728 - ваѕВДђВіцьіИвдг ВаЋвдг
вфевЇИ Ж░ђв╣ёВДђ В╗гваЅВЁў Ж░љВДђ: discovered_Linear_16MB_125084891889936 - ваѕВДђВіцьіИвдг ВаЋвдг
вфевЇИ Ж░ђв╣ёВДђ В╗гваЅВЁў Ж░љВДђ: discovered_BartEncoderLayer_48MB_125084891905632 - ваѕВДђВіцьіИвдг ВаЋвдг
вфевЇИ Ж░ђв╣ёВДђ В╗гваЅВЁў Ж░љВДђ: discovered_BartAttention_16MB_125084891903808 - ваѕВДђВіцьіИвдг ВаЋвдг
вфевЇИ Ж░ђв╣ёВДђ В╗гваЅВЁў Ж░љВДђ: discovered_Linear_16MB_125084891903040 - ваѕВДђВіцьіИвдг ВаЋвдг
вфевЇИ Ж░ђв╣ёВДђ В╗гваЅВЁў Ж░љВДђ: discovered_Linear_16MB_125084891891424 - ваѕВДђВіцьіИвдг ВаЋвдг
вфевЇИ Ж░ђв╣ёВДђ В╗гваЅВЁў Ж░љВДђ: discovered_BartEncoderLayer_48MB_125084891903472 - ваѕВДђВіцьіИвдг ВаЋвдг
вфевЇИ Ж░ђв╣ёВДђ В╗гваЅВЁў Ж░љВДђ: discovered_BartAttention_16MB_125084891891904 - ваѕВДђВіцьіИвдг ВаЋвдг
вфевЇИ Ж░ђв╣ёВДђ В╗гваЅВЁў Ж░љВДђ: discovered_Linear_16MB_125083575438128 - ваѕВДђВіцьіИвдг ВаЋвдг
вфевЇИ Ж░ђв╣ёВДђ В╗гваЅВЁў Ж░љВДђ: discovered_Linear_16MB_125083575438992 - ваѕВДђВіцьіИвдг ВаЋвдг
вфевЇИ Ж░ђв╣ёВДђ В╗гваЅВЁў Ж░љВДђ: discovered_BartEncoderLayer_48MB_125083575451376 - ваѕВДђВіцьіИвдг ВаЋвдг
вфевЇИ Ж░ђв╣ёВДђ В╗гваЅВЁў Ж░љВДђ: discovered_BartAttention_16MB_125083575446144 - ваѕВДђВіцьіИвдг ВаЋвдг
вфевЇИ Ж░ђв╣ёВДђ В╗гваЅВЁў Ж░љВДђ: discovered_Linear_16MB_125083575444464 - ваѕВДђВіцьіИвдг ВаЋвдг
вфевЇИ Ж░ђв╣ёВДђ В╗гваЅВЁў Ж░љВДђ: discovered_Linear_16MB_125083575445424 - ваѕВДђВіцьіИвдг ВаЋвдг
вфевЇИ Ж░ђв╣ёВДђ В╗гваЅВЁў Ж░љВДђ: discovered_BartEncoderLayer_48MB_125083575443696 - ваѕВДђВіцьіИвдг ВаЋвдг
вфевЇИ Ж░ђв╣ёВДђ В╗гваЅВЁў Ж░љВДђ: discovered_BartAttention_16MB_125083575443312 - ваѕВДђВіцьіИвдг ВаЋвдг
вфевЇИ Ж░ђв╣ёВДђ В╗гваЅВЁў Ж░љВДђ: discovered_Linear_16MB_125083575450272 - ваѕВДђВіцьіИвдг ВаЋвдг
вфевЇИ Ж░ђв╣ёВДђ В╗гваЅВЁў Ж░љВДђ: discovered_Linear_16MB_125083575448160 - ваѕВДђВіцьіИвдг ВаЋвдг
вфевЇИ Ж░ђв╣ёВДђ В╗гваЅВЁў Ж░љВДђ: discovered_BartEncoderLayer_48MB_125083575446816 - ваѕВДђВіцьіИвдг ВаЋвдг
вфевЇИ Ж░ђв╣ёВДђ В╗гваЅВЁў Ж░љВДђ: discovered_BartAttention_16MB_125083575447584 - ваѕВДђВіцьіИвдг ВаЋвдг
вфевЇИ Ж░ђв╣ёВДђ В╗гваЅВЁў Ж░љВДђ: discovered_Linear_16MB_125083575446528 - ваѕВДђВіцьіИвдг ВаЋвдг
вфевЇИ Ж░ђв╣ёВДђ В╗гваЅВЁў Ж░љВДђ: discovered_Linear_16MB_125083575441968 - ваѕВДђВіцьіИвдг ВаЋвдг
вфевЇИ Ж░ђв╣ёВДђ В╗гваЅВЁў Ж░љВДђ: discovered_BartEncoderLayer_48MB_125083575446240 - ваѕВДђВіцьіИвдг ВаЋвдг
вфевЇИ Ж░ђв╣ёВДђ В╗гваЅВЁў Ж░љВДђ: discovered_BartAttention_16MB_125083575450224 - ваѕВДђВіцьіИвдг ВаЋвдг
вфевЇИ Ж░ђв╣ёВДђ В╗гваЅВЁў Ж░љВДђ: discovered_Linear_16MB_125083575441440 - ваѕВДђВіцьіИвдг ВаЋвдг
вфевЇИ Ж░ђв╣ёВДђ В╗гваЅВЁў Ж░љВДђ: discovered_Linear_16MB_125083575439376 - ваѕВДђВіцьіИвдг ВаЋвдг
вфевЇИ Ж░ђв╣ёВДђ В╗гваЅВЁў Ж░љВДђ: discovered_BartEncoderLayer_48MB_125083575444272 - ваѕВДђВіцьіИвдг ВаЋвдг
вфевЇИ Ж░ђв╣ёВДђ В╗гваЅВЁў Ж░љВДђ: discovered_BartAttention_16MB_125083575444128 - ваѕВДђВіцьіИвдг ВаЋвдг
вфевЇИ Ж░ђв╣ёВДђ В╗гваЅВЁў Ж░љВДђ: discovered_Linear_16MB_125083575449984 - ваѕВДђВіцьіИвдг ВаЋвдг
вфевЇИ Ж░ђв╣ёВДђ В╗гваЅВЁў Ж░љВДђ: discovered_Linear_16MB_125083575442112 - ваѕВДђВіцьіИвдг ВаЋвдг
вфевЇИ Ж░ђв╣ёВДђ В╗гваЅВЁў Ж░љВДђ: discovered_BartDecoder_969MB_125083575502032 - ваѕВДђВіцьіИвдг ВаЋвдг
вфевЇИ Ж░ђв╣ёВДђ В╗гваЅВЁў Ж░љВДђ: discovered_BartScaledWordEmbedding_196MB_125083575511056 - ваѕВДђВіцьіИвдг ВаЋвдг
вфевЇИ Ж░ђв╣ёВДђ В╗гваЅВЁў Ж░љВДђ: discovered_ModuleList_768MB_125083575442496 - ваѕВДђВіцьіИвдг ВаЋвдг
вфевЇИ Ж░ђв╣ёВДђ В╗гваЅВЁў Ж░љВДђ: discovered_BartDecoderLayer_64MB_125083575443408 - ваѕВДђВіцьіИвдг ВаЋвдг
вфевЇИ Ж░ђв╣ёВДђ В╗гваЅВЁў Ж░љВДђ: discovered_BartAttention_16MB_125083575441632 - ваѕВДђВіцьіИвдг ВаЋвдг
вфевЇИ Ж░ђв╣ёВДђ В╗гваЅВЁў Ж░љВДђ: discovered_BartAttention_16MB_125083575413472 - ваѕВДђВіцьіИвдг ВаЋвдг
вфевЇИ Ж░ђв╣ёВДђ В╗гваЅВЁў Ж░љВДђ: discovered_Linear_16MB_125083575418080 - ваѕВДђВіцьіИвдг ВаЋвдг
вфевЇИ Ж░ђв╣ёВДђ В╗гваЅВЁў Ж░љВДђ: discovered_Linear_16MB_125083575413184 - ваѕВДђВіцьіИвдг ВаЋвдг
вфевЇИ Ж░ђв╣ёВДђ В╗гваЅВЁў Ж░љВДђ: discovered_BartDecoderLayer_64MB_125083575417648 - ваѕВДђВіцьіИвдг ВаЋвдг
вфевЇИ Ж░ђв╣ёВДђ В╗гваЅВЁў Ж░љВДђ: discovered_BartAttention_16MB_125083575413088 - ваѕВДђВіцьіИвдг ВаЋвдг
вфевЇИ Ж░ђв╣ёВДђ В╗гваЅВЁў Ж░љВДђ: discovered_BartAttention_16MB_125083575416256 - ваѕВДђВіцьіИвдг ВаЋвдг
вфевЇИ Ж░ђв╣ёВДђ В╗гваЅВЁў Ж░љВДђ: discovered_Linear_16MB_125083575416160 - ваѕВДђВіцьіИвдг ВаЋвдг
вфевЇИ Ж░ђв╣ёВДђ В╗гваЅВЁў Ж░љВДђ: discovered_Linear_16MB_125083575416304 - ваѕВДђВіцьіИвдг ВаЋвдг
вфевЇИ Ж░ђв╣ёВДђ В╗гваЅВЁў Ж░љВДђ: discovered_BartDecoderLayer_64MB_125083575416064 - ваѕВДђВіцьіИвдг ВаЋвдг
вфевЇИ Ж░ђв╣ёВДђ В╗гваЅВЁў Ж░љВДђ: discovered_BartAttention_16MB_125083575416016 - ваѕВДђВіцьіИвдг ВаЋвдг
вфевЇИ Ж░ђв╣ёВДђ В╗гваЅВЁў Ж░љВДђ: discovered_BartAttention_16MB_125083575415632 - ваѕВДђВіцьіИвдг ВаЋвдг
вфевЇИ Ж░ђв╣ёВДђ В╗гваЅВЁў Ж░љВДђ: discovered_Linear_16MB_125083575415248 - ваѕВДђВіцьіИвдг ВаЋвдг
вфевЇИ Ж░ђв╣ёВДђ В╗гваЅВЁў Ж░љВДђ: discovered_Linear_16MB_125083575415104 - ваѕВДђВіцьіИвдг ВаЋвдг
вфевЇИ Ж░ђв╣ёВДђ В╗гваЅВЁў Ж░љВДђ: discovered_BartDecoderLayer_64MB_125083575415296 - ваѕВДђВіцьіИвдг ВаЋвдг
вфевЇИ Ж░ђв╣ёВДђ В╗гваЅВЁў Ж░љВДђ: discovered_BartAttention_16MB_125083575414912 - ваѕВДђВіцьіИвдг ВаЋвдг
вфевЇИ Ж░ђв╣ёВДђ В╗гваЅВЁў Ж░љВДђ: discovered_BartAttention_16MB_125083575414672 - ваѕВДђВіцьіИвдг ВаЋвдг
вфевЇИ Ж░ђв╣ёВДђ В╗гваЅВЁў Ж░љВДђ: discovered_Linear_16MB_125083575414240 - ваѕВДђВіцьіИвдг ВаЋвдг
вфевЇИ Ж░ђв╣ёВДђ В╗гваЅВЁў Ж░љВДђ: discovered_Linear_16MB_125083575414576 - ваѕВДђВіцьіИвдг ВаЋвдг
вфевЇИ Ж░ђв╣ёВДђ В╗гваЅВЁў Ж░љВДђ: discovered_BartDecoderLayer_64MB_125083575414288 - ваѕВДђВіцьіИвдг ВаЋвдг
вфевЇИ Ж░ђв╣ёВДђ В╗гваЅВЁў Ж░љВДђ: discovered_BartAttention_16MB_125083575414192 - ваѕВДђВіцьіИвдг ВаЋвдг
вфевЇИ Ж░ђв╣ёВДђ В╗гваЅВЁў Ж░љВДђ: discovered_BartAttention_16MB_125083575414096 - ваѕВДђВіцьіИвдг ВаЋвдг
вфевЇИ Ж░ђв╣ёВДђ В╗гваЅВЁў Ж░љВДђ: discovered_Linear_16MB_125083575413424 - ваѕВДђВіцьіИвдг ВаЋвдг
вфевЇИ Ж░ђв╣ёВДђ В╗гваЅВЁў Ж░љВДђ: discovered_Linear_16MB_125083575413376 - ваѕВДђВіцьіИвдг ВаЋвдг
вфевЇИ Ж░ђв╣ёВДђ В╗гваЅВЁў Ж░љВДђ: discovered_BartDecoderLayer_64MB_125083575413664 - ваѕВДђВіцьіИвдг ВаЋвдг
вфевЇИ Ж░ђв╣ёВДђ В╗гваЅВЁў Ж░љВДђ: discovered_BartAttention_16MB_125083575413280 - ваѕВДђВіцьіИвдг ВаЋвдг
вфевЇИ Ж░ђв╣ёВДђ В╗гваЅВЁў Ж░љВДђ: discovered_BartAttention_16MB_125083575412848 - ваѕВДђВіцьіИвдг ВаЋвдг
вфевЇИ Ж░ђв╣ёВДђ В╗гваЅВЁў Ж░љВДђ: discovered_Linear_16MB_125083575412512 - ваѕВДђВіцьіИвдг ВаЋвдг
вфевЇИ Ж░ђв╣ёВДђ В╗гваЅВЁў Ж░љВДђ: discovered_Linear_16MB_125083575412464 - ваѕВДђВіцьіИвдг ВаЋвдг
вфевЇИ Ж░ђв╣ёВДђ В╗гваЅВЁў Ж░љВДђ: discovered_BartDecoderLayer_64MB_125083575412368 - ваѕВДђВіцьіИвдг ВаЋвдг
вфевЇИ Ж░ђв╣ёВДђ В╗гваЅВЁў Ж░љВДђ: discovered_BartAttention_16MB_125083575412272 - ваѕВДђВіцьіИвдг ВаЋвдг
вфевЇИ Ж░ђв╣ёВДђ В╗гваЅВЁў Ж░љВДђ: discovered_BartAttention_16MB_125083575411552 - ваѕВДђВіцьіИвдг ВаЋвдг
вфевЇИ Ж░ђв╣ёВДђ В╗гваЅВЁў Ж░љВДђ: discovered_Linear_16MB_125083575411696 - ваѕВДђВіцьіИвдг ВаЋвдг
вфевЇИ Ж░ђв╣ёВДђ В╗гваЅВЁў Ж░љВДђ: discovered_Linear_16MB_125083575411648 - ваѕВДђВіцьіИвдг ВаЋвдг
вфевЇИ Ж░ђв╣ёВДђ В╗гваЅВЁў Ж░љВДђ: discovered_BartDecoderLayer_64MB_125083575411504 - ваѕВДђВіцьіИвдг ВаЋвдг
вфевЇИ Ж░ђв╣ёВДђ В╗гваЅВЁў Ж░љВДђ: discovered_BartAttention_16MB_125083575411456 - ваѕВДђВіцьіИвдг ВаЋвдг
вфевЇИ Ж░ђв╣ёВДђ В╗гваЅВЁў Ж░љВДђ: discovered_BartAttention_16MB_125083575411120 - ваѕВДђВіцьіИвдг ВаЋвдг
вфевЇИ Ж░ђв╣ёВДђ В╗гваЅВЁў Ж░љВДђ: discovered_Linear_16MB_125083575410832 - ваѕВДђВіцьіИвдг ВаЋвдг
вфевЇИ Ж░ђв╣ёВДђ В╗гваЅВЁў Ж░љВДђ: discovered_Linear_16MB_125083575410784 - ваѕВДђВіцьіИвдг ВаЋвдг
вфевЇИ Ж░ђв╣ёВДђ В╗гваЅВЁў Ж░љВДђ: discovered_BartDecoderLayer_64MB_125083575410688 - ваѕВДђВіцьіИвдг ВаЋвдг
вфевЇИ Ж░ђв╣ёВДђ В╗гваЅВЁў Ж░љВДђ: discovered_BartAttention_16MB_125083575410640 - ваѕВДђВіцьіИвдг ВаЋвдг
вфевЇИ Ж░ђв╣ёВДђ В╗гваЅВЁў Ж░љВДђ: discovered_BartAttention_16MB_125083575410352 - ваѕВДђВіцьіИвдг ВаЋвдг
вфевЇИ Ж░ђв╣ёВДђ В╗гваЅВЁў Ж░љВДђ: discovered_Linear_16MB_125083575410016 - ваѕВДђВіцьіИвдг ВаЋвдг
вфевЇИ Ж░ђв╣ёВДђ В╗гваЅВЁў Ж░љВДђ: discovered_Linear_16MB_125083575409968 - ваѕВДђВіцьіИвдг ВаЋвдг
вфевЇИ Ж░ђв╣ёВДђ В╗гваЅВЁў Ж░љВДђ: discovered_BartDecoderLayer_64MB_125083575409872 - ваѕВДђВіцьіИвдг ВаЋвдг
вфевЇИ Ж░ђв╣ёВДђ В╗гваЅВЁў Ж░љВДђ: discovered_BartAttention_16MB_125083575409824 - ваѕВДђВіцьіИвдг ВаЋвдг
вфевЇИ Ж░ђв╣ёВДђ В╗гваЅВЁў Ж░љВДђ: discovered_BartAttention_16MB_125083575409488 - ваѕВДђВіцьіИвдг ВаЋвдг
вфевЇИ Ж░ђв╣ёВДђ В╗гваЅВЁў Ж░љВДђ: discovered_Linear_16MB_125083575409200 - ваѕВДђВіцьіИвдг ВаЋвдг
вфевЇИ Ж░ђв╣ёВДђ В╗гваЅВЁў Ж░љВДђ: discovered_Linear_16MB_125083575409152 - ваѕВДђВіцьіИвдг ВаЋвдг
вфевЇИ Ж░ђв╣ёВДђ В╗гваЅВЁў Ж░љВДђ: discovered_BartDecoderLayer_64MB_125083575409056 - ваѕВДђВіцьіИвдг ВаЋвдг
вфевЇИ Ж░ђв╣ёВДђ В╗гваЅВЁў Ж░љВДђ: discovered_BartAttention_16MB_125083575409008 - ваѕВДђВіцьіИвдг ВаЋвдг
вфевЇИ Ж░ђв╣ёВДђ В╗гваЅВЁў Ж░љВДђ: discovered_BartAttention_16MB_125083575408672 - ваѕВДђВіцьіИвдг ВаЋвдг
вфевЇИ Ж░ђв╣ёВДђ В╗гваЅВЁў Ж░љВДђ: discovered_Linear_16MB_125083575408384 - ваѕВДђВіцьіИвдг ВаЋвдг
вфевЇИ Ж░ђв╣ёВДђ В╗гваЅВЁў Ж░љВДђ: discovered_Linear_16MB_125083575408336 - ваѕВДђВіцьіИвдг ВаЋвдг
вфевЇИ Ж░ђв╣ёВДђ В╗гваЅВЁў Ж░љВДђ: discovered_BartDecoderLayer_64MB_125083575408240 - ваѕВДђВіцьіИвдг ВаЋвдг
вфевЇИ Ж░ђв╣ёВДђ В╗гваЅВЁў Ж░љВДђ: discovered_BartAttention_16MB_125083575408192 - ваѕВДђВіцьіИвдг ВаЋвдг
вфевЇИ Ж░ђв╣ёВДђ В╗гваЅВЁў Ж░љВДђ: discovered_BartAttention_16MB_125083575407856 - ваѕВДђВіцьіИвдг ВаЋвдг
вфевЇИ Ж░ђв╣ёВДђ В╗гваЅВЁў Ж░љВДђ: discovered_Linear_16MB_125083575407568 - ваѕВДђВіцьіИвдг ВаЋвдг
вфевЇИ Ж░ђв╣ёВДђ В╗гваЅВЁў Ж░љВДђ: discovered_Linear_16MB_125083575407520 - ваѕВДђВіцьіИвдг ВаЋвдг
============================================================
­Ъџђ Red Heart AI ьєхьЋЕ ВІюВіцьЁю (800M ьїївЮ╝в»Иьё░)
============================================================
вфевЊю: test
ВІюВъЉ ВІюЖ░ё: 2025-08-03 13:23:50
------------------------------------------------------------
­ЪћД klue/bert-base вфевЇИ: ВЋѕВаЋВё▒ в│┤ВъЦВЮё ВюёьЋю 15.0% ьЋавІ╣
­ЪЊІ Transformer вфевЇИ: ВхюВаЂьЎћвљю в░░В╣ў В▓ўвдг в░ЕВІЮ ьЎюВё▒ьЎћ
[13:30:03] РюЁ ВІюВіцьЁю В┤ѕЖИ░ьЎћ ВЎёвБї
[13:30:03] ­ЪДф ьЁїВіцьіИ вфевЊю ВІюВъЉ...

============================================================
­Ъџе ьЋёВѕў вфевЊѕ semantic_analyzer вАювћЕ ВІцьїе!
============================================================
ВЌљвЪг: ВЮўв»И ВюхьЋЕ вёцьіИВЏїьЂг GPU вАювћЕ ВІцьїе: device=cpu, models=None
вфевЊѕ Ж▓йвАю: advanced_multi_level_semantic_analyzer.AdvancedMultiLevelSemanticAnalyzer
============================================================

[13:31:42] РЮї ьЁїВіцьіИ вфевЊю ВІцьїе
[0;34m[INFO][0m ьЋЎВіх ВІюВіцьЁю ВаЋвдг ВцЉ...
[0;34m[INFO][0m GPU вЕћвфевдг ВаЋвдг...
[0;32m[SUCCESS][0m ВаЋвдг ВЎёвБї
