ğŸš€ Red Heart AI í†µí•© í•™ìŠµ ì‹œìŠ¤í…œ ì‹œì‘
===========================================
[0;34m[INFO][0m ì‘ì—… ë””ë ‰í† ë¦¬: /mnt/c/large_project/linux_red_heart
[0;34m[INFO][0m Red Heart AI í†µí•© í™˜ê²½ ìƒíƒœ í™•ì¸ ì¤‘...
[0;32m[SUCCESS][0m âœ… red_heart_env ê°€ìƒí™˜ê²½ ì¡´ì¬
[0;32m[SUCCESS][0m âœ… faiss-test conda í™˜ê²½ ì¡´ì¬
[0;32m[SUCCESS][0m âœ… FAISS ì„¤ì¹˜ë¨ ë° ì‘ë™ í™•ì¸
âœ… Red Heart AI í†µí•© í™˜ê²½ í™œì„±í™” ì™„ë£Œ
   - venv: /mnt/c/large_project/linux_red_heart/red_heart_env
   - conda: faiss-test (í•¨ê»˜ í™œì„±í™”ë¨)
   - python: /mnt/c/large_project/linux_red_heart/red_heart_env/bin/python
   - í™˜ê²½ ë¶„ë¦¬: faissâ†’conda subprocess, ë‚˜ë¨¸ì§€â†’venv
[0;32m[SUCCESS][0m âœ… ì£¼ìš” íŒ¨í‚¤ì§€ (torch, transformers, numpy) ì„¤ì¹˜ë¨
[0;32m[SUCCESS][0m ğŸ‰ ëª¨ë“  í™˜ê²½ì´ ì´ë¯¸ ì¤€ë¹„ë˜ì–´ ìˆìŠµë‹ˆë‹¤!
âœ… Red Heart AI í†µí•© í™˜ê²½ í™œì„±í™” ì™„ë£Œ
   - venv: /mnt/c/large_project/linux_red_heart/red_heart_env
   - conda: faiss-test (í•¨ê»˜ í™œì„±í™”ë¨)
   - python: /mnt/c/large_project/linux_red_heart/red_heart_env/bin/python
   - í™˜ê²½ ë¶„ë¦¬: faissâ†’conda subprocess, ë‚˜ë¨¸ì§€â†’venv
[0;32m[SUCCESS][0m âœ… Red Heart AI í†µí•© í™˜ê²½ í™œì„±í™” ì™„ë£Œ
[0;32m[SUCCESS][0m    - venv: /mnt/c/large_project/linux_red_heart/red_heart_env
[0;32m[SUCCESS][0m    - conda: faiss-test í™˜ê²½ ì¤€ë¹„ë¨
[0;32m[SUCCESS][0m    - python: /mnt/c/large_project/linux_red_heart/red_heart_env/bin/python
[0;32m[SUCCESS][0m    - í™˜ê²½ ë¶„ë¦¬: faissâ†’conda subprocess, ë‚˜ë¨¸ì§€â†’venv
[0;34m[INFO][0m Red Heart AI í†µí•© í•™ìŠµ ì‹œìŠ¤í…œ ì‹œì‘
[0;34m[INFO][0m í™˜ê²½ ë¶„ë¦¬: conda(faiss) + venv(transformers,torch)
[0;34m[INFO][0m Red Heart AI í†µí•© í•™ìŠµ ì‹œìŠ¤í…œ ì‹¤í–‰ ì‹œì‘...
[0;34m[INFO][0m ì‹¤í–‰ ëª¨ë“œ: unified-test
[0;34m[INFO][0m ğŸ§ª 800M í†µí•© ì‹œìŠ¤í…œ í…ŒìŠ¤íŠ¸ ëª¨ë“œ...
ğŸ” [ì´ˆê¸°í™” ì‹œì‘ ì „] GPU ë©”ëª¨ë¦¬ ìƒíƒœ:
   ğŸ’¾ ì´ ë©”ëª¨ë¦¬: 8.00GB
   ğŸ“Š í• ë‹¹ë¨: 0.000GB (0.0%)
   ğŸ“¦ ì˜ˆì•½ë¨: 0.000GB
   ğŸ’š ì—¬ìœ : 8.000GB
   ğŸ”„ config.py ì¸¡ì •: 0.0%
/mnt/c/large_project/linux_red_heart/red_heart_env/lib/python3.12/site-packages/torch/__init__.py:1021: FutureWarning: `torch.distributed.reduce_op` is deprecated, please use `torch.distributed.ReduceOp` instead
  return isinstance(obj, torch.Tensor)
   ğŸ§  GPU í…ì„œ: 0ê°œ, 0.000GB
   ğŸ—‚ï¸ ìºì‹œëœ ë©”ëª¨ë¦¬: 0.000GB
ğŸ” fast_init_mode = False
ğŸŒ ì „ì—­ ëª¨ë“ˆ ìˆœì°¨ ì´ˆê¸°í™” ì‹œì‘ - MasterMemoryOrchestrator ê´€ë¦¬
/mnt/c/large_project/linux_red_heart/red_heart_env/lib/python3.12/site-packages/transformers/models/marian/tokenization_marian.py:175: UserWarning: Recommended: pip install sacremoses.
  warnings.warn("Recommended: pip install sacremoses.")
Device set to use cuda:0
Failed to determine 'entailment' label id from the label2id mapping in the model config. Setting to -1. Define a descriptive label2id mapping in the model config to ensure correct outputs.
ë‹¤êµ­ì–´ ëª¨ë¸ ë¡œë“œ ì‹¤íŒ¨: HFModelWrapper.wrapped_tokenizer() got multiple values for argument 'owner'
ëª¨ë¸ ì´ˆê¸°í™” ì‹¤íŒ¨: HFModelWrapper.wrapped_tokenizer() got multiple values for argument 'owner'
AdvancedEmotionAnalyzer ì´ˆê¸°í™” ì‹¤íŒ¨: HFModelWrapper.wrapped_tokenizer() got multiple values for argument 'owner'
âŒ ëª¨ë“ˆ emotion_analyzer ë¡œë”© ì‹¤íŒ¨: HFModelWrapper.wrapped_tokenizer() got multiple values for argument 'owner'
ğŸš¨ emotion_analyzer ë¡œë”© ì‹¤íŒ¨ ìƒì„¸ ìŠ¤íƒ:
Traceback (most recent call last):
  File "/mnt/c/large_project/linux_red_heart/unified_system_orchestrator.py", line 995, in _load_single_module
    await initialize_method()
  File "/mnt/c/large_project/linux_red_heart/advanced_emotion_analyzer.py", line 517, in initialize
    self._initialize_models()
  File "/mnt/c/large_project/linux_red_heart/advanced_emotion_analyzer.py", line 528, in _initialize_models
    self._load_multilingual_emotion_model()
  File "/mnt/c/large_project/linux_red_heart/advanced_emotion_analyzer.py", line 570, in _load_multilingual_emotion_model
    self.tokenizers['multilingual'] = hf_wrapper.wrapped_tokenizer(
                                      ^^^^^^^^^^^^^^^^^^^^^^^^^^^^^
TypeError: HFModelWrapper.wrapped_tokenizer() got multiple values for argument 'owner'

   âŒ emotion_analyzer ì´ˆê¸°í™” ì‹¤íŒ¨: HFModelWrapper.wrapped_tokenizer() got multiple values for argument 'owner'
âŒ ì „ì—­ ëª¨ë“ˆ ì´ˆê¸°í™” ì‹¤íŒ¨: í•„ìˆ˜ ëª¨ë“ˆ emotion_analyzer ì´ˆê¸°í™” ì‹¤íŒ¨: HFModelWrapper.wrapped_tokenizer() got multiple values for argument 'owner'
âŒ ìŠ¤íƒ íŠ¸ë ˆì´ìŠ¤:
Traceback (most recent call last):
  File "/mnt/c/large_project/linux_red_heart/unified_system_orchestrator.py", line 824, in _initialize_global_modules_sequential
    module_instance = await asyncio.wait_for(
                      ^^^^^^^^^^^^^^^^^^^^^^^
  File "/usr/lib/python3.12/asyncio/tasks.py", line 520, in wait_for
    return await fut
           ^^^^^^^^^
  File "/mnt/c/large_project/linux_red_heart/unified_system_orchestrator.py", line 995, in _load_single_module
    await initialize_method()
  File "/mnt/c/large_project/linux_red_heart/advanced_emotion_analyzer.py", line 517, in initialize
    self._initialize_models()
  File "/mnt/c/large_project/linux_red_heart/advanced_emotion_analyzer.py", line 528, in _initialize_models
    self._load_multilingual_emotion_model()
  File "/mnt/c/large_project/linux_red_heart/advanced_emotion_analyzer.py", line 570, in _load_multilingual_emotion_model
    self.tokenizers['multilingual'] = hf_wrapper.wrapped_tokenizer(
                                      ^^^^^^^^^^^^^^^^^^^^^^^^^^^^^
TypeError: HFModelWrapper.wrapped_tokenizer() got multiple values for argument 'owner'

During handling of the above exception, another exception occurred:

Traceback (most recent call last):
  File "/mnt/c/large_project/linux_red_heart/unified_system_orchestrator.py", line 1263, in _initialize_core_components
    await self._initialize_global_modules_sequential()
  File "/mnt/c/large_project/linux_red_heart/unified_system_orchestrator.py", line 873, in _initialize_global_modules_sequential
    raise RuntimeError(f"í•„ìˆ˜ ëª¨ë“ˆ {spec['name']} ì´ˆê¸°í™” ì‹¤íŒ¨: {e}")
RuntimeError: í•„ìˆ˜ ëª¨ë“ˆ emotion_analyzer ì´ˆê¸°í™” ì‹¤íŒ¨: HFModelWrapper.wrapped_tokenizer() got multiple values for argument 'owner'

ì‹œìŠ¤í…œ ì´ˆê¸°í™” ì‹¤íŒ¨: ì „ì—­ ëª¨ë“ˆ ì´ˆê¸°í™” ì‹¤íŒ¨ - ì‹œìŠ¤í…œ ì¤‘ë‹¨: í•„ìˆ˜ ëª¨ë“ˆ emotion_analyzer ì´ˆê¸°í™” ì‹¤íŒ¨: HFModelWrapper.wrapped_tokenizer() got multiple values for argument 'owner'
ğŸš¨ ìƒì„¸ ì—ëŸ¬ ìŠ¤íƒ:
Traceback (most recent call last):
  File "/mnt/c/large_project/linux_red_heart/unified_system_orchestrator.py", line 824, in _initialize_global_modules_sequential
    module_instance = await asyncio.wait_for(
                      ^^^^^^^^^^^^^^^^^^^^^^^
  File "/usr/lib/python3.12/asyncio/tasks.py", line 520, in wait_for
    return await fut
           ^^^^^^^^^
  File "/mnt/c/large_project/linux_red_heart/unified_system_orchestrator.py", line 995, in _load_single_module
    await initialize_method()
  File "/mnt/c/large_project/linux_red_heart/advanced_emotion_analyzer.py", line 517, in initialize
    self._initialize_models()
  File "/mnt/c/large_project/linux_red_heart/advanced_emotion_analyzer.py", line 528, in _initialize_models
    self._load_multilingual_emotion_model()
  File "/mnt/c/large_project/linux_red_heart/advanced_emotion_analyzer.py", line 570, in _load_multilingual_emotion_model
    self.tokenizers['multilingual'] = hf_wrapper.wrapped_tokenizer(
                                      ^^^^^^^^^^^^^^^^^^^^^^^^^^^^^
TypeError: HFModelWrapper.wrapped_tokenizer() got multiple values for argument 'owner'

During handling of the above exception, another exception occurred:

Traceback (most recent call last):
  File "/mnt/c/large_project/linux_red_heart/unified_system_orchestrator.py", line 1263, in _initialize_core_components
    await self._initialize_global_modules_sequential()
  File "/mnt/c/large_project/linux_red_heart/unified_system_orchestrator.py", line 873, in _initialize_global_modules_sequential
    raise RuntimeError(f"í•„ìˆ˜ ëª¨ë“ˆ {spec['name']} ì´ˆê¸°í™” ì‹¤íŒ¨: {e}")
RuntimeError: í•„ìˆ˜ ëª¨ë“ˆ emotion_analyzer ì´ˆê¸°í™” ì‹¤íŒ¨: HFModelWrapper.wrapped_tokenizer() got multiple values for argument 'owner'

The above exception was the direct cause of the following exception:

Traceback (most recent call last):
  File "/mnt/c/large_project/linux_red_heart/unified_system_orchestrator.py", line 713, in initialize_system
    await self._initialize_core_components()
  File "/mnt/c/large_project/linux_red_heart/unified_system_orchestrator.py", line 1270, in _initialize_core_components
    raise RuntimeError(f"ì „ì—­ ëª¨ë“ˆ ì´ˆê¸°í™” ì‹¤íŒ¨ - ì‹œìŠ¤í…œ ì¤‘ë‹¨: {e}") from e
RuntimeError: ì „ì—­ ëª¨ë“ˆ ì´ˆê¸°í™” ì‹¤íŒ¨ - ì‹œìŠ¤í…œ ì¤‘ë‹¨: í•„ìˆ˜ ëª¨ë“ˆ emotion_analyzer ì´ˆê¸°í™” ì‹¤íŒ¨: HFModelWrapper.wrapped_tokenizer() got multiple values for argument 'owner'

============================================================
ğŸš€ Red Heart AI í†µí•© ì‹œìŠ¤í…œ (800M íŒŒë¼ë¯¸í„°)
============================================================
ëª¨ë“œ: test
ì‹œì‘ ì‹œê°„: 2025-08-05 20:39:42
------------------------------------------------------------

============================================================
ğŸš¨ í•„ìˆ˜ ëª¨ë“ˆ emotion_analyzer ë¡œë”© ì‹¤íŒ¨!
============================================================
ì—ëŸ¬: HFModelWrapper.wrapped_tokenizer() got multiple values for argument 'owner'
ëª¨ë“ˆ ê²½ë¡œ: advanced_emotion_analyzer.AdvancedEmotionAnalyzer
============================================================


============================================================
ğŸš¨ ì‹œìŠ¤í…œ ì´ˆê¸°í™” ì‹¤íŒ¨!
============================================================
ì—ëŸ¬: ì „ì—­ ëª¨ë“ˆ ì´ˆê¸°í™” ì‹¤íŒ¨ - ì‹œìŠ¤í…œ ì¤‘ë‹¨: í•„ìˆ˜ ëª¨ë“ˆ emotion_analyzer ì´ˆê¸°í™” ì‹¤íŒ¨: HFModelWrapper.wrapped_tokenizer() got multiple values for argument 'owner'
============================================================
ìƒì„¸ ìŠ¤íƒ íŠ¸ë ˆì´ìŠ¤:
Traceback (most recent call last):
  File "/mnt/c/large_project/linux_red_heart/unified_system_orchestrator.py", line 824, in _initialize_global_modules_sequential
    module_instance = await asyncio.wait_for(
                      ^^^^^^^^^^^^^^^^^^^^^^^
  File "/usr/lib/python3.12/asyncio/tasks.py", line 520, in wait_for
    return await fut
           ^^^^^^^^^
  File "/mnt/c/large_project/linux_red_heart/unified_system_orchestrator.py", line 995, in _load_single_module
    await initialize_method()
  File "/mnt/c/large_project/linux_red_heart/advanced_emotion_analyzer.py", line 517, in initialize
    self._initialize_models()
  File "/mnt/c/large_project/linux_red_heart/advanced_emotion_analyzer.py", line 528, in _initialize_models
    self._load_multilingual_emotion_model()
  File "/mnt/c/large_project/linux_red_heart/advanced_emotion_analyzer.py", line 570, in _load_multilingual_emotion_model
    self.tokenizers['multilingual'] = hf_wrapper.wrapped_tokenizer(
                                      ^^^^^^^^^^^^^^^^^^^^^^^^^^^^^
TypeError: HFModelWrapper.wrapped_tokenizer() got multiple values for argument 'owner'

During handling of the above exception, another exception occurred:

Traceback (most recent call last):
  File "/mnt/c/large_project/linux_red_heart/unified_system_orchestrator.py", line 1263, in _initialize_core_components
    await self._initialize_global_modules_sequential()
  File "/mnt/c/large_project/linux_red_heart/unified_system_orchestrator.py", line 873, in _initialize_global_modules_sequential
    raise RuntimeError(f"í•„ìˆ˜ ëª¨ë“ˆ {spec['name']} ì´ˆê¸°í™” ì‹¤íŒ¨: {e}")
RuntimeError: í•„ìˆ˜ ëª¨ë“ˆ emotion_analyzer ì´ˆê¸°í™” ì‹¤íŒ¨: HFModelWrapper.wrapped_tokenizer() got multiple values for argument 'owner'

The above exception was the direct cause of the following exception:

Traceback (most recent call last):
  File "/mnt/c/large_project/linux_red_heart/unified_system_orchestrator.py", line 713, in initialize_system
    await self._initialize_core_components()
  File "/mnt/c/large_project/linux_red_heart/unified_system_orchestrator.py", line 1270, in _initialize_core_components
    raise RuntimeError(f"ì „ì—­ ëª¨ë“ˆ ì´ˆê¸°í™” ì‹¤íŒ¨ - ì‹œìŠ¤í…œ ì¤‘ë‹¨: {e}") from e
RuntimeError: ì „ì—­ ëª¨ë“ˆ ì´ˆê¸°í™” ì‹¤íŒ¨ - ì‹œìŠ¤í…œ ì¤‘ë‹¨: í•„ìˆ˜ ëª¨ë“ˆ emotion_analyzer ì´ˆê¸°í™” ì‹¤íŒ¨: HFModelWrapper.wrapped_tokenizer() got multiple values for argument 'owner'

============================================================

[20:40:48] âŒ ì‹œìŠ¤í…œ ì´ˆê¸°í™” ì‹¤íŒ¨
[0;34m[INFO][0m í•™ìŠµ ì‹œìŠ¤í…œ ì •ë¦¬ ì¤‘...
[0;34m[INFO][0m GPU ë©”ëª¨ë¦¬ ì •ë¦¬...
[0;32m[SUCCESS][0m ì •ë¦¬ ì™„ë£Œ
