ğŸš€ Red Heart AI í†µí•© í•™ìŠµ ì‹œìŠ¤í…œ ì‹œì‘
===========================================
[0;34m[INFO][0m ì‘ì—… ë””ë ‰í† ë¦¬: /mnt/c/large_project/linux_red_heart
[0;34m[INFO][0m Red Heart AI í†µí•© í™˜ê²½ ìƒíƒœ í™•ì¸ ì¤‘...
[0;32m[SUCCESS][0m âœ… red_heart_env ê°€ìƒí™˜ê²½ ì¡´ì¬
[0;32m[SUCCESS][0m âœ… faiss-test conda í™˜ê²½ ì¡´ì¬
[0;32m[SUCCESS][0m âœ… FAISS ì„¤ì¹˜ë¨ ë° ì‘ë™ í™•ì¸
âœ… Red Heart AI í†µí•© í™˜ê²½ í™œì„±í™” ì™„ë£Œ
   - venv: /mnt/c/large_project/linux_red_heart/red_heart_env
   - conda: faiss-test (í•¨ê»˜ í™œì„±í™”ë¨)
   - python: /mnt/c/large_project/linux_red_heart/red_heart_env/bin/python
   - í™˜ê²½ ë¶„ë¦¬: faissâ†’conda subprocess, ë‚˜ë¨¸ì§€â†’venv
[0;32m[SUCCESS][0m âœ… ì£¼ìš” íŒ¨í‚¤ì§€ (torch, transformers, numpy) ì„¤ì¹˜ë¨
[0;32m[SUCCESS][0m ğŸ‰ ëª¨ë“  í™˜ê²½ì´ ì´ë¯¸ ì¤€ë¹„ë˜ì–´ ìˆìŠµë‹ˆë‹¤!
âœ… Red Heart AI í†µí•© í™˜ê²½ í™œì„±í™” ì™„ë£Œ
   - venv: /mnt/c/large_project/linux_red_heart/red_heart_env
   - conda: faiss-test (í•¨ê»˜ í™œì„±í™”ë¨)
   - python: /mnt/c/large_project/linux_red_heart/red_heart_env/bin/python
   - í™˜ê²½ ë¶„ë¦¬: faissâ†’conda subprocess, ë‚˜ë¨¸ì§€â†’venv
[0;32m[SUCCESS][0m âœ… Red Heart AI í†µí•© í™˜ê²½ í™œì„±í™” ì™„ë£Œ
[0;32m[SUCCESS][0m    - venv: /mnt/c/large_project/linux_red_heart/red_heart_env
[0;32m[SUCCESS][0m    - conda: faiss-test í™˜ê²½ ì¤€ë¹„ë¨
[0;32m[SUCCESS][0m    - python: /mnt/c/large_project/linux_red_heart/red_heart_env/bin/python
[0;32m[SUCCESS][0m    - í™˜ê²½ ë¶„ë¦¬: faissâ†’conda subprocess, ë‚˜ë¨¸ì§€â†’venv
[0;34m[INFO][0m Red Heart AI í†µí•© í•™ìŠµ ì‹œìŠ¤í…œ ì‹œì‘
[0;34m[INFO][0m í™˜ê²½ ë¶„ë¦¬: conda(faiss) + venv(transformers,torch)
[0;34m[INFO][0m Red Heart AI í†µí•© í•™ìŠµ ì‹œìŠ¤í…œ ì‹¤í–‰ ì‹œì‘...
[0;34m[INFO][0m ì‹¤í–‰ ëª¨ë“œ: unified-test
[0;34m[INFO][0m ğŸ§ª 800M í†µí•© ì‹œìŠ¤í…œ í…ŒìŠ¤íŠ¸ ëª¨ë“œ...
ğŸ” [ì´ˆê¸°í™” ì‹œì‘ ì „] GPU ë©”ëª¨ë¦¬ ìƒíƒœ:
   ğŸ’¾ ì´ ë©”ëª¨ë¦¬: 8.00GB
   ğŸ“Š í• ë‹¹ë¨: 0.000GB (0.0%)
   ğŸ“¦ ì˜ˆì•½ë¨: 0.000GB
   ğŸ’š ì—¬ìœ : 8.000GB
   ğŸ”„ config.py ì¸¡ì •: 0.0%
/mnt/c/large_project/linux_red_heart/red_heart_env/lib/python3.12/site-packages/torch/__init__.py:1021: FutureWarning: `torch.distributed.reduce_op` is deprecated, please use `torch.distributed.ReduceOp` instead
  return isinstance(obj, torch.Tensor)
   ğŸ§  GPU í…ì„œ: 0ê°œ, 0.000GB
   ğŸ—‚ï¸ ìºì‹œëœ ë©”ëª¨ë¦¬: 0.000GB
ğŸ” fast_init_mode = False
ğŸŒ ì „ì—­ ëª¨ë“ˆ ìˆœì°¨ ì´ˆê¸°í™” ì‹œì‘ - MasterMemoryOrchestrator ê´€ë¦¬
Device set to use cuda:0
Failed to determine 'entailment' label id from the label2id mapping in the model config. Setting to -1. Define a descriptive label2id mapping in the model config to ensure correct outputs.
Some weights of ElectraForSequenceClassification were not initialized from the model checkpoint at beomi/KcELECTRA-base-v2022 and are newly initialized: ['classifier.dense.bias', 'classifier.dense.weight', 'classifier.out_proj.bias', 'classifier.out_proj.weight']
You should probably TRAIN this model on a down-stream task to be able to use it for predictions and inference.
Device set to use cuda:0
Device set to use cuda:0
Failed to determine 'entailment' label id from the label2id mapping in the model config. Setting to -1. Define a descriptive label2id mapping in the model config to ensure correct outputs.
Some weights of ElectraForSequenceClassification were not initialized from the model checkpoint at beomi/KcELECTRA-base-v2022 and are newly initialized: ['classifier.dense.bias', 'classifier.dense.weight', 'classifier.out_proj.bias', 'classifier.out_proj.weight']
You should probably TRAIN this model on a down-stream task to be able to use it for predictions and inference.
Device set to use cuda:0
Device set to use cuda:0
Device set to use cuda:0
ì–¸ë¡œë“œ ìš”ì²­ëœ ëª¨ë¸ì´ ë ˆì§€ìŠ¤íŠ¸ë¦¬ì— ì—†ìŒ: semantic_analyzer
HierarchicalPatternStructure: PyTorch ë„¤íŠ¸ì›Œí¬ê°€ ì—†ìŒ (ë”•ì…”ë„ˆë¦¬ ê¸°ë°˜ êµ¬ì¡°)
HierarchicalPatternStructure: PyTorch ë„¤íŠ¸ì›Œí¬ê°€ ì—†ìŒ (ë”•ì…”ë„ˆë¦¬ ê¸°ë°˜ êµ¬ì¡°)
   âš ï¸ neural_components nn.Module ì¶”ì¶œ ì‹¤íŒ¨ - ë©”íƒ€ ë“±ë¡ ì‹œë„
âš ï¸ í´ë˜ìŠ¤ 'AdvancedSurdAnalyzer' ëŒ€ì‹  'AdvancedSURDAnalyzer' ì‚¬ìš© (ìœ ì‚¬ë„ ê¸°ë°˜)
   âš ï¸ surd_analyzer nn.Module ì¶”ì¶œ ì‹¤íŒ¨ - ë©”íƒ€ ë“±ë¡ ì‹œë„
âš ï¸ í´ë˜ìŠ¤ 'AdvancedBayesianInferenceModule' ëŒ€ì‹  'AdvancedBayesianInference' ì‚¬ìš© (ìœ ì‚¬ë„ ê¸°ë°˜)
   âš ï¸ bayesian_engine nn.Module ì¶”ì¶œ ì‹¤íŒ¨ - ë©”íƒ€ ë“±ë¡ ì‹œë„
   âš ï¸ llm_engine nn.Module ì¶”ì¶œ ì‹¤íŒ¨ - ë©”íƒ€ ë“±ë¡ ì‹œë„
   âš ï¸ experience_database nn.Module ì¶”ì¶œ ì‹¤íŒ¨ - ë©”íƒ€ ë“±ë¡ ì‹œë„
   âš ï¸ hierarchical_emotion nn.Module ì¶”ì¶œ ì‹¤íŒ¨ - ë©”íƒ€ ë“±ë¡ ì‹œë„
   âš ï¸ usage_pattern_analyzer nn.Module ì¶”ì¶œ ì‹¤íŒ¨ - ë©”íƒ€ ë“±ë¡ ì‹œë„
âš ï¸ meta_integration ì´ë¯¸ ë“±ë¡ë¨ (ë™ì¼ íƒ€ì…: AdvancedMetaIntegrationSystem), ìŠ¤í‚µ
âš ï¸ GPU ì‚¬ìš©ë¥ ì´ ë‚®ìŠµë‹ˆë‹¤ (47.5%) - ë” ì ê·¹ì  ë¡œë”© í•„ìš”
âœ… ì „ì—­ ëª¨ë“ˆ ìˆœì°¨ ì´ˆê¸°í™” ì™„ë£Œ
ğŸ” [ì „ì—­ ëª¨ë“ˆ ì´ˆê¸°í™” í›„] GPU ë©”ëª¨ë¦¬ ìƒíƒœ:
   ğŸ’¾ ì´ ë©”ëª¨ë¦¬: 8.00GB
   ğŸ“Š í• ë‹¹ë¨: 3.780GB (47.3%)
   ğŸ“¦ ì˜ˆì•½ë¨: 3.875GB
   ğŸ’š ì—¬ìœ : 4.220GB
   ğŸ”„ config.py ì¸¡ì •: 47.3%
   ğŸ§  GPU í…ì„œ: 1767ê°œ, 3.750GB
   ğŸ“‹ í° í…ì„œ TOP 5:
      1. [50265, 1024] (torch.float32) - 196.3MB
      2. [54343, 768] (torch.float32) - 159.2MB
      3. [54343, 768] (torch.float32) - 159.2MB
      4. [50265, 768] (torch.float32) - 147.3MB
      5. [50265, 768] (torch.float32) - 147.3MB
   ğŸ—‚ï¸ ìºì‹œëœ ë©”ëª¨ë¦¬: 0.095GB
   ğŸ” ìƒˆë¡œìš´ Peak ë©”ëª¨ë¦¬: 3.807GB (at ì „ì—­ ëª¨ë“ˆ ì´ˆê¸°í™” í›„)
ğŸ” [ë°±ë³¸ ì´ˆê¸°í™” í›„] GPU ë©”ëª¨ë¦¬ ìƒíƒœ:
   ğŸ’¾ ì´ ë©”ëª¨ë¦¬: 8.00GB
   ğŸ“Š í• ë‹¹ë¨: 5.501GB (68.8%)
   ğŸ“¦ ì˜ˆì•½ë¨: 5.629GB
   ğŸ’š ì—¬ìœ : 2.499GB
   ğŸ”„ config.py ì¸¡ì •: 68.8%
   ğŸ§  GPU í…ì„œ: 2011ê°œ, 5.435GB
   ğŸ“‹ í° í…ì„œ TOP 5:
      1. [50000, 1280] (torch.float32) - 244.1MB
      2. [50265, 1024] (torch.float32) - 196.3MB
      3. [54343, 768] (torch.float32) - 159.2MB
      4. [54343, 768] (torch.float32) - 159.2MB
      5. [50265, 768] (torch.float32) - 147.3MB
   ğŸ—‚ï¸ ìºì‹œëœ ë©”ëª¨ë¦¬: 0.128GB
   ğŸ” ìƒˆë¡œìš´ Peak ë©”ëª¨ë¦¬: 5.501GB (at ë°±ë³¸ ì´ˆê¸°í™” í›„)
[O] set_swap_manager OK: self_id=135367022811792 global_id=135367022811792
ğŸ” [ìŠ¤ì™‘ ë§¤ë‹ˆì € ì´ˆê¸°í™” í›„] GPU ë©”ëª¨ë¦¬ ìƒíƒœ:
   ğŸ’¾ ì´ ë©”ëª¨ë¦¬: 8.00GB
   ğŸ“Š í• ë‹¹ë¨: 5.501GB (68.8%)
   ğŸ“¦ ì˜ˆì•½ë¨: 5.629GB
   ğŸ’š ì—¬ìœ : 2.499GB
   ğŸ”„ config.py ì¸¡ì •: 68.8%
   ğŸ§  GPU í…ì„œ: 2011ê°œ, 5.435GB
   ğŸ“‹ í° í…ì„œ TOP 5:
      1. [50000, 1280] (torch.float32) - 244.1MB
      2. [50265, 1024] (torch.float32) - 196.3MB
      3. [54343, 768] (torch.float32) - 159.2MB
      4. [54343, 768] (torch.float32) - 159.2MB
      5. [50265, 768] (torch.float32) - 147.3MB
   ğŸ—‚ï¸ ìºì‹œëœ ë©”ëª¨ë¦¬: 0.128GB
[DSM@ìŠ¤ì™‘ë§¤ë‹ˆì €ì´ˆê¸°í™”í›„] models=[]
[DSM@ìŠ¤ì™‘ë§¤ë‹ˆì €ì´ˆê¸°í™”í›„] gpu_resident=[] sizes={}
[DSM@ìŠ¤ì™‘ë§¤ë‹ˆì €ì´ˆê¸°í™”í›„] priorities={}
ğŸ“‹ í—¤ë“œ ì„ ë“±ë¡ ë³´ì¥ í•¨ìˆ˜ í˜¸ì¶œë¨
ğŸ“‹ swap_manager ìƒíƒœ: <class 'dynamic_swap_manager.RedHeartDynamicSwapManager'>
ğŸ“Š DSM ë“±ë¡ëœ í‚¤(ì„ ë“±ë¡ ì „): []
ğŸ” [í—¤ë“œ í˜¸í™˜ì„± ë§¤ë‹ˆì € ìƒì„± í›„] GPU ë©”ëª¨ë¦¬ ìƒíƒœ:
   ğŸ’¾ ì´ ë©”ëª¨ë¦¬: 8.00GB
   ğŸ“Š í• ë‹¹ë¨: 5.501GB (68.8%)
   ğŸ“¦ ì˜ˆì•½ë¨: 5.629GB
   ğŸ’š ì—¬ìœ : 2.499GB
   ğŸ”„ config.py ì¸¡ì •: 68.8%
   ğŸ§  GPU í…ì„œ: 2011ê°œ, 5.435GB
   ğŸ“‹ í° í…ì„œ TOP 5:
      1. [50000, 1280] (torch.float32) - 244.1MB
      2. [50265, 1024] (torch.float32) - 196.3MB
      3. [54343, 768] (torch.float32) - 159.2MB
      4. [54343, 768] (torch.float32) - 159.2MB
      5. [50265, 768] (torch.float32) - 147.3MB
   ğŸ—‚ï¸ ìºì‹œëœ ë©”ëª¨ë¦¬: 0.128GB
   ğŸ” ìƒˆë¡œìš´ Peak ë©”ëª¨ë¦¬: 5.501GB (at í—¤ë“œ í˜¸í™˜ì„± ë§¤ë‹ˆì € ìƒì„± í›„)
ğŸ“‹ í—¤ë“œ ì„ ë“±ë¡ ë³´ì¥ í•¨ìˆ˜ í˜¸ì¶œë¨
ğŸ“‹ swap_manager ìƒíƒœ: <class 'dynamic_swap_manager.RedHeartDynamicSwapManager'>
ğŸ“Š DSM ë“±ë¡ëœ í‚¤(ì„ ë“±ë¡ ì „): ['emotion_empathy_head']
ğŸš¨ í—¤ë“œ ì´ˆê¸°í™” ì‹œì‘ - ë©”ëª¨ë¦¬ í­ë°œ ì˜ì‹¬ êµ¬ê°„!
ğŸ” head_compatibility_manager = <class 'head_compatibility_interface.HeadCompatibilityManager'>
ğŸ” head_compatibility_manager.initialized = False
ğŸ” initialize_all_heads() í˜¸ì¶œ ì§ì „...
âš ï¸ ë©”ëª¨ë¦¬ ê´€ë¦¬ ì£¼ì˜: 69.7% (85% ì´ˆê³¼)
ğŸ“Š ì¶”ê°€ í™œìš© ê°€ëŠ¥: í˜„ì¬ 72.4% (ëª©í‘œ 82%)
ğŸ” initialize_all_heads() í˜¸ì¶œ ì™„ë£Œ!
ğŸš¨ í—¤ë“œ ì´ˆê¸°í™” ì™„ë£Œ - ë©”ëª¨ë¦¬ ìƒíƒœ í™•ì¸ ì¤‘...
ğŸ” [ëª¨ë“  í—¤ë“œ ì´ˆê¸°í™” í›„] GPU ë©”ëª¨ë¦¬ ìƒíƒœ:
   ğŸ’¾ ì´ ë©”ëª¨ë¦¬: 8.00GB
   ğŸ“Š í• ë‹¹ë¨: 5.794GB (72.4%)
   ğŸ“¦ ì˜ˆì•½ë¨: 5.941GB
   ğŸ’š ì—¬ìœ : 2.205GB
   ğŸ”„ config.py ì¸¡ì •: 72.4%
   ğŸ§  GPU í…ì„œ: 2056ê°œ, 5.727GB
   ğŸ“‹ í° í…ì„œ TOP 5:
      1. [50000, 1280] (torch.float32) - 244.1MB
      2. [50265, 1024] (torch.float32) - 196.3MB
      3. [54343, 768] (torch.float32) - 159.2MB
      4. [54343, 768] (torch.float32) - 159.2MB
      5. [50265, 768] (torch.float32) - 147.3MB
   ğŸ—‚ï¸ ìºì‹œëœ ë©”ëª¨ë¦¬: 0.147GB
   ğŸ” ìƒˆë¡œìš´ Peak ë©”ëª¨ë¦¬: 5.794GB (at ëª¨ë“  í—¤ë“œ ì´ˆê¸°í™” í›„)
[DSM@í—¤ë“œì´ˆê¸°í™”í›„] models=['emotion_empathy_head', 'meta_integration_head', 'semantic_surd_head', 'bentham_fromm_head', 'regret_learning_head']
[DSM@í—¤ë“œì´ˆê¸°í™”í›„] gpu_resident=['meta_integration_head', 'semantic_surd_head', 'bentham_fromm_head', 'regret_learning_head', 'emotion_empathy_head'] sizes={'meta_integration_head': '23.6MB', 'semantic_surd_head': '6.8MB', 'bentham_fromm_head': '0.0MB', 'regret_learning_head': '4.8MB', 'emotion_empathy_head': '31.1MB'}
[DSM@í—¤ë“œì´ˆê¸°í™”í›„] priorities={'meta_integration_head': 'low', 'semantic_surd_head': 'medium', 'bentham_fromm_head': 'high', 'regret_learning_head': 'medium', 'emotion_empathy_head': 'high'}
ğŸš¨ í—¤ë“œ ì´ˆê¸°í™” ì§í›„ 1íšŒ DSM ì •ë¦¬ ìˆ˜í–‰ (target=78%)
[DSM@ê¸´ê¸‰ì •ë¦¬ì „] models=['emotion_empathy_head', 'meta_integration_head', 'semantic_surd_head', 'bentham_fromm_head', 'regret_learning_head']
[DSM@ê¸´ê¸‰ì •ë¦¬ì „] gpu_resident=['meta_integration_head', 'semantic_surd_head', 'bentham_fromm_head', 'regret_learning_head', 'emotion_empathy_head'] sizes={'meta_integration_head': '23.6MB', 'semantic_surd_head': '6.8MB', 'bentham_fromm_head': '0.0MB', 'regret_learning_head': '4.8MB', 'emotion_empathy_head': '31.1MB'}
[DSM@ê¸´ê¸‰ì •ë¦¬ì „] priorities={'meta_integration_head': 'low', 'semantic_surd_head': 'medium', 'bentham_fromm_head': 'high', 'regret_learning_head': 'medium', 'emotion_empathy_head': 'high'}
ğŸ” [ìë™ ë©”ëª¨ë¦¬ ì •ë¦¬ í›„] GPU ë©”ëª¨ë¦¬ ìƒíƒœ:
   ğŸ’¾ ì´ ë©”ëª¨ë¦¬: 8.00GB
   ğŸ“Š í• ë‹¹ë¨: 5.764GB (72.1%)
   ğŸ“¦ ì˜ˆì•½ë¨: 5.939GB
   ğŸ’š ì—¬ìœ : 2.236GB
   ğŸ”„ config.py ì¸¡ì •: 72.1%
   ğŸ§  GPU í…ì„œ: 1987ê°œ, 5.697GB
   ğŸ“‹ í° í…ì„œ TOP 5:
      1. [50000, 1280] (torch.float32) - 244.1MB
      2. [50265, 1024] (torch.float32) - 196.3MB
      3. [54343, 768] (torch.float32) - 159.2MB
      4. [54343, 768] (torch.float32) - 159.2MB
      5. [50265, 768] (torch.float32) - 147.3MB
   ğŸ—‚ï¸ ìºì‹œëœ ë©”ëª¨ë¦¬: 0.176GB
[DSM@ê¸´ê¸‰ì •ë¦¬í›„] models=['emotion_empathy_head', 'meta_integration_head', 'semantic_surd_head', 'bentham_fromm_head', 'regret_learning_head']
[DSM@ê¸´ê¸‰ì •ë¦¬í›„] gpu_resident=['meta_integration_head', 'semantic_surd_head', 'bentham_fromm_head', 'regret_learning_head'] sizes={'meta_integration_head': '23.6MB', 'semantic_surd_head': '6.8MB', 'bentham_fromm_head': '0.0MB', 'regret_learning_head': '4.8MB'}
[DSM@ê¸´ê¸‰ì •ë¦¬í›„] priorities={'meta_integration_head': 'low', 'semantic_surd_head': 'medium', 'bentham_fromm_head': 'high', 'regret_learning_head': 'medium'}
ğŸ” [ì‹œë„ˆì§€ ì‹œìŠ¤í…œ ì´ˆê¸°í™” í›„] GPU ë©”ëª¨ë¦¬ ìƒíƒœ:
   ğŸ’¾ ì´ ë©”ëª¨ë¦¬: 8.00GB
   ğŸ“Š í• ë‹¹ë¨: 5.764GB (72.1%)
   ğŸ“¦ ì˜ˆì•½ë¨: 5.939GB
   ğŸ’š ì—¬ìœ : 2.236GB
   ğŸ”„ config.py ì¸¡ì •: 72.1%
   ğŸ§  GPU í…ì„œ: 1987ê°œ, 5.697GB
   ğŸ“‹ í° í…ì„œ TOP 5:
      1. [50000, 1280] (torch.float32) - 244.1MB
      2. [50265, 1024] (torch.float32) - 196.3MB
      3. [54343, 768] (torch.float32) - 159.2MB
      4. [54343, 768] (torch.float32) - 159.2MB
      5. [50265, 768] (torch.float32) - 147.3MB
   ğŸ—‚ï¸ ìºì‹œëœ ë©”ëª¨ë¦¬: 0.176GB
[ULS] DSM id=135367022811792
ğŸ” [í•™ìŠµ ì‹œìŠ¤í…œ ì´ˆê¸°í™” í›„] GPU ë©”ëª¨ë¦¬ ìƒíƒœ:
   ğŸ’¾ ì´ ë©”ëª¨ë¦¬: 8.00GB
   ğŸ“Š í• ë‹¹ë¨: 7.485GB (93.6%)
   ğŸ“¦ ì˜ˆì•½ë¨: 7.674GB
   ğŸ’š ì—¬ìœ : 0.514GB
   ğŸ”„ config.py ì¸¡ì •: 93.6%
   ğŸ§  GPU í…ì„œ: 2231ê°œ, 7.382GB
   ğŸ“‹ í° í…ì„œ TOP 5:
      1. [50000, 1280] (torch.float32) - 244.1MB
      2. [50000, 1280] (torch.float32) - 244.1MB
      3. [50265, 1024] (torch.float32) - 196.3MB
      4. [54343, 768] (torch.float32) - 159.2MB
      5. [54343, 768] (torch.float32) - 159.2MB
   ğŸ—‚ï¸ ìºì‹œëœ ë©”ëª¨ë¦¬: 0.188GB
   âš ï¸ WARNING: ë†’ì€ ë©”ëª¨ë¦¬ ì‚¬ìš©ë¥  (93.6%)
   ğŸ” ìƒˆë¡œìš´ Peak ë©”ëª¨ë¦¬: 7.485GB (at í•™ìŠµ ì‹œìŠ¤í…œ ì´ˆê¸°í™” í›„)
[DSM@í•™ìŠµì‹œìŠ¤í…œì´ˆê¸°í™”í›„] models=['emotion_empathy_head', 'meta_integration_head', 'semantic_surd_head', 'bentham_fromm_head', 'regret_learning_head']
[DSM@í•™ìŠµì‹œìŠ¤í…œì´ˆê¸°í™”í›„] gpu_resident=['meta_integration_head', 'semantic_surd_head', 'bentham_fromm_head', 'regret_learning_head'] sizes={'meta_integration_head': '23.6MB', 'semantic_surd_head': '6.8MB', 'bentham_fromm_head': '0.0MB', 'regret_learning_head': '4.8MB'}
[DSM@í•™ìŠµì‹œìŠ¤í…œì´ˆê¸°í™”í›„] priorities={'meta_integration_head': 'low', 'semantic_surd_head': 'medium', 'bentham_fromm_head': 'high', 'regret_learning_head': 'medium'}
ğŸ” [íŒ¨í„´ ë¶„ì„ê¸° ì´ˆê¸°í™” í›„] GPU ë©”ëª¨ë¦¬ ìƒíƒœ:
   ğŸ’¾ ì´ ë©”ëª¨ë¦¬: 8.00GB
   ğŸ“Š í• ë‹¹ë¨: 7.485GB (93.6%)
   ğŸ“¦ ì˜ˆì•½ë¨: 7.674GB
   ğŸ’š ì—¬ìœ : 0.514GB
   ğŸ”„ config.py ì¸¡ì •: 93.6%
   ğŸ§  GPU í…ì„œ: 2231ê°œ, 7.382GB
   ğŸ“‹ í° í…ì„œ TOP 5:
      1. [50000, 1280] (torch.float32) - 244.1MB
      2. [50000, 1280] (torch.float32) - 244.1MB
      3. [50265, 1024] (torch.float32) - 196.3MB
      4. [54343, 768] (torch.float32) - 159.2MB
      5. [54343, 768] (torch.float32) - 159.2MB
   ğŸ—‚ï¸ ìºì‹œëœ ë©”ëª¨ë¦¬: 0.188GB
   âš ï¸ WARNING: ë†’ì€ ë©”ëª¨ë¦¬ ì‚¬ìš©ë¥  (93.6%)
ğŸ“‹ í—¤ë“œ ì„ ë“±ë¡ ë³´ì¥ í•¨ìˆ˜ í˜¸ì¶œë¨
ğŸ“‹ swap_manager ìƒíƒœ: <class 'dynamic_swap_manager.RedHeartDynamicSwapManager'>
ğŸ“Š DSM ë“±ë¡ëœ í‚¤(ì„ ë“±ë¡ ì „): ['bentham_fromm_head', 'emotion_empathy_head', 'meta_integration_head', 'regret_learning_head', 'semantic_surd_head']
[ì–¸ë¡œë“œ ë¶ˆê°€] ë” ì´ìƒ ì–¸ë¡œë“œí•  ìˆ˜ ìˆëŠ” ëª¨ë¸ì´ ì—†ìŠµë‹ˆë‹¤
[DSM] GPU ì‚¬ìš©ë¥  93.6%ë¡œ ëª©í‘œ 85.0% ë‹¬ì„± ì‹¤íŒ¨
ìŠ¤ì™‘ ê³µê°„ ë¶€ì¡±: temp_model_1754818882 (í•„ìš”: 537.2746658325195MB, í™•ë³´: FalseMB)
GPU ë©”ëª¨ë¦¬ ë¶€ì¡±ìœ¼ë¡œ í—¤ë“œë¥¼ CPUì—ì„œ ì‹¤í–‰: emotion_empathy_head
ğŸš¨ HIGH GPU MEMORY ALERT: 93.6% ì‚¬ìš© ì¤‘!
   í• ë‹¹ëœ ë©”ëª¨ë¦¬: 7.49GB
   ì˜ˆì•½ëœ ë©”ëª¨ë¦¬: 7.67GB
   ì—¬ìœ  ë©”ëª¨ë¦¬: 0.51GB
   ì „ì²´ ë©”ëª¨ë¦¬: 8.00GB
ğŸ“Š TORCH.CUDA ìƒì„¸ ì •ë³´:
   memory_allocated(): 7.485GB
   memory_reserved(): 7.674GB
   max_memory_allocated(): 7.485GB
   max_memory_reserved(): 7.674GB
ğŸ” ë©”ëª¨ë¦¬ ì‚¬ìš©ë¥  ê³„ì‚° ë¹„êµ:
   í• ë‹¹ ê¸°ì¤€: 93.57%
   ì˜ˆì•½ ê¸°ì¤€: 95.93%
   config.py ê¸°ì¤€: 93.57%
ğŸ” GPU ëª¨ë“ˆë³„ ë©”ëª¨ë¦¬ ë¶„ì„ (2ê°œ ëª¨ë“ˆ):
   ğŸ“¦ unified_backbone:
      íŒŒë¼ë¯¸í„°: 441,815,040ê°œ
      ë©”ëª¨ë¦¬: 1685.39MB
      ë””ë°”ì´ìŠ¤: cuda:0
      í›ˆë ¨ ëª¨ë“œ: True
   ğŸ“¦ head_emotion_empathy_head:
      íŒŒë¼ë¯¸í„°: 9,183,232ê°œ
      ë©”ëª¨ë¦¬: 35.03MB
      ë””ë°”ì´ìŠ¤: cuda:0
      í›ˆë ¨ ëª¨ë“œ: True
ğŸ”¢ ì „ì²´ ì¶”ì ëœ íŒŒë¼ë¯¸í„°: 450,998,272ê°œ
ğŸ§  GPU í…ì„œ ë¶„ì„:
   GPU í…ì„œ ê°œìˆ˜: 2231ê°œ
   GPU í…ì„œ ë©”ëª¨ë¦¬: 7.382GB
GPU ë©”ëª¨ë¦¬ ê¸´ê¸‰ ìƒí™©(93.6%) - ìµœì†Œ ë°°ì¹˜ë¡œ í•™ìŠµ ê³„ì†
emotion_empathy_head forward ì‹¤íŒ¨: Expected all tensors to be on the same device, but found at least two devices, cpu and cuda:0! (when checking argument for argument mat1 in method wrapper_CUDA_addmm)
ì…ë ¥ shape: torch.Size([1, 768])
í—¤ë“œ emotion_empathy_head ì¶œë ¥ì´ requires_grad=Falseì…ë‹ˆë‹¤
í›ˆë ¨ ì¤‘ ì˜¤ë¥˜ ë°œìƒ: í—¤ë“œ emotion_empathy_head ì¶œë ¥ì— gradientê°€ ì—°ê²°ë˜ì§€ ì•ŠìŒ
ğŸ˜¨ ìƒì„¸ ì—ëŸ¬ ìŠ¤íƒ:
Traceback (most recent call last):
  File "/mnt/c/large_project/linux_red_heart/unified_learning_system.py", line 1624, in train_unified_system
    step_metrics = await self.trainer.train_step(batch_data, active_heads)
                   ^^^^^^^^^^^^^^^^^^^^^^^^^^^^^^^^^^^^^^^^^^^^^^^^^^^^^^^
  File "/mnt/c/large_project/linux_red_heart/unified_learning_system.py", line 489, in train_step
    outputs = self.forward_with_checkpointing(batch_data, active_heads)
              ^^^^^^^^^^^^^^^^^^^^^^^^^^^^^^^^^^^^^^^^^^^^^^^^^^^^^^^^^
  File "/mnt/c/large_project/linux_red_heart/unified_learning_system.py", line 460, in forward_with_checkpointing
    raise RuntimeError(f"í—¤ë“œ {head_type.value} ì¶œë ¥ì— gradientê°€ ì—°ê²°ë˜ì§€ ì•ŠìŒ")
RuntimeError: í—¤ë“œ emotion_empathy_head ì¶œë ¥ì— gradientê°€ ì—°ê²°ë˜ì§€ ì•ŠìŒ

ğŸ” ì—ëŸ¬ íƒ€ì…: RuntimeError
ğŸ“ ì—íŸ¼í¬: 1/1, ë°°ì¹˜: 0
Python í†µí•© í•™ìŠµ ì˜¤ë¥˜: í—¤ë“œ emotion_empathy_head ì¶œë ¥ì— gradientê°€ ì—°ê²°ë˜ì§€ ì•ŠìŒ
ğŸ˜¨ ìƒì„¸ ì—ëŸ¬ ìŠ¤íƒ:
Traceback (most recent call last):
  File "/mnt/c/large_project/linux_red_heart/unified_system_orchestrator.py", line 1879, in _run_python_training
    await self.learning_system.train_unified_system(
  File "/mnt/c/large_project/linux_red_heart/unified_learning_system.py", line 1624, in train_unified_system
    step_metrics = await self.trainer.train_step(batch_data, active_heads)
                   ^^^^^^^^^^^^^^^^^^^^^^^^^^^^^^^^^^^^^^^^^^^^^^^^^^^^^^^
  File "/mnt/c/large_project/linux_red_heart/unified_learning_system.py", line 489, in train_step
    outputs = self.forward_with_checkpointing(batch_data, active_heads)
              ^^^^^^^^^^^^^^^^^^^^^^^^^^^^^^^^^^^^^^^^^^^^^^^^^^^^^^^^^
  File "/mnt/c/large_project/linux_red_heart/unified_learning_system.py", line 460, in forward_with_checkpointing
    raise RuntimeError(f"í—¤ë“œ {head_type.value} ì¶œë ¥ì— gradientê°€ ì—°ê²°ë˜ì§€ ì•ŠìŒ")
RuntimeError: í—¤ë“œ emotion_empathy_head ì¶œë ¥ì— gradientê°€ ì—°ê²°ë˜ì§€ ì•ŠìŒ

ğŸ” ì—ëŸ¬ íƒ€ì…: RuntimeError
ğŸ“ num_epochs: 1, num_batches: 1
ğŸ” [ì´ˆê¸°í™” ì‹œì‘ ì „] GPU ë©”ëª¨ë¦¬ ìƒíƒœ:
   ğŸ’¾ ì´ ë©”ëª¨ë¦¬: 8.00GB
   ğŸ“Š í• ë‹¹ë¨: 7.497GB (93.7%)
   ğŸ“¦ ì˜ˆì•½ë¨: 8.459GB
   ğŸ’š ì—¬ìœ : 0.502GB
   ğŸ”„ config.py ì¸¡ì •: 93.7%
   ğŸ§  GPU í…ì„œ: 2233ê°œ, 7.385GB
   ğŸ“‹ í° í…ì„œ TOP 5:
      1. [50000, 1280] (torch.float32) - 244.1MB
      2. [50000, 1280] (torch.float32) - 244.1MB
      3. [50265, 1024] (torch.float32) - 196.3MB
      4. [54343, 768] (torch.float32) - 159.2MB
      5. [54343, 768] (torch.float32) - 159.2MB
   ğŸ—‚ï¸ ìºì‹œëœ ë©”ëª¨ë¦¬: 0.961GB
   âš ï¸ WARNING: ë†’ì€ ë©”ëª¨ë¦¬ ì‚¬ìš©ë¥  (93.7%)
   ğŸ” ìƒˆë¡œìš´ Peak ë©”ëª¨ë¦¬: 8.207GB (at ì´ˆê¸°í™” ì‹œì‘ ì „)
ğŸ” fast_init_mode = False
ğŸŒ ì „ì—­ ëª¨ë“ˆ ìˆœì°¨ ì´ˆê¸°í™” ì‹œì‘ - MasterMemoryOrchestrator ê´€ë¦¬
[GPU BLOCKING] âŒ transformers.models.auto.tokenization_auto_opus-mt-ko-en í• ë‹¹ ì‹¤íŒ¨: íƒ€ì„ì•„ì›ƒ (30.0ì´ˆ)
âš ï¸ ë©”ëª¨ë¦¬ í™•ë³´ ì‹¤íŒ¨í–ˆì§€ë§Œ ì„ íƒ ëª¨ë“ˆì´ë¯€ë¡œ ê³„ì† ì§„í–‰: transformers.models.auto.tokenization_auto_opus-mt-ko-en
[GPU BLOCKING] âŒ translator_opus-mt-ko-en í• ë‹¹ ì‹¤íŒ¨: íƒ€ì„ì•„ì›ƒ (30.0ì´ˆ)
âš ï¸ ë©”ëª¨ë¦¬ í™•ë³´ ì‹¤íŒ¨í–ˆì§€ë§Œ ì„ íƒ ëª¨ë“ˆì´ë¯€ë¡œ ê³„ì† ì§„í–‰: translator_opus-mt-ko-en
âš ï¸ translator ì´ë¯¸ ë“±ë¡ë¨ (ë™ì¼ íƒ€ì…: LocalTranslator), ìŠ¤í‚µ
[ì–¸ë¡œë“œ ë¶ˆê°€] ë” ì´ìƒ ì–¸ë¡œë“œí•  ìˆ˜ ìˆëŠ” ëª¨ë¸ì´ ì—†ìŠµë‹ˆë‹¤
[DSM] GPU ì‚¬ìš©ë¥  93.7%ë¡œ ëª©í‘œ 85.0% ë‹¬ì„± ì‹¤íŒ¨
ìŠ¤ì™‘ ê³µê°„ ë¶€ì¡±: temp_model_1754818965 (í•„ìš”: 1000MB, í™•ë³´: FalseMB)
[GPU BLOCKING] âŒ transformers.pipelines.base_emotion-english-distilroberta-base í• ë‹¹ ì‹¤íŒ¨: íƒ€ì„ì•„ì›ƒ (30.0ì´ˆ)
âš ï¸ ë©”ëª¨ë¦¬ í™•ë³´ ì‹¤íŒ¨í–ˆì§€ë§Œ ì„ íƒ ëª¨ë“ˆì´ë¯€ë¡œ ê³„ì† ì§„í–‰: transformers.pipelines.base_emotion-english-distilroberta-base
[GPU BLOCKING] âŒ transformers.pipelines_emotion-english-distilroberta-base í• ë‹¹ ì‹¤íŒ¨: íƒ€ì„ì•„ì›ƒ (30.0ì´ˆ)
âš ï¸ ë©”ëª¨ë¦¬ í™•ë³´ ì‹¤íŒ¨í–ˆì§€ë§Œ ì„ íƒ ëª¨ë“ˆì´ë¯€ë¡œ ê³„ì† ì§„í–‰: transformers.pipelines_emotion-english-distilroberta-base
Device set to use cpu
Failed to determine 'entailment' label id from the label2id mapping in the model config. Setting to -1. Define a descriptive label2id mapping in the model config to ensure correct outputs.
[GPU BLOCKING] âŒ emotion_analyzer_emotion-english-distilroberta-base í• ë‹¹ ì‹¤íŒ¨: íƒ€ì„ì•„ì›ƒ (30.0ì´ˆ)
[GPU BLOCKING] âŒ emotion_analyzer_emotion-english-distilroberta-base í• ë‹¹ ì¤‘ ì˜¤ë¥˜: [GPU BLOCKING] âŒ emotion_analyzer_emotion-english-distilroberta-base í• ë‹¹ ì‹¤íŒ¨: íƒ€ì„ì•„ì›ƒ (30.0ì´ˆ)
ë‹¤êµ­ì–´ ëª¨ë¸ ë¡œë“œ ì‹¤íŒ¨: [GPU BLOCKING] âŒ emotion_analyzer_emotion-english-distilroberta-base í• ë‹¹ ì¤‘ ì˜¤ë¥˜: [GPU BLOCKING] âŒ emotion_analyzer_emotion-english-distilroberta-base í• ë‹¹ ì‹¤íŒ¨: íƒ€ì„ì•„ì›ƒ (30.0ì´ˆ)
ëª¨ë¸ ì´ˆê¸°í™” ì‹¤íŒ¨: [GPU BLOCKING] âŒ emotion_analyzer_emotion-english-distilroberta-base í• ë‹¹ ì¤‘ ì˜¤ë¥˜: [GPU BLOCKING] âŒ emotion_analyzer_emotion-english-distilroberta-base í• ë‹¹ ì‹¤íŒ¨: íƒ€ì„ì•„ì›ƒ (30.0ì´ˆ)
AdvancedEmotionAnalyzer ì´ˆê¸°í™” ì‹¤íŒ¨: [GPU BLOCKING] âŒ emotion_analyzer_emotion-english-distilroberta-base í• ë‹¹ ì¤‘ ì˜¤ë¥˜: [GPU BLOCKING] âŒ emotion_analyzer_emotion-english-distilroberta-base í• ë‹¹ ì‹¤íŒ¨: íƒ€ì„ì•„ì›ƒ (30.0ì´ˆ)
âš ï¸ ëŒ€í˜• ëª¨ë¸ ë¡œë“œ ì‹¤íŒ¨í–ˆì§€ë§Œ ê¸°ë³¸ ë„¤íŠ¸ì›Œí¬ë¡œ ê³„ì† ì§„í–‰
[ê°•ì œ ì–¸ë¡œë“œ] ì‚¬ìš©ë¥  93.7% > ëª©í‘œ 85.0%
[ê°•ì œ ì–¸ë¡œë“œ] ì‚¬ìš©ë¥  93.3% > ëª©í‘œ 85.0%
[ì–¸ë¡œë“œ ë¶ˆê°€] ë” ì´ìƒ ì–¸ë¡œë“œí•  ìˆ˜ ìˆëŠ” ëª¨ë¸ì´ ì—†ìŠµë‹ˆë‹¤
[DSM] GPU ì‚¬ìš©ë¥  93.3%ë¡œ ëª©í‘œ 85.0% ë‹¬ì„± ì‹¤íŒ¨
[GPU MEM] ê³µê°„ í™•ë³´ ì‹¤íŒ¨: emotion_analyzer
âŒ ëª¨ë“ˆ emotion_analyzer ë¡œë”© ì‹¤íŒ¨: [GPU] í•„ìˆ˜ ëª¨ë“ˆ ê³µê°„ í™•ë³´ ì‹¤íŒ¨(owner=emotion_analyzer, needâ‰ˆ700MB, target=0.85)
ğŸš¨ emotion_analyzer ë¡œë”© ì‹¤íŒ¨ ìƒì„¸ ìŠ¤íƒ:
Traceback (most recent call last):
  File "/mnt/c/large_project/linux_red_heart/unified_system_orchestrator.py", line 1790, in run_training_pipeline
    raise Exception("Python í†µí•© í•™ìŠµ ì‹œìŠ¤í…œ ì‹¤í–‰ ì‹¤íŒ¨")
Exception: Python í†µí•© í•™ìŠµ ì‹œìŠ¤í…œ ì‹¤í–‰ ì‹¤íŒ¨

During handling of the above exception, another exception occurred:

Traceback (most recent call last):
  File "/mnt/c/large_project/linux_red_heart/unified_system_orchestrator.py", line 1312, in _load_single_module
    await self.memory_manager.request_gpu(
  File "/mnt/c/large_project/linux_red_heart/workflow_aware_memory_manager.py", line 490, in request_gpu
    raise RuntimeError(f"[GPU] í•„ìˆ˜ ëª¨ë“ˆ ê³µê°„ í™•ë³´ ì‹¤íŒ¨(owner={module_name}, needâ‰ˆ{required_mb}MB, target={target_util})")
RuntimeError: [GPU] í•„ìˆ˜ ëª¨ë“ˆ ê³µê°„ í™•ë³´ ì‹¤íŒ¨(owner=emotion_analyzer, needâ‰ˆ700MB, target=0.85)

   âŒ emotion_analyzer ì´ˆê¸°í™” ì‹¤íŒ¨: [GPU] í•„ìˆ˜ ëª¨ë“ˆ ê³µê°„ í™•ë³´ ì‹¤íŒ¨(owner=emotion_analyzer, needâ‰ˆ700MB, target=0.85)
âŒ ì „ì—­ ëª¨ë“ˆ ì´ˆê¸°í™” ì‹¤íŒ¨: í•„ìˆ˜ ëª¨ë“ˆ emotion_analyzer ì´ˆê¸°í™” ì‹¤íŒ¨: [GPU] í•„ìˆ˜ ëª¨ë“ˆ ê³µê°„ í™•ë³´ ì‹¤íŒ¨(owner=emotion_analyzer, needâ‰ˆ700MB, target=0.85)
âŒ ìŠ¤íƒ íŠ¸ë ˆì´ìŠ¤:
Traceback (most recent call last):
  File "/mnt/c/large_project/linux_red_heart/unified_system_orchestrator.py", line 1790, in run_training_pipeline
    raise Exception("Python í†µí•© í•™ìŠµ ì‹œìŠ¤í…œ ì‹¤í–‰ ì‹¤íŒ¨")
Exception: Python í†µí•© í•™ìŠµ ì‹œìŠ¤í…œ ì‹¤í–‰ ì‹¤íŒ¨

During handling of the above exception, another exception occurred:

Traceback (most recent call last):
  File "/mnt/c/large_project/linux_red_heart/unified_system_orchestrator.py", line 950, in _initialize_global_modules_sequential
    module_instance = await asyncio.wait_for(
                      ^^^^^^^^^^^^^^^^^^^^^^^
  File "/usr/lib/python3.12/asyncio/tasks.py", line 520, in wait_for
    return await fut
           ^^^^^^^^^
  File "/mnt/c/large_project/linux_red_heart/unified_system_orchestrator.py", line 1312, in _load_single_module
    await self.memory_manager.request_gpu(
  File "/mnt/c/large_project/linux_red_heart/workflow_aware_memory_manager.py", line 490, in request_gpu
    raise RuntimeError(f"[GPU] í•„ìˆ˜ ëª¨ë“ˆ ê³µê°„ í™•ë³´ ì‹¤íŒ¨(owner={module_name}, needâ‰ˆ{required_mb}MB, target={target_util})")
RuntimeError: [GPU] í•„ìˆ˜ ëª¨ë“ˆ ê³µê°„ í™•ë³´ ì‹¤íŒ¨(owner=emotion_analyzer, needâ‰ˆ700MB, target=0.85)

During handling of the above exception, another exception occurred:

Traceback (most recent call last):
  File "/mnt/c/large_project/linux_red_heart/unified_system_orchestrator.py", line 1613, in _initialize_core_components
    await self._initialize_global_modules_sequential()
  File "/mnt/c/large_project/linux_red_heart/unified_system_orchestrator.py", line 1114, in _initialize_global_modules_sequential
    raise RuntimeError(f"í•„ìˆ˜ ëª¨ë“ˆ {spec['name']} ì´ˆê¸°í™” ì‹¤íŒ¨: {e}")
RuntimeError: í•„ìˆ˜ ëª¨ë“ˆ emotion_analyzer ì´ˆê¸°í™” ì‹¤íŒ¨: [GPU] í•„ìˆ˜ ëª¨ë“ˆ ê³µê°„ í™•ë³´ ì‹¤íŒ¨(owner=emotion_analyzer, needâ‰ˆ700MB, target=0.85)

ìë™ ë³µêµ¬ ì‹¤íŒ¨: ì „ì—­ ëª¨ë“ˆ ì´ˆê¸°í™” ì‹¤íŒ¨ - ì‹œìŠ¤í…œ ì¤‘ë‹¨: í•„ìˆ˜ ëª¨ë“ˆ emotion_analyzer ì´ˆê¸°í™” ì‹¤íŒ¨: [GPU] í•„ìˆ˜ ëª¨ë“ˆ ê³µê°„ í™•ë³´ ì‹¤íŒ¨(owner=emotion_analyzer, needâ‰ˆ700MB, target=0.85)
============================================================
ğŸš€ Red Heart AI í†µí•© ì‹œìŠ¤í…œ (800M íŒŒë¼ë¯¸í„°)
============================================================
ëª¨ë“œ: test
ì‹œì‘ ì‹œê°„: 2025-08-10 18:31:59
------------------------------------------------------------
ğŸ”§ klue/bert-base ëª¨ë¸: ì•ˆì •ì„± ë³´ì¥ì„ ìœ„í•œ 15.0% í• ë‹¹
ğŸ“‹ Transformer ëª¨ë¸: ìµœì í™”ëœ ë°°ì¹˜ ì²˜ë¦¬ ë°©ì‹ í™œì„±í™”
[18:41:21] âœ… ì‹œìŠ¤í…œ ì´ˆê¸°í™” ì™„ë£Œ
[18:41:21] ğŸ§ª í…ŒìŠ¤íŠ¸ ëª¨ë“œ ì‹œì‘...
ğŸ” ë°±ë³¸ Gradient ì¶”ì  ì‹œì‘
   ë°±ë³¸ training ëª¨ë“œ: True
   input_ids.requires_grad: False
   input_ids.shape: torch.Size([1, 128])
   token_embedding í›„: False
   ğŸ”§ gradient íë¦„ ê°•ì œ í™œì„±í™”: True
   token_embedding íŒŒë¼ë¯¸í„° requires_grad: True
   ğŸ”§ pooled_output gradient íë¦„ ê°•ì œ í™œì„±í™”: True
   unified_representation_network í›„: False
   ğŸ”§ unified_features gradient íë¦„ ê°•ì œ í™œì„±í™”: True
   memory_bank.requires_grad: True
   unified_representation_network íŒŒë¼ë¯¸í„° requires_grad: True
   memory_expanded.requires_grad: True
   unified_expanded.requires_grad: True
   [cross_modal_fusion ì‹¤í–‰ ì „]
     query.requires_grad: True
     key.requires_grad: True
     value.requires_grad: True
     cross_modal_fusion íŒŒë¼ë¯¸í„° requires_grad: True
   cross_modal_fusion í›„: False
   cross_modal_output.grad_fn: None
   ğŸ”§ cross_modal_output gradient íë¦„ ê°•ì œ í™œì„±í™”: True
ğŸ¯ ìµœì¢… cross_modal_features.requires_grad: True
   output_projection í›„: False
   ğŸ”§ final_output gradient íë¦„ ê°•ì œ í™œì„±í™”: True
âœ… ë°±ë³¸ ì¶œë ¥ gradient ì—°ê²° í™•ì¸: requires_grad=True
ğŸ‰ ìµœì¢… ë°±ë³¸ ì¶œë ¥ ì„±ê³µ: shared_embedding.requires_grad=True

============================================================
ğŸš¨ í•„ìˆ˜ ëª¨ë“ˆ emotion_analyzer ë¡œë”© ì‹¤íŒ¨!
============================================================
ì—ëŸ¬: [GPU] í•„ìˆ˜ ëª¨ë“ˆ ê³µê°„ í™•ë³´ ì‹¤íŒ¨(owner=emotion_analyzer, needâ‰ˆ700MB, target=0.85)
ëª¨ë“ˆ ê²½ë¡œ: advanced_emotion_analyzer.AdvancedEmotionAnalyzer
============================================================

[18:44:19] âŒ í…ŒìŠ¤íŠ¸ ëª¨ë“œ ì‹¤íŒ¨
[0;34m[INFO][0m í•™ìŠµ ì‹œìŠ¤í…œ ì •ë¦¬ ì¤‘...
[0;34m[INFO][0m GPU ë©”ëª¨ë¦¬ ì •ë¦¬...
[0;32m[SUCCESS][0m ì •ë¦¬ ì™„ë£Œ
