ğŸš€ Red Heart AI í†µí•© í•™ìŠµ ì‹œìŠ¤í…œ ì‹œì‘
===========================================
[0;34m[INFO][0m ì‘ì—… ë””ë ‰í† ë¦¬: /mnt/c/large_project/linux_red_heart
[0;34m[INFO][0m Red Heart AI í†µí•© í™˜ê²½ ìƒíƒœ í™•ì¸ ì¤‘...
[0;32m[SUCCESS][0m âœ… red_heart_env ê°€ìƒí™˜ê²½ ì¡´ì¬
[0;32m[SUCCESS][0m âœ… faiss-test conda í™˜ê²½ ì¡´ì¬
[0;32m[SUCCESS][0m âœ… FAISS ì„¤ì¹˜ë¨ ë° ì‘ë™ í™•ì¸
âœ… Red Heart AI í†µí•© í™˜ê²½ í™œì„±í™” ì™„ë£Œ
   - venv: /mnt/c/large_project/linux_red_heart/red_heart_env
   - conda: faiss-test (í•¨ê»˜ í™œì„±í™”ë¨)
   - python: /mnt/c/large_project/linux_red_heart/red_heart_env/bin/python
   - í™˜ê²½ ë¶„ë¦¬: faissâ†’conda subprocess, ë‚˜ë¨¸ì§€â†’venv
[0;32m[SUCCESS][0m âœ… ì£¼ìš” íŒ¨í‚¤ì§€ (torch, transformers, numpy) ì„¤ì¹˜ë¨
[0;32m[SUCCESS][0m ğŸ‰ ëª¨ë“  í™˜ê²½ì´ ì´ë¯¸ ì¤€ë¹„ë˜ì–´ ìˆìŠµë‹ˆë‹¤!
âœ… Red Heart AI í†µí•© í™˜ê²½ í™œì„±í™” ì™„ë£Œ
   - venv: /mnt/c/large_project/linux_red_heart/red_heart_env
   - conda: faiss-test (í•¨ê»˜ í™œì„±í™”ë¨)
   - python: /mnt/c/large_project/linux_red_heart/red_heart_env/bin/python
   - í™˜ê²½ ë¶„ë¦¬: faissâ†’conda subprocess, ë‚˜ë¨¸ì§€â†’venv
[0;32m[SUCCESS][0m âœ… Red Heart AI í†µí•© í™˜ê²½ í™œì„±í™” ì™„ë£Œ
[0;32m[SUCCESS][0m    - venv: /mnt/c/large_project/linux_red_heart/red_heart_env
[0;32m[SUCCESS][0m    - conda: faiss-test í™˜ê²½ ì¤€ë¹„ë¨
[0;32m[SUCCESS][0m    - python: /mnt/c/large_project/linux_red_heart/red_heart_env/bin/python
[0;32m[SUCCESS][0m    - í™˜ê²½ ë¶„ë¦¬: faissâ†’conda subprocess, ë‚˜ë¨¸ì§€â†’venv
[0;34m[INFO][0m Red Heart AI í†µí•© í•™ìŠµ ì‹œìŠ¤í…œ ì‹œì‘
[0;34m[INFO][0m í™˜ê²½ ë¶„ë¦¬: conda(faiss) + venv(transformers,torch)
[0;34m[INFO][0m Red Heart AI í†µí•© í•™ìŠµ ì‹œìŠ¤í…œ ì‹¤í–‰ ì‹œì‘...
[0;34m[INFO][0m ì‹¤í–‰ ëª¨ë“œ: unified-test
[0;34m[INFO][0m ğŸ§ª 800M í†µí•© ì‹œìŠ¤í…œ í…ŒìŠ¤íŠ¸ ëª¨ë“œ...
ğŸ” [ì´ˆê¸°í™” ì‹œì‘ ì „] GPU ë©”ëª¨ë¦¬ ìƒíƒœ:
   ğŸ’¾ ì´ ë©”ëª¨ë¦¬: 8.00GB
   ğŸ“Š í• ë‹¹ë¨: 0.000GB (0.0%)
   ğŸ“¦ ì˜ˆì•½ë¨: 0.000GB
   ğŸ’š ì—¬ìœ : 8.000GB
   ğŸ”„ config.py ì¸¡ì •: 0.0%
/mnt/c/large_project/linux_red_heart/red_heart_env/lib/python3.12/site-packages/torch/__init__.py:1021: FutureWarning: `torch.distributed.reduce_op` is deprecated, please use `torch.distributed.ReduceOp` instead
  return isinstance(obj, torch.Tensor)
   ğŸ§  GPU í…ì„œ: 0ê°œ, 0.000GB
   ğŸ—‚ï¸ ìºì‹œëœ ë©”ëª¨ë¦¬: 0.000GB
ğŸ” fast_init_mode = False
ğŸŒ ì „ì—­ ëª¨ë“ˆ ìˆœì°¨ ì´ˆê¸°í™” ì‹œì‘ - MasterMemoryOrchestrator ê´€ë¦¬
âš ï¸ ë©”ëª¨ë¦¬ í™•ë³´ ì‹¤íŒ¨í–ˆì§€ë§Œ ì„ íƒ ëª¨ë“ˆì´ë¯€ë¡œ ê³„ì† ì§„í–‰: transformers.models.auto.tokenization_auto_opus-mt-ko-en
âš ï¸ ë©”ëª¨ë¦¬ í™•ë³´ ì‹¤íŒ¨í–ˆì§€ë§Œ ì„ íƒ ëª¨ë“ˆì´ë¯€ë¡œ ê³„ì† ì§„í–‰: translator_opus-mt-ko-en
âš ï¸ ë©”ëª¨ë¦¬ í™•ë³´ ì‹¤íŒ¨í–ˆì§€ë§Œ ì„ íƒ íŒŒì´í”„ë¼ì¸ì´ë¯€ë¡œ ê³„ì† ì§„í–‰: emotion_analyzer_pipeline_emotion-english-distilroberta-base
âš ï¸ ë©”ëª¨ë¦¬ í™•ë³´ ì‹¤íŒ¨í–ˆì§€ë§Œ ì„ íƒ ëª¨ë“ˆì´ë¯€ë¡œ ê³„ì† ì§„í–‰: transformers.pipelines.base_emotion-english-distilroberta-base
âš ï¸ ë©”ëª¨ë¦¬ í™•ë³´ ì‹¤íŒ¨í–ˆì§€ë§Œ ì„ íƒ ëª¨ë“ˆì´ë¯€ë¡œ ê³„ì† ì§„í–‰: transformers.pipelines_emotion-english-distilroberta-base
Device set to use cuda:0
Failed to determine 'entailment' label id from the label2id mapping in the model config. Setting to -1. Define a descriptive label2id mapping in the model config to ensure correct outputs.
âš ï¸ ë©”ëª¨ë¦¬ í™•ë³´ ì‹¤íŒ¨í–ˆì§€ë§Œ ì„ íƒ íŒŒì´í”„ë¼ì¸ì´ë¯€ë¡œ ê³„ì† ì§„í–‰: emotion_analyzer_pipeline_KcELECTRA-base-v2022
âš ï¸ ë©”ëª¨ë¦¬ í™•ë³´ ì‹¤íŒ¨í–ˆì§€ë§Œ ì„ íƒ ëª¨ë“ˆì´ë¯€ë¡œ ê³„ì† ì§„í–‰: transformers.pipelines.base_KcELECTRA-base-v2022
âš ï¸ ë©”ëª¨ë¦¬ í™•ë³´ ì‹¤íŒ¨í–ˆì§€ë§Œ ì„ íƒ ëª¨ë“ˆì´ë¯€ë¡œ ê³„ì† ì§„í–‰: transformers.models.auto.auto_factory_KcELECTRA-base-v2022
Some weights of ElectraForSequenceClassification were not initialized from the model checkpoint at beomi/KcELECTRA-base-v2022 and are newly initialized: ['classifier.dense.bias', 'classifier.dense.weight', 'classifier.out_proj.bias', 'classifier.out_proj.weight']
You should probably TRAIN this model on a down-stream task to be able to use it for predictions and inference.
âš ï¸ ë©”ëª¨ë¦¬ í™•ë³´ ì‹¤íŒ¨í–ˆì§€ë§Œ ì„ íƒ ëª¨ë“ˆì´ë¯€ë¡œ ê³„ì† ì§„í–‰: transformers.pipelines_KcELECTRA-base-v2022
Device set to use cuda:0
âš ï¸ ë©”ëª¨ë¦¬ í™•ë³´ ì‹¤íŒ¨í–ˆì§€ë§Œ ì„ íƒ ëª¨ë“ˆì´ë¯€ë¡œ ê³„ì† ì§„í–‰: transformers.pipelines.base_emotion-english-distilroberta-base
âš ï¸ ë©”ëª¨ë¦¬ í™•ë³´ ì‹¤íŒ¨í–ˆì§€ë§Œ ì„ íƒ ëª¨ë“ˆì´ë¯€ë¡œ ê³„ì† ì§„í–‰: transformers.pipelines_emotion-english-distilroberta-base
Device set to use cpu
âš ï¸ ë©”ëª¨ë¦¬ í™•ë³´ ì‹¤íŒ¨í–ˆì§€ë§Œ ì„ íƒ ëª¨ë“ˆì´ë¯€ë¡œ ê³„ì† ì§„í–‰: advanced_multi_level_semantic_analyzer_bert-base-uncased
âš ï¸ ë©”ëª¨ë¦¬ í™•ë³´ ì‹¤íŒ¨í–ˆì§€ë§Œ ì„ íƒ ëª¨ë“ˆì´ë¯€ë¡œ ê³„ì† ì§„í–‰: semantic_analyzer_bert-base-uncased
âš ï¸ ë©”ëª¨ë¦¬ í™•ë³´ ì‹¤íŒ¨í–ˆì§€ë§Œ ì„ íƒ ëª¨ë“ˆì´ë¯€ë¡œ ê³„ì† ì§„í–‰: transformers.pipelines.base_bart-large-mnli
âš ï¸ ë©”ëª¨ë¦¬ í™•ë³´ ì‹¤íŒ¨í–ˆì§€ë§Œ ì„ íƒ ëª¨ë“ˆì´ë¯€ë¡œ ê³„ì† ì§„í–‰: transformers.pipelines_bart-large-mnli
Device set to use cpu
â›” semantic_analyzer ì´ˆê¸°í™” ì·¨ì†Œë¨ (íƒ€ì„ì•„ì›ƒ/ì¤‘ë‹¨)
   âŒ semantic_analyzer ì´ˆê¸°í™” íƒ€ì„ì•„ì›ƒ (360ì´ˆ)
   ğŸ’” íƒ€ì„ì•„ì›ƒ ë°œìƒ (ì„¤ì •: 360ì´ˆ, ê¸°ë³¸: 120ì´ˆ)
âŒ ì „ì—­ ëª¨ë“ˆ ì´ˆê¸°í™” ì‹¤íŒ¨: semantic_analyzer ì´ˆê¸°í™” íƒ€ì„ì•„ì›ƒ
âŒ ìŠ¤íƒ íŠ¸ë ˆì´ìŠ¤:
Traceback (most recent call last):
  File "/mnt/c/large_project/linux_red_heart/advanced_multi_level_semantic_analyzer.py", line 269, in initialize
    await asyncio.to_thread(self._setup_neural_networks)
  File "/usr/lib/python3.12/asyncio/threads.py", line 25, in to_thread
    return await loop.run_in_executor(None, func_call)
           ^^^^^^^^^^^^^^^^^^^^^^^^^^^^^^^^^^^^^^^^^^^
asyncio.exceptions.CancelledError

During handling of the above exception, another exception occurred:

Traceback (most recent call last):
  File "/usr/lib/python3.12/asyncio/tasks.py", line 520, in wait_for
    return await fut
           ^^^^^^^^^
  File "/mnt/c/large_project/linux_red_heart/unified_system_orchestrator.py", line 1409, in _load_single_module
    await initialize_method()
  File "/mnt/c/large_project/linux_red_heart/advanced_multi_level_semantic_analyzer.py", line 341, in initialize
    await heartbeat_task
  File "/mnt/c/large_project/linux_red_heart/advanced_multi_level_semantic_analyzer.py", line 194, in _heartbeat
    await asyncio.sleep(2.0)
  File "/usr/lib/python3.12/asyncio/tasks.py", line 665, in sleep
    return await future
           ^^^^^^^^^^^^
asyncio.exceptions.CancelledError

The above exception was the direct cause of the following exception:

Traceback (most recent call last):
  File "/mnt/c/large_project/linux_red_heart/unified_system_orchestrator.py", line 1037, in _initialize_global_modules_sequential
    module_instance = await asyncio.wait_for(
                      ^^^^^^^^^^^^^^^^^^^^^^^
  File "/usr/lib/python3.12/asyncio/tasks.py", line 519, in wait_for
    async with timeouts.timeout(timeout):
  File "/usr/lib/python3.12/asyncio/timeouts.py", line 115, in __aexit__
    raise TimeoutError from exc_val
TimeoutError

During handling of the above exception, another exception occurred:

Traceback (most recent call last):
  File "/mnt/c/large_project/linux_red_heart/unified_system_orchestrator.py", line 1842, in _initialize_core_components
    await self._initialize_global_modules_sequential()
  File "/mnt/c/large_project/linux_red_heart/unified_system_orchestrator.py", line 1231, in _initialize_global_modules_sequential
    raise RuntimeError(f"{spec['name']} ì´ˆê¸°í™” íƒ€ì„ì•„ì›ƒ")
RuntimeError: semantic_analyzer ì´ˆê¸°í™” íƒ€ì„ì•„ì›ƒ

ì‹œìŠ¤í…œ ì´ˆê¸°í™” ì‹¤íŒ¨: ì „ì—­ ëª¨ë“ˆ ì´ˆê¸°í™” ì‹¤íŒ¨ - ì‹œìŠ¤í…œ ì¤‘ë‹¨: semantic_analyzer ì´ˆê¸°í™” íƒ€ì„ì•„ì›ƒ
ğŸš¨ ìƒì„¸ ì—ëŸ¬ ìŠ¤íƒ:
Traceback (most recent call last):
  File "/mnt/c/large_project/linux_red_heart/advanced_multi_level_semantic_analyzer.py", line 269, in initialize
    await asyncio.to_thread(self._setup_neural_networks)
  File "/usr/lib/python3.12/asyncio/threads.py", line 25, in to_thread
    return await loop.run_in_executor(None, func_call)
           ^^^^^^^^^^^^^^^^^^^^^^^^^^^^^^^^^^^^^^^^^^^
asyncio.exceptions.CancelledError

During handling of the above exception, another exception occurred:

Traceback (most recent call last):
  File "/usr/lib/python3.12/asyncio/tasks.py", line 520, in wait_for
    return await fut
           ^^^^^^^^^
  File "/mnt/c/large_project/linux_red_heart/unified_system_orchestrator.py", line 1409, in _load_single_module
    await initialize_method()
  File "/mnt/c/large_project/linux_red_heart/advanced_multi_level_semantic_analyzer.py", line 341, in initialize
    await heartbeat_task
  File "/mnt/c/large_project/linux_red_heart/advanced_multi_level_semantic_analyzer.py", line 194, in _heartbeat
    await asyncio.sleep(2.0)
  File "/usr/lib/python3.12/asyncio/tasks.py", line 665, in sleep
    return await future
           ^^^^^^^^^^^^
asyncio.exceptions.CancelledError

The above exception was the direct cause of the following exception:

Traceback (most recent call last):
  File "/mnt/c/large_project/linux_red_heart/unified_system_orchestrator.py", line 1037, in _initialize_global_modules_sequential
    module_instance = await asyncio.wait_for(
                      ^^^^^^^^^^^^^^^^^^^^^^^
  File "/usr/lib/python3.12/asyncio/tasks.py", line 519, in wait_for
    async with timeouts.timeout(timeout):
  File "/usr/lib/python3.12/asyncio/timeouts.py", line 115, in __aexit__
    raise TimeoutError from exc_val
TimeoutError

During handling of the above exception, another exception occurred:

Traceback (most recent call last):
  File "/mnt/c/large_project/linux_red_heart/unified_system_orchestrator.py", line 1842, in _initialize_core_components
    await self._initialize_global_modules_sequential()
  File "/mnt/c/large_project/linux_red_heart/unified_system_orchestrator.py", line 1231, in _initialize_global_modules_sequential
    raise RuntimeError(f"{spec['name']} ì´ˆê¸°í™” íƒ€ì„ì•„ì›ƒ")
RuntimeError: semantic_analyzer ì´ˆê¸°í™” íƒ€ì„ì•„ì›ƒ

The above exception was the direct cause of the following exception:

Traceback (most recent call last):
  File "/mnt/c/large_project/linux_red_heart/unified_system_orchestrator.py", line 847, in initialize_system
    await self._initialize_core_components()
  File "/mnt/c/large_project/linux_red_heart/unified_system_orchestrator.py", line 1849, in _initialize_core_components
    raise RuntimeError(f"ì „ì—­ ëª¨ë“ˆ ì´ˆê¸°í™” ì‹¤íŒ¨ - ì‹œìŠ¤í…œ ì¤‘ë‹¨: {e}") from e
RuntimeError: ì „ì—­ ëª¨ë“ˆ ì´ˆê¸°í™” ì‹¤íŒ¨ - ì‹œìŠ¤í…œ ì¤‘ë‹¨: semantic_analyzer ì´ˆê¸°í™” íƒ€ì„ì•„ì›ƒ

============================================================
ğŸš€ Red Heart AI í†µí•© ì‹œìŠ¤í…œ (800M íŒŒë¼ë¯¸í„°)
============================================================
ëª¨ë“œ: test
ì‹œì‘ ì‹œê°„: 2025-08-11 20:52:52
------------------------------------------------------------

============================================================
ğŸš¨ ì‹œìŠ¤í…œ ì´ˆê¸°í™” ì‹¤íŒ¨!
============================================================
ì—ëŸ¬: ì „ì—­ ëª¨ë“ˆ ì´ˆê¸°í™” ì‹¤íŒ¨ - ì‹œìŠ¤í…œ ì¤‘ë‹¨: semantic_analyzer ì´ˆê¸°í™” íƒ€ì„ì•„ì›ƒ
============================================================
ìƒì„¸ ìŠ¤íƒ íŠ¸ë ˆì´ìŠ¤:
Traceback (most recent call last):
  File "/mnt/c/large_project/linux_red_heart/advanced_multi_level_semantic_analyzer.py", line 269, in initialize
    await asyncio.to_thread(self._setup_neural_networks)
  File "/usr/lib/python3.12/asyncio/threads.py", line 25, in to_thread
    return await loop.run_in_executor(None, func_call)
           ^^^^^^^^^^^^^^^^^^^^^^^^^^^^^^^^^^^^^^^^^^^
asyncio.exceptions.CancelledError

During handling of the above exception, another exception occurred:

Traceback (most recent call last):
  File "/usr/lib/python3.12/asyncio/tasks.py", line 520, in wait_for
    return await fut
           ^^^^^^^^^
  File "/mnt/c/large_project/linux_red_heart/unified_system_orchestrator.py", line 1409, in _load_single_module
    await initialize_method()
  File "/mnt/c/large_project/linux_red_heart/advanced_multi_level_semantic_analyzer.py", line 341, in initialize
    await heartbeat_task
  File "/mnt/c/large_project/linux_red_heart/advanced_multi_level_semantic_analyzer.py", line 194, in _heartbeat
    await asyncio.sleep(2.0)
  File "/usr/lib/python3.12/asyncio/tasks.py", line 665, in sleep
    return await future
           ^^^^^^^^^^^^
asyncio.exceptions.CancelledError

The above exception was the direct cause of the following exception:

Traceback (most recent call last):
  File "/mnt/c/large_project/linux_red_heart/unified_system_orchestrator.py", line 1037, in _initialize_global_modules_sequential
    module_instance = await asyncio.wait_for(
                      ^^^^^^^^^^^^^^^^^^^^^^^
  File "/usr/lib/python3.12/asyncio/tasks.py", line 519, in wait_for
    async with timeouts.timeout(timeout):
  File "/usr/lib/python3.12/asyncio/timeouts.py", line 115, in __aexit__
    raise TimeoutError from exc_val
TimeoutError

During handling of the above exception, another exception occurred:

Traceback (most recent call last):
  File "/mnt/c/large_project/linux_red_heart/unified_system_orchestrator.py", line 1842, in _initialize_core_components
    await self._initialize_global_modules_sequential()
  File "/mnt/c/large_project/linux_red_heart/unified_system_orchestrator.py", line 1231, in _initialize_global_modules_sequential
    raise RuntimeError(f"{spec['name']} ì´ˆê¸°í™” íƒ€ì„ì•„ì›ƒ")
RuntimeError: semantic_analyzer ì´ˆê¸°í™” íƒ€ì„ì•„ì›ƒ

The above exception was the direct cause of the following exception:

Traceback (most recent call last):
  File "/mnt/c/large_project/linux_red_heart/unified_system_orchestrator.py", line 847, in initialize_system
    await self._initialize_core_components()
  File "/mnt/c/large_project/linux_red_heart/unified_system_orchestrator.py", line 1849, in _initialize_core_components
    raise RuntimeError(f"ì „ì—­ ëª¨ë“ˆ ì´ˆê¸°í™” ì‹¤íŒ¨ - ì‹œìŠ¤í…œ ì¤‘ë‹¨: {e}") from e
RuntimeError: ì „ì—­ ëª¨ë“ˆ ì´ˆê¸°í™” ì‹¤íŒ¨ - ì‹œìŠ¤í…œ ì¤‘ë‹¨: semantic_analyzer ì´ˆê¸°í™” íƒ€ì„ì•„ì›ƒ

============================================================

[21:06:32] âŒ ì‹œìŠ¤í…œ ì´ˆê¸°í™” ì‹¤íŒ¨
[0;34m[INFO][0m í•™ìŠµ ì‹œìŠ¤í…œ ì •ë¦¬ ì¤‘...
[0;34m[INFO][0m GPU ë©”ëª¨ë¦¬ ì •ë¦¬...
[0;32m[SUCCESS][0m ì •ë¦¬ ì™„ë£Œ
