ğŸš€ Red Heart AI í†µí•© í•™ìŠµ ì‹œìŠ¤í…œ ì‹œì‘
===========================================
[0;34m[INFO][0m ì‘ì—… ë””ë ‰í† ë¦¬: /mnt/c/large_project/linux_red_heart
[0;34m[INFO][0m Red Heart AI í†µí•© í™˜ê²½ ìƒíƒœ í™•ì¸ ì¤‘...
[0;32m[SUCCESS][0m âœ… red_heart_env ê°€ìƒí™˜ê²½ ì¡´ì¬
[0;32m[SUCCESS][0m âœ… faiss-test conda í™˜ê²½ ì¡´ì¬
[0;32m[SUCCESS][0m âœ… FAISS ì„¤ì¹˜ë¨ ë° ì‘ë™ í™•ì¸
âœ… Red Heart AI í†µí•© í™˜ê²½ í™œì„±í™” ì™„ë£Œ
   - venv: /mnt/c/large_project/linux_red_heart/red_heart_env
   - conda: faiss-test (í•¨ê»˜ í™œì„±í™”ë¨)
   - python: /mnt/c/large_project/linux_red_heart/red_heart_env/bin/python
   - í™˜ê²½ ë¶„ë¦¬: faissâ†’conda subprocess, ë‚˜ë¨¸ì§€â†’venv
[0;32m[SUCCESS][0m âœ… ì£¼ìš” íŒ¨í‚¤ì§€ (torch, transformers, numpy) ì„¤ì¹˜ë¨
[0;32m[SUCCESS][0m ğŸ‰ ëª¨ë“  í™˜ê²½ì´ ì´ë¯¸ ì¤€ë¹„ë˜ì–´ ìˆìŠµë‹ˆë‹¤!
âœ… Red Heart AI í†µí•© í™˜ê²½ í™œì„±í™” ì™„ë£Œ
   - venv: /mnt/c/large_project/linux_red_heart/red_heart_env
   - conda: faiss-test (í•¨ê»˜ í™œì„±í™”ë¨)
   - python: /mnt/c/large_project/linux_red_heart/red_heart_env/bin/python
   - í™˜ê²½ ë¶„ë¦¬: faissâ†’conda subprocess, ë‚˜ë¨¸ì§€â†’venv
[0;32m[SUCCESS][0m âœ… Red Heart AI í†µí•© í™˜ê²½ í™œì„±í™” ì™„ë£Œ
[0;32m[SUCCESS][0m    - venv: /mnt/c/large_project/linux_red_heart/red_heart_env
[0;32m[SUCCESS][0m    - conda: faiss-test í™˜ê²½ ì¤€ë¹„ë¨
[0;32m[SUCCESS][0m    - python: /mnt/c/large_project/linux_red_heart/red_heart_env/bin/python
[0;32m[SUCCESS][0m    - í™˜ê²½ ë¶„ë¦¬: faissâ†’conda subprocess, ë‚˜ë¨¸ì§€â†’venv
[0;34m[INFO][0m ğŸ” HuggingFace ì˜¤í”„ë¼ì¸ ëª¨ë“œ í™œì„±í™” (ìºì‹œëœ ëª¨ë¸ë§Œ ì‚¬ìš©)
[0;34m[INFO][0m Red Heart AI í†µí•© í•™ìŠµ ì‹œìŠ¤í…œ ì‹œì‘
[0;34m[INFO][0m í™˜ê²½ ë¶„ë¦¬: conda(faiss) + venv(transformers,torch)
[0;34m[INFO][0m Red Heart AI í†µí•© í•™ìŠµ ì‹œìŠ¤í…œ ì‹¤í–‰ ì‹œì‘...
[0;34m[INFO][0m ì‹¤í–‰ ëª¨ë“œ: unified-test
[0;34m[INFO][0m ğŸ§ª 730M ìµœì¢… í†µí•© ì‹œìŠ¤í…œ í•™ìŠµ í…ŒìŠ¤íŠ¸ ëª¨ë“œ...
[0;34m[INFO][0m    - 60 ì—í­ í•™ìŠµ í…ŒìŠ¤íŠ¸ (--samplesë¡œ ì œí•œ ê°€ëŠ¥)
[0;34m[INFO][0m    - LR ìŠ¤ìœ•, Sweet Spot, Parameter Crossover í¬í•¨
[0;34m[INFO][0m    - Advanced Training Techniques í™œì„±í™”
[0;34m[INFO][0m ğŸ” Hierarchical LR Sweep (5-5-5-5) ì‹¤í–‰ ëª¨ë“œ
[0;34m[INFO][0m    - 25ê°œ í¬ì¸íŠ¸ë¡œ ìµœì  LR íƒìƒ‰
[0;34m[INFO][0m    - ê° LRì€ ë…ë¦½ì ìœ¼ë¡œ ì´ˆê¸° ê°€ì¤‘ì¹˜ì—ì„œ ì‹œì‘
2025-08-21 17:45:18,992 - __main__ - INFO - ================================================================================
2025-08-21 17:45:18,993 - __main__ - INFO - ğŸš€ ë…ë¦½ì ì¸ Hierarchical Learning Rate Sweep ì‹œì‘
2025-08-21 17:45:18,993 - __main__ - INFO - ================================================================================
2025-08-21 17:45:19,083 - __main__ - INFO - Device: cuda
2025-08-21 17:45:19,125 - __main__ - INFO - GPU: NVIDIA GeForce RTX 2070 SUPER
2025-08-21 17:45:19,125 - __main__ - INFO - GPU Memory: 8.6 GB
2025-08-21 17:45:19,126 - __main__ - INFO - 
ğŸ“Š ëª¨ë¸ ì„¤ì •:
2025-08-21 17:45:19,126 - __main__ - INFO -   - d_model: 896
2025-08-21 17:45:19,127 - __main__ - INFO -   - num_heads: 16
2025-08-21 17:45:19,127 - __main__ - INFO -   - num_layers: 6
2025-08-21 17:45:19,127 - __main__ - INFO -   - dropout: 0.1
2025-08-21 17:45:19,128 - __main__ - INFO - 
ğŸ”§ ëª¨ë¸ ìƒì„± ì¤‘...
/mnt/c/large_project/linux_red_heart/red_heart_env/lib/python3.12/site-packages/torch/nn/modules/transformer.py:379: UserWarning: enable_nested_tensor is True, but self.use_nested_tensor is False because encoder_layer.norm_first was True
  warnings.warn(
2025-08-21 17:45:19,647 - unified_backbone - INFO - ë°±ë³¸ ì´ íŒŒë¼ë¯¸í„°: 90,624,132 (90.62M)
2025-08-21 17:45:19,647 - unified_backbone - INFO - í•™ìŠµ ê°€ëŠ¥ íŒŒë¼ë¯¸í„°: 90,624,132 (90.62M)
2025-08-21 17:45:19,852 - unified_heads - INFO - ê°ì • í—¤ë“œ íŒŒë¼ë¯¸í„°: 17,254,583 (17.25M)
2025-08-21 17:45:19,962 - unified_heads - INFO - ë²¤ë‹´ í—¤ë“œ íŒŒë¼ë¯¸í„°: 13,871,919 (13.87M)
2025-08-21 17:45:20,112 - unified_heads - INFO - í›„íšŒ í—¤ë“œ íŒŒë¼ë¯¸í„°: 19,897,161 (19.90M)
2025-08-21 17:45:20,205 - unified_heads - INFO - SURD í—¤ë“œ íŒŒë¼ë¯¸í„°: 12,025,739 (12.03M)
2025-08-21 17:45:19,821 - analyzer_neural_modules - INFO - NeuralEmotionAnalyzer ì´ˆê¸°í™”: 122,595,407 íŒŒë¼ë¯¸í„°
2025-08-21 17:45:20,414 - analyzer_neural_modules - INFO - NeuralBenthamCalculator ì´ˆê¸°í™”: 78,281,602 íŒŒë¼ë¯¸í„°
2025-08-21 17:45:21,564 - analyzer_neural_modules - INFO - NeuralRegretAnalyzer ì´ˆê¸°í™”: 153,872,666 íŒŒë¼ë¯¸í„°
2025-08-21 17:45:21,667 - analyzer_neural_modules - INFO - NeuralSURDAnalyzer ì´ˆê¸°í™”: 13,473,032 íŒŒë¼ë¯¸í„°
2025-08-21 17:45:21,669 - analyzer_neural_modules - INFO - ì „ì²´ ì‹ ê²½ë§ ë¶„ì„ê¸° íŒŒë¼ë¯¸í„°: 368,222,707 (368.2M)
2025-08-21 17:45:22,538 - emotion_dsp_simulator - INFO - EmotionDSPSimulator ì´ˆê¸°í™” ì™„ë£Œ (~14M íŒŒë¼ë¯¸í„°)
2025-08-21 17:45:22,820 - __main__ - INFO -   - ì´ íŒŒë¼ë¯¸í„°: 539.9M
2025-08-21 17:45:22,820 - __main__ - INFO -   - í•™ìŠµ ê°€ëŠ¥ íŒŒë¼ë¯¸í„°: 539.9M
2025-08-21 17:45:36,394 - __main__ - INFO -   - ì´ˆê¸° ê°€ì¤‘ì¹˜ ì €ì¥ ì™„ë£Œ
2025-08-21 17:45:36,395 - __main__ - INFO - 
ğŸ“ ë°ì´í„° ë¡œë” ìƒì„± ì¤‘...
2025-08-21 17:45:36,397 - __main__ - INFO - ğŸ“‚ ê¸°ë³¸ ë°ì´í„° ë¡œë“œ: claude_api_preprocessing/claude_preprocessed_complete.json
2025-08-21 17:45:36,647 - __main__ - INFO -   - ì „ì²´ ë°ì´í„°: 10460ê°œ
2025-08-21 17:45:36,648 - __main__ - INFO -   - LR ìŠ¤ìœ•ìš© í•™ìŠµ ë°ì´í„°: 1000ê°œ
2025-08-21 17:45:36,648 - __main__ - INFO -   - LR ìŠ¤ìœ•ìš© ê²€ì¦ ë°ì´í„°: 100ê°œ
2025-08-21 17:45:36,648 - __main__ - INFO - ğŸ“Š ì„ë² ë”© ìƒíƒœ:
2025-08-21 17:45:36,649 - __main__ - INFO -   - ì „ì²´ ë°ì´í„°: 1000ê°œ
2025-08-21 17:45:36,649 - __main__ - INFO -   - ì„ë² ë”© ìˆìŒ: 0ê°œ (0.0%)
2025-08-21 17:45:36,650 - __main__ - INFO -   - ì„ë² ë”© ì—†ìŒ: 1000ê°œ (100.0%)
2025-08-21 17:45:36,650 - __main__ - WARNING - âš ï¸ 1000ê°œ í•­ëª©ì— ì„ë² ë”©ì´ ì—†ìŠµë‹ˆë‹¤. ìë™ ìƒì„±ë©ë‹ˆë‹¤.
2025-08-21 17:45:36,650 - __main__ - INFO - ğŸ“Š ì„ë² ë”© ìƒíƒœ:
2025-08-21 17:45:36,651 - __main__ - INFO -   - ì „ì²´ ë°ì´í„°: 100ê°œ
2025-08-21 17:45:36,651 - __main__ - INFO -   - ì„ë² ë”© ìˆìŒ: 0ê°œ (0.0%)
2025-08-21 17:45:36,651 - __main__ - INFO -   - ì„ë² ë”© ì—†ìŒ: 100ê°œ (100.0%)
2025-08-21 17:45:36,652 - __main__ - WARNING - âš ï¸ 100ê°œ í•­ëª©ì— ì„ë² ë”©ì´ ì—†ìŠµë‹ˆë‹¤. ìë™ ìƒì„±ë©ë‹ˆë‹¤.
2025-08-21 17:45:36,652 - __main__ - INFO -   - Train batches: 500
2025-08-21 17:45:36,653 - __main__ - INFO -   - Val batches: 50
2025-08-21 17:45:36,653 - __main__ - INFO - 
âš™ï¸ Sweep ì„¤ì •:
2025-08-21 17:45:36,653 - __main__ - INFO -   - í…ŒìŠ¤íŠ¸ ì—í­: 3
2025-08-21 17:45:36,654 - __main__ - INFO -   - í…ŒìŠ¤íŠ¸ ìŠ¤í…/ì—í­: 50
2025-08-21 17:45:36,654 - __main__ - INFO -   - ì˜ˆìƒ ì´ í¬ì¸íŠ¸: 25ê°œ (5-5-5-5 ì „ëµ)
2025-08-21 17:45:36,654 - __main__ - INFO -   - ê° LRì€ ë…ë¦½ì ìœ¼ë¡œ ì´ˆê¸° ê°€ì¤‘ì¹˜ì—ì„œ ì‹œì‘
2025-08-21 17:45:36,655 - training.hierarchical_lr_sweep - INFO - ======================================================================
2025-08-21 17:45:36,656 - training.hierarchical_lr_sweep - INFO - ğŸ¯ Hierarchical LR Sweep ì´ˆê¸°í™”
2025-08-21 17:45:36,656 - training.hierarchical_lr_sweep - INFO -   - ì „ëµ: 5-5-5-5 (ì´ 25ê°œ í¬ì¸íŠ¸)
2025-08-21 17:45:36,656 - training.hierarchical_lr_sweep - INFO -   - í…ŒìŠ¤íŠ¸ ì—í­: 3
2025-08-21 17:45:36,657 - training.hierarchical_lr_sweep - INFO -   - í…ŒìŠ¤íŠ¸ ìŠ¤í…: 50/epoch
2025-08-21 17:45:36,657 - training.hierarchical_lr_sweep - INFO -   - ê¸°ì¡´ í…ŒìŠ¤íŠ¸ LR: 0ê°œ
2025-08-21 17:45:36,657 - training.hierarchical_lr_sweep - INFO - ======================================================================
2025-08-21 17:45:36,658 - __main__ - INFO - 
================================================================================
2025-08-21 17:45:36,658 - __main__ - INFO - ğŸ“Œ ê° LR í…ŒìŠ¤íŠ¸ëŠ” ë™ì¼í•œ ì´ˆê¸° ê°€ì¤‘ì¹˜ì—ì„œ ë…ë¦½ì ìœ¼ë¡œ ì‹œì‘ë©ë‹ˆë‹¤
2025-08-21 17:45:36,658 - __main__ - INFO - ================================================================================
2025-08-21 17:45:36,659 - training.hierarchical_lr_sweep - INFO - 
ğŸš€ Hierarchical LR Sweep ì‹œì‘...
2025-08-21 17:45:36,659 - training.hierarchical_lr_sweep - INFO - 
ğŸ“Š [Stage 0] ì´ˆê¸° íƒìƒ‰: [1e-05, 5.6e-05, 0.00032, 0.0018, 0.01]
2025-08-21 17:45:36,660 - training.hierarchical_lr_sweep - INFO - 
  ğŸ“Œ LR 1.0e-05 í…ŒìŠ¤íŠ¸ ì‹œì‘ (Stage 0)
2025-08-21 17:45:37,057 - unified_backbone - INFO - ë°±ë³¸ ì´ íŒŒë¼ë¯¸í„°: 90,624,132 (90.62M)
2025-08-21 17:45:37,058 - unified_backbone - INFO - í•™ìŠµ ê°€ëŠ¥ íŒŒë¼ë¯¸í„°: 90,624,132 (90.62M)
2025-08-21 17:45:37,126 - unified_heads - INFO - ê°ì • í—¤ë“œ íŒŒë¼ë¯¸í„°: 17,254,583 (17.25M)
2025-08-21 17:45:37,182 - unified_heads - INFO - ë²¤ë‹´ í—¤ë“œ íŒŒë¼ë¯¸í„°: 13,871,919 (13.87M)
2025-08-21 17:45:37,259 - unified_heads - INFO - í›„íšŒ í—¤ë“œ íŒŒë¼ë¯¸í„°: 19,897,161 (19.90M)
2025-08-21 17:45:37,306 - unified_heads - INFO - SURD í—¤ë“œ íŒŒë¼ë¯¸í„°: 12,025,739 (12.03M)
2025-08-21 17:45:38,030 - analyzer_neural_modules - INFO - NeuralEmotionAnalyzer ì´ˆê¸°í™”: 122,595,407 íŒŒë¼ë¯¸í„°
2025-08-21 17:45:38,512 - analyzer_neural_modules - INFO - NeuralBenthamCalculator ì´ˆê¸°í™”: 78,281,602 íŒŒë¼ë¯¸í„°
2025-08-21 17:45:39,629 - analyzer_neural_modules - INFO - NeuralRegretAnalyzer ì´ˆê¸°í™”: 153,872,666 íŒŒë¼ë¯¸í„°
2025-08-21 17:45:39,705 - analyzer_neural_modules - INFO - NeuralSURDAnalyzer ì´ˆê¸°í™”: 13,473,032 íŒŒë¼ë¯¸í„°
2025-08-21 17:45:39,707 - analyzer_neural_modules - INFO - ì „ì²´ ì‹ ê²½ë§ ë¶„ì„ê¸° íŒŒë¼ë¯¸í„°: 368,222,707 (368.2M)
2025-08-21 17:45:40,567 - emotion_dsp_simulator - INFO - EmotionDSPSimulator ì´ˆê¸°í™” ì™„ë£Œ (~14M íŒŒë¼ë¯¸í„°)
2025-08-21 17:46:08,946 - sentence_transformer_singleton - INFO - ìƒˆ í´ë¼ì´ì–¸íŠ¸ ìƒì„± ì‹œì‘: sentence-transformers/all-MiniLM-L6-v2_cuda
2025-08-21 17:46:08,949 - sentence_transformer_client - INFO - í˜„ì¬ Pythonì´ venv í™˜ê²½: /mnt/c/large_project/linux_red_heart/red_heart_env/bin/python
2025-08-21 17:46:08,949 - sentence_transformer_client - INFO - SentenceTransformer Client ì´ˆê¸°í™”: /mnt/c/large_project/linux_red_heart/sentence_transformer_server.py
2025-08-21 17:46:08,950 - sentence_transformer_client - INFO - Python ì‹¤í–‰íŒŒì¼: /mnt/c/large_project/linux_red_heart/red_heart_env/bin/python
2025-08-21 17:46:08,950 - sentence_transformer_singleton - INFO - ì„œë²„ ì‹œì‘ ë° ëª¨ë¸ ë¡œë”©: sentence-transformers/all-MiniLM-L6-v2 (device: cuda)
2025-08-21 17:46:08,950 - sentence_transformer_client - INFO - SentenceTransformer ì„œë²„ ì‹œì‘: /mnt/c/large_project/linux_red_heart/sentence_transformer_server.py
2025-08-21 17:46:08,951 - sentence_transformer_client - INFO - PYTHONPATH: /mnt/c/large_project/linux_red_heart/red_heart_env/lib/python3.12/site-packages:/mnt/c/large_project/linux_red_heart
2025-08-21 17:46:08,952 - sentence_transformer_client - INFO - VIRTUAL_ENV: /mnt/c/large_project/linux_red_heart/red_heart_env
2025-08-21 17:46:20,663 - sentence_transformer_client - INFO - ì„œë²„ ì—°ê²° ì„±ê³µ
2025-08-21 17:46:20,664 - sentence_transformer_client - INFO - ëª¨ë¸ ë¡œë”© ìš”ì²­: sentence-transformers/all-MiniLM-L6-v2 (device: cuda)
2025-08-21 17:47:21,475 - sentence_transformer_client - ERROR - ëª¨ë¸ ë¡œë”© ì‹¤íŒ¨: ëª¨ë¸ ë¡œë”© ì‹¤íŒ¨: sentence-transformers/all-MiniLM-L6-v2 - ìºì‹œëœ ëª¨ë¸ì„ ì°¾ì„ ìˆ˜ ì—†ìŠµë‹ˆë‹¤: sentence-transformers/all-MiniLM-L6-v2
í™•ì¸ëœ ê²½ë¡œ: /mnt/c/large_project/linux_red_heart/models/sentence_transformers/models--sentence-transformers--all-MiniLM-L6-v2
ëª¨ë¸ì„ ë¨¼ì € ë‹¤ìš´ë¡œë“œí•˜ê±°ë‚˜ ìºì‹œ ê²½ë¡œë¥¼ í™•ì¸í•˜ì„¸ìš”.
2025-08-21 17:47:21,475 - sentence_transformer_singleton - ERROR - ëª¨ë¸ ë¡œë“œ ì‹¤íŒ¨: sentence-transformers/all-MiniLM-L6-v2_cuda, ì˜¤ë¥˜: ëª¨ë¸ ë¡œë”© ì‹¤íŒ¨: ëª¨ë¸ ë¡œë”© ì‹¤íŒ¨: sentence-transformers/all-MiniLM-L6-v2 - ìºì‹œëœ ëª¨ë¸ì„ ì°¾ì„ ìˆ˜ ì—†ìŠµë‹ˆë‹¤: sentence-transformers/all-MiniLM-L6-v2
í™•ì¸ëœ ê²½ë¡œ: /mnt/c/large_project/linux_red_heart/models/sentence_transformers/models--sentence-transformers--all-MiniLM-L6-v2
ëª¨ë¸ì„ ë¨¼ì € ë‹¤ìš´ë¡œë“œí•˜ê±°ë‚˜ ìºì‹œ ê²½ë¡œë¥¼ í™•ì¸í•˜ì„¸ìš”.
2025-08-21 17:47:21,475 - sentence_transformer_singleton - ERROR - ì˜¤ë¥˜ íƒ€ì…: RuntimeError
2025-08-21 17:47:21,479 - sentence_transformer_singleton - ERROR - ìŠ¤íƒ íŠ¸ë ˆì´ìŠ¤: Traceback (most recent call last):
  File "/mnt/c/large_project/linux_red_heart/sentence_transformer_singleton.py", line 149, in get_model
    raise RuntimeError(f"ëª¨ë¸ ë¡œë”© ì‹¤íŒ¨: {error_msg}")
RuntimeError: ëª¨ë¸ ë¡œë”© ì‹¤íŒ¨: ëª¨ë¸ ë¡œë”© ì‹¤íŒ¨: sentence-transformers/all-MiniLM-L6-v2 - ìºì‹œëœ ëª¨ë¸ì„ ì°¾ì„ ìˆ˜ ì—†ìŠµë‹ˆë‹¤: sentence-transformers/all-MiniLM-L6-v2
í™•ì¸ëœ ê²½ë¡œ: /mnt/c/large_project/linux_red_heart/models/sentence_transformers/models--sentence-transformers--all-MiniLM-L6-v2
ëª¨ë¸ì„ ë¨¼ì € ë‹¤ìš´ë¡œë“œí•˜ê±°ë‚˜ ìºì‹œ ê²½ë¡œë¥¼ í™•ì¸í•˜ì„¸ìš”.

2025-08-21 17:47:21,479 - __main__ - ERROR - âŒ SentenceTransformer ë¡œë“œ ì‹¤íŒ¨: SentenceTransformer ëª¨ë¸ ë¡œë“œ ì‹¤íŒ¨: sentence-transformers/all-MiniLM-L6-v2
2025-08-21 17:47:21,480 - __main__ - ERROR - LR ìŠ¤ìœ•ì— í•„ìˆ˜ì ì¸ ì„ë² ë”© ëª¨ë“ˆ ë¡œë“œ ì‹¤íŒ¨
2025-08-21 17:47:21,481 - __main__ - ERROR - âŒ ìŠ¤ìœ• ì‹¤í–‰ ì¤‘ ì˜¤ë¥˜: SentenceTransformer í•„ìˆ˜ ëª¨ë“ˆ ë¡œë“œ ì‹¤íŒ¨: SentenceTransformer ëª¨ë¸ ë¡œë“œ ì‹¤íŒ¨: sentence-transformers/all-MiniLM-L6-v2
2025-08-21 17:47:21,497 - __main__ - ERROR - Traceback (most recent call last):
  File "/mnt/c/large_project/linux_red_heart/sentence_transformer_singleton.py", line 149, in get_model
    raise RuntimeError(f"ëª¨ë¸ ë¡œë”© ì‹¤íŒ¨: {error_msg}")
RuntimeError: ëª¨ë¸ ë¡œë”© ì‹¤íŒ¨: ëª¨ë¸ ë¡œë”© ì‹¤íŒ¨: sentence-transformers/all-MiniLM-L6-v2 - ìºì‹œëœ ëª¨ë¸ì„ ì°¾ì„ ìˆ˜ ì—†ìŠµë‹ˆë‹¤: sentence-transformers/all-MiniLM-L6-v2
í™•ì¸ëœ ê²½ë¡œ: /mnt/c/large_project/linux_red_heart/models/sentence_transformers/models--sentence-transformers--all-MiniLM-L6-v2
ëª¨ë¸ì„ ë¨¼ì € ë‹¤ìš´ë¡œë“œí•˜ê±°ë‚˜ ìºì‹œ ê²½ë¡œë¥¼ í™•ì¸í•˜ì„¸ìš”.

The above exception was the direct cause of the following exception:

Traceback (most recent call last):
  File "/mnt/c/large_project/linux_red_heart/training/run_hierarchical_lr_sweep.py", line 82, in __getitem__
    self.embedding_manager = get_sentence_transformer(
                             ^^^^^^^^^^^^^^^^^^^^^^^^^
  File "/mnt/c/large_project/linux_red_heart/sentence_transformer_singleton.py", line 336, in get_sentence_transformer
    return _manager.get_model(model_name, device, cache_folder)
           ^^^^^^^^^^^^^^^^^^^^^^^^^^^^^^^^^^^^^^^^^^^^^^^^^^^^
  File "/mnt/c/large_project/linux_red_heart/sentence_transformer_singleton.py", line 163, in get_model
    raise RuntimeError(f"SentenceTransformer ëª¨ë¸ ë¡œë“œ ì‹¤íŒ¨: {model_name}") from e
RuntimeError: SentenceTransformer ëª¨ë¸ ë¡œë“œ ì‹¤íŒ¨: sentence-transformers/all-MiniLM-L6-v2

During handling of the above exception, another exception occurred:

Traceback (most recent call last):
  File "/mnt/c/large_project/linux_red_heart/training/run_hierarchical_lr_sweep.py", line 297, in main
    results = sweep.run_hierarchical_sweep(
              ^^^^^^^^^^^^^^^^^^^^^^^^^^^^^
  File "/mnt/c/large_project/linux_red_heart/training/hierarchical_lr_sweep.py", line 145, in run_hierarchical_sweep
    result = self._test_single_lr(
             ^^^^^^^^^^^^^^^^^^^^^
  File "/mnt/c/large_project/linux_red_heart/training/hierarchical_lr_sweep.py", line 252, in _test_single_lr
    for step, batch in enumerate(train_loader):
  File "/mnt/c/large_project/linux_red_heart/red_heart_env/lib/python3.12/site-packages/torch/utils/data/dataloader.py", line 701, in __next__
    data = self._next_data()
           ^^^^^^^^^^^^^^^^^
  File "/mnt/c/large_project/linux_red_heart/red_heart_env/lib/python3.12/site-packages/torch/utils/data/dataloader.py", line 757, in _next_data
    data = self._dataset_fetcher.fetch(index)  # may raise StopIteration
           ^^^^^^^^^^^^^^^^^^^^^^^^^^^^^^^^^^
  File "/mnt/c/large_project/linux_red_heart/red_heart_env/lib/python3.12/site-packages/torch/utils/data/_utils/fetch.py", line 52, in fetch
    data = [self.dataset[idx] for idx in possibly_batched_index]
            ~~~~~~~~~~~~^^^^^
  File "/mnt/c/large_project/linux_red_heart/training/run_hierarchical_lr_sweep.py", line 89, in __getitem__
    raise RuntimeError(f"SentenceTransformer í•„ìˆ˜ ëª¨ë“ˆ ë¡œë“œ ì‹¤íŒ¨: {e}")
RuntimeError: SentenceTransformer í•„ìˆ˜ ëª¨ë“ˆ ë¡œë“œ ì‹¤íŒ¨: SentenceTransformer ëª¨ë¸ ë¡œë“œ ì‹¤íŒ¨: sentence-transformers/all-MiniLM-L6-v2

2025-08-21 17:47:21,498 - __main__ - INFO - 
ğŸ’¾ í•™ìŠµ ë°ì´í„°ì…‹ ì„ë² ë”© ì €ì¥ ì¤‘...
2025-08-21 17:47:21,498 - __main__ - INFO - ğŸ’¾ ê²€ì¦ ë°ì´í„°ì…‹ ì„ë² ë”© ì €ì¥ ì¤‘...
2025-08-21 17:47:21,499 - __main__ - INFO - 
ğŸ§¹ GPU ë©”ëª¨ë¦¬ ì •ë¦¬ ì™„ë£Œ
2025-08-21 17:47:21,599 - __main__ - INFO -   - ì„ì‹œ ì´ˆê¸° ê°€ì¤‘ì¹˜ íŒŒì¼ ì‚­ì œ
Traceback (most recent call last):
  File "/mnt/c/large_project/linux_red_heart/sentence_transformer_singleton.py", line 149, in get_model
    raise RuntimeError(f"ëª¨ë¸ ë¡œë”© ì‹¤íŒ¨: {error_msg}")
RuntimeError: ëª¨ë¸ ë¡œë”© ì‹¤íŒ¨: ëª¨ë¸ ë¡œë”© ì‹¤íŒ¨: sentence-transformers/all-MiniLM-L6-v2 - ìºì‹œëœ ëª¨ë¸ì„ ì°¾ì„ ìˆ˜ ì—†ìŠµë‹ˆë‹¤: sentence-transformers/all-MiniLM-L6-v2
í™•ì¸ëœ ê²½ë¡œ: /mnt/c/large_project/linux_red_heart/models/sentence_transformers/models--sentence-transformers--all-MiniLM-L6-v2
ëª¨ë¸ì„ ë¨¼ì € ë‹¤ìš´ë¡œë“œí•˜ê±°ë‚˜ ìºì‹œ ê²½ë¡œë¥¼ í™•ì¸í•˜ì„¸ìš”.

The above exception was the direct cause of the following exception:

Traceback (most recent call last):
  File "/mnt/c/large_project/linux_red_heart/training/run_hierarchical_lr_sweep.py", line 82, in __getitem__
    self.embedding_manager = get_sentence_transformer(
                             ^^^^^^^^^^^^^^^^^^^^^^^^^
  File "/mnt/c/large_project/linux_red_heart/sentence_transformer_singleton.py", line 336, in get_sentence_transformer
    return _manager.get_model(model_name, device, cache_folder)
           ^^^^^^^^^^^^^^^^^^^^^^^^^^^^^^^^^^^^^^^^^^^^^^^^^^^^
  File "/mnt/c/large_project/linux_red_heart/sentence_transformer_singleton.py", line 163, in get_model
    raise RuntimeError(f"SentenceTransformer ëª¨ë¸ ë¡œë“œ ì‹¤íŒ¨: {model_name}") from e
RuntimeError: SentenceTransformer ëª¨ë¸ ë¡œë“œ ì‹¤íŒ¨: sentence-transformers/all-MiniLM-L6-v2

During handling of the above exception, another exception occurred:

Traceback (most recent call last):
  File "/mnt/c/large_project/linux_red_heart/training/run_hierarchical_lr_sweep.py", line 383, in <module>
    results = main()
              ^^^^^^
  File "/mnt/c/large_project/linux_red_heart/training/run_hierarchical_lr_sweep.py", line 297, in main
    results = sweep.run_hierarchical_sweep(
              ^^^^^^^^^^^^^^^^^^^^^^^^^^^^^
  File "/mnt/c/large_project/linux_red_heart/training/hierarchical_lr_sweep.py", line 145, in run_hierarchical_sweep
    result = self._test_single_lr(
             ^^^^^^^^^^^^^^^^^^^^^
  File "/mnt/c/large_project/linux_red_heart/training/hierarchical_lr_sweep.py", line 252, in _test_single_lr
    for step, batch in enumerate(train_loader):
  File "/mnt/c/large_project/linux_red_heart/red_heart_env/lib/python3.12/site-packages/torch/utils/data/dataloader.py", line 701, in __next__
    data = self._next_data()
           ^^^^^^^^^^^^^^^^^
  File "/mnt/c/large_project/linux_red_heart/red_heart_env/lib/python3.12/site-packages/torch/utils/data/dataloader.py", line 757, in _next_data
    data = self._dataset_fetcher.fetch(index)  # may raise StopIteration
           ^^^^^^^^^^^^^^^^^^^^^^^^^^^^^^^^^^
  File "/mnt/c/large_project/linux_red_heart/red_heart_env/lib/python3.12/site-packages/torch/utils/data/_utils/fetch.py", line 52, in fetch
    data = [self.dataset[idx] for idx in possibly_batched_index]
            ~~~~~~~~~~~~^^^^^
  File "/mnt/c/large_project/linux_red_heart/training/run_hierarchical_lr_sweep.py", line 89, in __getitem__
    raise RuntimeError(f"SentenceTransformer í•„ìˆ˜ ëª¨ë“ˆ ë¡œë“œ ì‹¤íŒ¨: {e}")
RuntimeError: SentenceTransformer í•„ìˆ˜ ëª¨ë“ˆ ë¡œë“œ ì‹¤íŒ¨: SentenceTransformer ëª¨ë¸ ë¡œë“œ ì‹¤íŒ¨: sentence-transformers/all-MiniLM-L6-v2
2025-08-21 17:47:21,770 - sentence_transformer_client - INFO - ì„œë²„ ì¢…ë£Œ ì¤‘...
2025-08-21 17:47:22,875 - sentence_transformer_client - INFO - ì„œë²„ ì •ìƒ ì¢…ë£Œ
[0;34m[INFO][0m í•™ìŠµ ì‹œìŠ¤í…œ ì •ë¦¬ ì¤‘...
[0;34m[INFO][0m GPU ë©”ëª¨ë¦¬ ì •ë¦¬...
[0;32m[SUCCESS][0m ì •ë¦¬ ì™„ë£Œ
