ğŸš€ Red Heart AI í†µí•© í•™ìŠµ ì‹œìŠ¤í…œ ì‹œì‘
===========================================
[0;34m[INFO][0m ì‘ì—… ë””ë ‰í† ë¦¬: /mnt/c/large_project/linux_red_heart
[0;34m[INFO][0m Red Heart AI í†µí•© í™˜ê²½ ìƒíƒœ í™•ì¸ ì¤‘...
[0;32m[SUCCESS][0m âœ… red_heart_env ê°€ìƒí™˜ê²½ ì¡´ì¬
[0;32m[SUCCESS][0m âœ… faiss-test conda í™˜ê²½ ì¡´ì¬
[0;32m[SUCCESS][0m âœ… FAISS ì„¤ì¹˜ë¨ ë° ì‘ë™ í™•ì¸
âœ… Red Heart AI í†µí•© í™˜ê²½ í™œì„±í™” ì™„ë£Œ
   - venv: /mnt/c/large_project/linux_red_heart/red_heart_env
   - conda: faiss-test (í•¨ê»˜ í™œì„±í™”ë¨)
   - python: /mnt/c/large_project/linux_red_heart/red_heart_env/bin/python
   - í™˜ê²½ ë¶„ë¦¬: faissâ†’conda subprocess, ë‚˜ë¨¸ì§€â†’venv
[0;32m[SUCCESS][0m âœ… ì£¼ìš” íŒ¨í‚¤ì§€ (torch, transformers, numpy) ì„¤ì¹˜ë¨
[0;32m[SUCCESS][0m ğŸ‰ ëª¨ë“  í™˜ê²½ì´ ì´ë¯¸ ì¤€ë¹„ë˜ì–´ ìˆìŠµë‹ˆë‹¤!
âœ… Red Heart AI í†µí•© í™˜ê²½ í™œì„±í™” ì™„ë£Œ
   - venv: /mnt/c/large_project/linux_red_heart/red_heart_env
   - conda: faiss-test (í•¨ê»˜ í™œì„±í™”ë¨)
   - python: /mnt/c/large_project/linux_red_heart/red_heart_env/bin/python
   - í™˜ê²½ ë¶„ë¦¬: faissâ†’conda subprocess, ë‚˜ë¨¸ì§€â†’venv
[0;32m[SUCCESS][0m âœ… Red Heart AI í†µí•© í™˜ê²½ í™œì„±í™” ì™„ë£Œ
[0;32m[SUCCESS][0m    - venv: /mnt/c/large_project/linux_red_heart/red_heart_env
[0;32m[SUCCESS][0m    - conda: faiss-test í™˜ê²½ ì¤€ë¹„ë¨
[0;32m[SUCCESS][0m    - python: /mnt/c/large_project/linux_red_heart/red_heart_env/bin/python
[0;32m[SUCCESS][0m    - í™˜ê²½ ë¶„ë¦¬: faissâ†’conda subprocess, ë‚˜ë¨¸ì§€â†’venv
[0;34m[INFO][0m Red Heart AI í†µí•© í•™ìŠµ ì‹œìŠ¤í…œ ì‹œì‘
[0;34m[INFO][0m í™˜ê²½ ë¶„ë¦¬: conda(faiss) + venv(transformers,torch)
[0;34m[INFO][0m Red Heart AI í†µí•© í•™ìŠµ ì‹œìŠ¤í…œ ì‹¤í–‰ ì‹œì‘...
[0;34m[INFO][0m ì‹¤í–‰ ëª¨ë“œ: unified-test
[0;34m[INFO][0m ğŸ§ª 800M í†µí•© ì‹œìŠ¤í…œ í…ŒìŠ¤íŠ¸ ëª¨ë“œ...
ğŸ” [ì´ˆê¸°í™” ì‹œì‘ ì „] GPU ë©”ëª¨ë¦¬ ìƒíƒœ:
   ğŸ’¾ ì´ ë©”ëª¨ë¦¬: 8.00GB
   ğŸ“Š í• ë‹¹ë¨: 0.000GB (0.0%)
   ğŸ“¦ ì˜ˆì•½ë¨: 0.000GB
   ğŸ’š ì—¬ìœ : 8.000GB
   ğŸ”„ config.py ì¸¡ì •: 0.0%
/mnt/c/large_project/linux_red_heart/red_heart_env/lib/python3.12/site-packages/torch/__init__.py:1021: FutureWarning: `torch.distributed.reduce_op` is deprecated, please use `torch.distributed.ReduceOp` instead
  return isinstance(obj, torch.Tensor)
   ğŸ§  GPU í…ì„œ: 0ê°œ, 0.000GB
   ğŸ—‚ï¸ ìºì‹œëœ ë©”ëª¨ë¦¬: 0.000GB
ğŸ” fast_init_mode = False
ğŸŒ ì „ì—­ ëª¨ë“ˆ ìˆœì°¨ ì´ˆê¸°í™” ì‹œì‘ - MasterMemoryOrchestrator ê´€ë¦¬
DSM ë“±ë¡ ì‹¤íŒ¨ (ê³„ì† ì§„í–‰): RedHeartDynamicSwapManager.register_model() got an unexpected keyword argument 'lazy'
Device set to use cuda:0
Failed to determine 'entailment' label id from the label2id mapping in the model config. Setting to -1. Define a descriptive label2id mapping in the model config to ensure correct outputs.
Some weights of ElectraForSequenceClassification were not initialized from the model checkpoint at beomi/KcELECTRA-base-v2022 and are newly initialized: ['classifier.dense.bias', 'classifier.dense.weight', 'classifier.out_proj.bias', 'classifier.out_proj.weight']
You should probably TRAIN this model on a down-stream task to be able to use it for predictions and inference.
Device set to use cuda:0
parameters() ì—†ëŠ” ëª¨ë¸ - 0MB ì²˜ë¦¬: AdvancedBenthamCalculator
Device set to use cuda:0
Device set to use cuda:0
ì–¸ë¡œë“œ ìš”ì²­ëœ ëª¨ë¸ì´ ë ˆì§€ìŠ¤íŠ¸ë¦¬ì— ì—†ìŒ: semantic_analyzer
parameters() ì—†ëŠ” ëª¨ë¸ - 700MBë¡œ ì¶”ì •: AdvancedMultiLevelSemanticAnalyzer
parameters() ì—†ëŠ” ëª¨ë¸ - 700MBë¡œ ì¶”ì •: AdvancedRegretAnalyzer
parameters() ì—†ëŠ” ëª¨ë¸ - 0MB ì²˜ë¦¬: HierarchicalPatternStructure
parameters() ì—†ëŠ” ëª¨ë¸ - 0MB ì²˜ë¦¬: AdvancedMetaIntegrationSystem
âš ï¸ í´ë˜ìŠ¤ 'AdvancedSurdAnalyzer' ëŒ€ì‹  'AdvancedSURDAnalyzer' ì‚¬ìš© (ìœ ì‚¬ë„ ê¸°ë°˜)
parameters() ì—†ëŠ” ëª¨ë¸ - 700MBë¡œ ì¶”ì •: AdvancedSURDAnalyzer
âš ï¸ í´ë˜ìŠ¤ 'AdvancedBayesianInferenceModule' ëŒ€ì‹  'AdvancedBayesianInference' ì‚¬ìš© (ìœ ì‚¬ë„ ê¸°ë°˜)
parameters() ì—†ëŠ” ëª¨ë¸ - 0MB ì²˜ë¦¬: AdvancedBayesianInference
parameters() ì—†ëŠ” ëª¨ë¸ - 0MB ì²˜ë¦¬: AdvancedLLMEngine
parameters() ì—†ëŠ” ëª¨ë¸ - 0MB ì²˜ë¦¬: AdvancedExperienceDatabase
parameters() ì—†ëŠ” ëª¨ë¸ - 0MB ì²˜ë¦¬: AdvancedHierarchicalEmotionSystem
parameters() ì—†ëŠ” ëª¨ë¸ - 0MB ì²˜ë¦¬: AdvancedUsagePatternAnalyzer
âš ï¸ meta_integration ì´ë¯¸ ë“±ë¡ë¨ (ë™ì¼ íƒ€ì…: AdvancedMetaIntegrationSystem), ìŠ¤í‚µ
âš ï¸ GPU ì‚¬ìš©ë¥ ì´ ë‚®ìŠµë‹ˆë‹¤ (47.5%) - ë” ì ê·¹ì  ë¡œë”© í•„ìš”
âœ… ì „ì—­ ëª¨ë“ˆ ìˆœì°¨ ì´ˆê¸°í™” ì™„ë£Œ
ğŸ” [ì „ì—­ ëª¨ë“ˆ ì´ˆê¸°í™” í›„] GPU ë©”ëª¨ë¦¬ ìƒíƒœ:
   ğŸ’¾ ì´ ë©”ëª¨ë¦¬: 8.00GB
   ğŸ“Š í• ë‹¹ë¨: 3.779GB (47.2%)
   ğŸ“¦ ì˜ˆì•½ë¨: 3.875GB
   ğŸ’š ì—¬ìœ : 4.220GB
   ğŸ”„ config.py ì¸¡ì •: 47.2%
   ğŸ§  GPU í…ì„œ: 1767ê°œ, 3.750GB
   ğŸ“‹ í° í…ì„œ TOP 5:
      1. [50265, 1024] (torch.float32) - 196.3MB
      2. [54343, 768] (torch.float32) - 159.2MB
      3. [54343, 768] (torch.float32) - 159.2MB
      4. [50265, 768] (torch.float32) - 147.3MB
      5. [50265, 768] (torch.float32) - 147.3MB
   ğŸ—‚ï¸ ìºì‹œëœ ë©”ëª¨ë¦¬: 0.096GB
   ğŸ” ìƒˆë¡œìš´ Peak ë©”ëª¨ë¦¬: 3.807GB (at ì „ì—­ ëª¨ë“ˆ ì´ˆê¸°í™” í›„)
ğŸ” [ë°±ë³¸ ì´ˆê¸°í™” í›„] GPU ë©”ëª¨ë¦¬ ìƒíƒœ:
   ğŸ’¾ ì´ ë©”ëª¨ë¦¬: 8.00GB
   ğŸ“Š í• ë‹¹ë¨: 5.501GB (68.8%)
   ğŸ“¦ ì˜ˆì•½ë¨: 5.629GB
   ğŸ’š ì—¬ìœ : 2.499GB
   ğŸ”„ config.py ì¸¡ì •: 68.8%
   ğŸ§  GPU í…ì„œ: 2011ê°œ, 5.435GB
   ğŸ“‹ í° í…ì„œ TOP 5:
      1. [50000, 1280] (torch.float32) - 244.1MB
      2. [50265, 1024] (torch.float32) - 196.3MB
      3. [54343, 768] (torch.float32) - 159.2MB
      4. [54343, 768] (torch.float32) - 159.2MB
      5. [50265, 768] (torch.float32) - 147.3MB
   ğŸ—‚ï¸ ìºì‹œëœ ë©”ëª¨ë¦¬: 0.128GB
   ğŸ” ìƒˆë¡œìš´ Peak ë©”ëª¨ë¦¬: 5.501GB (at ë°±ë³¸ ì´ˆê¸°í™” í›„)
ğŸ” [ìŠ¤ì™‘ ë§¤ë‹ˆì € ì´ˆê¸°í™” í›„] GPU ë©”ëª¨ë¦¬ ìƒíƒœ:
   ğŸ’¾ ì´ ë©”ëª¨ë¦¬: 8.00GB
   ğŸ“Š í• ë‹¹ë¨: 5.501GB (68.8%)
   ğŸ“¦ ì˜ˆì•½ë¨: 5.629GB
   ğŸ’š ì—¬ìœ : 2.499GB
   ğŸ”„ config.py ì¸¡ì •: 68.8%
   ğŸ§  GPU í…ì„œ: 2011ê°œ, 5.435GB
   ğŸ“‹ í° í…ì„œ TOP 5:
      1. [50000, 1280] (torch.float32) - 244.1MB
      2. [50265, 1024] (torch.float32) - 196.3MB
      3. [54343, 768] (torch.float32) - 159.2MB
      4. [54343, 768] (torch.float32) - 159.2MB
      5. [50265, 768] (torch.float32) - 147.3MB
   ğŸ—‚ï¸ ìºì‹œëœ ë©”ëª¨ë¦¬: 0.128GB
ğŸ” [í—¤ë“œ í˜¸í™˜ì„± ë§¤ë‹ˆì € ìƒì„± í›„] GPU ë©”ëª¨ë¦¬ ìƒíƒœ:
   ğŸ’¾ ì´ ë©”ëª¨ë¦¬: 8.00GB
   ğŸ“Š í• ë‹¹ë¨: 5.501GB (68.8%)
   ğŸ“¦ ì˜ˆì•½ë¨: 5.629GB
   ğŸ’š ì—¬ìœ : 2.499GB
   ğŸ”„ config.py ì¸¡ì •: 68.8%
   ğŸ§  GPU í…ì„œ: 2011ê°œ, 5.435GB
   ğŸ“‹ í° í…ì„œ TOP 5:
      1. [50000, 1280] (torch.float32) - 244.1MB
      2. [50265, 1024] (torch.float32) - 196.3MB
      3. [54343, 768] (torch.float32) - 159.2MB
      4. [54343, 768] (torch.float32) - 159.2MB
      5. [50265, 768] (torch.float32) - 147.3MB
   ğŸ—‚ï¸ ìºì‹œëœ ë©”ëª¨ë¦¬: 0.128GB
ğŸš¨ í—¤ë“œ ì´ˆê¸°í™” ì‹œì‘ - ë©”ëª¨ë¦¬ í­ë°œ ì˜ì‹¬ êµ¬ê°„!
ğŸ” head_compatibility_manager = <class 'head_compatibility_interface.HeadCompatibilityManager'>
ğŸ” head_compatibility_manager.initialized = False
ğŸ” initialize_all_heads() í˜¸ì¶œ ì§ì „...
âš ï¸ ë©”ëª¨ë¦¬ ê´€ë¦¬ ì£¼ì˜: 69.7% (85% ì´ˆê³¼)
ğŸ“Š ì¶”ê°€ í™œìš© ê°€ëŠ¥: í˜„ì¬ 72.4% (ëª©í‘œ 82%)
ğŸ” initialize_all_heads() í˜¸ì¶œ ì™„ë£Œ!
ğŸš¨ í—¤ë“œ ì´ˆê¸°í™” ì™„ë£Œ - ë©”ëª¨ë¦¬ ìƒíƒœ í™•ì¸ ì¤‘...
ğŸ” [ëª¨ë“  í—¤ë“œ ì´ˆê¸°í™” í›„] GPU ë©”ëª¨ë¦¬ ìƒíƒœ:
   ğŸ’¾ ì´ ë©”ëª¨ë¦¬: 8.00GB
   ğŸ“Š í• ë‹¹ë¨: 5.794GB (72.4%)
   ğŸ“¦ ì˜ˆì•½ë¨: 5.941GB
   ğŸ’š ì—¬ìœ : 2.205GB
   ğŸ”„ config.py ì¸¡ì •: 72.4%
   ğŸ§  GPU í…ì„œ: 2056ê°œ, 5.727GB
   ğŸ“‹ í° í…ì„œ TOP 5:
      1. [50000, 1280] (torch.float32) - 244.1MB
      2. [50265, 1024] (torch.float32) - 196.3MB
      3. [54343, 768] (torch.float32) - 159.2MB
      4. [54343, 768] (torch.float32) - 159.2MB
      5. [50265, 768] (torch.float32) - 147.3MB
   ğŸ—‚ï¸ ìºì‹œëœ ë©”ëª¨ë¦¬: 0.147GB
   ğŸ” ìƒˆë¡œìš´ Peak ë©”ëª¨ë¦¬: 5.794GB (at ëª¨ë“  í—¤ë“œ ì´ˆê¸°í™” í›„)
ğŸš¨ ê¸´ê¸‰ GPU ë©”ëª¨ë¦¬ ì •ë¦¬ ì‹œì‘
ğŸš¨ ì´ˆê¸° GPU ë©”ëª¨ë¦¬: 72.4% ì‚¬ìš© ì¤‘
ğŸ” ì‹¤ì œ GPU ìƒì£¼ ëª¨ë¸ ì „ë©´ ìŠ¤ìº” ì‹œì‘...
ğŸ” PyTorch ì‹¤ì œ ë©”ëª¨ë¦¬: í• ë‹¹=5.79GB, ì˜ˆì•½=5.94GB
ğŸ—‘ï¸ ì´ 328ê°œ ëª¨ë¸ ì¤‘ CRITICAL ì™¸ ëª¨ë“  ëª¨ë¸ ì–¸ë¡œë“œ ì‹œì‘
ğŸ§¹ ìµœì¢… ì „ë©´ ë©”ëª¨ë¦¬ ì •ë¦¬ ì‹œì‘...
ğŸ§¹ ê°€ë¹„ì§€ ì»¬ë ‰ì…˜ 1íšŒ: 130ê°œ ê°ì²´ ì •ë¦¬
ğŸ§¹ ê°€ë¹„ì§€ ì»¬ë ‰ì…˜ 2íšŒ: 0ê°œ ê°ì²´ ì •ë¦¬
ğŸ§¹ ê°€ë¹„ì§€ ì»¬ë ‰ì…˜ 3íšŒ: 0ê°œ ê°ì²´ ì •ë¦¬
ğŸš€ CUDA ìºì‹œ ì™„ì „ ì •ë¦¬ ì™„ë£Œ
âœ… ê¸´ê¸‰ ì •ë¦¬ ì™„ë£Œ:
   ğŸ“Š ë©”ëª¨ë¦¬ ì‚¬ìš©ë¥ : 72.4% â†’ 72.4% (+0.0%)
   ğŸ—‘ï¸ ì–¸ë¡œë“œëœ ëª¨ë¸: 0ê°œ
   ğŸ’¾ í•´ì œëœ ë©”ëª¨ë¦¬: 0MB
ğŸ” [ìë™ ë©”ëª¨ë¦¬ ì •ë¦¬ í›„] GPU ë©”ëª¨ë¦¬ ìƒíƒœ:
   ğŸ’¾ ì´ ë©”ëª¨ë¦¬: 8.00GB
   ğŸ“Š í• ë‹¹ë¨: 5.794GB (72.4%)
   ğŸ“¦ ì˜ˆì•½ë¨: 5.941GB
   ğŸ’š ì—¬ìœ : 2.205GB
   ğŸ”„ config.py ì¸¡ì •: 72.4%
   ğŸ§  GPU í…ì„œ: 2056ê°œ, 5.727GB
   ğŸ“‹ í° í…ì„œ TOP 5:
      1. [50000, 1280] (torch.float32) - 244.1MB
      2. [50265, 1024] (torch.float32) - 196.3MB
      3. [54343, 768] (torch.float32) - 159.2MB
      4. [54343, 768] (torch.float32) - 159.2MB
      5. [50265, 768] (torch.float32) - 147.3MB
   ğŸ—‚ï¸ ìºì‹œëœ ë©”ëª¨ë¦¬: 0.147GB
ğŸ” [ì‹œë„ˆì§€ ì‹œìŠ¤í…œ ì´ˆê¸°í™” í›„] GPU ë©”ëª¨ë¦¬ ìƒíƒœ:
   ğŸ’¾ ì´ ë©”ëª¨ë¦¬: 8.00GB
   ğŸ“Š í• ë‹¹ë¨: 5.794GB (72.4%)
   ğŸ“¦ ì˜ˆì•½ë¨: 5.941GB
   ğŸ’š ì—¬ìœ : 2.205GB
   ğŸ”„ config.py ì¸¡ì •: 72.4%
   ğŸ§  GPU í…ì„œ: 2056ê°œ, 5.727GB
   ğŸ“‹ í° í…ì„œ TOP 5:
      1. [50000, 1280] (torch.float32) - 244.1MB
      2. [50265, 1024] (torch.float32) - 196.3MB
      3. [54343, 768] (torch.float32) - 159.2MB
      4. [54343, 768] (torch.float32) - 159.2MB
      5. [50265, 768] (torch.float32) - 147.3MB
   ğŸ—‚ï¸ ìºì‹œëœ ë©”ëª¨ë¦¬: 0.147GB
ğŸ” [í•™ìŠµ ì‹œìŠ¤í…œ ì´ˆê¸°í™” í›„] GPU ë©”ëª¨ë¦¬ ìƒíƒœ:
   ğŸ’¾ ì´ ë©”ëª¨ë¦¬: 8.00GB
   ğŸ“Š í• ë‹¹ë¨: 7.515GB (93.9%)
   ğŸ“¦ ì˜ˆì•½ë¨: 7.697GB
   ğŸ’š ì—¬ìœ : 0.484GB
   ğŸ”„ config.py ì¸¡ì •: 93.9%
   ğŸ§  GPU í…ì„œ: 2300ê°œ, 7.412GB
   ğŸ“‹ í° í…ì„œ TOP 5:
      1. [50000, 1280] (torch.float32) - 244.1MB
      2. [50000, 1280] (torch.float32) - 244.1MB
      3. [50265, 1024] (torch.float32) - 196.3MB
      4. [54343, 768] (torch.float32) - 159.2MB
      5. [54343, 768] (torch.float32) - 159.2MB
   ğŸ—‚ï¸ ìºì‹œëœ ë©”ëª¨ë¦¬: 0.182GB
   âš ï¸ WARNING: ë†’ì€ ë©”ëª¨ë¦¬ ì‚¬ìš©ë¥  (93.9%)
   ğŸ” ìƒˆë¡œìš´ Peak ë©”ëª¨ë¦¬: 7.515GB (at í•™ìŠµ ì‹œìŠ¤í…œ ì´ˆê¸°í™” í›„)
ğŸ” [íŒ¨í„´ ë¶„ì„ê¸° ì´ˆê¸°í™” í›„] GPU ë©”ëª¨ë¦¬ ìƒíƒœ:
   ğŸ’¾ ì´ ë©”ëª¨ë¦¬: 8.00GB
   ğŸ“Š í• ë‹¹ë¨: 7.515GB (93.9%)
   ğŸ“¦ ì˜ˆì•½ë¨: 7.697GB
   ğŸ’š ì—¬ìœ : 0.484GB
   ğŸ”„ config.py ì¸¡ì •: 93.9%
   ğŸ§  GPU í…ì„œ: 2300ê°œ, 7.412GB
   ğŸ“‹ í° í…ì„œ TOP 5:
      1. [50000, 1280] (torch.float32) - 244.1MB
      2. [50000, 1280] (torch.float32) - 244.1MB
      3. [50265, 1024] (torch.float32) - 196.3MB
      4. [54343, 768] (torch.float32) - 159.2MB
      5. [54343, 768] (torch.float32) - 159.2MB
   ğŸ—‚ï¸ ìºì‹œëœ ë©”ëª¨ë¦¬: 0.182GB
   âš ï¸ WARNING: ë†’ì€ ë©”ëª¨ë¦¬ ì‚¬ìš©ë¥  (93.9%)
í›ˆë ¨ ì¤‘ ì˜¤ë¥˜ ë°œìƒ: ë“±ë¡ë˜ì§€ ì•Šì€ í—¤ë“œ: emotion_empathy_head
ğŸ˜¨ ìƒì„¸ ì—ëŸ¬ ìŠ¤íƒ:
Traceback (most recent call last):
  File "/mnt/c/large_project/linux_red_heart/unified_learning_system.py", line 1604, in train_unified_system
    await self._load_active_heads(active_heads)
  File "/mnt/c/large_project/linux_red_heart/unified_learning_system.py", line 1677, in _load_active_heads
    await self.swap_manager.load_head_to_gpu(head_type.value)
  File "/mnt/c/large_project/linux_red_heart/dynamic_swap_manager.py", line 522, in load_head_to_gpu
    raise ValueError(f"ë“±ë¡ë˜ì§€ ì•Šì€ í—¤ë“œ: {head_name}")
ValueError: ë“±ë¡ë˜ì§€ ì•Šì€ í—¤ë“œ: emotion_empathy_head

ğŸ” ì—ëŸ¬ íƒ€ì…: ValueError
ğŸ“ ì—íŸ¼í¬: 1/1, ë°°ì¹˜: 0
Python í†µí•© í•™ìŠµ ì˜¤ë¥˜: ë“±ë¡ë˜ì§€ ì•Šì€ í—¤ë“œ: emotion_empathy_head
ğŸ˜¨ ìƒì„¸ ì—ëŸ¬ ìŠ¤íƒ:
Traceback (most recent call last):
  File "/mnt/c/large_project/linux_red_heart/unified_system_orchestrator.py", line 1585, in _run_python_training
    await self.learning_system.train_unified_system(
  File "/mnt/c/large_project/linux_red_heart/unified_learning_system.py", line 1604, in train_unified_system
    await self._load_active_heads(active_heads)
  File "/mnt/c/large_project/linux_red_heart/unified_learning_system.py", line 1677, in _load_active_heads
    await self.swap_manager.load_head_to_gpu(head_type.value)
  File "/mnt/c/large_project/linux_red_heart/dynamic_swap_manager.py", line 522, in load_head_to_gpu
    raise ValueError(f"ë“±ë¡ë˜ì§€ ì•Šì€ í—¤ë“œ: {head_name}")
ValueError: ë“±ë¡ë˜ì§€ ì•Šì€ í—¤ë“œ: emotion_empathy_head

ğŸ” ì—ëŸ¬ íƒ€ì…: ValueError
ğŸ“ num_epochs: 1, num_batches: 1
ğŸ” [ì´ˆê¸°í™” ì‹œì‘ ì „] GPU ë©”ëª¨ë¦¬ ìƒíƒœ:
   ğŸ’¾ ì´ ë©”ëª¨ë¦¬: 8.00GB
   ğŸ“Š í• ë‹¹ë¨: 7.515GB (93.9%)
   ğŸ“¦ ì˜ˆì•½ë¨: 7.697GB
   ğŸ’š ì—¬ìœ : 0.484GB
   ğŸ”„ config.py ì¸¡ì •: 93.9%
   ğŸ§  GPU í…ì„œ: 2300ê°œ, 7.412GB
   ğŸ“‹ í° í…ì„œ TOP 5:
      1. [50000, 1280] (torch.float32) - 244.1MB
      2. [50000, 1280] (torch.float32) - 244.1MB
      3. [50265, 1024] (torch.float32) - 196.3MB
      4. [54343, 768] (torch.float32) - 159.2MB
      5. [54343, 768] (torch.float32) - 159.2MB
   ğŸ—‚ï¸ ìºì‹œëœ ë©”ëª¨ë¦¬: 0.182GB
   âš ï¸ WARNING: ë†’ì€ ë©”ëª¨ë¦¬ ì‚¬ìš©ë¥  (93.9%)
ğŸ” fast_init_mode = False
ğŸŒ ì „ì—­ ëª¨ë“ˆ ìˆœì°¨ ì´ˆê¸°í™” ì‹œì‘ - MasterMemoryOrchestrator ê´€ë¦¬
âš ï¸ GPU ë©”ëª¨ë¦¬ ë¶€ì¡± - ì •ë¦¬ ì‹œì‘ (ì‚¬ìš©ë¥ : 93.9%, ì—¬ìœ : 309.5625MB)
ğŸš¨ ê¸´ê¸‰ GPU ë©”ëª¨ë¦¬ ì •ë¦¬ ì‹œì‘
ğŸš¨ ì´ˆê¸° GPU ë©”ëª¨ë¦¬: 93.9% ì‚¬ìš© ì¤‘
ğŸ” ì‹¤ì œ GPU ìƒì£¼ ëª¨ë¸ ì „ë©´ ìŠ¤ìº” ì‹œì‘...
ğŸ” PyTorch ì‹¤ì œ ë©”ëª¨ë¦¬: í• ë‹¹=7.52GB, ì˜ˆì•½=7.70GB
ğŸ—‘ï¸ ì´ 415ê°œ ëª¨ë¸ ì¤‘ CRITICAL ì™¸ ëª¨ë“  ëª¨ë¸ ì–¸ë¡œë“œ ì‹œì‘
ğŸ§¹ ìµœì¢… ì „ë©´ ë©”ëª¨ë¦¬ ì •ë¦¬ ì‹œì‘...
ğŸ§¹ ê°€ë¹„ì§€ ì»¬ë ‰ì…˜ 1íšŒ: 257ê°œ ê°ì²´ ì •ë¦¬
ğŸ§¹ ê°€ë¹„ì§€ ì»¬ë ‰ì…˜ 2íšŒ: 0ê°œ ê°ì²´ ì •ë¦¬
ğŸ§¹ ê°€ë¹„ì§€ ì»¬ë ‰ì…˜ 3íšŒ: 0ê°œ ê°ì²´ ì •ë¦¬
ğŸš€ CUDA ìºì‹œ ì™„ì „ ì •ë¦¬ ì™„ë£Œ
âœ… ê¸´ê¸‰ ì •ë¦¬ ì™„ë£Œ:
   ğŸ“Š ë©”ëª¨ë¦¬ ì‚¬ìš©ë¥ : 93.9% â†’ 93.9% (+0.0%)
   ğŸ—‘ï¸ ì–¸ë¡œë“œëœ ëª¨ë¸: 0ê°œ
   ğŸ’¾ í•´ì œëœ ë©”ëª¨ë¦¬: 0MB
âš ï¸ ë©”ëª¨ë¦¬ ì‚¬ìš©ë¥ ì´ ì—¬ì „íˆ ë†’ìŒ - ì¶”ê°€ ì¡°ì¹˜ í•„ìš”
âŒ GPU ë©”ëª¨ë¦¬ ê³µê°„ í™•ë³´ ì‹¤íŒ¨ - í•„ìš”: 900MB, ì—¬ìœ : 309.5625MB
[GPU BLOCKING] âŒ transformers.models.auto.tokenization_auto_opus-mt-ko-en í• ë‹¹ ì‹¤íŒ¨: íƒ€ì„ì•„ì›ƒ (30.0ì´ˆ)
âš ï¸ ë©”ëª¨ë¦¬ í™•ë³´ ì‹¤íŒ¨í–ˆì§€ë§Œ ì„ íƒ ëª¨ë“ˆì´ë¯€ë¡œ ê³„ì† ì§„í–‰: transformers.models.auto.tokenization_auto_opus-mt-ko-en
[GPU BLOCKING] âŒ translator_opus-mt-ko-en í• ë‹¹ ì‹¤íŒ¨: íƒ€ì„ì•„ì›ƒ (30.0ì´ˆ)
âš ï¸ ë©”ëª¨ë¦¬ í™•ë³´ ì‹¤íŒ¨í–ˆì§€ë§Œ ì„ íƒ ëª¨ë“ˆì´ë¯€ë¡œ ê³„ì† ì§„í–‰: translator_opus-mt-ko-en
DSM ë“±ë¡ ì‹¤íŒ¨ (ê³„ì† ì§„í–‰): RedHeartDynamicSwapManager.register_model() got an unexpected keyword argument 'lazy'
âš ï¸ translator ì´ë¯¸ ë“±ë¡ë¨ (ë™ì¼ íƒ€ì…: LocalTranslator), ìŠ¤í‚µ
âš ï¸ GPU ë©”ëª¨ë¦¬ ë¶€ì¡± - ì •ë¦¬ ì‹œì‘ (ì‚¬ìš©ë¥ : 93.9%, ì—¬ìœ : 309.5625MB)
ğŸš¨ ê¸´ê¸‰ GPU ë©”ëª¨ë¦¬ ì •ë¦¬ ì‹œì‘
ğŸš¨ ì´ˆê¸° GPU ë©”ëª¨ë¦¬: 93.9% ì‚¬ìš© ì¤‘
ğŸ” ì‹¤ì œ GPU ìƒì£¼ ëª¨ë¸ ì „ë©´ ìŠ¤ìº” ì‹œì‘...
ğŸ” PyTorch ì‹¤ì œ ë©”ëª¨ë¦¬: í• ë‹¹=7.52GB, ì˜ˆì•½=7.70GB
ğŸ—‘ï¸ ì´ 415ê°œ ëª¨ë¸ ì¤‘ CRITICAL ì™¸ ëª¨ë“  ëª¨ë¸ ì–¸ë¡œë“œ ì‹œì‘
ğŸ§¹ ìµœì¢… ì „ë©´ ë©”ëª¨ë¦¬ ì •ë¦¬ ì‹œì‘...
ğŸ§¹ ê°€ë¹„ì§€ ì»¬ë ‰ì…˜ 1íšŒ: 1837ê°œ ê°ì²´ ì •ë¦¬
ğŸ§¹ ê°€ë¹„ì§€ ì»¬ë ‰ì…˜ 2íšŒ: 0ê°œ ê°ì²´ ì •ë¦¬
ğŸ§¹ ê°€ë¹„ì§€ ì»¬ë ‰ì…˜ 3íšŒ: 0ê°œ ê°ì²´ ì •ë¦¬
ğŸš€ CUDA ìºì‹œ ì™„ì „ ì •ë¦¬ ì™„ë£Œ
âœ… ê¸´ê¸‰ ì •ë¦¬ ì™„ë£Œ:
   ğŸ“Š ë©”ëª¨ë¦¬ ì‚¬ìš©ë¥ : 93.9% â†’ 93.9% (+0.0%)
   ğŸ—‘ï¸ ì–¸ë¡œë“œëœ ëª¨ë¸: 0ê°œ
   ğŸ’¾ í•´ì œëœ ë©”ëª¨ë¦¬: 0MB
âš ï¸ ë©”ëª¨ë¦¬ ì‚¬ìš©ë¥ ì´ ì—¬ì „íˆ ë†’ìŒ - ì¶”ê°€ ì¡°ì¹˜ í•„ìš”
âŒ GPU ë©”ëª¨ë¦¬ ê³µê°„ í™•ë³´ ì‹¤íŒ¨ - í•„ìš”: 700MB, ì—¬ìœ : 309.5625MB
[ì–¸ë¡œë“œ ë¶ˆê°€] ë” ì´ìƒ ì–¸ë¡œë“œí•  ìˆ˜ ìˆëŠ” ëª¨ë¸ì´ ì—†ìŠµë‹ˆë‹¤
[DSM] GPU ì‚¬ìš©ë¥  93.9%ë¡œ ëª©í‘œ 85.0% ë‹¬ì„± ì‹¤íŒ¨
ìŠ¤ì™‘ ê³µê°„ ë¶€ì¡±: temp_model_1754631339 (í•„ìš”: 1000MB, í™•ë³´: FalseMB)
ë¹„ë™ê¸° ì‹¤í–‰ íƒ€ì„ì•„ì›ƒ
ìŠ¤ì™‘ ëŒ€ê¸° íƒ€ì„ì•„ì›ƒ: temp_model_1754631339 (ìµœëŒ€ ëŒ€ê¸° ì‹œê°„ 30.0ì´ˆ ì´ˆê³¼)
[GPU BLOCKING] âŒ transformers.pipelines.base_emotion-english-distilroberta-base í• ë‹¹ ì‹¤íŒ¨: íƒ€ì„ì•„ì›ƒ (30.0ì´ˆ)
âš ï¸ ë©”ëª¨ë¦¬ í™•ë³´ ì‹¤íŒ¨í–ˆì§€ë§Œ ì„ íƒ ëª¨ë“ˆì´ë¯€ë¡œ ê³„ì† ì§„í–‰: transformers.pipelines.base_emotion-english-distilroberta-base
[GPU BLOCKING] âŒ transformers.pipelines_emotion-english-distilroberta-base í• ë‹¹ ì‹¤íŒ¨: íƒ€ì„ì•„ì›ƒ (30.0ì´ˆ)
âš ï¸ ë©”ëª¨ë¦¬ í™•ë³´ ì‹¤íŒ¨í–ˆì§€ë§Œ ì„ íƒ ëª¨ë“ˆì´ë¯€ë¡œ ê³„ì† ì§„í–‰: transformers.pipelines_emotion-english-distilroberta-base
Device set to use cpu
Failed to determine 'entailment' label id from the label2id mapping in the model config. Setting to -1. Define a descriptive label2id mapping in the model config to ensure correct outputs.
[GPU BLOCKING] âŒ emotion_analyzer_emotion-english-distilroberta-base í• ë‹¹ ì‹¤íŒ¨: íƒ€ì„ì•„ì›ƒ (30.0ì´ˆ)
[GPU BLOCKING] âŒ emotion_analyzer_emotion-english-distilroberta-base í• ë‹¹ ì¤‘ ì˜¤ë¥˜: [GPU BLOCKING] âŒ emotion_analyzer_emotion-english-distilroberta-base í• ë‹¹ ì‹¤íŒ¨: íƒ€ì„ì•„ì›ƒ (30.0ì´ˆ)
ë‹¤êµ­ì–´ ëª¨ë¸ ë¡œë“œ ì‹¤íŒ¨: [GPU BLOCKING] âŒ emotion_analyzer_emotion-english-distilroberta-base í• ë‹¹ ì¤‘ ì˜¤ë¥˜: [GPU BLOCKING] âŒ emotion_analyzer_emotion-english-distilroberta-base í• ë‹¹ ì‹¤íŒ¨: íƒ€ì„ì•„ì›ƒ (30.0ì´ˆ)
ëª¨ë¸ ì´ˆê¸°í™” ì‹¤íŒ¨: [GPU BLOCKING] âŒ emotion_analyzer_emotion-english-distilroberta-base í• ë‹¹ ì¤‘ ì˜¤ë¥˜: [GPU BLOCKING] âŒ emotion_analyzer_emotion-english-distilroberta-base í• ë‹¹ ì‹¤íŒ¨: íƒ€ì„ì•„ì›ƒ (30.0ì´ˆ)
AdvancedEmotionAnalyzer ì´ˆê¸°í™” ì‹¤íŒ¨: [GPU BLOCKING] âŒ emotion_analyzer_emotion-english-distilroberta-base í• ë‹¹ ì¤‘ ì˜¤ë¥˜: [GPU BLOCKING] âŒ emotion_analyzer_emotion-english-distilroberta-base í• ë‹¹ ì‹¤íŒ¨: íƒ€ì„ì•„ì›ƒ (30.0ì´ˆ)
âŒ ëª¨ë“ˆ emotion_analyzer ë¡œë”© ì‹¤íŒ¨: [GPU BLOCKING] âŒ emotion_analyzer_emotion-english-distilroberta-base í• ë‹¹ ì¤‘ ì˜¤ë¥˜: [GPU BLOCKING] âŒ emotion_analyzer_emotion-english-distilroberta-base í• ë‹¹ ì‹¤íŒ¨: íƒ€ì„ì•„ì›ƒ (30.0ì´ˆ)
ğŸš¨ emotion_analyzer ë¡œë”© ì‹¤íŒ¨ ìƒì„¸ ìŠ¤íƒ:
Traceback (most recent call last):
  File "/mnt/c/large_project/linux_red_heart/unified_system_orchestrator.py", line 1499, in run_training_pipeline
    raise Exception("Python í†µí•© í•™ìŠµ ì‹œìŠ¤í…œ ì‹¤í–‰ ì‹¤íŒ¨")
Exception: Python í†µí•© í•™ìŠµ ì‹œìŠ¤í…œ ì‹¤í–‰ ì‹¤íŒ¨

During handling of the above exception, another exception occurred:

Traceback (most recent call last):
  File "/mnt/c/large_project/linux_red_heart/workflow_aware_memory_manager.py", line 570, in request_gpu_blocking
    raise RuntimeError(msg)
RuntimeError: [GPU BLOCKING] âŒ emotion_analyzer_emotion-english-distilroberta-base í• ë‹¹ ì‹¤íŒ¨: íƒ€ì„ì•„ì›ƒ (30.0ì´ˆ)

The above exception was the direct cause of the following exception:

Traceback (most recent call last):
  File "/mnt/c/large_project/linux_red_heart/unified_system_orchestrator.py", line 1097, in _load_single_module
    await initialize_method()
  File "/mnt/c/large_project/linux_red_heart/advanced_emotion_analyzer.py", line 517, in initialize
    self._initialize_models()
  File "/mnt/c/large_project/linux_red_heart/advanced_emotion_analyzer.py", line 558, in _initialize_models
    self._load_multilingual_emotion_model()
  File "/mnt/c/large_project/linux_red_heart/advanced_emotion_analyzer.py", line 607, in _load_multilingual_emotion_model
    self.models['multilingual_direct'] = hf_wrapper.wrapped_from_pretrained(
                                         ^^^^^^^^^^^^^^^^^^^^^^^^^^^^^^^^^^^
  File "/mnt/c/large_project/linux_red_heart/hf_model_wrapper.py", line 221, in wrapped_from_pretrained
    success = self.memory_manager.request_gpu_blocking(
              ^^^^^^^^^^^^^^^^^^^^^^^^^^^^^^^^^^^^^^^^^
  File "/mnt/c/large_project/linux_red_heart/workflow_aware_memory_manager.py", line 588, in request_gpu_blocking
    raise RuntimeError(msg) from e
RuntimeError: [GPU BLOCKING] âŒ emotion_analyzer_emotion-english-distilroberta-base í• ë‹¹ ì¤‘ ì˜¤ë¥˜: [GPU BLOCKING] âŒ emotion_analyzer_emotion-english-distilroberta-base í• ë‹¹ ì‹¤íŒ¨: íƒ€ì„ì•„ì›ƒ (30.0ì´ˆ)

   âŒ emotion_analyzer ì´ˆê¸°í™” ì‹¤íŒ¨: [GPU BLOCKING] âŒ emotion_analyzer_emotion-english-distilroberta-base í• ë‹¹ ì¤‘ ì˜¤ë¥˜: [GPU BLOCKING] âŒ emotion_analyzer_emotion-english-distilroberta-base í• ë‹¹ ì‹¤íŒ¨: íƒ€ì„ì•„ì›ƒ (30.0ì´ˆ)
âŒ ì „ì—­ ëª¨ë“ˆ ì´ˆê¸°í™” ì‹¤íŒ¨: í•„ìˆ˜ ëª¨ë“ˆ emotion_analyzer ì´ˆê¸°í™” ì‹¤íŒ¨: [GPU BLOCKING] âŒ emotion_analyzer_emotion-english-distilroberta-base í• ë‹¹ ì¤‘ ì˜¤ë¥˜: [GPU BLOCKING] âŒ emotion_analyzer_emotion-english-distilroberta-base í• ë‹¹ ì‹¤íŒ¨: íƒ€ì„ì•„ì›ƒ (30.0ì´ˆ)
âŒ ìŠ¤íƒ íŠ¸ë ˆì´ìŠ¤:
Traceback (most recent call last):
  File "/mnt/c/large_project/linux_red_heart/unified_system_orchestrator.py", line 1499, in run_training_pipeline
    raise Exception("Python í†µí•© í•™ìŠµ ì‹œìŠ¤í…œ ì‹¤í–‰ ì‹¤íŒ¨")
Exception: Python í†µí•© í•™ìŠµ ì‹œìŠ¤í…œ ì‹¤í–‰ ì‹¤íŒ¨

During handling of the above exception, another exception occurred:

Traceback (most recent call last):
  File "/mnt/c/large_project/linux_red_heart/workflow_aware_memory_manager.py", line 570, in request_gpu_blocking
    raise RuntimeError(msg)
RuntimeError: [GPU BLOCKING] âŒ emotion_analyzer_emotion-english-distilroberta-base í• ë‹¹ ì‹¤íŒ¨: íƒ€ì„ì•„ì›ƒ (30.0ì´ˆ)

The above exception was the direct cause of the following exception:

Traceback (most recent call last):
  File "/mnt/c/large_project/linux_red_heart/unified_system_orchestrator.py", line 825, in _initialize_global_modules_sequential
    module_instance = await asyncio.wait_for(
                      ^^^^^^^^^^^^^^^^^^^^^^^
  File "/usr/lib/python3.12/asyncio/tasks.py", line 520, in wait_for
    return await fut
           ^^^^^^^^^
  File "/mnt/c/large_project/linux_red_heart/unified_system_orchestrator.py", line 1097, in _load_single_module
    await initialize_method()
  File "/mnt/c/large_project/linux_red_heart/advanced_emotion_analyzer.py", line 517, in initialize
    self._initialize_models()
  File "/mnt/c/large_project/linux_red_heart/advanced_emotion_analyzer.py", line 558, in _initialize_models
    self._load_multilingual_emotion_model()
  File "/mnt/c/large_project/linux_red_heart/advanced_emotion_analyzer.py", line 607, in _load_multilingual_emotion_model
    self.models['multilingual_direct'] = hf_wrapper.wrapped_from_pretrained(
                                         ^^^^^^^^^^^^^^^^^^^^^^^^^^^^^^^^^^^
  File "/mnt/c/large_project/linux_red_heart/hf_model_wrapper.py", line 221, in wrapped_from_pretrained
    success = self.memory_manager.request_gpu_blocking(
              ^^^^^^^^^^^^^^^^^^^^^^^^^^^^^^^^^^^^^^^^^
  File "/mnt/c/large_project/linux_red_heart/workflow_aware_memory_manager.py", line 588, in request_gpu_blocking
    raise RuntimeError(msg) from e
RuntimeError: [GPU BLOCKING] âŒ emotion_analyzer_emotion-english-distilroberta-base í• ë‹¹ ì¤‘ ì˜¤ë¥˜: [GPU BLOCKING] âŒ emotion_analyzer_emotion-english-distilroberta-base í• ë‹¹ ì‹¤íŒ¨: íƒ€ì„ì•„ì›ƒ (30.0ì´ˆ)

During handling of the above exception, another exception occurred:

Traceback (most recent call last):
  File "/mnt/c/large_project/linux_red_heart/unified_system_orchestrator.py", line 1356, in _initialize_core_components
    await self._initialize_global_modules_sequential()
  File "/mnt/c/large_project/linux_red_heart/unified_system_orchestrator.py", line 949, in _initialize_global_modules_sequential
    raise RuntimeError(f"í•„ìˆ˜ ëª¨ë“ˆ {spec['name']} ì´ˆê¸°í™” ì‹¤íŒ¨: {e}")
RuntimeError: í•„ìˆ˜ ëª¨ë“ˆ emotion_analyzer ì´ˆê¸°í™” ì‹¤íŒ¨: [GPU BLOCKING] âŒ emotion_analyzer_emotion-english-distilroberta-base í• ë‹¹ ì¤‘ ì˜¤ë¥˜: [GPU BLOCKING] âŒ emotion_analyzer_emotion-english-distilroberta-base í• ë‹¹ ì‹¤íŒ¨: íƒ€ì„ì•„ì›ƒ (30.0ì´ˆ)

ìë™ ë³µêµ¬ ì‹¤íŒ¨: ì „ì—­ ëª¨ë“ˆ ì´ˆê¸°í™” ì‹¤íŒ¨ - ì‹œìŠ¤í…œ ì¤‘ë‹¨: í•„ìˆ˜ ëª¨ë“ˆ emotion_analyzer ì´ˆê¸°í™” ì‹¤íŒ¨: [GPU BLOCKING] âŒ emotion_analyzer_emotion-english-distilroberta-base í• ë‹¹ ì¤‘ ì˜¤ë¥˜: [GPU BLOCKING] âŒ emotion_analyzer_emotion-english-distilroberta-base í• ë‹¹ ì‹¤íŒ¨: íƒ€ì„ì•„ì›ƒ (30.0ì´ˆ)
============================================================
ğŸš€ Red Heart AI í†µí•© ì‹œìŠ¤í…œ (800M íŒŒë¼ë¯¸í„°)
============================================================
ëª¨ë“œ: test
ì‹œì‘ ì‹œê°„: 2025-08-08 14:26:21
------------------------------------------------------------
ğŸ”§ klue/bert-base ëª¨ë¸: ì•ˆì •ì„± ë³´ì¥ì„ ìœ„í•œ 15.0% í• ë‹¹
ğŸ“‹ Transformer ëª¨ë¸: ìµœì í™”ëœ ë°°ì¹˜ ì²˜ë¦¬ ë°©ì‹ í™œì„±í™”
[14:34:25] âœ… ì‹œìŠ¤í…œ ì´ˆê¸°í™” ì™„ë£Œ
[14:34:25] ğŸ§ª í…ŒìŠ¤íŠ¸ ëª¨ë“œ ì‹œì‘...

============================================================
ğŸš¨ í•„ìˆ˜ ëª¨ë“ˆ emotion_analyzer ë¡œë”© ì‹¤íŒ¨!
============================================================
ì—ëŸ¬: [GPU BLOCKING] âŒ emotion_analyzer_emotion-english-distilroberta-base í• ë‹¹ ì¤‘ ì˜¤ë¥˜: [GPU BLOCKING] âŒ emotion_analyzer_emotion-english-distilroberta-base í• ë‹¹ ì‹¤íŒ¨: íƒ€ì„ì•„ì›ƒ (30.0ì´ˆ)
ëª¨ë“ˆ ê²½ë¡œ: advanced_emotion_analyzer.AdvancedEmotionAnalyzer
============================================================

[14:37:16] âŒ í…ŒìŠ¤íŠ¸ ëª¨ë“œ ì‹¤íŒ¨
[0;34m[INFO][0m í•™ìŠµ ì‹œìŠ¤í…œ ì •ë¦¬ ì¤‘...
[0;34m[INFO][0m GPU ë©”ëª¨ë¦¬ ì •ë¦¬...
[0;32m[SUCCESS][0m ì •ë¦¬ ì™„ë£Œ
