π€ Red Heart AI ν†µν•© ν•™μµ μ‹μ¤ν… μ‹μ‘
===========================================
[0;34m[INFO][0m μ‘μ—… λ””λ ‰ν† λ¦¬: /mnt/c/large_project/linux_red_heart
[0;34m[INFO][0m Red Heart AI ν†µν•© ν™κ²½ μƒνƒ ν™•μΈ μ¤‘...
[0;32m[SUCCESS][0m β… red_heart_env κ°€μƒν™κ²½ μ΅΄μ¬
[0;32m[SUCCESS][0m β… faiss-test conda ν™κ²½ μ΅΄μ¬
[0;32m[SUCCESS][0m β… FAISS μ„¤μΉλ¨ λ° μ‘λ™ ν™•μΈ
β… Red Heart AI ν†µν•© ν™κ²½ ν™μ„±ν™” μ™„λ£
   - venv: /mnt/c/large_project/linux_red_heart/red_heart_env
   - conda: faiss-test (ν•¨κ» ν™μ„±ν™”λ¨)
   - python: /mnt/c/large_project/linux_red_heart/red_heart_env/bin/python
   - ν™κ²½ λ¶„λ¦¬: faissβ†’conda subprocess, λ‚λ¨Έμ§€β†’venv
[0;32m[SUCCESS][0m β… μ£Όμ” ν¨ν‚¤μ§€ (torch, transformers, numpy) μ„¤μΉλ¨
[0;32m[SUCCESS][0m π‰ λ¨λ“  ν™κ²½μ΄ μ΄λ―Έ μ¤€λΉ„λμ–΄ μμµλ‹λ‹¤!
β… Red Heart AI ν†µν•© ν™κ²½ ν™μ„±ν™” μ™„λ£
   - venv: /mnt/c/large_project/linux_red_heart/red_heart_env
   - conda: faiss-test (ν•¨κ» ν™μ„±ν™”λ¨)
   - python: /mnt/c/large_project/linux_red_heart/red_heart_env/bin/python
   - ν™κ²½ λ¶„λ¦¬: faissβ†’conda subprocess, λ‚λ¨Έμ§€β†’venv
[0;32m[SUCCESS][0m β… Red Heart AI ν†µν•© ν™κ²½ ν™μ„±ν™” μ™„λ£
[0;32m[SUCCESS][0m    - venv: /mnt/c/large_project/linux_red_heart/red_heart_env
[0;32m[SUCCESS][0m    - conda: faiss-test ν™κ²½ μ¤€λΉ„λ¨
[0;32m[SUCCESS][0m    - python: /mnt/c/large_project/linux_red_heart/red_heart_env/bin/python
[0;32m[SUCCESS][0m    - ν™κ²½ λ¶„λ¦¬: faissβ†’conda subprocess, λ‚λ¨Έμ§€β†’venv
[0;34m[INFO][0m π” HuggingFace μ¤ν”„λΌμΈ λ¨λ“ ν™μ„±ν™” (μΊμ‹λ λ¨λΈλ§ μ‚¬μ©)
[0;34m[INFO][0m Red Heart AI ν†µν•© ν•™μµ μ‹μ¤ν… μ‹μ‘
[0;34m[INFO][0m ν™κ²½ λ¶„λ¦¬: conda(faiss) + venv(transformers,torch)
[0;34m[INFO][0m Red Heart AI ν†µν•© ν•™μµ μ‹μ¤ν… μ‹¤ν–‰ μ‹μ‘...
[0;34m[INFO][0m μ‹¤ν–‰ λ¨λ“: unified-test
[0;34m[INFO][0m π§ 730M μµμΆ… ν†µν•© μ‹μ¤ν… ν•™μµ ν…μ¤νΈ λ¨λ“...
[0;34m[INFO][0m    - 60 μ—ν­ ν•™μµ ν…μ¤νΈ (--samplesλ΅ μ ν• κ°€λ¥)
[0;34m[INFO][0m    - LR μ¤μ•, Sweet Spot, Parameter Crossover ν¬ν•¨
[0;34m[INFO][0m    - Advanced Training Techniques ν™μ„±ν™”
[0;34m[INFO][0m π” Hierarchical LR Sweep (5-5-5-5) μ‹¤ν–‰ λ¨λ“
[0;34m[INFO][0m    - 25κ° ν¬μΈνΈλ΅ μµμ  LR νƒμƒ‰
[0;34m[INFO][0m    - κ° LRμ€ λ…λ¦½μ μΌλ΅ μ΄κΈ° κ°€μ¤‘μΉμ—μ„ μ‹μ‘
2025-08-21 22:17:17,312 - __main__ - INFO - ================================================================================
2025-08-21 22:17:17,312 - __main__ - INFO - π€ λ…λ¦½μ μΈ Hierarchical Learning Rate Sweep μ‹μ‘
2025-08-21 22:17:17,313 - __main__ - INFO - ================================================================================
2025-08-21 22:17:17,399 - __main__ - INFO - Device: cuda
2025-08-21 22:17:17,441 - __main__ - INFO - GPU: NVIDIA GeForce RTX 2070 SUPER
2025-08-21 22:17:17,441 - __main__ - INFO - GPU Memory: 8.6 GB
2025-08-21 22:17:17,442 - __main__ - INFO - 
π“ λ¨λΈ μ„¤μ •:
2025-08-21 22:17:17,442 - __main__ - INFO -   - d_model: 896
2025-08-21 22:17:17,443 - __main__ - INFO -   - num_heads: 16
2025-08-21 22:17:17,443 - __main__ - INFO -   - num_layers: 6
2025-08-21 22:17:17,443 - __main__ - INFO -   - dropout: 0.1
2025-08-21 22:17:17,444 - __main__ - INFO - 
π”§ λ¨λΈ μƒμ„± μ¤‘...
/mnt/c/large_project/linux_red_heart/red_heart_env/lib/python3.12/site-packages/torch/nn/modules/transformer.py:379: UserWarning: enable_nested_tensor is True, but self.use_nested_tensor is False because encoder_layer.norm_first was True
  warnings.warn(
2025-08-21 22:17:17,962 - unified_backbone - INFO - λ°±λ³Έ μ΄ νλΌλ―Έν„°: 90,624,132 (90.62M)
2025-08-21 22:17:17,963 - unified_backbone - INFO - ν•™μµ κ°€λ¥ νλΌλ―Έν„°: 90,624,132 (90.62M)
2025-08-21 22:17:18,166 - unified_heads - INFO - κ°μ • ν—¤λ“ νλΌλ―Έν„°: 17,254,583 (17.25M)
2025-08-21 22:17:18,276 - unified_heads - INFO - λ²¤λ‹΄ ν—¤λ“ νλΌλ―Έν„°: 13,871,919 (13.87M)
2025-08-21 22:17:18,428 - unified_heads - INFO - ν›„ν ν—¤λ“ νλΌλ―Έν„°: 19,897,161 (19.90M)
2025-08-21 22:17:18,521 - unified_heads - INFO - SURD ν—¤λ“ νλΌλ―Έν„°: 12,025,739 (12.03M)
2025-08-21 22:17:19,428 - analyzer_neural_modules - INFO - NeuralEmotionAnalyzer μ΄κΈ°ν™”: 122,595,407 νλΌλ―Έν„°
2025-08-21 22:17:20,033 - analyzer_neural_modules - INFO - NeuralBenthamCalculator μ΄κΈ°ν™”: 78,281,602 νλΌλ―Έν„°
2025-08-21 22:17:21,178 - analyzer_neural_modules - INFO - NeuralRegretAnalyzer μ΄κΈ°ν™”: 153,872,666 νλΌλ―Έν„°
2025-08-21 22:17:21,280 - analyzer_neural_modules - INFO - NeuralSURDAnalyzer μ΄κΈ°ν™”: 13,473,032 νλΌλ―Έν„°
2025-08-21 22:17:21,282 - analyzer_neural_modules - INFO - μ „μ²΄ μ‹ κ²½λ§ λ¶„μ„κΈ° νλΌλ―Έν„°: 368,222,707 (368.2M)
2025-08-21 22:17:22,165 - emotion_dsp_simulator - INFO - EmotionDSPSimulator μ΄κΈ°ν™” μ™„λ£ (~14M νλΌλ―Έν„°)
2025-08-21 22:17:22,448 - __main__ - INFO -   - μ΄ νλΌλ―Έν„°: 539.9M
2025-08-21 22:17:22,449 - __main__ - INFO -   - ν•™μµ κ°€λ¥ νλΌλ―Έν„°: 539.9M
2025-08-21 22:17:35,807 - __main__ - INFO -   - μ΄κΈ° κ°€μ¤‘μΉ μ €μ¥ μ™„λ£
2025-08-21 22:17:35,807 - __main__ - INFO - 
π“ λ°μ΄ν„° λ΅λ” μƒμ„± μ¤‘...
2025-08-21 22:17:35,810 - __main__ - INFO - π― μ„λ² λ”© νμΌ λ°κ²¬: claude_api_preprocessing/claude_preprocessed_complete.embedded.json
2025-08-21 22:17:44,123 - __main__ - INFO -   - μ „μ²΄ λ°μ΄ν„°: 10460κ°
2025-08-21 22:17:44,123 - __main__ - INFO -   - μ „μ²΄ λ°μ΄ν„°: 10460κ°
2025-08-21 22:17:44,124 - __main__ - INFO -   - LR μ¤μ•μ© ν•™μµ λ°μ΄ν„°: 1000κ°
2025-08-21 22:17:44,124 - __main__ - INFO -   - LR μ¤μ•μ© κ²€μ¦ λ°μ΄ν„°: 100κ°
2025-08-21 22:17:44,124 - __main__ - INFO - 
π”„ μ „μ²΄ λ°μ΄ν„° μ„λ² λ”© μƒμ„± μ¤‘...
2025-08-21 22:17:44,125 - __main__ - INFO - π“ μ„λ² λ”© μƒνƒ:
2025-08-21 22:17:44,126 - __main__ - INFO -   - μ „μ²΄ λ°μ΄ν„°: 10460κ°
2025-08-21 22:17:44,126 - __main__ - INFO -   - μ„λ² λ”© μμ: 181κ° (1.7%)
2025-08-21 22:17:44,126 - __main__ - INFO -   - μ„λ² λ”© μ—†μ: 10279κ° (98.3%)
2025-08-21 22:17:44,127 - __main__ - WARNING - β οΈ 10279κ° ν•­λ©μ— μ„λ² λ”©μ΄ μ—†μµλ‹λ‹¤. μλ™ μƒμ„±λ©λ‹λ‹¤.
2025-08-21 22:17:44,128 - __main__ - INFO -   - μ„λ² λ”© μƒμ„± ν•„μ”: 10279κ° / 10460κ°
2025-08-21 22:17:44,128 - __main__ - INFO -   - λ°°μΉ μ²λ¦¬ μ‹μ‘ (30κ°μ”©, κ° λ°°μΉ νƒ€μ„μ•„μ›ƒ 13λ¶„)
2025-08-21 22:17:44,128 - __main__ - INFO - 
  π“¦ λ°°μΉ 1/349 μ²λ¦¬ μ¤‘...
2025-08-21 22:17:44,129 - __main__ - INFO -     - λ²”μ„: 0 ~ 29 (30κ°)
2025-08-21 22:17:44,129 - __main__ - INFO -     - μ§„ν–‰λ¥ : 0.0%
2025-08-21 22:17:44,129 - __main__ - INFO -     - μμƒ λ‚¨μ€ μ‹κ°„: 174.5λ¶„
2025-08-21 22:17:44,269 - __main__ - INFO -     β… λ°°μΉ μ™„λ£: μ„±κ³µ 30κ° (μ†μ”μ‹κ°„: 0.1μ΄)
2025-08-21 22:17:44,271 - __main__ - INFO - 
  π“¦ λ°°μΉ 2/349 μ²λ¦¬ μ¤‘...
2025-08-21 22:17:44,271 - __main__ - INFO -     - λ²”μ„: 30 ~ 59 (30κ°)
2025-08-21 22:17:44,272 - __main__ - INFO -     - μ§„ν–‰λ¥ : 0.3%
2025-08-21 22:17:44,272 - __main__ - INFO -     - μμƒ λ‚¨μ€ μ‹κ°„: 174.0λ¶„
2025-08-21 22:17:44,414 - __main__ - INFO -     β… λ°°μΉ μ™„λ£: μ„±κ³µ 30κ° (μ†μ”μ‹κ°„: 0.1μ΄)
2025-08-21 22:17:44,416 - __main__ - INFO - 
  π“¦ λ°°μΉ 3/349 μ²λ¦¬ μ¤‘...
2025-08-21 22:17:44,416 - __main__ - INFO -     - λ²”μ„: 60 ~ 89 (30κ°)
2025-08-21 22:17:44,417 - __main__ - INFO -     - μ§„ν–‰λ¥ : 0.6%
2025-08-21 22:17:44,417 - __main__ - INFO -     - μμƒ λ‚¨μ€ μ‹κ°„: 173.5λ¶„
2025-08-21 22:17:44,559 - __main__ - INFO -     β… λ°°μΉ μ™„λ£: μ„±κ³µ 30κ° (μ†μ”μ‹κ°„: 0.1μ΄)
2025-08-21 22:17:44,562 - __main__ - INFO - 
  π“¦ λ°°μΉ 4/349 μ²λ¦¬ μ¤‘...
2025-08-21 22:17:44,562 - __main__ - INFO -     - λ²”μ„: 90 ~ 119 (30κ°)
2025-08-21 22:17:44,562 - __main__ - INFO -     - μ§„ν–‰λ¥ : 0.9%
2025-08-21 22:17:44,563 - __main__ - INFO -     - μμƒ λ‚¨μ€ μ‹κ°„: 173.0λ¶„
2025-08-21 22:17:44,706 - __main__ - INFO -     β… λ°°μΉ μ™„λ£: μ„±κ³µ 30κ° (μ†μ”μ‹κ°„: 0.1μ΄)
2025-08-21 22:17:44,708 - __main__ - INFO - 
  π“¦ λ°°μΉ 5/349 μ²λ¦¬ μ¤‘...
2025-08-21 22:17:44,709 - __main__ - INFO -     - λ²”μ„: 120 ~ 149 (30κ°)
2025-08-21 22:17:44,709 - __main__ - INFO -     - μ§„ν–‰λ¥ : 1.1%
2025-08-21 22:17:44,709 - __main__ - INFO -     - μμƒ λ‚¨μ€ μ‹κ°„: 172.5λ¶„
2025-08-21 22:17:44,853 - __main__ - INFO -     β… λ°°μΉ μ™„λ£: μ„±κ³µ 30κ° (μ†μ”μ‹κ°„: 0.1μ΄)
2025-08-21 22:17:44,855 - __main__ - INFO - 
  π“¦ λ°°μΉ 6/349 μ²λ¦¬ μ¤‘...
2025-08-21 22:17:44,855 - __main__ - INFO -     - λ²”μ„: 150 ~ 179 (30κ°)
2025-08-21 22:17:44,856 - __main__ - INFO -     - μ§„ν–‰λ¥ : 1.4%
2025-08-21 22:17:44,856 - __main__ - INFO -     - μμƒ λ‚¨μ€ μ‹κ°„: 172.0λ¶„
2025-08-21 22:17:45,000 - __main__ - INFO -     β… λ°°μΉ μ™„λ£: μ„±κ³µ 30κ° (μ†μ”μ‹κ°„: 0.1μ΄)
2025-08-21 22:17:45,003 - __main__ - INFO - 
  π“¦ λ°°μΉ 7/349 μ²λ¦¬ μ¤‘...
2025-08-21 22:17:45,003 - __main__ - INFO -     - λ²”μ„: 180 ~ 209 (30κ°)
2025-08-21 22:17:45,003 - __main__ - INFO -     - μ§„ν–‰λ¥ : 1.7%
2025-08-21 22:17:45,004 - __main__ - INFO -     - μμƒ λ‚¨μ€ μ‹κ°„: 171.5λ¶„
2025-08-21 22:17:45,012 - sentence_transformer_singleton - INFO - μƒ ν΄λΌμ΄μ–ΈνΈ μƒμ„± μ‹μ‘: sentence-transformers/all-MiniLM-L6-v2_cuda
2025-08-21 22:17:45,013 - sentence_transformer_client - INFO - ν„μ¬ Pythonμ΄ venv ν™κ²½: /mnt/c/large_project/linux_red_heart/red_heart_env/bin/python
2025-08-21 22:17:45,013 - sentence_transformer_client - INFO - SentenceTransformer Client μ΄κΈ°ν™”: /mnt/c/large_project/linux_red_heart/sentence_transformer_server.py
2025-08-21 22:17:45,014 - sentence_transformer_client - INFO - Python μ‹¤ν–‰νμΌ: /mnt/c/large_project/linux_red_heart/red_heart_env/bin/python
2025-08-21 22:17:45,014 - sentence_transformer_singleton - INFO - μ„λ²„ μ‹μ‘ λ° λ¨λΈ λ΅λ”©: sentence-transformers/all-MiniLM-L6-v2 (device: cuda)
2025-08-21 22:17:45,014 - sentence_transformer_client - INFO - SentenceTransformer μ„λ²„ μ‹μ‘: /mnt/c/large_project/linux_red_heart/sentence_transformer_server.py
2025-08-21 22:17:45,015 - sentence_transformer_client - INFO - PYTHONPATH: /mnt/c/large_project/linux_red_heart/red_heart_env/lib/python3.12/site-packages:/mnt/c/large_project/linux_red_heart
2025-08-21 22:17:45,015 - sentence_transformer_client - INFO - VIRTUAL_ENV: /mnt/c/large_project/linux_red_heart/red_heart_env
2025-08-21 22:17:55,712 - sentence_transformer_client - INFO - μ„λ²„ μ—°κ²° μ„±κ³µ
2025-08-21 22:17:55,712 - sentence_transformer_client - INFO - λ¨λΈ λ΅λ”© μ”μ²­: sentence-transformers/all-MiniLM-L6-v2 (device: cuda)
2025-08-21 22:19:31,513 - sentence_transformer_client - INFO - λ¨λΈ λ΅λ”© μ„±κ³µ: sentence-transformers/all-MiniLM-L6-v2
2025-08-21 22:19:31,513 - sentence_transformer_singleton - INFO - ν΄λΌμ΄μ–ΈνΈ μƒμ„± λ° λ¨λΈ λ΅λ”© μ„±κ³µ: sentence-transformers/all-MiniLM-L6-v2_cuda
2025-08-21 22:19:32,443 - __main__ - INFO -     β… λ°°μΉ μ™„λ£: μ„±κ³µ 30κ° (μ†μ”μ‹κ°„: 107.4μ΄)
2025-08-21 22:19:32,450 - __main__ - INFO - 
  π“¦ λ°°μΉ 8/349 μ²λ¦¬ μ¤‘...
2025-08-21 22:19:32,451 - __main__ - INFO -     - λ²”μ„: 210 ~ 239 (30κ°)
2025-08-21 22:19:32,451 - __main__ - INFO -     - μ§„ν–‰λ¥ : 2.0%
2025-08-21 22:19:32,451 - __main__ - INFO -     - μμƒ λ‚¨μ€ μ‹κ°„: 171.0λ¶„
2025-08-21 22:19:32,787 - __main__ - INFO -     β… λ°°μΉ μ™„λ£: μ„±κ³µ 30κ° (μ†μ”μ‹κ°„: 0.3μ΄)
2025-08-21 22:19:32,794 - __main__ - INFO - 
  π“¦ λ°°μΉ 9/349 μ²λ¦¬ μ¤‘...
2025-08-21 22:19:32,795 - __main__ - INFO -     - λ²”μ„: 240 ~ 269 (30κ°)
2025-08-21 22:19:32,795 - __main__ - INFO -     - μ§„ν–‰λ¥ : 2.3%
2025-08-21 22:19:32,795 - __main__ - INFO -     - μμƒ λ‚¨μ€ μ‹κ°„: 170.5λ¶„
2025-08-21 22:19:33,126 - __main__ - INFO -     β… λ°°μΉ μ™„λ£: μ„±κ³µ 30κ° (μ†μ”μ‹κ°„: 0.3μ΄)
2025-08-21 22:19:33,134 - __main__ - INFO - 
  π“¦ λ°°μΉ 10/349 μ²λ¦¬ μ¤‘...
2025-08-21 22:19:33,134 - __main__ - INFO -     - λ²”μ„: 270 ~ 299 (30κ°)
2025-08-21 22:19:33,134 - __main__ - INFO -     - μ§„ν–‰λ¥ : 2.6%
2025-08-21 22:19:33,135 - __main__ - INFO -     - μμƒ λ‚¨μ€ μ‹κ°„: 170.0λ¶„
2025-08-21 22:19:33,511 - __main__ - INFO -     β… λ°°μΉ μ™„λ£: μ„±κ³µ 30κ° (μ†μ”μ‹κ°„: 0.4μ΄)
2025-08-21 22:19:33,514 - __main__ - INFO -   π’Ύ μ¤‘κ°„ μ €μ¥ μ¤‘... (λ°°μΉ 10)
2025-08-21 22:19:56,801 - __main__ - INFO - β… μ„λ² λ”©μ΄ μ €μ¥λμ—μµλ‹λ‹¤: claude_api_preprocessing/claude_preprocessed_complete.embedded.json
2025-08-21 22:19:56,802 - __main__ - INFO -      μ €μ¥ μ™„λ£
2025-08-21 22:19:56,802 - __main__ - INFO - 
  π“¦ λ°°μΉ 11/349 μ²λ¦¬ μ¤‘...
2025-08-21 22:19:56,803 - __main__ - INFO -     - λ²”μ„: 300 ~ 329 (30κ°)
2025-08-21 22:19:56,803 - __main__ - INFO -     - μ§„ν–‰λ¥ : 2.9%
2025-08-21 22:19:56,803 - __main__ - INFO -     - μμƒ λ‚¨μ€ μ‹κ°„: 169.5λ¶„
2025-08-21 22:19:57,424 - __main__ - INFO -     β… λ°°μΉ μ™„λ£: μ„±κ³µ 30κ° (μ†μ”μ‹κ°„: 0.6μ΄)
2025-08-21 22:19:57,432 - __main__ - INFO - 
  π“¦ λ°°μΉ 12/349 μ²λ¦¬ μ¤‘...
2025-08-21 22:19:57,432 - __main__ - INFO -     - λ²”μ„: 330 ~ 359 (30κ°)
2025-08-21 22:19:57,433 - __main__ - INFO -     - μ§„ν–‰λ¥ : 3.2%
2025-08-21 22:19:57,433 - __main__ - INFO -     - μμƒ λ‚¨μ€ μ‹κ°„: 169.0λ¶„
2025-08-21 22:19:57,935 - __main__ - INFO -     β… λ°°μΉ μ™„λ£: μ„±κ³µ 30κ° (μ†μ”μ‹κ°„: 0.5μ΄)
2025-08-21 22:19:57,942 - __main__ - INFO - 
  π“¦ λ°°μΉ 13/349 μ²λ¦¬ μ¤‘...
2025-08-21 22:19:57,943 - __main__ - INFO -     - λ²”μ„: 360 ~ 389 (30κ°)
2025-08-21 22:19:57,943 - __main__ - INFO -     - μ§„ν–‰λ¥ : 3.4%
2025-08-21 22:19:57,944 - __main__ - INFO -     - μμƒ λ‚¨μ€ μ‹κ°„: 168.5λ¶„
2025-08-21 22:32:58,023 - sentence_transformer_client - ERROR - μ”μ²­ μ „μ†΅ μ‹¤ν¨: μ‘λ‹µ νƒ€μ„μ•„μ›ƒ (780.0μ΄)
2025-08-21 22:32:58,023 - sentence_transformer_client - ERROR - μ”μ²­ μ „μ†΅ μ‹¤ν¨: μ‘λ‹µ νƒ€μ„μ•„μ›ƒ (780.0μ΄)
2025-08-21 22:32:58,024 - __main__ - ERROR - β μ„λ² λ”© μƒμ„± μ‹¤ν¨: μ”μ²­ μ‹¤ν¨ (μ¬μ—°κ²° μ—†μ): μ‘λ‹µ νƒ€μ„μ•„μ›ƒ (780.0μ΄)
2025-08-21 22:32:58,024 - __main__ - ERROR -     β μ„λ² λ”© μƒμ„± μ‹¤ν¨ (idx=362): μ„λ² λ”© μƒμ„± μ‹¤ν¨: μ”μ²­ μ‹¤ν¨ (μ¬μ—°κ²° μ—†μ): μ‘λ‹µ νƒ€μ„μ•„μ›ƒ (780.0μ΄)
2025-08-21 22:32:58,025 - __main__ - ERROR - 
π”΄ μ„λ² λ”© μƒμ„± μ¤‘ μ¤λ¥ λ°μƒ. ν”„λ΅μ„Έμ¤ μΆ…λ£.
2025-08-21 22:32:58,026 - __main__ - ERROR -    - μ„±κ³µ: 362κ°
2025-08-21 22:32:58,026 - __main__ - ERROR -    - μ‹¤ν¨: 1κ°
Traceback (most recent call last):
  File "/mnt/c/large_project/linux_red_heart/sentence_transformer_client.py", line 317, in send_request
    response = self._send_request_raw(request)
               ^^^^^^^^^^^^^^^^^^^^^^^^^^^^^^^
  File "/mnt/c/large_project/linux_red_heart/sentence_transformer_client.py", line 291, in _send_request_raw
    raise TimeoutError(f"μ‘λ‹µ νƒ€μ„μ•„μ›ƒ ({timeout}μ΄)")
TimeoutError: μ‘λ‹µ νƒ€μ„μ•„μ›ƒ (780.0μ΄)

The above exception was the direct cause of the following exception:

Traceback (most recent call last):
  File "/mnt/c/large_project/linux_red_heart/training/run_hierarchical_lr_sweep.py", line 95, in __getitem__
    embedding = self.embedding_manager.encode(text[:512])
                ^^^^^^^^^^^^^^^^^^^^^^^^^^^^^^^^^^^^^^^^^
  File "/mnt/c/large_project/linux_red_heart/sentence_transformer_singleton.py", line 274, in encode
    response = self.client.encode_texts(sentences, **kwargs)
               ^^^^^^^^^^^^^^^^^^^^^^^^^^^^^^^^^^^^^^^^^^^^^
  File "/mnt/c/large_project/linux_red_heart/sentence_transformer_client.py", line 390, in encode_texts
    response = self.send_request(request)
               ^^^^^^^^^^^^^^^^^^^^^^^^^^
  File "/mnt/c/large_project/linux_red_heart/sentence_transformer_client.py", line 326, in send_request
    raise RuntimeError(f"μ”μ²­ μ‹¤ν¨ (μ¬μ—°κ²° μ—†μ): {e}") from e
RuntimeError: μ”μ²­ μ‹¤ν¨ (μ¬μ—°κ²° μ—†μ): μ‘λ‹µ νƒ€μ„μ•„μ›ƒ (780.0μ΄)

During handling of the above exception, another exception occurred:

Traceback (most recent call last):
  File "/mnt/c/large_project/linux_red_heart/training/run_hierarchical_lr_sweep.py", line 313, in main
    _ = full_dataset[idx]  # μ΄ κ³Όμ •μ—μ„ μ„λ² λ”©μ΄ μƒμ„±λ¨
        ~~~~~~~~~~~~^^^^^
  File "/mnt/c/large_project/linux_red_heart/training/run_hierarchical_lr_sweep.py", line 110, in __getitem__
    raise RuntimeError(f"μ„λ² λ”© μƒμ„± μ‹¤ν¨: {e}")
RuntimeError: μ„λ² λ”© μƒμ„± μ‹¤ν¨: μ”μ²­ μ‹¤ν¨ (μ¬μ—°κ²° μ—†μ): μ‘λ‹µ νƒ€μ„μ•„μ›ƒ (780.0μ΄)

During handling of the above exception, another exception occurred:

Traceback (most recent call last):
  File "/mnt/c/large_project/linux_red_heart/training/run_hierarchical_lr_sweep.py", line 491, in <module>
    results = main()
              ^^^^^^
  File "/mnt/c/large_project/linux_red_heart/training/run_hierarchical_lr_sweep.py", line 328, in main
    raise RuntimeError(f"μ„λ² λ”© μƒμ„± μ‹¤ν¨. μΈλ±μ¤: {idx}")
RuntimeError: μ„λ² λ”© μƒμ„± μ‹¤ν¨. μΈλ±μ¤: 362
2025-08-21 22:32:58,775 - sentence_transformer_client - INFO - μ„λ²„ μΆ…λ£ μ¤‘...
Terminated
[0;34m[INFO][0m ν•™μµ μ‹μ¤ν… μ •λ¦¬ μ¤‘...
[0;34m[INFO][0m GPU λ©”λ¨λ¦¬ μ •λ¦¬...
[0;32m[SUCCESS][0m μ •λ¦¬ μ™„λ£
